Archive member included to satisfy reference by file (symbol)

c:/progra~2/gnuarm~1/102020~1/bin/../lib/gcc/arm-none-eabi/10.2.1/thumb/v6-m/nofp\libgcc.a(_dvmd_tls.o)
                              CMakeFiles/1.8inch_TFT_Display.dir/E_/Pi_Pico/pico-sdk/src/rp2_common/pico_divider/divider.S.obj (__aeabi_idiv0)
c:/progra~2/gnuarm~1/102020~1/bin/../lib/gcc/arm-none-eabi/10.2.1/../../../../arm-none-eabi/lib/thumb/v6-m/nofp\libg.a(lib_a-calloc.o)
                              CMakeFiles/1.8inch_TFT_Display.dir/E_/Pi_Pico/pico-sdk/src/rp2_common/pico_malloc/pico_malloc.c.obj (calloc)
c:/progra~2/gnuarm~1/102020~1/bin/../lib/gcc/arm-none-eabi/10.2.1/../../../../arm-none-eabi/lib/thumb/v6-m/nofp\libg.a(lib_a-callocr.o)
                              c:/progra~2/gnuarm~1/102020~1/bin/../lib/gcc/arm-none-eabi/10.2.1/../../../../arm-none-eabi/lib/thumb/v6-m/nofp\libg.a(lib_a-calloc.o) (_calloc_r)
c:/progra~2/gnuarm~1/102020~1/bin/../lib/gcc/arm-none-eabi/10.2.1/../../../../arm-none-eabi/lib/thumb/v6-m/nofp\libg.a(lib_a-ctype_.o)
                              CMakeFiles/1.8inch_TFT_Display.dir/E_/Pi_Pico/pico-sdk/lib/tinyusb/src/tusb.c.obj (_ctype_)
c:/progra~2/gnuarm~1/102020~1/bin/../lib/gcc/arm-none-eabi/10.2.1/../../../../arm-none-eabi/lib/thumb/v6-m/nofp\libg.a(lib_a-impure.o)
                              c:/progra~2/gnuarm~1/102020~1/bin/../lib/gcc/arm-none-eabi/10.2.1/../../../../arm-none-eabi/lib/thumb/v6-m/nofp\libg.a(lib_a-calloc.o) (_impure_ptr)
c:/progra~2/gnuarm~1/102020~1/bin/../lib/gcc/arm-none-eabi/10.2.1/../../../../arm-none-eabi/lib/thumb/v6-m/nofp\libg.a(lib_a-init.o)
                              c:/progra~2/gnuarm~1/102020~1/bin/../lib/gcc/arm-none-eabi/10.2.1/../../../../arm-none-eabi/lib/thumb/v6-m/nofp/crt0.o (__libc_init_array)
c:/progra~2/gnuarm~1/102020~1/bin/../lib/gcc/arm-none-eabi/10.2.1/../../../../arm-none-eabi/lib/thumb/v6-m/nofp\libg.a(lib_a-malloc.o)
                              CMakeFiles/1.8inch_TFT_Display.dir/E_/Pi_Pico/pico-sdk/src/rp2_common/pico_malloc/pico_malloc.c.obj (malloc)
c:/progra~2/gnuarm~1/102020~1/bin/../lib/gcc/arm-none-eabi/10.2.1/../../../../arm-none-eabi/lib/thumb/v6-m/nofp\libg.a(lib_a-mallocr.o)
                              c:/progra~2/gnuarm~1/102020~1/bin/../lib/gcc/arm-none-eabi/10.2.1/../../../../arm-none-eabi/lib/thumb/v6-m/nofp\libg.a(lib_a-callocr.o) (_malloc_r)
c:/progra~2/gnuarm~1/102020~1/bin/../lib/gcc/arm-none-eabi/10.2.1/../../../../arm-none-eabi/lib/thumb/v6-m/nofp\libg.a(lib_a-mlock.o)
                              c:/progra~2/gnuarm~1/102020~1/bin/../lib/gcc/arm-none-eabi/10.2.1/../../../../arm-none-eabi/lib/thumb/v6-m/nofp\libg.a(lib_a-mallocr.o) (__malloc_lock)
c:/progra~2/gnuarm~1/102020~1/bin/../lib/gcc/arm-none-eabi/10.2.1/../../../../arm-none-eabi/lib/thumb/v6-m/nofp\libg.a(lib_a-sbrkr.o)
                              c:/progra~2/gnuarm~1/102020~1/bin/../lib/gcc/arm-none-eabi/10.2.1/../../../../arm-none-eabi/lib/thumb/v6-m/nofp\libg.a(lib_a-mallocr.o) (_sbrk_r)
c:/progra~2/gnuarm~1/102020~1/bin/../lib/gcc/arm-none-eabi/10.2.1/../../../../arm-none-eabi/lib/thumb/v6-m/nofp\libg.a(lib_a-strlen-stub.o)
                              CMakeFiles/1.8inch_TFT_Display.dir/E_/Pi_Pico/pico-sdk/src/rp2_common/pico_stdio/stdio.c.obj (strlen)
c:/progra~2/gnuarm~1/102020~1/bin/../lib/gcc/arm-none-eabi/10.2.1/../../../../arm-none-eabi/lib/thumb/v6-m/nofp\libg.a(lib_a-freer.o)
                              c:/progra~2/gnuarm~1/102020~1/bin/../lib/gcc/arm-none-eabi/10.2.1/../../../../arm-none-eabi/lib/thumb/v6-m/nofp\libg.a(lib_a-malloc.o) (_free_r)
c:/progra~2/gnuarm~1/102020~1/bin/../lib/gcc/arm-none-eabi/10.2.1/../../../../arm-none-eabi/lib/thumb/v6-m/nofp\libg.a(lib_a-lock.o)
                              c:/progra~2/gnuarm~1/102020~1/bin/../lib/gcc/arm-none-eabi/10.2.1/../../../../arm-none-eabi/lib/thumb/v6-m/nofp\libg.a(lib_a-mlock.o) (__retarget_lock_acquire_recursive)
c:/progra~2/gnuarm~1/102020~1/bin/../lib/gcc/arm-none-eabi/10.2.1/../../../../arm-none-eabi/lib/thumb/v6-m/nofp\libg.a(lib_a-reent.o)
                              c:/progra~2/gnuarm~1/102020~1/bin/../lib/gcc/arm-none-eabi/10.2.1/../../../../arm-none-eabi/lib/thumb/v6-m/nofp\libg.a(lib_a-sbrkr.o) (errno)

Discarded input sections

 .text          0x00000000        0x0 c:/progra~2/gnuarm~1/102020~1/bin/../lib/gcc/arm-none-eabi/10.2.1/thumb/v6-m/nofp/crti.o
 .data          0x00000000        0x0 c:/progra~2/gnuarm~1/102020~1/bin/../lib/gcc/arm-none-eabi/10.2.1/thumb/v6-m/nofp/crti.o
 .bss           0x00000000        0x0 c:/progra~2/gnuarm~1/102020~1/bin/../lib/gcc/arm-none-eabi/10.2.1/thumb/v6-m/nofp/crti.o
 .data          0x00000000        0x4 c:/progra~2/gnuarm~1/102020~1/bin/../lib/gcc/arm-none-eabi/10.2.1/thumb/v6-m/nofp/crtbegin.o
 .rodata        0x00000000       0x24 c:/progra~2/gnuarm~1/102020~1/bin/../lib/gcc/arm-none-eabi/10.2.1/thumb/v6-m/nofp/crtbegin.o
[...]
Memory Configuration

Name             Origin             Length             Attributes
FLASH            0x10000000         0x00200000         xr
RAM              0x20000000         0x00040000         xrw
SCRATCH_X        0x20040000         0x00001000         xrw
SCRATCH_Y        0x20041000         0x00001000         xrw
*default*        0x00000000         0xffffffff

Linker script and memory map

LOAD c:/progra~2/gnuarm~1/102020~1/bin/../lib/gcc/arm-none-eabi/10.2.1/thumb/v6-m/nofp/crti.o
LOAD c:/progra~2/gnuarm~1/102020~1/bin/../lib/gcc/arm-none-eabi/10.2.1/thumb/v6-m/nofp/crtbegin.o
LOAD c:/progra~2/gnuarm~1/102020~1/bin/../lib/gcc/arm-none-eabi/10.2.1/../../../../arm-none-eabi/lib/thumb/v6-m/nofp/crt0.o

.flash_begin    0x10000000        0x0
                0x10000000                __flash_binary_start = .

.boot2          0x10000000      0x100
                0x10000000                __boot2_start__ = .
 *(.boot2)
 .boot2         0x10000000      0x100 C:\Users\Venki\AppData\Local\Temp\ccDkQiTn.o
                0x10000100                __boot2_end__ = .
                0x00000001                ASSERT (((__boot2_end__ - __boot2_start__) == 0x100), ERROR: Pico second stage bootloader must be 256 bytes in size)

.text           0x10000100     0x7e08
                0x10000100                __logical_binary_start = .
 *(.vectors)
 .vectors       0x10000100       0xd4 CMakeFiles/1.8inch_TFT_Display.dir/E_/Pi_Pico/pico-sdk/src/rp2_common/pico_standard_link/crt0.S.obj
                0x10000100                __vectors
                0x100001c0                isr_invalid
                0x100001c2                isr_nmi
                0x100001c4                isr_hardfault
                0x100001c6                isr_svcall
                0x100001c8                isr_pendsv
                0x100001ca                isr_systick
                0x100001cc                isr_irq11
                0x100001cc                isr_irq5
                0x100001cc                isr_irq23
                0x100001cc                isr_irq18
                0x100001cc                isr_irq31
                0x100001cc                isr_irq28
                0x100001cc                isr_irq19
                0x100001cc                isr_irq0
                0x100001cc                isr_irq6
                0x100001cc                isr_irq27
                0x100001cc                isr_irq12
                0x100001cc                isr_irq22
                0x100001cc                isr_irq13
                0x100001cc                isr_irq17
                0x100001cc                isr_irq14
                0x100001cc                isr_irq2
                0x100001cc                isr_irq10
                0x100001cc                isr_irq8
                0x100001cc                isr_irq24
                0x100001cc                isr_irq1
                0x100001cc                isr_irq7
                0x100001cc                isr_irq21
                0x100001cc                isr_irq20
                0x100001cc                isr_irq15
                0x100001cc                isr_irq25
                0x100001cc                __unhandled_user_irq
                0x100001cc                isr_irq4
                0x100001cc                isr_irq16
                0x100001cc                isr_irq29
                0x100001cc                isr_irq26
                0x100001cc                isr_irq3
                0x100001cc                isr_irq30
                0x100001cc                isr_irq9
                0x100001d2                unhandled_user_irq_num_in_r0
 *(.binary_info_header)
 .binary_info_header
                0x100001d4       0x14 CMakeFiles/1.8inch_TFT_Display.dir/E_/Pi_Pico/pico-sdk/src/rp2_common/pico_standard_link/crt0.S.obj
                0x100001e8                __binary_info_header_end = .
 *(.reset)
 .reset         0x100001e8       0xa8 CMakeFiles/1.8inch_TFT_Display.dir/E_/Pi_Pico/pico-sdk/src/rp2_common/pico_standard_link/crt0.S.obj
                0x100001e8                _entry_point
                0x10000266                __get_current_exception
 .reset         0x10000290       0x30 CMakeFiles/1.8inch_TFT_Display.dir/E_/Pi_Pico/pico-sdk/src/rp2_common/pico_standard_link/binary_info.c.obj
 *(.init)
 .init          0x100002c0        0x4 c:/progra~2/gnuarm~1/102020~1/bin/../lib/gcc/arm-none-eabi/10.2.1/thumb/v6-m/nofp/crti.o
                0x100002c0                _init
 *(EXCLUDE_FILE(*libm.a: *libc.a:*lib_a-mem*.o *libgcc.a:) .text*)
 .text          0x100002c4       0x48 c:/progra~2/gnuarm~1/102020~1/bin/../lib/gcc/arm-none-eabi/10.2.1/thumb/v6-m/nofp/crtbegin.o
 .text.DemoTFT  0x1000030c      0x38c CMakeFiles/1.8inch_TFT_Display.dir/src/main.c.obj
                0x1000030c                DemoTFT
 .text.main     0x10000698       0x58 CMakeFiles/1.8inch_TFT_Display.dir/src/main.c.obj
                0x10000698                main
 .text.ST7735_Reset
                0x100006f0       0x16 CMakeFiles/1.8inch_TFT_Display.dir/src/st7735.c.obj
 *fill*         0x10000706        0x2 
 .text.ST7735_WriteCommand
                0x10000708       0x24 CMakeFiles/1.8inch_TFT_Display.dir/src/st7735.c.obj
 .text.ST7735_WriteData
                0x1000072c       0x1c CMakeFiles/1.8inch_TFT_Display.dir/src/st7735.c.obj
 .text.ST7735_ExecuteCommandList
                0x10000748       0x4e CMakeFiles/1.8inch_TFT_Display.dir/src/st7735.c.obj
 *fill*         0x10000796        0x2 
 .text.ST7735_SetAddressWindow
                0x10000798       0x64 CMakeFiles/1.8inch_TFT_Display.dir/src/st7735.c.obj
 .text.ST7735_WriteChar
                0x100007fc       0xac CMakeFiles/1.8inch_TFT_Display.dir/src/st7735.c.obj
 .text.ST7735_Init
                0x100008a8       0x34 CMakeFiles/1.8inch_TFT_Display.dir/src/st7735.c.obj
                0x100008a8                ST7735_Init
 .text.ST7735_DrawPixel
                0x100008dc       0x54 CMakeFiles/1.8inch_TFT_Display.dir/src/st7735.c.obj
                0x100008dc                ST7735_DrawPixel
 .text.ST7735_DrawString
                0x10000930       0xa4 CMakeFiles/1.8inch_TFT_Display.dir/src/st7735.c.obj
                0x10000930                ST7735_DrawString
 .text.ST7735_FillRectangle
                0x100009d4       0xb0 CMakeFiles/1.8inch_TFT_Display.dir/src/st7735.c.obj
                0x100009d4                ST7735_FillRectangle
 .text.ST7735_FillScreen
                0x10000a84       0x24 CMakeFiles/1.8inch_TFT_Display.dir/src/st7735.c.obj
                0x10000a84                ST7735_FillScreen
 .text.ST7735_DrawImage
                0x10000aa8       0x60 CMakeFiles/1.8inch_TFT_Display.dir/src/st7735.c.obj
                0x10000aa8                ST7735_DrawImage
 .text.ST7735_DrawCircle
                0x10000b08      0x148 CMakeFiles/1.8inch_TFT_Display.dir/src/st7735.c.obj
                0x10000b08                ST7735_DrawCircle
 .text.ST7735_DrawLine
                0x10000c50       0xc4 CMakeFiles/1.8inch_TFT_Display.dir/src/st7735.c.obj
                0x10000c50                ST7735_DrawLine
 .text.ST7735_DrawFastVLine
                0x10000d14       0x40 CMakeFiles/1.8inch_TFT_Display.dir/src/st7735.c.obj
                0x10000d14                ST7735_DrawFastVLine
 .text.ST7735_DrawFastHLine
                0x10000d54       0x40 CMakeFiles/1.8inch_TFT_Display.dir/src/st7735.c.obj
                0x10000d54                ST7735_DrawFastHLine
 .text.ST7735_FillTriangle
                0x10000d94      0x1ac CMakeFiles/1.8inch_TFT_Display.dir/src/st7735.c.obj
                0x10000d94                ST7735_FillTriangle
 .text.ST7735_SetRotation
                0x10000f40       0xe4 CMakeFiles/1.8inch_TFT_Display.dir/src/st7735.c.obj
                0x10000f40                ST7735_SetRotation
 .text.ST7735_GetHeight
                0x10001024        0xc CMakeFiles/1.8inch_TFT_Display.dir/src/st7735.c.obj
                0x10001024                ST7735_GetHeight
 .text.ST7735_GetWidth
                0x10001030        0xc CMakeFiles/1.8inch_TFT_Display.dir/src/st7735.c.obj
                0x10001030                ST7735_GetWidth
 .text.gpio_set_function
                0x1000103c       0x30 CMakeFiles/1.8inch_TFT_Display.dir/E_/Pi_Pico/pico-sdk/src/rp2_common/hardware_gpio/gpio.c.obj
                0x1000103c                gpio_set_function
 .text.gpio_init
                0x1000106c       0x16 CMakeFiles/1.8inch_TFT_Display.dir/E_/Pi_Pico/pico-sdk/src/rp2_common/hardware_gpio/gpio.c.obj
                0x1000106c                gpio_init
 *fill*         0x10001082        0x2 
 .text.hw_claim_lock
                0x10001084       0x18 CMakeFiles/1.8inch_TFT_Display.dir/E_/Pi_Pico/pico-sdk/src/rp2_common/hardware_claim/claim.c.obj
                0x10001084                hw_claim_lock
 .text.hw_claim_unlock
                0x1000109c       0x14 CMakeFiles/1.8inch_TFT_Display.dir/E_/Pi_Pico/pico-sdk/src/rp2_common/hardware_claim/claim.c.obj
                0x1000109c                hw_claim_unlock
 .text.hw_claim_or_assert
                0x100010b0       0x34 CMakeFiles/1.8inch_TFT_Display.dir/E_/Pi_Pico/pico-sdk/src/rp2_common/hardware_claim/claim.c.obj
                0x100010b0                hw_claim_or_assert
 .text.hw_claim_unused_from_range
                0x100010e4       0x56 CMakeFiles/1.8inch_TFT_Display.dir/E_/Pi_Pico/pico-sdk/src/rp2_common/hardware_claim/claim.c.obj
                0x100010e4                hw_claim_unused_from_range
 *fill*         0x1000113a        0x2 
 .text.spin_locks_reset
                0x1000113c       0x20 CMakeFiles/1.8inch_TFT_Display.dir/E_/Pi_Pico/pico-sdk/src/rp2_common/hardware_sync/sync.c.obj
                0x1000113c                spin_locks_reset
 .text.next_striped_spin_lock_num
                0x1000115c       0x1c CMakeFiles/1.8inch_TFT_Display.dir/E_/Pi_Pico/pico-sdk/src/rp2_common/hardware_sync/sync.c.obj
                0x1000115c                next_striped_spin_lock_num
 .text.spin_lock_claim_unused
                0x10001178       0x20 CMakeFiles/1.8inch_TFT_Display.dir/E_/Pi_Pico/pico-sdk/src/rp2_common/hardware_sync/sync.c.obj
                0x10001178                spin_lock_claim_unused
 .text.running_on_fpga
                0x10001198       0x14 CMakeFiles/1.8inch_TFT_Display.dir/E_/Pi_Pico/pico-sdk/src/rp2_common/pico_platform/platform.c.obj
                0x10001198                running_on_fpga
 .text.sev_callback
                0x100011ac        0x8 CMakeFiles/1.8inch_TFT_Display.dir/E_/Pi_Pico/pico-sdk/src/common/pico_time/time.c.obj
 .text.timer_pool_entry_comparator
                0x100011b4       0x7c CMakeFiles/1.8inch_TFT_Display.dir/E_/Pi_Pico/pico-sdk/src/common/pico_time/time.c.obj
                0x100011b4                timer_pool_entry_comparator
 .text.ph_add_child_node
                0x10001230       0xa4 CMakeFiles/1.8inch_TFT_Display.dir/E_/Pi_Pico/pico-sdk/src/common/pico_time/time.c.obj
 .text.ph_merge_nodes
                0x100012d4       0x3e CMakeFiles/1.8inch_TFT_Display.dir/E_/Pi_Pico/pico-sdk/src/common/pico_time/time.c.obj
 *fill*         0x10001312        0x2 
 .text.add_alarm_under_lock
                0x10001314      0x178 CMakeFiles/1.8inch_TFT_Display.dir/E_/Pi_Pico/pico-sdk/src/common/pico_time/time.c.obj
 .text.alarm_pool_alarm_callback
                0x1000148c      0x2e4 CMakeFiles/1.8inch_TFT_Display.dir/E_/Pi_Pico/pico-sdk/src/common/pico_time/time.c.obj
 .text.alarm_pool_get_default
                0x10001770       0x28 CMakeFiles/1.8inch_TFT_Display.dir/E_/Pi_Pico/pico-sdk/src/common/pico_time/time.c.obj
                0x10001770                alarm_pool_get_default
 .text.alarm_pool_create
                0x10001798       0x6c CMakeFiles/1.8inch_TFT_Display.dir/E_/Pi_Pico/pico-sdk/src/common/pico_time/time.c.obj
                0x10001798                alarm_pool_create
 .text.alarm_pool_init_default
                0x10001804       0x20 CMakeFiles/1.8inch_TFT_Display.dir/E_/Pi_Pico/pico-sdk/src/common/pico_time/time.c.obj
                0x10001804                alarm_pool_init_default
 .text.alarm_pool_add_alarm_at
                0x10001824      0x128 CMakeFiles/1.8inch_TFT_Display.dir/E_/Pi_Pico/pico-sdk/src/common/pico_time/time.c.obj
                0x10001824                alarm_pool_add_alarm_at
 .text.alarm_pool_cancel_alarm
                0x1000194c       0xec CMakeFiles/1.8inch_TFT_Display.dir/E_/Pi_Pico/pico-sdk/src/common/pico_time/time.c.obj
                0x1000194c                alarm_pool_cancel_alarm
 .text.sleep_until
                0x10001a38       0x94 CMakeFiles/1.8inch_TFT_Display.dir/E_/Pi_Pico/pico-sdk/src/common/pico_time/time.c.obj
                0x10001a38                sleep_until
 .text.sleep_us
                0x10001acc       0x2c CMakeFiles/1.8inch_TFT_Display.dir/E_/Pi_Pico/pico-sdk/src/common/pico_time/time.c.obj
                0x10001acc                sleep_us
 .text.sleep_ms
                0x10001af8       0x14 CMakeFiles/1.8inch_TFT_Display.dir/E_/Pi_Pico/pico-sdk/src/common/pico_time/time.c.obj
                0x10001af8                sleep_ms
 .text.best_effort_wfe_or_timeout
                0x10001b0c       0x80 CMakeFiles/1.8inch_TFT_Display.dir/E_/Pi_Pico/pico-sdk/src/common/pico_time/time.c.obj
                0x10001b0c                best_effort_wfe_or_timeout
 .text.hardware_alarm_irq_handler
                0x10001b8c       0x8c CMakeFiles/1.8inch_TFT_Display.dir/E_/Pi_Pico/pico-sdk/src/rp2_common/hardware_timer/timer.c.obj
 .text.hardware_alarm_claim
                0x10001c18       0x18 CMakeFiles/1.8inch_TFT_Display.dir/E_/Pi_Pico/pico-sdk/src/rp2_common/hardware_timer/timer.c.obj
                0x10001c18                hardware_alarm_claim
 .text.time_us_64
                0x10001c30       0x18 CMakeFiles/1.8inch_TFT_Display.dir/E_/Pi_Pico/pico-sdk/src/rp2_common/hardware_timer/timer.c.obj
                0x10001c30                time_us_64
 .text.busy_wait_until
                0x10001c48       0x28 CMakeFiles/1.8inch_TFT_Display.dir/E_/Pi_Pico/pico-sdk/src/rp2_common/hardware_timer/timer.c.obj
                0x10001c48                busy_wait_until
 .text.hardware_alarm_set_callback
                0x10001c70       0x90 CMakeFiles/1.8inch_TFT_Display.dir/E_/Pi_Pico/pico-sdk/src/rp2_common/hardware_timer/timer.c.obj
                0x10001c70                hardware_alarm_set_callback
 .text.hardware_alarm_set_target
                0x10001d00       0xd0 CMakeFiles/1.8inch_TFT_Display.dir/E_/Pi_Pico/pico-sdk/src/rp2_common/hardware_timer/timer.c.obj
                0x10001d00                hardware_alarm_set_target
 .text.hardware_alarm_cancel
                0x10001dd0       0x40 CMakeFiles/1.8inch_TFT_Display.dir/E_/Pi_Pico/pico-sdk/src/rp2_common/hardware_timer/timer.c.obj
                0x10001dd0                hardware_alarm_cancel
 .text.lock_init
                0x10001e10       0x30 CMakeFiles/1.8inch_TFT_Display.dir/E_/Pi_Pico/pico-sdk/src/common/pico_sync/lock_core.c.obj
                0x10001e10                lock_init
 .text.mutex_init
                0x10001e40       0x1a CMakeFiles/1.8inch_TFT_Display.dir/E_/Pi_Pico/pico-sdk/src/common/pico_sync/mutex.c.obj
                0x10001e40                mutex_init
 .text.critical_section_init_with_lock_num
                0x10001e5a        0xc CMakeFiles/1.8inch_TFT_Display.dir/E_/Pi_Pico/pico-sdk/src/common/pico_sync/critical_section.c.obj
                0x10001e5a                critical_section_init_with_lock_num
 .text.critical_section_init
                0x10001e66       0x14 CMakeFiles/1.8inch_TFT_Display.dir/E_/Pi_Pico/pico-sdk/src/common/pico_sync/critical_section.c.obj
                0x10001e66                critical_section_init
 *fill*         0x10001e7a        0x2 
 .text.ph_add_child_node
                0x10001e7c       0xa4 CMakeFiles/1.8inch_TFT_Display.dir/E_/Pi_Pico/pico-sdk/src/common/pico_util/pheap.c.obj
 .text.ph_merge_nodes
                0x10001f20       0x3e CMakeFiles/1.8inch_TFT_Display.dir/E_/Pi_Pico/pico-sdk/src/common/pico_util/pheap.c.obj
 *fill*         0x10001f5e        0x2 
 .text.ph_clear
                0x10001f60       0x74 CMakeFiles/1.8inch_TFT_Display.dir/E_/Pi_Pico/pico-sdk/src/common/pico_util/pheap.c.obj
                0x10001f60                ph_clear
 .text.ph_create
                0x10001fd4       0x2c CMakeFiles/1.8inch_TFT_Display.dir/E_/Pi_Pico/pico-sdk/src/common/pico_util/pheap.c.obj
                0x10001fd4                ph_create
 .text.ph_merge_two_pass
                0x10002000       0xa8 CMakeFiles/1.8inch_TFT_Display.dir/E_/Pi_Pico/pico-sdk/src/common/pico_util/pheap.c.obj
                0x10002000                ph_merge_two_pass
 .text.ph_remove_any_head
                0x100020a8      0x108 CMakeFiles/1.8inch_TFT_Display.dir/E_/Pi_Pico/pico-sdk/src/common/pico_util/pheap.c.obj
 .text.ph_remove_head_reserve
                0x100021b0       0x14 CMakeFiles/1.8inch_TFT_Display.dir/E_/Pi_Pico/pico-sdk/src/common/pico_util/pheap.c.obj
                0x100021b0                ph_remove_head_reserve
 .text.ph_delete
                0x100021c4       0xf8 CMakeFiles/1.8inch_TFT_Display.dir/E_/Pi_Pico/pico-sdk/src/common/pico_util/pheap.c.obj
                0x100021c4                ph_delete
 .text.runtime_init
                0x100022bc       0xcc CMakeFiles/1.8inch_TFT_Display.dir/E_/Pi_Pico/pico-sdk/src/rp2_common/pico_runtime/runtime.c.obj
                0x100022bc                runtime_init
 .text._exit    0x10002388        0x4 CMakeFiles/1.8inch_TFT_Display.dir/E_/Pi_Pico/pico-sdk/src/rp2_common/pico_runtime/runtime.c.obj
                0x10002388                _exit
 .text._sbrk    0x1000238c       0x38 CMakeFiles/1.8inch_TFT_Display.dir/E_/Pi_Pico/pico-sdk/src/rp2_common/pico_runtime/runtime.c.obj
                0x1000238c                _sbrk
 .text.exit     0x100023c4        0x6 CMakeFiles/1.8inch_TFT_Display.dir/E_/Pi_Pico/pico-sdk/src/rp2_common/pico_runtime/runtime.c.obj
                0x100023c4                exit
 *fill*         0x100023ca        0x2 
 .text.__assert_func
                0x100023cc       0x3c CMakeFiles/1.8inch_TFT_Display.dir/E_/Pi_Pico/pico-sdk/src/rp2_common/pico_runtime/runtime.c.obj
                0x100023cc                __assert_func
 .text.panic    0x10002408       0x30 CMakeFiles/1.8inch_TFT_Display.dir/E_/Pi_Pico/pico-sdk/src/rp2_common/pico_runtime/runtime.c.obj
                0x10002408                panic
 .text.clock_configure
                0x10002438       0xe8 CMakeFiles/1.8inch_TFT_Display.dir/E_/Pi_Pico/pico-sdk/src/rp2_common/hardware_clocks/clocks.c.obj
                0x10002438                clock_configure
 .text.clocks_init
                0x10002520      0x124 CMakeFiles/1.8inch_TFT_Display.dir/E_/Pi_Pico/pico-sdk/src/rp2_common/hardware_clocks/clocks.c.obj
                0x10002520                clocks_init
 .text.clock_get_hz
                0x10002644        0xc CMakeFiles/1.8inch_TFT_Display.dir/E_/Pi_Pico/pico-sdk/src/rp2_common/hardware_clocks/clocks.c.obj
                0x10002644                clock_get_hz
 .text.watchdog_start_tick
                0x10002650       0x10 CMakeFiles/1.8inch_TFT_Display.dir/E_/Pi_Pico/pico-sdk/src/rp2_common/hardware_watchdog/watchdog.c.obj
                0x10002650                watchdog_start_tick
 .text.xosc_init
                0x10002660       0x28 CMakeFiles/1.8inch_TFT_Display.dir/E_/Pi_Pico/pico-sdk/src/rp2_common/hardware_xosc/xosc.c.obj
                0x10002660                xosc_init
 .text.pll_init
                0x10002688       0xd4 CMakeFiles/1.8inch_TFT_Display.dir/E_/Pi_Pico/pico-sdk/src/rp2_common/hardware_pll/pll.c.obj
                0x10002688                pll_init
 .text.set_raw_irq_handler_and_unlock
                0x1000275c       0x28 CMakeFiles/1.8inch_TFT_Display.dir/E_/Pi_Pico/pico-sdk/src/rp2_common/hardware_irq/irq.c.obj
 .text.make_branch
                0x10002784       0x34 CMakeFiles/1.8inch_TFT_Display.dir/E_/Pi_Pico/pico-sdk/src/rp2_common/hardware_irq/irq.c.obj
 .text.insert_branch_and_link
                0x100027b8       0x40 CMakeFiles/1.8inch_TFT_Display.dir/E_/Pi_Pico/pico-sdk/src/rp2_common/hardware_irq/irq.c.obj
 .text.irq_is_enabled
                0x100027f8       0x18 CMakeFiles/1.8inch_TFT_Display.dir/E_/Pi_Pico/pico-sdk/src/rp2_common/hardware_irq/irq.c.obj
                0x100027f8                irq_is_enabled
 .text.irq_set_mask_enabled
                0x10002810       0x20 CMakeFiles/1.8inch_TFT_Display.dir/E_/Pi_Pico/pico-sdk/src/rp2_common/hardware_irq/irq.c.obj
                0x10002810                irq_set_mask_enabled
 .text.irq_set_enabled
                0x10002830        0xe CMakeFiles/1.8inch_TFT_Display.dir/E_/Pi_Pico/pico-sdk/src/rp2_common/hardware_irq/irq.c.obj
                0x10002830                irq_set_enabled
 *fill*         0x1000283e        0x2 
 .text.irq_set_pending
                0x10002840       0x10 CMakeFiles/1.8inch_TFT_Display.dir/E_/Pi_Pico/pico-sdk/src/rp2_common/hardware_irq/irq.c.obj
                0x10002840                irq_set_pending
 .text.irq_get_vtable_handler
                0x10002850       0x10 CMakeFiles/1.8inch_TFT_Display.dir/E_/Pi_Pico/pico-sdk/src/rp2_common/hardware_irq/irq.c.obj
                0x10002850                irq_get_vtable_handler
 .text.irq_set_exclusive_handler
                0x10002860       0x54 CMakeFiles/1.8inch_TFT_Display.dir/E_/Pi_Pico/pico-sdk/src/rp2_common/hardware_irq/irq.c.obj
                0x10002860                irq_set_exclusive_handler
 .text.irq_remove_handler
                0x100028b4      0x1b4 CMakeFiles/1.8inch_TFT_Display.dir/E_/Pi_Pico/pico-sdk/src/rp2_common/hardware_irq/irq.c.obj
                0x100028b4                irq_remove_handler
 .text.irq_set_priority
                0x10002a68       0x28 CMakeFiles/1.8inch_TFT_Display.dir/E_/Pi_Pico/pico-sdk/src/rp2_common/hardware_irq/irq.c.obj
                0x10002a68                irq_set_priority
 .text.irq_add_tail_to_free_list
                0x10002a90       0xf8 CMakeFiles/1.8inch_TFT_Display.dir/E_/Pi_Pico/pico-sdk/src/rp2_common/hardware_irq/irq.c.obj
                0x10002a90                irq_add_tail_to_free_list
 .text.irq_init_priorities
                0x10002b88       0x16 CMakeFiles/1.8inch_TFT_Display.dir/E_/Pi_Pico/pico-sdk/src/rp2_common/hardware_irq/irq.c.obj
                0x10002b88                irq_init_priorities
 .text._out_null
                0x10002b9e        0x2 CMakeFiles/1.8inch_TFT_Display.dir/E_/Pi_Pico/pico-sdk/src/rp2_common/pico_printf/printf.c.obj
 .text._out_fct
                0x10002ba0        0xe CMakeFiles/1.8inch_TFT_Display.dir/E_/Pi_Pico/pico-sdk/src/rp2_common/pico_printf/printf.c.obj
 .text._atoi    0x10002bae       0x24 CMakeFiles/1.8inch_TFT_Display.dir/E_/Pi_Pico/pico-sdk/src/rp2_common/pico_printf/printf.c.obj
 .text._out_rev
                0x10002bd2       0xae CMakeFiles/1.8inch_TFT_Display.dir/E_/Pi_Pico/pico-sdk/src/rp2_common/pico_printf/printf.c.obj
 .text._ntoa_format
                0x10002c80      0x112 CMakeFiles/1.8inch_TFT_Display.dir/E_/Pi_Pico/pico-sdk/src/rp2_common/pico_printf/printf.c.obj
 .text._ntoa_long
                0x10002d92       0xbc CMakeFiles/1.8inch_TFT_Display.dir/E_/Pi_Pico/pico-sdk/src/rp2_common/pico_printf/printf.c.obj
 .text._ntoa_long_long
                0x10002e4e       0xe2 CMakeFiles/1.8inch_TFT_Display.dir/E_/Pi_Pico/pico-sdk/src/rp2_common/pico_printf/printf.c.obj
 .text._etoa    0x10002f30      0x404 CMakeFiles/1.8inch_TFT_Display.dir/E_/Pi_Pico/pico-sdk/src/rp2_common/pico_printf/printf.c.obj
 .text._ftoa    0x10003334      0x354 CMakeFiles/1.8inch_TFT_Display.dir/E_/Pi_Pico/pico-sdk/src/rp2_common/pico_printf/printf.c.obj
 .text._vsnprintf
                0x10003688      0x624 CMakeFiles/1.8inch_TFT_Display.dir/E_/Pi_Pico/pico-sdk/src/rp2_common/pico_printf/printf.c.obj
 .text.vfctprintf
                0x10003cac       0x20 CMakeFiles/1.8inch_TFT_Display.dir/E_/Pi_Pico/pico-sdk/src/rp2_common/pico_printf/printf.c.obj
                0x10003cac                vfctprintf
 .text          0x10003ccc       0x10 CMakeFiles/1.8inch_TFT_Display.dir/E_/Pi_Pico/pico-sdk/src/rp2_common/pico_bit_ops/bit_ops_aeabi.S.obj
 .text.rom_func_lookup
                0x10003cdc       0x10 CMakeFiles/1.8inch_TFT_Display.dir/E_/Pi_Pico/pico-sdk/src/rp2_common/pico_bootrom/bootrom.c.obj
                0x10003cdc                rom_func_lookup
 .text.rom_data_lookup
                0x10003cec       0x10 CMakeFiles/1.8inch_TFT_Display.dir/E_/Pi_Pico/pico-sdk/src/rp2_common/pico_bootrom/bootrom.c.obj
                0x10003cec                rom_data_lookup
 .text.rom_funcs_lookup
                0x10003cfc       0x36 CMakeFiles/1.8inch_TFT_Display.dir/E_/Pi_Pico/pico-sdk/src/rp2_common/pico_bootrom/bootrom.c.obj
                0x10003cfc                rom_funcs_lookup
 *fill*         0x10003d32        0x2 
 .text.__wrap___aeabi_idiv
                0x10003d34       0x58 CMakeFiles/1.8inch_TFT_Display.dir/E_/Pi_Pico/pico-sdk/src/rp2_common/pico_divider/divider.S.obj
                0x10003d34                __wrap___aeabi_idivmod
                0x10003d34                divmod_s32s32
                0x10003d34                div_s32s32
                0x10003d34                __wrap___aeabi_idiv
                0x10003d3c                divmod_s32s32_unsafe
                0x10003d68                divmod_s32s32_savestate
 .text.__wrap___aeabi_uidiv
                0x10003d8c       0x54 CMakeFiles/1.8inch_TFT_Display.dir/E_/Pi_Pico/pico-sdk/src/rp2_common/pico_divider/divider.S.obj
                0x10003d8c                __wrap___aeabi_uidiv
                0x10003d8c                __wrap___aeabi_uidivmod
                0x10003d8c                div_u32u32
                0x10003d8c                divmod_u32u32
                0x10003d94                divmod_u32u32_unsafe
                0x10003dbc                divmod_u32u32_savestate
 .text.__wrap___aeabi_ldiv
                0x10003de0      0x430 CMakeFiles/1.8inch_TFT_Display.dir/E_/Pi_Pico/pico-sdk/src/rp2_common/pico_divider/divider.S.obj
                0x10003de0                div_s64s64
                0x10003de0                divmod_s64s64
                0x10003de0                __wrap___aeabi_ldivmod
                0x10003e18                divmod_u64u64
                0x10003e18                div_u64u64
                0x10003e18                __wrap___aeabi_uldivmod
                0x10003e28                divmod_u64u64_savestate
                0x10003e50                divmod_s64s64_unsafe
                0x10003ed8                divmod_u64u64_unsafe
 .text.__wrap___aeabi_darithmetic
                0x10004210       0x54 CMakeFiles/1.8inch_TFT_Display.dir/E_/Pi_Pico/pico-sdk/src/rp2_common/pico_double/double_aeabi.S.obj
                0x10004210                __wrap___aeabi_drsub
                0x10004216                __wrap___aeabi_dsub
                0x10004228                __wrap___aeabi_dadd
                0x1000423a                __wrap___aeabi_ddiv
                0x1000424c                __wrap___aeabi_dmul
 .text.__wrap___aeabi_cdcmple
                0x10004264       0x6c CMakeFiles/1.8inch_TFT_Display.dir/E_/Pi_Pico/pico-sdk/src/rp2_common/pico_double/double_aeabi.S.obj
                0x10004264                __wrap___aeabi_cdrcmple
                0x10004274                __wrap___aeabi_cdcmpeq
                0x10004274                __wrap___aeabi_cdcmple
 .text.__wrap___aeabi_dcmplt
                0x100042d0        0xc CMakeFiles/1.8inch_TFT_Display.dir/E_/Pi_Pico/pico-sdk/src/rp2_common/pico_double/double_aeabi.S.obj
                0x100042d0                __wrap___aeabi_dcmplt
 .text.__wrap___aeabi_dcmple
                0x100042dc       0x10 CMakeFiles/1.8inch_TFT_Display.dir/E_/Pi_Pico/pico-sdk/src/rp2_common/pico_double/double_aeabi.S.obj
                0x100042dc                __wrap___aeabi_dcmple
 .text.__wrap___aeabi_dcmpge
                0x100042ec       0x10 CMakeFiles/1.8inch_TFT_Display.dir/E_/Pi_Pico/pico-sdk/src/rp2_common/pico_double/double_aeabi.S.obj
                0x100042ec                __wrap___aeabi_dcmpge
 .text.__wrap___aeabi_dcmpgt
                0x100042fc        0xa CMakeFiles/1.8inch_TFT_Display.dir/E_/Pi_Pico/pico-sdk/src/rp2_common/pico_double/double_aeabi.S.obj
                0x100042fc                __wrap___aeabi_dcmpgt
 .text.__wrap___aeabi_dcmpun
                0x10004306       0x1c CMakeFiles/1.8inch_TFT_Display.dir/E_/Pi_Pico/pico-sdk/src/rp2_common/pico_double/double_aeabi.S.obj
                0x10004306                __wrap___aeabi_dcmpun
 *fill*         0x10004322        0x2 
 .text.__wrap___aeabi_i2d
                0x10004324       0x38 CMakeFiles/1.8inch_TFT_Display.dir/E_/Pi_Pico/pico-sdk/src/rp2_common/pico_double/double_aeabi.S.obj
                0x10004324                __wrap___aeabi_ui2d
                0x1000432c                __wrap___aeabi_i2d
 .text.__wrap___aeabi_d2iz
                0x1000435c       0x48 CMakeFiles/1.8inch_TFT_Display.dir/E_/Pi_Pico/pico-sdk/src/rp2_common/pico_double/double_aeabi.S.obj
                0x1000435c                double2int_z
                0x1000435c                __wrap___aeabi_d2iz
 .text.__wrap___aeabi_d2uiz
                0x100043a4       0x18 CMakeFiles/1.8inch_TFT_Display.dir/E_/Pi_Pico/pico-sdk/src/rp2_common/pico_double/double_aeabi.S.obj
                0x100043a4                __wrap___aeabi_d2uiz
                0x100043a4                double2uint
 .text.__aeabi_double_init
                0x100043bc       0xb8 CMakeFiles/1.8inch_TFT_Display.dir/E_/Pi_Pico/pico-sdk/src/rp2_common/pico_double/double_init_rom.c.obj
                0x100043bc                __aeabi_double_init
 .text.double_table_shim_on_use_helper
                0x10004474       0x34 CMakeFiles/1.8inch_TFT_Display.dir/E_/Pi_Pico/pico-sdk/src/rp2_common/pico_double/double_v1_rom_shim.S.obj
                0x10004474                double_table_shim_on_use_helper
 .text.__wrap___aeabi_dsub
                0x100044a8       0x10 CMakeFiles/1.8inch_TFT_Display.dir/E_/Pi_Pico/pico-sdk/src/rp2_common/pico_double/double_v1_rom_shim.S.obj
                0x100044a8                drsub_shim
                0x100044ae                dsub_shim
 .text.dadd_shim
                0x100044b8      0x15c CMakeFiles/1.8inch_TFT_Display.dir/E_/Pi_Pico/pico-sdk/src/rp2_common/pico_double/double_v1_rom_shim.S.obj
                0x100044b8                dadd_shim
 .text.dmul_shim
                0x10004614      0x15c CMakeFiles/1.8inch_TFT_Display.dir/E_/Pi_Pico/pico-sdk/src/rp2_common/pico_double/double_v1_rom_shim.S.obj
                0x10004614                dmul_shim
 .text.ddiv_shim
                0x10004770      0x1b0 CMakeFiles/1.8inch_TFT_Display.dir/E_/Pi_Pico/pico-sdk/src/rp2_common/pico_double/double_v1_rom_shim.S.obj
                0x10004770                ddiv_shim
 .text.dcordic_rot_step
                0x10004920       0x7c CMakeFiles/1.8inch_TFT_Display.dir/E_/Pi_Pico/pico-sdk/src/rp2_common/pico_double/double_v1_rom_shim.S.obj
                0x10004920                dcordic_rot_step
 .text.double2uint_shim
                0x1000499c        0xe CMakeFiles/1.8inch_TFT_Display.dir/E_/Pi_Pico/pico-sdk/src/rp2_common/pico_double/double_v1_rom_shim.S.obj
                0x1000499c                double2uint_shim
                0x1000499e                double2ufix_shim
 *fill*         0x100049aa        0x2 
 .text.double2uint64_shim
                0x100049ac       0x6c CMakeFiles/1.8inch_TFT_Display.dir/E_/Pi_Pico/pico-sdk/src/rp2_common/pico_double/double_v1_rom_shim.S.obj
                0x100049ac                double2uint64_shim
                0x100049ae                double2ufix64_shim
                0x100049c8                d2fix_a
 .text.dunpacks
                0x10004a18       0x3c CMakeFiles/1.8inch_TFT_Display.dir/E_/Pi_Pico/pico-sdk/src/rp2_common/pico_double/double_v1_rom_shim.S.obj
                0x10004a18                dunpacks
 .text.__aeabi_lmul
                0x10004a54       0x32 CMakeFiles/1.8inch_TFT_Display.dir/E_/Pi_Pico/pico-sdk/src/rp2_common/pico_int64_ops/pico_int64_ops_aeabi.S.obj
                0x10004a54                __wrap___aeabi_lmul
 *fill*         0x10004a86        0x2 
 .text.__aeabi_float_init
                0x10004a88       0xfc CMakeFiles/1.8inch_TFT_Display.dir/E_/Pi_Pico/pico-sdk/src/rp2_common/pico_float/float_init_rom.c.obj
                0x10004a88                __aeabi_float_init
 .text.float_table_shim_on_use_helper
                0x10004b84       0x34 CMakeFiles/1.8inch_TFT_Display.dir/E_/Pi_Pico/pico-sdk/src/rp2_common/pico_float/float_v1_rom_shim.S.obj
                0x10004b84                float_table_shim_on_use_helper
 .text.__wrap_malloc
                0x10004bb8        0x8 CMakeFiles/1.8inch_TFT_Display.dir/E_/Pi_Pico/pico-sdk/src/rp2_common/pico_malloc/pico_malloc.c.obj
                0x10004bb8                __wrap_malloc
 .text.__wrap_calloc
                0x10004bc0        0x8 CMakeFiles/1.8inch_TFT_Display.dir/E_/Pi_Pico/pico-sdk/src/rp2_common/pico_malloc/pico_malloc.c.obj
                0x10004bc0                __wrap_calloc
 .text          0x10004bc8       0x10 CMakeFiles/1.8inch_TFT_Display.dir/E_/Pi_Pico/pico-sdk/src/rp2_common/pico_mem_ops/mem_ops_aeabi.S.obj
                0x10004bc8                __aeabi_mem_init
 .text.memset   0x10004bd8        0xc CMakeFiles/1.8inch_TFT_Display.dir/E_/Pi_Pico/pico-sdk/src/rp2_common/pico_mem_ops/mem_ops_aeabi.S.obj
                0x10004bd8                __wrap_memset
 .text.memcpy   0x10004be4        0xc CMakeFiles/1.8inch_TFT_Display.dir/E_/Pi_Pico/pico-sdk/src/rp2_common/pico_mem_ops/mem_ops_aeabi.S.obj
                0x10004be4                __wrap_memcpy
                0x10004be4                __wrap___aeabi_memcpy
 .text.stdio_out_chars_crlf
                0x10004bf0       0x80 CMakeFiles/1.8inch_TFT_Display.dir/E_/Pi_Pico/pico-sdk/src/rp2_common/pico_stdio/stdio.c.obj
 .text.stdio_stack_buffer_flush
                0x10004c70       0x44 CMakeFiles/1.8inch_TFT_Display.dir/E_/Pi_Pico/pico-sdk/src/rp2_common/pico_stdio/stdio.c.obj
 .text.stdio_buffered_printer
                0x10004cb4       0x20 CMakeFiles/1.8inch_TFT_Display.dir/E_/Pi_Pico/pico-sdk/src/rp2_common/pico_stdio/stdio.c.obj
 .text.stdout_serialize_begin
                0x10004cd4       0x2c CMakeFiles/1.8inch_TFT_Display.dir/E_/Pi_Pico/pico-sdk/src/rp2_common/pico_stdio/stdio.c.obj
                0x10004cd4                stdout_serialize_begin
 .text.stdout_serialize_end
                0x10004d00       0x10 CMakeFiles/1.8inch_TFT_Display.dir/E_/Pi_Pico/pico-sdk/src/rp2_common/pico_stdio/stdio.c.obj
                0x10004d00                stdout_serialize_end
 .text.stdio_put_string
                0x10004d10       0x84 CMakeFiles/1.8inch_TFT_Display.dir/E_/Pi_Pico/pico-sdk/src/rp2_common/pico_stdio/stdio.c.obj
 .text.stdio_set_driver_enabled
                0x10004d94       0x38 CMakeFiles/1.8inch_TFT_Display.dir/E_/Pi_Pico/pico-sdk/src/rp2_common/pico_stdio/stdio.c.obj
                0x10004d94                stdio_set_driver_enabled
 .text.stdio_flush
                0x10004dcc       0x20 CMakeFiles/1.8inch_TFT_Display.dir/E_/Pi_Pico/pico-sdk/src/rp2_common/pico_stdio/stdio.c.obj
                0x10004dcc                stdio_flush
 .text.__wrap_puts
                0x10004dec       0x1c CMakeFiles/1.8inch_TFT_Display.dir/E_/Pi_Pico/pico-sdk/src/rp2_common/pico_stdio/stdio.c.obj
                0x10004dec                __wrap_puts
 .text.__wrap_vprintf
                0x10004e08       0x44 CMakeFiles/1.8inch_TFT_Display.dir/E_/Pi_Pico/pico-sdk/src/rp2_common/pico_stdio/stdio.c.obj
                0x10004e08                __wrap_vprintf
 .text.__wrap_printf
                0x10004e4c       0x18 CMakeFiles/1.8inch_TFT_Display.dir/E_/Pi_Pico/pico-sdk/src/rp2_common/pico_stdio/stdio.c.obj
                0x10004e4c                __wrap_printf
 .text.stdio_init_all
                0x10004e64        0x8 CMakeFiles/1.8inch_TFT_Display.dir/E_/Pi_Pico/pico-sdk/src/rp2_common/pico_stdio/stdio.c.obj
                0x10004e64                stdio_init_all
 .text.stdio_usb_in_chars
                0x10004e6c       0x70 CMakeFiles/1.8inch_TFT_Display.dir/E_/Pi_Pico/pico-sdk/src/rp2_common/pico_stdio_usb/stdio_usb.c.obj
                0x10004e6c                stdio_usb_in_chars
 .text.low_priority_worker_irq
                0x10004edc       0x20 CMakeFiles/1.8inch_TFT_Display.dir/E_/Pi_Pico/pico-sdk/src/rp2_common/pico_stdio_usb/stdio_usb.c.obj
 .text.stdio_usb_out_chars
                0x10004efc       0xd4 CMakeFiles/1.8inch_TFT_Display.dir/E_/Pi_Pico/pico-sdk/src/rp2_common/pico_stdio_usb/stdio_usb.c.obj
 .text.timer_task
                0x10004fd0       0x10 CMakeFiles/1.8inch_TFT_Display.dir/E_/Pi_Pico/pico-sdk/src/rp2_common/pico_stdio_usb/stdio_usb.c.obj
 .text.stdio_usb_init
                0x10004fe0       0x90 CMakeFiles/1.8inch_TFT_Display.dir/E_/Pi_Pico/pico-sdk/src/rp2_common/pico_stdio_usb/stdio_usb.c.obj
                0x10004fe0                stdio_usb_init
 .text.tud_descriptor_device_cb
                0x10005070        0x8 CMakeFiles/1.8inch_TFT_Display.dir/E_/Pi_Pico/pico-sdk/src/rp2_common/pico_stdio_usb/stdio_usb_descriptors.c.obj
                0x10005070                tud_descriptor_device_cb
 .text.tud_descriptor_configuration_cb
                0x10005078        0x8 CMakeFiles/1.8inch_TFT_Display.dir/E_/Pi_Pico/pico-sdk/src/rp2_common/pico_stdio_usb/stdio_usb_descriptors.c.obj
                0x10005078                tud_descriptor_configuration_cb
 .text.tud_descriptor_string_cb
                0x10005080       0x50 CMakeFiles/1.8inch_TFT_Display.dir/E_/Pi_Pico/pico-sdk/src/rp2_common/pico_stdio_usb/stdio_usb_descriptors.c.obj
                0x10005080                tud_descriptor_string_cb
 .text.hw_endpoint_get_by_addr
                0x100050d0       0x1c CMakeFiles/1.8inch_TFT_Display.dir/E_/Pi_Pico/pico-sdk/lib/tinyusb/src/portable/raspberrypi/rp2040/dcd_rp2040.c.obj
 .text.reset_ep0
                0x100050ec       0x2c CMakeFiles/1.8inch_TFT_Display.dir/E_/Pi_Pico/pico-sdk/lib/tinyusb/src/portable/raspberrypi/rp2040/dcd_rp2040.c.obj
 .text._hw_endpoint_alloc
                0x10005118       0x7c CMakeFiles/1.8inch_TFT_Display.dir/E_/Pi_Pico/pico-sdk/lib/tinyusb/src/portable/raspberrypi/rp2040/dcd_rp2040.c.obj
 .text._hw_endpoint_init
                0x10005194       0xbc CMakeFiles/1.8inch_TFT_Display.dir/E_/Pi_Pico/pico-sdk/lib/tinyusb/src/portable/raspberrypi/rp2040/dcd_rp2040.c.obj
 .text.hw_endpoint_init
                0x10005250       0x18 CMakeFiles/1.8inch_TFT_Display.dir/E_/Pi_Pico/pico-sdk/lib/tinyusb/src/portable/raspberrypi/rp2040/dcd_rp2040.c.obj
 .text.hw_handle_buff_status
                0x10005268       0xb8 CMakeFiles/1.8inch_TFT_Display.dir/E_/Pi_Pico/pico-sdk/lib/tinyusb/src/portable/raspberrypi/rp2040/dcd_rp2040.c.obj
 .text.dcd_rp2040_irq
                0x10005320       0x8c CMakeFiles/1.8inch_TFT_Display.dir/E_/Pi_Pico/pico-sdk/lib/tinyusb/src/portable/raspberrypi/rp2040/dcd_rp2040.c.obj
 .text.hw_endpoint_xfer
                0x100053ac       0x18 CMakeFiles/1.8inch_TFT_Display.dir/E_/Pi_Pico/pico-sdk/lib/tinyusb/src/portable/raspberrypi/rp2040/dcd_rp2040.c.obj
 .text.ep0_0len_status
                0x100053c4       0x14 CMakeFiles/1.8inch_TFT_Display.dir/E_/Pi_Pico/pico-sdk/lib/tinyusb/src/portable/raspberrypi/rp2040/dcd_rp2040.c.obj
 .text._hw_endpoint_stall
                0x100053d8       0x54 CMakeFiles/1.8inch_TFT_Display.dir/E_/Pi_Pico/pico-sdk/lib/tinyusb/src/portable/raspberrypi/rp2040/dcd_rp2040.c.obj
 .text.hw_endpoint_stall
                0x1000542c        0xc CMakeFiles/1.8inch_TFT_Display.dir/E_/Pi_Pico/pico-sdk/lib/tinyusb/src/portable/raspberrypi/rp2040/dcd_rp2040.c.obj
 .text._hw_endpoint_clear_stall
                0x10005438       0x34 CMakeFiles/1.8inch_TFT_Display.dir/E_/Pi_Pico/pico-sdk/lib/tinyusb/src/portable/raspberrypi/rp2040/dcd_rp2040.c.obj
 .text.hw_endpoint_clear_stall
                0x1000546c        0xc CMakeFiles/1.8inch_TFT_Display.dir/E_/Pi_Pico/pico-sdk/lib/tinyusb/src/portable/raspberrypi/rp2040/dcd_rp2040.c.obj
 .text.dcd_int_enable
                0x10005478       0x2c CMakeFiles/1.8inch_TFT_Display.dir/E_/Pi_Pico/pico-sdk/lib/tinyusb/src/portable/raspberrypi/rp2040/dcd_rp2040.c.obj
                0x10005478                dcd_int_enable
 .text.dcd_set_address
                0x100054a4       0x30 CMakeFiles/1.8inch_TFT_Display.dir/E_/Pi_Pico/pico-sdk/lib/tinyusb/src/portable/raspberrypi/rp2040/dcd_rp2040.c.obj
                0x100054a4                dcd_set_address
 .text.dcd_connect
                0x100054d4       0x30 CMakeFiles/1.8inch_TFT_Display.dir/E_/Pi_Pico/pico-sdk/lib/tinyusb/src/portable/raspberrypi/rp2040/dcd_rp2040.c.obj
                0x100054d4                dcd_connect
 .text.dcd_init
                0x10005504       0x90 CMakeFiles/1.8inch_TFT_Display.dir/E_/Pi_Pico/pico-sdk/lib/tinyusb/src/portable/raspberrypi/rp2040/dcd_rp2040.c.obj
                0x10005504                dcd_init
 .text.dcd_edpt0_status_complete
                0x10005594       0x44 CMakeFiles/1.8inch_TFT_Display.dir/E_/Pi_Pico/pico-sdk/lib/tinyusb/src/portable/raspberrypi/rp2040/dcd_rp2040.c.obj
                0x10005594                dcd_edpt0_status_complete
 .text.dcd_edpt_open
                0x100055d8       0x40 CMakeFiles/1.8inch_TFT_Display.dir/E_/Pi_Pico/pico-sdk/lib/tinyusb/src/portable/raspberrypi/rp2040/dcd_rp2040.c.obj
                0x100055d8                dcd_edpt_open
 .text.dcd_edpt_xfer
                0x10005618       0x34 CMakeFiles/1.8inch_TFT_Display.dir/E_/Pi_Pico/pico-sdk/lib/tinyusb/src/portable/raspberrypi/rp2040/dcd_rp2040.c.obj
                0x10005618                dcd_edpt_xfer
 .text.dcd_edpt_stall
                0x1000564c       0x28 CMakeFiles/1.8inch_TFT_Display.dir/E_/Pi_Pico/pico-sdk/lib/tinyusb/src/portable/raspberrypi/rp2040/dcd_rp2040.c.obj
                0x1000564c                dcd_edpt_stall
 .text.dcd_edpt_clear_stall
                0x10005674       0x28 CMakeFiles/1.8inch_TFT_Display.dir/E_/Pi_Pico/pico-sdk/lib/tinyusb/src/portable/raspberrypi/rp2040/dcd_rp2040.c.obj
                0x10005674                dcd_edpt_clear_stall
 .text.rp2040_usb_init
                0x1000569c       0x50 CMakeFiles/1.8inch_TFT_Display.dir/E_/Pi_Pico/pico-sdk/lib/tinyusb/src/portable/raspberrypi/rp2040/rp2040_usb.c.obj
                0x1000569c                rp2040_usb_init
 .text.hw_endpoint_reset_transfer
                0x100056ec       0x14 CMakeFiles/1.8inch_TFT_Display.dir/E_/Pi_Pico/pico-sdk/lib/tinyusb/src/portable/raspberrypi/rp2040/rp2040_usb.c.obj
                0x100056ec                hw_endpoint_reset_transfer
 .text._hw_endpoint_buffer_control_update32
                0x10005700       0x54 CMakeFiles/1.8inch_TFT_Display.dir/E_/Pi_Pico/pico-sdk/lib/tinyusb/src/portable/raspberrypi/rp2040/rp2040_usb.c.obj
                0x10005700                _hw_endpoint_buffer_control_update32
 .text._hw_endpoint_start_next_buffer
                0x10005754       0x5a CMakeFiles/1.8inch_TFT_Display.dir/E_/Pi_Pico/pico-sdk/lib/tinyusb/src/portable/raspberrypi/rp2040/rp2040_usb.c.obj
                0x10005754                _hw_endpoint_start_next_buffer
 .text._hw_endpoint_xfer_start
                0x100057ae       0x46 CMakeFiles/1.8inch_TFT_Display.dir/E_/Pi_Pico/pico-sdk/lib/tinyusb/src/portable/raspberrypi/rp2040/rp2040_usb.c.obj
                0x100057ae                _hw_endpoint_xfer_start
 .text._hw_endpoint_xfer_sync
                0x100057f4       0x74 CMakeFiles/1.8inch_TFT_Display.dir/E_/Pi_Pico/pico-sdk/lib/tinyusb/src/portable/raspberrypi/rp2040/rp2040_usb.c.obj
                0x100057f4                _hw_endpoint_xfer_sync
 .text._hw_endpoint_xfer_continue
                0x10005868       0x58 CMakeFiles/1.8inch_TFT_Display.dir/E_/Pi_Pico/pico-sdk/lib/tinyusb/src/portable/raspberrypi/rp2040/rp2040_usb.c.obj
                0x10005868                _hw_endpoint_xfer_continue
 .text._hw_endpoint_xfer
                0x100058c0       0x34 CMakeFiles/1.8inch_TFT_Display.dir/E_/Pi_Pico/pico-sdk/lib/tinyusb/src/portable/raspberrypi/rp2040/rp2040_usb.c.obj
                0x100058c0                _hw_endpoint_xfer
 .text.mark_interface_endpoint
                0x100058f4       0x2a CMakeFiles/1.8inch_TFT_Display.dir/E_/Pi_Pico/pico-sdk/lib/tinyusb/src/device/usbd.c.obj
 *fill*         0x1000591e        0x2 
 .text.usbd_reset
                0x10005920       0x88 CMakeFiles/1.8inch_TFT_Display.dir/E_/Pi_Pico/pico-sdk/lib/tinyusb/src/device/usbd.c.obj
 .text.invoke_class_control
                0x100059a8       0x18 CMakeFiles/1.8inch_TFT_Display.dir/E_/Pi_Pico/pico-sdk/lib/tinyusb/src/device/usbd.c.obj
 .text.process_set_config
                0x100059c0      0x1d0 CMakeFiles/1.8inch_TFT_Display.dir/E_/Pi_Pico/pico-sdk/lib/tinyusb/src/device/usbd.c.obj
 .text.process_get_descriptor
                0x10005b90       0xf4 CMakeFiles/1.8inch_TFT_Display.dir/E_/Pi_Pico/pico-sdk/lib/tinyusb/src/device/usbd.c.obj
 .text.tud_mounted
                0x10005c84       0x10 CMakeFiles/1.8inch_TFT_Display.dir/E_/Pi_Pico/pico-sdk/lib/tinyusb/src/device/usbd.c.obj
                0x10005c84                tud_mounted
 .text.tud_suspended
                0x10005c94       0x10 CMakeFiles/1.8inch_TFT_Display.dir/E_/Pi_Pico/pico-sdk/lib/tinyusb/src/device/usbd.c.obj
                0x10005c94                tud_suspended
 .text.tud_init
                0x10005ca4       0xb8 CMakeFiles/1.8inch_TFT_Display.dir/E_/Pi_Pico/pico-sdk/lib/tinyusb/src/device/usbd.c.obj
                0x10005ca4                tud_init
 .text.dcd_event_handler
                0x10005d5c      0x1c4 CMakeFiles/1.8inch_TFT_Display.dir/E_/Pi_Pico/pico-sdk/lib/tinyusb/src/device/usbd.c.obj
                0x10005d5c                dcd_event_handler
 .text.dcd_event_bus_signal
                0x10005f20       0x26 CMakeFiles/1.8inch_TFT_Display.dir/E_/Pi_Pico/pico-sdk/lib/tinyusb/src/device/usbd.c.obj
                0x10005f20                dcd_event_bus_signal
 .text.dcd_event_setup_received
                0x10005f46       0x34 CMakeFiles/1.8inch_TFT_Display.dir/E_/Pi_Pico/pico-sdk/lib/tinyusb/src/device/usbd.c.obj
                0x10005f46                dcd_event_setup_received
 .text.dcd_event_xfer_complete
                0x10005f7a       0x44 CMakeFiles/1.8inch_TFT_Display.dir/E_/Pi_Pico/pico-sdk/lib/tinyusb/src/device/usbd.c.obj
                0x10005f7a                dcd_event_xfer_complete
 .text.usbd_edpt_open
                0x10005fbe        0x8 CMakeFiles/1.8inch_TFT_Display.dir/E_/Pi_Pico/pico-sdk/lib/tinyusb/src/device/usbd.c.obj
                0x10005fbe                usbd_edpt_open
 *fill*         0x10005fc6        0x2 
 .text.usbd_open_edpt_pair
                0x10005fc8       0x8c CMakeFiles/1.8inch_TFT_Display.dir/E_/Pi_Pico/pico-sdk/lib/tinyusb/src/device/usbd.c.obj
                0x10005fc8                usbd_open_edpt_pair
 .text.usbd_edpt_claim
                0x10006054       0x8c CMakeFiles/1.8inch_TFT_Display.dir/E_/Pi_Pico/pico-sdk/lib/tinyusb/src/device/usbd.c.obj
                0x10006054                usbd_edpt_claim
 .text.usbd_edpt_release
                0x100060e0       0x68 CMakeFiles/1.8inch_TFT_Display.dir/E_/Pi_Pico/pico-sdk/lib/tinyusb/src/device/usbd.c.obj
                0x100060e0                usbd_edpt_release
 .text.usbd_edpt_xfer
                0x10006148       0x80 CMakeFiles/1.8inch_TFT_Display.dir/E_/Pi_Pico/pico-sdk/lib/tinyusb/src/device/usbd.c.obj
                0x10006148                usbd_edpt_xfer
 .text.usbd_edpt_stall
                0x100061c8       0x2c CMakeFiles/1.8inch_TFT_Display.dir/E_/Pi_Pico/pico-sdk/lib/tinyusb/src/device/usbd.c.obj
                0x100061c8                usbd_edpt_stall
 .text.usbd_edpt_clear_stall
                0x100061f4       0x2c CMakeFiles/1.8inch_TFT_Display.dir/E_/Pi_Pico/pico-sdk/lib/tinyusb/src/device/usbd.c.obj
                0x100061f4                usbd_edpt_clear_stall
 .text.usbd_edpt_stalled
                0x10006220       0x1c CMakeFiles/1.8inch_TFT_Display.dir/E_/Pi_Pico/pico-sdk/lib/tinyusb/src/device/usbd.c.obj
                0x10006220                usbd_edpt_stalled
 .text.process_control_request
                0x1000623c      0x37c CMakeFiles/1.8inch_TFT_Display.dir/E_/Pi_Pico/pico-sdk/lib/tinyusb/src/device/usbd.c.obj
 .text.tud_task
                0x100065b8      0x204 CMakeFiles/1.8inch_TFT_Display.dir/E_/Pi_Pico/pico-sdk/lib/tinyusb/src/device/usbd.c.obj
                0x100065b8                tud_task
 .text._data_stage_xact
                0x100067bc       0x58 CMakeFiles/1.8inch_TFT_Display.dir/E_/Pi_Pico/pico-sdk/lib/tinyusb/src/device/usbd_control.c.obj
 .text.tud_control_status
                0x10006814       0x38 CMakeFiles/1.8inch_TFT_Display.dir/E_/Pi_Pico/pico-sdk/lib/tinyusb/src/device/usbd_control.c.obj
                0x10006814                tud_control_status
 .text.tud_control_xfer
                0x1000684c       0xa8 CMakeFiles/1.8inch_TFT_Display.dir/E_/Pi_Pico/pico-sdk/lib/tinyusb/src/device/usbd_control.c.obj
                0x1000684c                tud_control_xfer
 .text.usbd_control_reset
                0x100068f4       0x14 CMakeFiles/1.8inch_TFT_Display.dir/E_/Pi_Pico/pico-sdk/lib/tinyusb/src/device/usbd_control.c.obj
                0x100068f4                usbd_control_reset
 .text.usbd_control_set_complete_callback
                0x10006908        0xc CMakeFiles/1.8inch_TFT_Display.dir/E_/Pi_Pico/pico-sdk/lib/tinyusb/src/device/usbd_control.c.obj
                0x10006908                usbd_control_set_complete_callback
 .text.usbd_control_set_request
                0x10006914       0x1c CMakeFiles/1.8inch_TFT_Display.dir/E_/Pi_Pico/pico-sdk/lib/tinyusb/src/device/usbd_control.c.obj
                0x10006914                usbd_control_set_request
 .text.usbd_control_xfer_cb
                0x10006930       0xe8 CMakeFiles/1.8inch_TFT_Display.dir/E_/Pi_Pico/pico-sdk/lib/tinyusb/src/device/usbd_control.c.obj
                0x10006930                usbd_control_xfer_cb
 .text._prep_out_transaction
                0x10006a18       0x46 CMakeFiles/1.8inch_TFT_Display.dir/E_/Pi_Pico/pico-sdk/lib/tinyusb/src/class/cdc/cdc_device.c.obj
 *fill*         0x10006a5e        0x2 
 .text.tud_cdc_n_connected
                0x10006a60       0x48 CMakeFiles/1.8inch_TFT_Display.dir/E_/Pi_Pico/pico-sdk/lib/tinyusb/src/class/cdc/cdc_device.c.obj
                0x10006a60                tud_cdc_n_connected
 .text.tud_cdc_n_available
                0x10006aa8       0x20 CMakeFiles/1.8inch_TFT_Display.dir/E_/Pi_Pico/pico-sdk/lib/tinyusb/src/class/cdc/cdc_device.c.obj
                0x10006aa8                tud_cdc_n_available
 .text.tud_cdc_n_read
                0x10006ac8       0x30 CMakeFiles/1.8inch_TFT_Display.dir/E_/Pi_Pico/pico-sdk/lib/tinyusb/src/class/cdc/cdc_device.c.obj
                0x10006ac8                tud_cdc_n_read
 .text.tud_cdc_n_write_flush
                0x10006af8       0xc4 CMakeFiles/1.8inch_TFT_Display.dir/E_/Pi_Pico/pico-sdk/lib/tinyusb/src/class/cdc/cdc_device.c.obj
                0x10006af8                tud_cdc_n_write_flush
 .text.tud_cdc_n_write
                0x10006bbc       0x38 CMakeFiles/1.8inch_TFT_Display.dir/E_/Pi_Pico/pico-sdk/lib/tinyusb/src/class/cdc/cdc_device.c.obj
                0x10006bbc                tud_cdc_n_write
 .text.tud_cdc_n_write_available
                0x10006bf4       0x20 CMakeFiles/1.8inch_TFT_Display.dir/E_/Pi_Pico/pico-sdk/lib/tinyusb/src/class/cdc/cdc_device.c.obj
                0x10006bf4                tud_cdc_n_write_available
 .text.cdcd_init
                0x10006c14       0xdc CMakeFiles/1.8inch_TFT_Display.dir/E_/Pi_Pico/pico-sdk/lib/tinyusb/src/class/cdc/cdc_device.c.obj
                0x10006c14                cdcd_init
 .text.cdcd_reset
                0x10006cf0       0x44 CMakeFiles/1.8inch_TFT_Display.dir/E_/Pi_Pico/pico-sdk/lib/tinyusb/src/class/cdc/cdc_device.c.obj
                0x10006cf0                cdcd_reset
 .text.cdcd_open
                0x10006d34      0x118 CMakeFiles/1.8inch_TFT_Display.dir/E_/Pi_Pico/pico-sdk/lib/tinyusb/src/class/cdc/cdc_device.c.obj
                0x10006d34                cdcd_open
 .text.cdcd_control_complete
                0x10006e4c       0x60 CMakeFiles/1.8inch_TFT_Display.dir/E_/Pi_Pico/pico-sdk/lib/tinyusb/src/class/cdc/cdc_device.c.obj
                0x10006e4c                cdcd_control_complete
 .text.cdcd_control_request
                0x10006eac       0x9c CMakeFiles/1.8inch_TFT_Display.dir/E_/Pi_Pico/pico-sdk/lib/tinyusb/src/class/cdc/cdc_device.c.obj
                0x10006eac                cdcd_control_request
 .text.cdcd_xfer_cb
                0x10006f48      0x130 CMakeFiles/1.8inch_TFT_Display.dir/E_/Pi_Pico/pico-sdk/lib/tinyusb/src/class/cdc/cdc_device.c.obj
                0x10006f48                cdcd_xfer_cb
 .text.tusb_init
                0x10007078       0x38 CMakeFiles/1.8inch_TFT_Display.dir/E_/Pi_Pico/pico-sdk/lib/tinyusb/src/tusb.c.obj
                0x10007078                tusb_init
 .text.tusb_inited
                0x100070b0        0xc CMakeFiles/1.8inch_TFT_Display.dir/E_/Pi_Pico/pico-sdk/lib/tinyusb/src/tusb.c.obj
                0x100070b0                tusb_inited
 .text.advance_pointer
                0x100070bc       0x1e CMakeFiles/1.8inch_TFT_Display.dir/E_/Pi_Pico/pico-sdk/lib/tinyusb/src/common/tusb_fifo.c.obj
 .text.backward_pointer
                0x100070da       0x1a CMakeFiles/1.8inch_TFT_Display.dir/E_/Pi_Pico/pico-sdk/lib/tinyusb/src/common/tusb_fifo.c.obj
 .text.get_relative_pointer
                0x100070f4       0x16 CMakeFiles/1.8inch_TFT_Display.dir/E_/Pi_Pico/pico-sdk/lib/tinyusb/src/common/tusb_fifo.c.obj
 .text.tu_fifo_lock
                0x1000710a       0x12 CMakeFiles/1.8inch_TFT_Display.dir/E_/Pi_Pico/pico-sdk/lib/tinyusb/src/common/tusb_fifo.c.obj
 .text.tu_fifo_unlock
                0x1000711c        0xe CMakeFiles/1.8inch_TFT_Display.dir/E_/Pi_Pico/pico-sdk/lib/tinyusb/src/common/tusb_fifo.c.obj
 .text._tu_fifo_peek_at
                0x1000712a       0x66 CMakeFiles/1.8inch_TFT_Display.dir/E_/Pi_Pico/pico-sdk/lib/tinyusb/src/common/tusb_fifo.c.obj
 .text._ff_pull_n
                0x10007190       0x4a CMakeFiles/1.8inch_TFT_Display.dir/E_/Pi_Pico/pico-sdk/lib/tinyusb/src/common/tusb_fifo.c.obj
 .text._tu_fifo_peek_at_n
                0x100071da       0x72 CMakeFiles/1.8inch_TFT_Display.dir/E_/Pi_Pico/pico-sdk/lib/tinyusb/src/common/tusb_fifo.c.obj
 .text._ff_push_n
                0x1000724c       0x4a CMakeFiles/1.8inch_TFT_Display.dir/E_/Pi_Pico/pico-sdk/lib/tinyusb/src/common/tusb_fifo.c.obj
 .text.tu_fifo_config
                0x10007296       0x48 CMakeFiles/1.8inch_TFT_Display.dir/E_/Pi_Pico/pico-sdk/lib/tinyusb/src/common/tusb_fifo.c.obj
                0x10007296                tu_fifo_config
 .text.tu_fifo_count
                0x100072de       0x1c CMakeFiles/1.8inch_TFT_Display.dir/E_/Pi_Pico/pico-sdk/lib/tinyusb/src/common/tusb_fifo.c.obj
                0x100072de                tu_fifo_count
 .text.tu_fifo_remaining
                0x100072fa       0x20 CMakeFiles/1.8inch_TFT_Display.dir/E_/Pi_Pico/pico-sdk/lib/tinyusb/src/common/tusb_fifo.c.obj
                0x100072fa                tu_fifo_remaining
 .text.tu_fifo_read
                0x1000731a       0x3a CMakeFiles/1.8inch_TFT_Display.dir/E_/Pi_Pico/pico-sdk/lib/tinyusb/src/common/tusb_fifo.c.obj
                0x1000731a                tu_fifo_read
 .text.tu_fifo_read_n
                0x10007354       0x3e CMakeFiles/1.8inch_TFT_Display.dir/E_/Pi_Pico/pico-sdk/lib/tinyusb/src/common/tusb_fifo.c.obj
                0x10007354                tu_fifo_read_n
 .text.tu_fifo_write
                0x10007392       0x5c CMakeFiles/1.8inch_TFT_Display.dir/E_/Pi_Pico/pico-sdk/lib/tinyusb/src/common/tusb_fifo.c.obj
                0x10007392                tu_fifo_write
 .text.tu_fifo_write_n
                0x100073ee       0x7c CMakeFiles/1.8inch_TFT_Display.dir/E_/Pi_Pico/pico-sdk/lib/tinyusb/src/common/tusb_fifo.c.obj
                0x100073ee                tu_fifo_write_n
 .text.tu_fifo_clear
                0x1000746a       0x18 CMakeFiles/1.8inch_TFT_Display.dir/E_/Pi_Pico/pico-sdk/lib/tinyusb/src/common/tusb_fifo.c.obj
                0x1000746a                tu_fifo_clear
 .text.spi_set_baudrate
                0x10007482       0x92 CMakeFiles/1.8inch_TFT_Display.dir/E_/Pi_Pico/pico-sdk/src/rp2_common/hardware_spi/spi.c.obj
                0x10007482                spi_set_baudrate
 .text.spi_init
                0x10007514       0x6c CMakeFiles/1.8inch_TFT_Display.dir/E_/Pi_Pico/pico-sdk/src/rp2_common/hardware_spi/spi.c.obj
                0x10007514                spi_init
 .text.calloc   0x10007580       0x18 c:/progra~2/gnuarm~1/102020~1/bin/../lib/gcc/arm-none-eabi/10.2.1/../../../../arm-none-eabi/lib/thumb/v6-m/nofp\libg.a(lib_a-calloc.o)
                0x10007580                calloc
 .text._calloc_r
                0x10007598       0x5c c:/progra~2/gnuarm~1/102020~1/bin/../lib/gcc/arm-none-eabi/10.2.1/../../../../arm-none-eabi/lib/thumb/v6-m/nofp\libg.a(lib_a-callocr.o)
                0x10007598                _calloc_r
 .text.malloc   0x100075f4       0x14 c:/progra~2/gnuarm~1/102020~1/bin/../lib/gcc/arm-none-eabi/10.2.1/../../../../arm-none-eabi/lib/thumb/v6-m/nofp\libg.a(lib_a-malloc.o)
                0x100075f4                malloc
 .text._malloc_r
                0x10007608      0x580 c:/progra~2/gnuarm~1/102020~1/bin/../lib/gcc/arm-none-eabi/10.2.1/../../../../arm-none-eabi/lib/thumb/v6-m/nofp\libg.a(lib_a-mallocr.o)
                0x10007608                _malloc_r
 .text.__malloc_lock
                0x10007b88       0x10 c:/progra~2/gnuarm~1/102020~1/bin/../lib/gcc/arm-none-eabi/10.2.1/../../../../arm-none-eabi/lib/thumb/v6-m/nofp\libg.a(lib_a-mlock.o)
                0x10007b88                __malloc_lock
 .text.__malloc_unlock
                0x10007b98       0x10 c:/progra~2/gnuarm~1/102020~1/bin/../lib/gcc/arm-none-eabi/10.2.1/../../../../arm-none-eabi/lib/thumb/v6-m/nofp\libg.a(lib_a-mlock.o)
                0x10007b98                __malloc_unlock
 .text._sbrk_r  0x10007ba8       0x24 c:/progra~2/gnuarm~1/102020~1/bin/../lib/gcc/arm-none-eabi/10.2.1/../../../../arm-none-eabi/lib/thumb/v6-m/nofp\libg.a(lib_a-sbrkr.o)
                0x10007ba8                _sbrk_r
 .text.strlen   0x10007bcc       0x5c c:/progra~2/gnuarm~1/102020~1/bin/../lib/gcc/arm-none-eabi/10.2.1/../../../../arm-none-eabi/lib/thumb/v6-m/nofp\libg.a(lib_a-strlen-stub.o)
                0x10007bcc                strlen
 .text._malloc_trim_r
                0x10007c28       0x9c c:/progra~2/gnuarm~1/102020~1/bin/../lib/gcc/arm-none-eabi/10.2.1/../../../../arm-none-eabi/lib/thumb/v6-m/nofp\libg.a(lib_a-freer.o)
                0x10007c28                _malloc_trim_r
 .text._free_r  0x10007cc4      0x1c4 c:/progra~2/gnuarm~1/102020~1/bin/../lib/gcc/arm-none-eabi/10.2.1/../../../../arm-none-eabi/lib/thumb/v6-m/nofp\libg.a(lib_a-freer.o)
                0x10007cc4                _free_r
 .text.__retarget_lock_acquire_recursive
                0x10007e88        0x4 c:/progra~2/gnuarm~1/102020~1/bin/../lib/gcc/arm-none-eabi/10.2.1/../../../../arm-none-eabi/lib/thumb/v6-m/nofp\libg.a(lib_a-lock.o)
                0x10007e88                __retarget_lock_acquire_recursive
 .text.__retarget_lock_release_recursive
                0x10007e8c        0x4 c:/progra~2/gnuarm~1/102020~1/bin/../lib/gcc/arm-none-eabi/10.2.1/../../../../arm-none-eabi/lib/thumb/v6-m/nofp\libg.a(lib_a-lock.o)
                0x10007e8c                __retarget_lock_release_recursive
 *(.fini)
 .fini          0x10007e90        0x4 c:/progra~2/gnuarm~1/102020~1/bin/../lib/gcc/arm-none-eabi/10.2.1/thumb/v6-m/nofp/crti.o
                0x10007e90                _fini
 *fill*         0x10007e94        0x4 
 .fini.__stub   0x10007e98       0x70 linker stubs
 *crtbegin.o(.ctors)
 *crtbegin?.o(.ctors)
 *(EXCLUDE_FILE(*crtend.o *crtend?.o) .ctors)
 *(SORT_BY_NAME(.ctors.*))
 *(.ctors)
 *crtbegin.o(.dtors)
 *crtbegin?.o(.dtors)
 *(EXCLUDE_FILE(*crtend.o *crtend?.o) .dtors)
 *(SORT_BY_NAME(.dtors.*))
 *(.dtors)
 *(.eh_frame*)
 .eh_frame      0x10007f08        0x0 c:/progra~2/gnuarm~1/102020~1/bin/../lib/gcc/arm-none-eabi/10.2.1/thumb/v6-m/nofp/crtbegin.o
                0x10007f08                . = ALIGN (0x4)

.glue_7         0x10007f08        0x0
 .glue_7        0x10007f08        0x0 linker stubs

.glue_7t        0x10007f08        0x0
 .glue_7t       0x10007f08        0x0 linker stubs

.vfp11_veneer   0x10007f08        0x0
 .vfp11_veneer  0x10007f08        0x0 linker stubs

.v4_bx          0x10007f08        0x0
 .v4_bx         0x10007f08        0x0 linker stubs

.iplt           0x10007f08        0x0
 .iplt          0x10007f08        0x0 c:/progra~2/gnuarm~1/102020~1/bin/../lib/gcc/arm-none-eabi/10.2.1/thumb/v6-m/nofp/crtbegin.o

.rodata         0x10007f08     0x8a50
 *(EXCLUDE_FILE(*libm.a: *libc.a:*lib_a-mem*.o *libgcc.a:) .rodata*)
 .rodata.DemoTFT.str1.4
                0x10007f08       0x9a CMakeFiles/1.8inch_TFT_Display.dir/src/main.c.obj
 *fill*         0x10007fa2        0x2 
 .rodata.test_img
                0x10007fa4     0x4e20 CMakeFiles/1.8inch_TFT_Display.dir/src/main.c.obj
                0x10007fa4                test_img
 .rodata.init_cmds1
                0x1000cdc4       0x3b CMakeFiles/1.8inch_TFT_Display.dir/src/st7735.c.obj
 *fill*         0x1000cdff        0x1 
 .rodata.init_cmds2
                0x1000ce00        0xd CMakeFiles/1.8inch_TFT_Display.dir/src/st7735.c.obj
 *fill*         0x1000ce0d        0x3 
 .rodata.init_cmds3
                0x1000ce10       0x2b CMakeFiles/1.8inch_TFT_Display.dir/src/st7735.c.obj
 *fill*         0x1000ce3b        0x1 
 .rodata.Font11x18
                0x1000ce3c      0xd5c CMakeFiles/1.8inch_TFT_Display.dir/src/fonts.c.obj
 .rodata.Font16x26
                0x1000db98     0x134c CMakeFiles/1.8inch_TFT_Display.dir/src/fonts.c.obj
 .rodata.Font7x10
                0x1000eee4      0x76c CMakeFiles/1.8inch_TFT_Display.dir/src/fonts.c.obj
 .rodata.spin_lock_claim_unused.str1.4
                0x1000f650       0x1b CMakeFiles/1.8inch_TFT_Display.dir/E_/Pi_Pico/pico-sdk/src/rp2_common/hardware_sync/sync.c.obj
 *fill*         0x1000f66b        0x1 
 .rodata.alarm_pool_dump_key.str1.4
                0x1000f66c       0x63 CMakeFiles/1.8inch_TFT_Display.dir/E_/Pi_Pico/pico-sdk/src/common/pico_time/time.c.obj
 *fill*         0x1000f6cf        0x1 
 .rodata.ph_add_child_node.str1.4
                0x1000f6d0       0x8e CMakeFiles/1.8inch_TFT_Display.dir/E_/Pi_Pico/pico-sdk/src/common/pico_time/time.c.obj
 *fill*         0x1000f75e        0x2 
 .rodata.add_alarm_under_lock.str1.4
                0x1000f760       0x27 CMakeFiles/1.8inch_TFT_Display.dir/E_/Pi_Pico/pico-sdk/src/common/pico_time/time.c.obj
 *fill*         0x1000f787        0x1 
 .rodata.alarm_pool_alarm_callback.str1.4
                0x1000f788       0x7d CMakeFiles/1.8inch_TFT_Display.dir/E_/Pi_Pico/pico-sdk/src/common/pico_time/time.c.obj
 *fill*         0x1000f805        0x3 
 .rodata.alarm_pool_get_default.str1.4
                0x1000f808       0x13 CMakeFiles/1.8inch_TFT_Display.dir/E_/Pi_Pico/pico-sdk/src/common/pico_time/time.c.obj
 *fill*         0x1000f81b        0x1 
 .rodata.alarm_pool_cancel_alarm.str1.4
                0x1000f81c       0x27 CMakeFiles/1.8inch_TFT_Display.dir/E_/Pi_Pico/pico-sdk/src/common/pico_time/time.c.obj
 *fill*         0x1000f843        0x1 
 .rodata.__func__.0
                0x1000f844       0x18 CMakeFiles/1.8inch_TFT_Display.dir/E_/Pi_Pico/pico-sdk/src/common/pico_time/time.c.obj
 .rodata.__func__.10
                0x1000f85c       0x17 CMakeFiles/1.8inch_TFT_Display.dir/E_/Pi_Pico/pico-sdk/src/common/pico_time/time.c.obj
 *fill*         0x1000f873        0x1 
 .rodata.__func__.2
                0x1000f874       0x12 CMakeFiles/1.8inch_TFT_Display.dir/E_/Pi_Pico/pico-sdk/src/common/pico_time/time.c.obj
 *fill*         0x1000f886        0x2 
 .rodata.__func__.3
                0x1000f888       0x14 CMakeFiles/1.8inch_TFT_Display.dir/E_/Pi_Pico/pico-sdk/src/common/pico_time/time.c.obj
 .rodata.__func__.4
                0x1000f89c       0x12 CMakeFiles/1.8inch_TFT_Display.dir/E_/Pi_Pico/pico-sdk/src/common/pico_time/time.c.obj
 *fill*         0x1000f8ae        0x2 
 .rodata.__func__.5
                0x1000f8b0        0xa CMakeFiles/1.8inch_TFT_Display.dir/E_/Pi_Pico/pico-sdk/src/common/pico_time/time.c.obj
 *fill*         0x1000f8ba        0x2 
 .rodata.__func__.6
                0x1000f8bc        0xc CMakeFiles/1.8inch_TFT_Display.dir/E_/Pi_Pico/pico-sdk/src/common/pico_time/time.c.obj
 .rodata.__func__.7
                0x1000f8c8       0x15 CMakeFiles/1.8inch_TFT_Display.dir/E_/Pi_Pico/pico-sdk/src/common/pico_time/time.c.obj
 *fill*         0x1000f8dd        0x3 
 .rodata.__func__.8
                0x1000f8e0       0x1a CMakeFiles/1.8inch_TFT_Display.dir/E_/Pi_Pico/pico-sdk/src/common/pico_time/time.c.obj
 *fill*         0x1000f8fa        0x2 
 .rodata.__func__.9
                0x1000f8fc        0xa CMakeFiles/1.8inch_TFT_Display.dir/E_/Pi_Pico/pico-sdk/src/common/pico_time/time.c.obj
 *fill*         0x1000f906        0x2 
 .rodata.hardware_alarm_claim.str1.4
                0x1000f908       0x22 CMakeFiles/1.8inch_TFT_Display.dir/E_/Pi_Pico/pico-sdk/src/rp2_common/hardware_timer/timer.c.obj
 *fill*         0x1000f92a        0x2 
 .rodata.hardware_alarm_set_target.str1.4
                0x1000f92c       0x5e CMakeFiles/1.8inch_TFT_Display.dir/E_/Pi_Pico/pico-sdk/src/rp2_common/hardware_timer/timer.c.obj
 *fill*         0x1000f98a        0x2 
 .rodata.__func__.0
                0x1000f98c       0x1a CMakeFiles/1.8inch_TFT_Display.dir/E_/Pi_Pico/pico-sdk/src/rp2_common/hardware_timer/timer.c.obj
 *fill*         0x1000f9a6        0x2 
 .rodata.lock_init.str1.4
                0x1000f9a8       0x61 CMakeFiles/1.8inch_TFT_Display.dir/E_/Pi_Pico/pico-sdk/src/common/pico_sync/lock_core.c.obj
 *fill*         0x1000fa09        0x3 
 .rodata.__func__.0
                0x1000fa0c        0xa CMakeFiles/1.8inch_TFT_Display.dir/E_/Pi_Pico/pico-sdk/src/common/pico_sync/lock_core.c.obj
 *fill*         0x1000fa16        0x2 
 .rodata.str1.4
                0x1000fa18       0x58 CMakeFiles/1.8inch_TFT_Display.dir/E_/Pi_Pico/pico-sdk/src/common/pico_sync/mutex.c.obj
 .rodata.__func__.0
                0x1000fa70        0xb CMakeFiles/1.8inch_TFT_Display.dir/E_/Pi_Pico/pico-sdk/src/common/pico_sync/mutex.c.obj
 *fill*         0x1000fa7b        0x1 
 .rodata.__func__.1
                0x1000fa7c       0x18 CMakeFiles/1.8inch_TFT_Display.dir/E_/Pi_Pico/pico-sdk/src/common/pico_sync/mutex.c.obj
 .rodata.__func__.2
                0x1000fa94       0x15 CMakeFiles/1.8inch_TFT_Display.dir/E_/Pi_Pico/pico-sdk/src/common/pico_sync/mutex.c.obj
 .rodata.ph_add_child_node.str1.4
                0x1000faa9       0x8e CMakeFiles/1.8inch_TFT_Display.dir/E_/Pi_Pico/pico-sdk/src/common/pico_util/pheap.c.obj
 *fill*         0x1000faa9        0x3 
 .rodata.ph_remove_any_head.str1.4
                0x1000faac       0x88 CMakeFiles/1.8inch_TFT_Display.dir/E_/Pi_Pico/pico-sdk/src/common/pico_util/pheap.c.obj
 .rodata.ph_delete.str1.4
                0x1000fb34       0x26 CMakeFiles/1.8inch_TFT_Display.dir/E_/Pi_Pico/pico-sdk/src/common/pico_util/pheap.c.obj
 *fill*         0x1000fb5a        0x2 
 .rodata.__func__.0
                0x1000fb5c        0xa CMakeFiles/1.8inch_TFT_Display.dir/E_/Pi_Pico/pico-sdk/src/common/pico_util/pheap.c.obj
 *fill*         0x1000fb66        0x2 
 .rodata.__func__.1
                0x1000fb68       0x13 CMakeFiles/1.8inch_TFT_Display.dir/E_/Pi_Pico/pico-sdk/src/common/pico_util/pheap.c.obj
 *fill*         0x1000fb7b        0x1 
 .rodata.__func__.2
                0x1000fb7c       0x12 CMakeFiles/1.8inch_TFT_Display.dir/E_/Pi_Pico/pico-sdk/src/common/pico_util/pheap.c.obj
 *fill*         0x1000fb8e        0x2 
 .rodata.__func__.3
                0x1000fb90        0xc CMakeFiles/1.8inch_TFT_Display.dir/E_/Pi_Pico/pico-sdk/src/common/pico_util/pheap.c.obj
 .rodata.__assert_func.str1.4
                0x1000fb9c       0x3f CMakeFiles/1.8inch_TFT_Display.dir/E_/Pi_Pico/pico-sdk/src/rp2_common/pico_runtime/runtime.c.obj
                                 0x43 (size before relaxing)
 *fill*         0x1000fbdb        0x1 
 .rodata.panic.str1.4
                0x1000fbdc       0x12 CMakeFiles/1.8inch_TFT_Display.dir/E_/Pi_Pico/pico-sdk/src/rp2_common/pico_runtime/runtime.c.obj
 *fill*         0x1000fbee        0x2 
 .rodata.clock_configure.str1.4
                0x1000fbf0       0x50 CMakeFiles/1.8inch_TFT_Display.dir/E_/Pi_Pico/pico-sdk/src/rp2_common/hardware_clocks/clocks.c.obj
 .rodata.__func__.1
                0x1000fc40       0x10 CMakeFiles/1.8inch_TFT_Display.dir/E_/Pi_Pico/pico-sdk/src/rp2_common/hardware_clocks/clocks.c.obj
 .rodata.pll_init.str1.4
                0x1000fc50       0xd3 CMakeFiles/1.8inch_TFT_Display.dir/E_/Pi_Pico/pico-sdk/src/rp2_common/hardware_pll/pll.c.obj
 *fill*         0x1000fd23        0x1 
 .rodata.__func__.0
                0x1000fd24        0x9 CMakeFiles/1.8inch_TFT_Display.dir/E_/Pi_Pico/pico-sdk/src/rp2_common/hardware_pll/pll.c.obj
 *fill*         0x1000fd2d        0x3 
 .rodata.make_branch.str1.4
                0x1000fd30       0x46 CMakeFiles/1.8inch_TFT_Display.dir/E_/Pi_Pico/pico-sdk/src/rp2_common/hardware_irq/irq.c.obj
 *fill*         0x1000fd76        0x2 
 .rodata.irq_set_exclusive_handler.str1.4
                0x1000fd78       0x36 CMakeFiles/1.8inch_TFT_Display.dir/E_/Pi_Pico/pico-sdk/src/rp2_common/hardware_irq/irq.c.obj
 *fill*         0x1000fdae        0x2 
 .rodata.irq_add_shared_handler.str1.4
                0x1000fdb0       0xd9 CMakeFiles/1.8inch_TFT_Display.dir/E_/Pi_Pico/pico-sdk/src/rp2_common/hardware_irq/irq.c.obj
 *fill*         0x1000fe89        0x3 
 .rodata.irq_remove_handler.str1.4
                0x1000fe8c       0x2a CMakeFiles/1.8inch_TFT_Display.dir/E_/Pi_Pico/pico-sdk/src/rp2_common/hardware_irq/irq.c.obj
 *fill*         0x1000feb6        0x2 
 .rodata.irq_add_tail_to_free_list.str1.4
                0x1000feb8       0x32 CMakeFiles/1.8inch_TFT_Display.dir/E_/Pi_Pico/pico-sdk/src/rp2_common/hardware_irq/irq.c.obj
                                 0x3a (size before relaxing)
 *fill*         0x1000feea        0x2 
 .rodata.__func__.0
                0x1000feec       0x1a CMakeFiles/1.8inch_TFT_Display.dir/E_/Pi_Pico/pico-sdk/src/rp2_common/hardware_irq/irq.c.obj
 *fill*         0x1000ff06        0x2 
 .rodata.__func__.1
                0x1000ff08       0x17 CMakeFiles/1.8inch_TFT_Display.dir/E_/Pi_Pico/pico-sdk/src/rp2_common/hardware_irq/irq.c.obj
 *fill*         0x1000ff1f        0x1 
 .rodata.__func__.2
                0x1000ff20       0x13 CMakeFiles/1.8inch_TFT_Display.dir/E_/Pi_Pico/pico-sdk/src/rp2_common/hardware_irq/irq.c.obj
 *fill*         0x1000ff33        0x1 
 .rodata.__func__.3
                0x1000ff34        0xc CMakeFiles/1.8inch_TFT_Display.dir/E_/Pi_Pico/pico-sdk/src/rp2_common/hardware_irq/irq.c.obj
 .rodata.__func__.4
                0x1000ff40        0xf CMakeFiles/1.8inch_TFT_Display.dir/E_/Pi_Pico/pico-sdk/src/rp2_common/hardware_irq/irq.c.obj
 *fill*         0x1000ff4f        0x1 
 .rodata.__func__.6
                0x1000ff50       0x1a CMakeFiles/1.8inch_TFT_Display.dir/E_/Pi_Pico/pico-sdk/src/rp2_common/hardware_irq/irq.c.obj
 *fill*         0x1000ff6a        0x2 
 .rodata._ftoa.str1.4
                0x1000ff6c       0x15 CMakeFiles/1.8inch_TFT_Display.dir/E_/Pi_Pico/pico-sdk/src/rp2_common/pico_printf/printf.c.obj
 *fill*         0x1000ff81        0x3 
 .rodata._vsnprintf
                0x1000ff84      0x1e0 CMakeFiles/1.8inch_TFT_Display.dir/E_/Pi_Pico/pico-sdk/src/rp2_common/pico_printf/printf.c.obj
 *fill*         0x10010164        0x4 
 .rodata.pow10.0
                0x10010168       0x50 CMakeFiles/1.8inch_TFT_Display.dir/E_/Pi_Pico/pico-sdk/src/rp2_common/pico_printf/printf.c.obj
 .rodata.__aeabi_double_init.str1.4
                0x100101b8       0xa1 CMakeFiles/1.8inch_TFT_Display.dir/E_/Pi_Pico/pico-sdk/src/rp2_common/pico_double/double_init_rom.c.obj
 *fill*         0x10010259        0x3 
 .rodata.__func__.0
                0x1001025c       0x14 CMakeFiles/1.8inch_TFT_Display.dir/E_/Pi_Pico/pico-sdk/src/rp2_common/pico_double/double_init_rom.c.obj
 .rodata.__aeabi_float_init.str1.4
                0x10010270       0x73 CMakeFiles/1.8inch_TFT_Display.dir/E_/Pi_Pico/pico-sdk/src/rp2_common/pico_float/float_init_rom.c.obj
                                 0x77 (size before relaxing)
 *fill*         0x100102e3        0x1 
 .rodata.__func__.0
                0x100102e4       0x13 CMakeFiles/1.8inch_TFT_Display.dir/E_/Pi_Pico/pico-sdk/src/rp2_common/pico_float/float_init_rom.c.obj
 *fill*         0x100102f7        0x1 
 .rodata.str1.4
                0x100102f8       0x38 CMakeFiles/1.8inch_TFT_Display.dir/E_/Pi_Pico/pico-sdk/src/rp2_common/pico_standard_link/binary_info.c.obj
 .rodata.__bi_40
                0x10010330        0xc CMakeFiles/1.8inch_TFT_Display.dir/E_/Pi_Pico/pico-sdk/src/rp2_common/pico_standard_link/binary_info.c.obj
 .rodata.__bi_71
                0x1001033c        0xc CMakeFiles/1.8inch_TFT_Display.dir/E_/Pi_Pico/pico-sdk/src/rp2_common/pico_standard_link/binary_info.c.obj
 .rodata.crlf_str.1
                0x10010348        0x2 CMakeFiles/1.8inch_TFT_Display.dir/E_/Pi_Pico/pico-sdk/src/rp2_common/pico_stdio/stdio.c.obj
 *fill*         0x1001034a        0x2 
 .rodata.str1.4
                0x1001034c       0x13 CMakeFiles/1.8inch_TFT_Display.dir/E_/Pi_Pico/pico-sdk/src/rp2_common/pico_stdio_usb/stdio_usb.c.obj
 *fill*         0x1001035f        0x1 
 .rodata.__bi_93.0
                0x10010360        0xc CMakeFiles/1.8inch_TFT_Display.dir/E_/Pi_Pico/pico-sdk/src/rp2_common/pico_stdio_usb/stdio_usb.c.obj
 .rodata.str1.4
                0x1001036c       0x32 CMakeFiles/1.8inch_TFT_Display.dir/E_/Pi_Pico/pico-sdk/src/rp2_common/pico_stdio_usb/stdio_usb_descriptors.c.obj
 *fill*         0x1001039e        0x2 
 .rodata.usbd_desc_cfg
                0x100103a0       0x4b CMakeFiles/1.8inch_TFT_Display.dir/E_/Pi_Pico/pico-sdk/src/rp2_common/pico_stdio_usb/stdio_usb_descriptors.c.obj
 *fill*         0x100103eb        0x1 
 .rodata.usbd_desc_device
                0x100103ec       0x12 CMakeFiles/1.8inch_TFT_Display.dir/E_/Pi_Pico/pico-sdk/src/rp2_common/pico_stdio_usb/stdio_usb_descriptors.c.obj
 *fill*         0x100103fe        0x2 
 .rodata.usbd_desc_str
                0x10010400       0x14 CMakeFiles/1.8inch_TFT_Display.dir/E_/Pi_Pico/pico-sdk/src/rp2_common/pico_stdio_usb/stdio_usb_descriptors.c.obj
 .rodata._hw_endpoint_alloc.str1.4
                0x10010414       0xb1 CMakeFiles/1.8inch_TFT_Display.dir/E_/Pi_Pico/pico-sdk/lib/tinyusb/src/portable/raspberrypi/rp2040/dcd_rp2040.c.obj
 *fill*         0x100104c5        0x3 
 .rodata._hw_endpoint_init.str1.4
                0x100104c8       0x28 CMakeFiles/1.8inch_TFT_Display.dir/E_/Pi_Pico/pico-sdk/lib/tinyusb/src/portable/raspberrypi/rp2040/dcd_rp2040.c.obj
 .rodata.hw_handle_buff_status.str1.4
                0x100104f0        0xb CMakeFiles/1.8inch_TFT_Display.dir/E_/Pi_Pico/pico-sdk/lib/tinyusb/src/portable/raspberrypi/rp2040/dcd_rp2040.c.obj
 *fill*         0x100104fb        0x1 
 .rodata.dcd_rp2040_irq.str1.4
                0x100104fc       0x14 CMakeFiles/1.8inch_TFT_Display.dir/E_/Pi_Pico/pico-sdk/lib/tinyusb/src/portable/raspberrypi/rp2040/dcd_rp2040.c.obj
 .rodata._hw_endpoint_stall.str1.4
                0x10010510        0xd CMakeFiles/1.8inch_TFT_Display.dir/E_/Pi_Pico/pico-sdk/lib/tinyusb/src/portable/raspberrypi/rp2040/dcd_rp2040.c.obj
 *fill*         0x1001051d        0x3 
 .rodata.dcd_int_enable.str1.4
                0x10010520        0xc CMakeFiles/1.8inch_TFT_Display.dir/E_/Pi_Pico/pico-sdk/lib/tinyusb/src/portable/raspberrypi/rp2040/dcd_rp2040.c.obj
 .rodata.__func__.0
                0x1001052c       0x15 CMakeFiles/1.8inch_TFT_Display.dir/E_/Pi_Pico/pico-sdk/lib/tinyusb/src/portable/raspberrypi/rp2040/dcd_rp2040.c.obj
 *fill*         0x10010541        0x3 
 .rodata.__func__.1
                0x10010544       0x13 CMakeFiles/1.8inch_TFT_Display.dir/E_/Pi_Pico/pico-sdk/lib/tinyusb/src/portable/raspberrypi/rp2040/dcd_rp2040.c.obj
 *fill*         0x10010557        0x1 
 .rodata.__func__.10
                0x10010558        0xf CMakeFiles/1.8inch_TFT_Display.dir/E_/Pi_Pico/pico-sdk/lib/tinyusb/src/portable/raspberrypi/rp2040/dcd_rp2040.c.obj
 *fill*         0x10010567        0x1 
 .rodata.__func__.11
                0x10010568       0x13 CMakeFiles/1.8inch_TFT_Display.dir/E_/Pi_Pico/pico-sdk/lib/tinyusb/src/portable/raspberrypi/rp2040/dcd_rp2040.c.obj
 *fill*         0x1001057b        0x1 
 .rodata.__func__.12
                0x1001057c       0x16 CMakeFiles/1.8inch_TFT_Display.dir/E_/Pi_Pico/pico-sdk/lib/tinyusb/src/portable/raspberrypi/rp2040/dcd_rp2040.c.obj
 *fill*         0x10010592        0x2 
 .rodata.__func__.13
                0x10010594        0x9 CMakeFiles/1.8inch_TFT_Display.dir/E_/Pi_Pico/pico-sdk/lib/tinyusb/src/portable/raspberrypi/rp2040/dcd_rp2040.c.obj
 *fill*         0x1001059d        0x3 
 .rodata.__func__.2
                0x100105a0        0xf CMakeFiles/1.8inch_TFT_Display.dir/E_/Pi_Pico/pico-sdk/lib/tinyusb/src/portable/raspberrypi/rp2040/dcd_rp2040.c.obj
 *fill*         0x100105af        0x1 
 .rodata.__func__.3
                0x100105b0        0xe CMakeFiles/1.8inch_TFT_Display.dir/E_/Pi_Pico/pico-sdk/lib/tinyusb/src/portable/raspberrypi/rp2040/dcd_rp2040.c.obj
 *fill*         0x100105be        0x2 
 .rodata.__func__.4
                0x100105c0        0xe CMakeFiles/1.8inch_TFT_Display.dir/E_/Pi_Pico/pico-sdk/lib/tinyusb/src/portable/raspberrypi/rp2040/dcd_rp2040.c.obj
 *fill*         0x100105ce        0x2 
 .rodata.__func__.5
                0x100105d0       0x1a CMakeFiles/1.8inch_TFT_Display.dir/E_/Pi_Pico/pico-sdk/lib/tinyusb/src/portable/raspberrypi/rp2040/dcd_rp2040.c.obj
 *fill*         0x100105ea        0x2 
 .rodata.__func__.6
                0x100105ec        0xc CMakeFiles/1.8inch_TFT_Display.dir/E_/Pi_Pico/pico-sdk/lib/tinyusb/src/portable/raspberrypi/rp2040/dcd_rp2040.c.obj
 .rodata.__func__.8
                0x100105f8       0x10 CMakeFiles/1.8inch_TFT_Display.dir/E_/Pi_Pico/pico-sdk/lib/tinyusb/src/portable/raspberrypi/rp2040/dcd_rp2040.c.obj
 .rodata._hw_endpoint_buffer_control_update32.str1.4
                0x10010608       0x1f CMakeFiles/1.8inch_TFT_Display.dir/E_/Pi_Pico/pico-sdk/lib/tinyusb/src/portable/raspberrypi/rp2040/rp2040_usb.c.obj
 *fill*         0x10010627        0x1 
 .rodata._hw_endpoint_xfer_sync.str1.4
                0x10010628       0x8d CMakeFiles/1.8inch_TFT_Display.dir/E_/Pi_Pico/pico-sdk/lib/tinyusb/src/portable/raspberrypi/rp2040/rp2040_usb.c.obj
 *fill*         0x100106b5        0x3 
 .rodata._hw_endpoint_xfer_continue.str1.4
                0x100106b8       0x50 CMakeFiles/1.8inch_TFT_Display.dir/E_/Pi_Pico/pico-sdk/lib/tinyusb/src/portable/raspberrypi/rp2040/rp2040_usb.c.obj
 .rodata._hw_endpoint_xfer.str1.4
                0x10010708        0xf CMakeFiles/1.8inch_TFT_Display.dir/E_/Pi_Pico/pico-sdk/lib/tinyusb/src/portable/raspberrypi/rp2040/rp2040_usb.c.obj
 *fill*         0x10010717        0x1 
 .rodata.str1.4
                0x10010718        0x7 CMakeFiles/1.8inch_TFT_Display.dir/E_/Pi_Pico/pico-sdk/lib/tinyusb/src/portable/raspberrypi/rp2040/rp2040_usb.c.obj
 *fill*         0x1001071f        0x1 
 .rodata.__func__.0
                0x10010720       0x12 CMakeFiles/1.8inch_TFT_Display.dir/E_/Pi_Pico/pico-sdk/lib/tinyusb/src/portable/raspberrypi/rp2040/rp2040_usb.c.obj
 *fill*         0x10010732        0x2 
 .rodata.__func__.1
                0x10010734       0x17 CMakeFiles/1.8inch_TFT_Display.dir/E_/Pi_Pico/pico-sdk/lib/tinyusb/src/portable/raspberrypi/rp2040/rp2040_usb.c.obj
 *fill*         0x1001074b        0x1 
 .rodata.process_set_config.str1.4
                0x1001074c       0x17 CMakeFiles/1.8inch_TFT_Display.dir/E_/Pi_Pico/pico-sdk/lib/tinyusb/src/device/usbd.c.obj
 *fill*         0x10010763        0x1 
 .rodata.process_get_descriptor
                0x10010764       0x40 CMakeFiles/1.8inch_TFT_Display.dir/E_/Pi_Pico/pico-sdk/lib/tinyusb/src/device/usbd.c.obj
 .rodata.dcd_event_handler.str1.4
                0x100107a4       0x45 CMakeFiles/1.8inch_TFT_Display.dir/E_/Pi_Pico/pico-sdk/lib/tinyusb/src/device/usbd.c.obj
 *fill*         0x100107e9        0x3 
 .rodata.process_control_request
                0x100107ec       0x28 CMakeFiles/1.8inch_TFT_Display.dir/E_/Pi_Pico/pico-sdk/lib/tinyusb/src/device/usbd.c.obj
 .rodata.tud_task
                0x10010814       0x24 CMakeFiles/1.8inch_TFT_Display.dir/E_/Pi_Pico/pico-sdk/lib/tinyusb/src/device/usbd.c.obj
 .rodata.__func__.1
                0x10010838        0xf CMakeFiles/1.8inch_TFT_Display.dir/E_/Pi_Pico/pico-sdk/lib/tinyusb/src/device/usbd.c.obj
 *fill*         0x10010847        0x1 
 .rodata.__func__.2
                0x10010848       0x14 CMakeFiles/1.8inch_TFT_Display.dir/E_/Pi_Pico/pico-sdk/lib/tinyusb/src/device/usbd.c.obj
 .rodata.__func__.3
                0x1001085c       0x10 CMakeFiles/1.8inch_TFT_Display.dir/E_/Pi_Pico/pico-sdk/lib/tinyusb/src/device/usbd.c.obj
 .rodata.__func__.4
                0x1001086c       0x17 CMakeFiles/1.8inch_TFT_Display.dir/E_/Pi_Pico/pico-sdk/lib/tinyusb/src/device/usbd.c.obj
 *fill*         0x10010883        0x1 
 .rodata.__func__.5
                0x10010884       0x13 CMakeFiles/1.8inch_TFT_Display.dir/E_/Pi_Pico/pico-sdk/lib/tinyusb/src/device/usbd.c.obj
 *fill*         0x10010897        0x1 
 .rodata.__func__.6
                0x10010898       0x18 CMakeFiles/1.8inch_TFT_Display.dir/E_/Pi_Pico/pico-sdk/lib/tinyusb/src/device/usbd.c.obj
 .rodata.__func__.7
                0x100108b0       0x13 CMakeFiles/1.8inch_TFT_Display.dir/E_/Pi_Pico/pico-sdk/lib/tinyusb/src/device/usbd.c.obj
 *fill*         0x100108c3        0x1 
 .rodata.__func__.8
                0x100108c4        0x9 CMakeFiles/1.8inch_TFT_Display.dir/E_/Pi_Pico/pico-sdk/lib/tinyusb/src/device/usbd.c.obj
 *fill*         0x100108cd        0x3 
 .rodata._usbd_driver
                0x100108d0       0x1c CMakeFiles/1.8inch_TFT_Display.dir/E_/Pi_Pico/pico-sdk/lib/tinyusb/src/device/usbd.c.obj
 .rodata.tud_control_xfer.str1.4
                0x100108ec       0x17 CMakeFiles/1.8inch_TFT_Display.dir/E_/Pi_Pico/pico-sdk/lib/tinyusb/src/device/usbd_control.c.obj
 .rodata.__func__.0
                0x100108ec       0x15 CMakeFiles/1.8inch_TFT_Display.dir/E_/Pi_Pico/pico-sdk/lib/tinyusb/src/device/usbd_control.c.obj
 *fill*         0x10010901        0x3 
 .rodata.__func__.1
                0x10010904       0x11 CMakeFiles/1.8inch_TFT_Display.dir/E_/Pi_Pico/pico-sdk/lib/tinyusb/src/device/usbd_control.c.obj
 .rodata.tud_cdc_n_write_flush.str1.4
                0x10010915       0x17 CMakeFiles/1.8inch_TFT_Display.dir/E_/Pi_Pico/pico-sdk/lib/tinyusb/src/class/cdc/cdc_device.c.obj
 *fill*         0x10010915        0x3 
 .rodata.__func__.0
                0x10010918        0xd CMakeFiles/1.8inch_TFT_Display.dir/E_/Pi_Pico/pico-sdk/lib/tinyusb/src/class/cdc/cdc_device.c.obj
 *fill*         0x10010925        0x3 
 .rodata.__func__.1
                0x10010928        0xa CMakeFiles/1.8inch_TFT_Display.dir/E_/Pi_Pico/pico-sdk/lib/tinyusb/src/class/cdc/cdc_device.c.obj
 *fill*         0x10010932        0x2 
 .rodata.__func__.2
                0x10010934       0x16 CMakeFiles/1.8inch_TFT_Display.dir/E_/Pi_Pico/pico-sdk/lib/tinyusb/src/class/cdc/cdc_device.c.obj
 .rodata.tusb_init.str1.4
                0x1001094a       0x17 CMakeFiles/1.8inch_TFT_Display.dir/E_/Pi_Pico/pico-sdk/lib/tinyusb/src/tusb.c.obj
 *fill*         0x1001094a        0x2 
 .rodata.__func__.0
                0x1001094c        0xa CMakeFiles/1.8inch_TFT_Display.dir/E_/Pi_Pico/pico-sdk/lib/tinyusb/src/tusb.c.obj
                0x10010958                . = ALIGN (0x4)
 *fill*         0x10010956        0x2 
 *(SORT_BY_ALIGNMENT(SORT_BY_NAME(.flashdata*)))
                0x10010958                . = ALIGN (0x4)

.rel.dyn        0x10010958        0x0
 .rel.iplt      0x10010958        0x0 c:/progra~2/gnuarm~1/102020~1/bin/../lib/gcc/arm-none-eabi/10.2.1/thumb/v6-m/nofp/crtbegin.o

.ARM.extab
 *(.ARM.extab* .gnu.linkonce.armextab.*)
                0x10010958                __exidx_start = .

.ARM.exidx
 *(.ARM.exidx* .gnu.linkonce.armexidx.*)
                0x10010958                __exidx_end = .
                0x10010958                . = ALIGN (0x4)
                0x10010958                __binary_info_start = .

.binary_info    0x10010958       0x1c
 *(.binary_info.keep.*)
 .binary_info.keep.__bi_ptr18
                0x10010958        0x4 CMakeFiles/1.8inch_TFT_Display.dir/E_/Pi_Pico/pico-sdk/src/rp2_common/pico_standard_link/binary_info.c.obj
 .binary_info.keep.__bi_ptr26
                0x1001095c        0x4 CMakeFiles/1.8inch_TFT_Display.dir/E_/Pi_Pico/pico-sdk/src/rp2_common/pico_standard_link/binary_info.c.obj
 .binary_info.keep.__bi_ptr34
                0x10010960        0x4 CMakeFiles/1.8inch_TFT_Display.dir/E_/Pi_Pico/pico-sdk/src/rp2_common/pico_standard_link/binary_info.c.obj
 .binary_info.keep.__bi_ptr40
                0x10010964        0x4 CMakeFiles/1.8inch_TFT_Display.dir/E_/Pi_Pico/pico-sdk/src/rp2_common/pico_standard_link/binary_info.c.obj
 .binary_info.keep.__bi_ptr46
                0x10010968        0x4 CMakeFiles/1.8inch_TFT_Display.dir/E_/Pi_Pico/pico-sdk/src/rp2_common/pico_standard_link/binary_info.c.obj
 .binary_info.keep.__bi_ptr71
                0x1001096c        0x4 CMakeFiles/1.8inch_TFT_Display.dir/E_/Pi_Pico/pico-sdk/src/rp2_common/pico_standard_link/binary_info.c.obj
 *(.binary_info.*)
 .binary_info.__bi_ptr93
                0x10010970        0x4 CMakeFiles/1.8inch_TFT_Display.dir/E_/Pi_Pico/pico-sdk/src/rp2_common/pico_stdio_usb/stdio_usb.c.obj
                0x10010974                __binary_info_end = .
                0x10010974                . = ALIGN (0x4)
                0x10010974                __etext = .

.ram_vector_table
                0x20000000       0xc0
 *(.ram_vector_table)
 .ram_vector_table
                0x20000000       0xc0 CMakeFiles/1.8inch_TFT_Display.dir/E_/Pi_Pico/pico-sdk/src/rp2_common/pico_runtime/runtime.c.obj
                0x20000000                ram_vector_table

.data           0x200000c0      0xb54 load address 0x10010974
                0x200000c0                __data_start__ = .
 *(vtable)
 *(.time_critical*)
 .time_critical.mutex_enter_blocking
                0x200000c0       0x64 CMakeFiles/1.8inch_TFT_Display.dir/E_/Pi_Pico/pico-sdk/src/common/pico_sync/mutex.c.obj
                0x200000c0                mutex_enter_blocking
 .time_critical.mutex_try_enter
                0x20000124       0x44 CMakeFiles/1.8inch_TFT_Display.dir/E_/Pi_Pico/pico-sdk/src/common/pico_sync/mutex.c.obj
                0x20000124                mutex_try_enter
 .time_critical.mutex_enter_block_until
                0x20000168       0x78 CMakeFiles/1.8inch_TFT_Display.dir/E_/Pi_Pico/pico-sdk/src/common/pico_sync/mutex.c.obj
                0x20000168                mutex_enter_block_until
 .time_critical.mutex_enter_timeout_ms
                0x200001e0       0x4a CMakeFiles/1.8inch_TFT_Display.dir/E_/Pi_Pico/pico-sdk/src/common/pico_sync/mutex.c.obj
                0x200001e0                mutex_enter_timeout_ms
 *fill*         0x2000022a        0x2 
 .time_critical.mutex_exit
                0x2000022c       0x4c CMakeFiles/1.8inch_TFT_Display.dir/E_/Pi_Pico/pico-sdk/src/common/pico_sync/mutex.c.obj
                0x2000022c                mutex_exit
 .time_critical.spi_write_blocking
                0x20000278       0x3a CMakeFiles/1.8inch_TFT_Display.dir/E_/Pi_Pico/pico-sdk/src/rp2_common/hardware_spi/spi.c.obj
                0x20000278                spi_write_blocking
 *(.text*)
 *fill*         0x200002b2        0x2 
 .text          0x200002b4        0x4 c:/progra~2/gnuarm~1/102020~1/bin/../lib/gcc/arm-none-eabi/10.2.1/thumb/v6-m/nofp\libgcc.a(_dvmd_tls.o)
                0x200002b4                __aeabi_idiv0
                0x200002b4                __aeabi_ldiv0
 .text.__stub   0x200002b8       0x40 linker stubs
                0x200002f8                . = ALIGN (0x4)
 *(.rodata*)
                0x200002f8                . = ALIGN (0x4)
 *(.data*)
 .data._height  0x200002f8        0x2 CMakeFiles/1.8inch_TFT_Display.dir/src/st7735.c.obj
 .data._width   0x200002fa        0x2 CMakeFiles/1.8inch_TFT_Display.dir/src/st7735.c.obj
 .data.Font_11x18
                0x200002fc        0x8 CMakeFiles/1.8inch_TFT_Display.dir/src/fonts.c.obj
                0x200002fc                Font_11x18
 .data.Font_16x26
                0x20000304        0x8 CMakeFiles/1.8inch_TFT_Display.dir/src/fonts.c.obj
                0x20000304                Font_16x26
 .data.Font_7x10
                0x2000030c        0x8 CMakeFiles/1.8inch_TFT_Display.dir/src/fonts.c.obj
                0x2000030c                Font_7x10
 .data.striped_spin_lock_num
                0x20000314        0x1 CMakeFiles/1.8inch_TFT_Display.dir/E_/Pi_Pico/pico-sdk/src/rp2_common/hardware_sync/sync.c.obj
 *fill*         0x20000315        0x3 
 .data          0x20000318       0x48 CMakeFiles/1.8inch_TFT_Display.dir/E_/Pi_Pico/pico-sdk/src/rp2_common/hardware_irq/irq_handler_chain.S.obj
                0x20000318                irq_handler_chain_slots
                0x20000348                irq_handler_chain_first_slot
                0x20000352                irq_handler_chain_remove_tail
 .data.aeabi_bits_funcs
                0x20000360       0x10 CMakeFiles/1.8inch_TFT_Display.dir/E_/Pi_Pico/pico-sdk/src/rp2_common/pico_bit_ops/bit_ops_aeabi.S.obj
                0x20000360                aeabi_bits_funcs
                0x20000370                aeabi_bits_funcs_end
 .data.aeabi_mem_funcs
                0x20000370       0x10 CMakeFiles/1.8inch_TFT_Display.dir/E_/Pi_Pico/pico-sdk/src/rp2_common/pico_mem_ops/mem_ops_aeabi.S.obj
                0x20000370                aeabi_mem_funcs
                0x20000380                aeabi_mem_funcs_end
 .data.stdio_usb
                0x20000380       0x14 CMakeFiles/1.8inch_TFT_Display.dir/E_/Pi_Pico/pico-sdk/src/rp2_common/pico_stdio_usb/stdio_usb.c.obj
                0x20000380                stdio_usb
 .data.ep_dir_string
                0x20000394        0x8 CMakeFiles/1.8inch_TFT_Display.dir/E_/Pi_Pico/pico-sdk/lib/tinyusb/src/portable/raspberrypi/rp2040/rp2040_usb.c.obj
                0x20000394                ep_dir_string
 .data._usbd_qdef
                0x2000039c       0x20 CMakeFiles/1.8inch_TFT_Display.dir/E_/Pi_Pico/pico-sdk/lib/tinyusb/src/device/usbd.c.obj
                0x2000039c                _usbd_qdef
 .data._impure_ptr
                0x200003bc        0x4 c:/progra~2/gnuarm~1/102020~1/bin/../lib/gcc/arm-none-eabi/10.2.1/../../../../arm-none-eabi/lib/thumb/v6-m/nofp\libg.a(lib_a-impure.o)
                0x200003bc                _impure_ptr
 .data.impure_data
                0x200003c0      0x428 c:/progra~2/gnuarm~1/102020~1/bin/../lib/gcc/arm-none-eabi/10.2.1/../../../../arm-none-eabi/lib/thumb/v6-m/nofp\libg.a(lib_a-impure.o)
 .data.__malloc_av_
                0x200007e8      0x408 c:/progra~2/gnuarm~1/102020~1/bin/../lib/gcc/arm-none-eabi/10.2.1/../../../../arm-none-eabi/lib/thumb/v6-m/nofp\libg.a(lib_a-mallocr.o)
                0x200007e8                __malloc_av_
 .data.__malloc_sbrk_base
                0x20000bf0        0x4 c:/progra~2/gnuarm~1/102020~1/bin/../lib/gcc/arm-none-eabi/10.2.1/../../../../arm-none-eabi/lib/thumb/v6-m/nofp\libg.a(lib_a-mallocr.o)
                0x20000bf0                __malloc_sbrk_base
 .data.__malloc_trim_threshold
                0x20000bf4        0x4 c:/progra~2/gnuarm~1/102020~1/bin/../lib/gcc/arm-none-eabi/10.2.1/../../../../arm-none-eabi/lib/thumb/v6-m/nofp\libg.a(lib_a-mallocr.o)
                0x20000bf4                __malloc_trim_threshold
                0x20000bf8                . = ALIGN (0x4)
 *(.after_data.*)
                0x20000bf8                . = ALIGN (0x4)
                0x20000bf8                PROVIDE (__mutex_array_start = .)
 *(SORT_BY_NAME(.mutex_array.*))
 *(.mutex_array)
 .mutex_array   0x20000bf8        0x8 CMakeFiles/1.8inch_TFT_Display.dir/E_/Pi_Pico/pico-sdk/src/rp2_common/pico_stdio/stdio.c.obj
                0x20000c00                PROVIDE (__mutex_array_end = .)
                0x20000c00                . = ALIGN (0x4)
                0x20000c00                PROVIDE (__preinit_array_start = .)
 *(SORT_BY_NAME(.preinit_array.*))
 .preinit_array.00001
                0x20000c00        0x4 CMakeFiles/1.8inch_TFT_Display.dir/E_/Pi_Pico/pico-sdk/src/rp2_common/pico_mem_ops/mem_ops_aeabi.S.obj
 .preinit_array.00010
                0x20000c04        0x4 CMakeFiles/1.8inch_TFT_Display.dir/E_/Pi_Pico/pico-sdk/src/rp2_common/pico_bit_ops/bit_ops_aeabi.S.obj
 .preinit_array.00020