Archive member included to satisfy reference by file (symbol)

c:/progra~2/gnuarm~1/102020~1/bin/../lib/gcc/arm-none-eabi/10.2.1/thumb/v6-m/nofp\libgcc.a(_dvmd_tls.o)
                              CMakeFiles/7_SegmentDisplay.dir/E_/Pi_Pico/pico-sdk/src/rp2_common/pico_divider/divider.S.obj (__aeabi_idiv0)
c:/progra~2/gnuarm~1/102020~1/bin/../lib/gcc/arm-none-eabi/10.2.1/../../../../arm-none-eabi/lib/thumb/v6-m/nofp\libg.a(lib_a-calloc.o)
                              CMakeFiles/7_SegmentDisplay.dir/E_/Pi_Pico/pico-sdk/src/rp2_common/pico_malloc/pico_malloc.c.obj (calloc)
c:/progra~2/gnuarm~1/102020~1/bin/../lib/gcc/arm-none-eabi/10.2.1/../../../../arm-none-eabi/lib/thumb/v6-m/nofp\libg.a(lib_a-callocr.o)
                              c:/progra~2/gnuarm~1/102020~1/bin/../lib/gcc/arm-none-eabi/10.2.1/../../../../arm-none-eabi/lib/thumb/v6-m/nofp\libg.a(lib_a-calloc.o) (_calloc_r)
c:/progra~2/gnuarm~1/102020~1/bin/../lib/gcc/arm-none-eabi/10.2.1/../../../../arm-none-eabi/lib/thumb/v6-m/nofp\libg.a(lib_a-impure.o)
                              c:/progra~2/gnuarm~1/102020~1/bin/../lib/gcc/arm-none-eabi/10.2.1/../../../../arm-none-eabi/lib/thumb/v6-m/nofp\libg.a(lib_a-calloc.o) (_impure_ptr)
c:/progra~2/gnuarm~1/102020~1/bin/../lib/gcc/arm-none-eabi/10.2.1/../../../../arm-none-eabi/lib/thumb/v6-m/nofp\libg.a(lib_a-init.o)
                              c:/progra~2/gnuarm~1/102020~1/bin/../lib/gcc/arm-none-eabi/10.2.1/../../../../arm-none-eabi/lib/thumb/v6-m/nofp/crt0.o (__libc_init_array)
c:/progra~2/gnuarm~1/102020~1/bin/../lib/gcc/arm-none-eabi/10.2.1/../../../../arm-none-eabi/lib/thumb/v6-m/nofp\libg.a(lib_a-malloc.o)
                              CMakeFiles/7_SegmentDisplay.dir/E_/Pi_Pico/pico-sdk/src/rp2_common/pico_malloc/pico_malloc.c.obj (malloc)
c:/progra~2/gnuarm~1/102020~1/bin/../lib/gcc/arm-none-eabi/10.2.1/../../../../arm-none-eabi/lib/thumb/v6-m/nofp\libg.a(lib_a-mallocr.o)
                              c:/progra~2/gnuarm~1/102020~1/bin/../lib/gcc/arm-none-eabi/10.2.1/../../../../arm-none-eabi/lib/thumb/v6-m/nofp\libg.a(lib_a-callocr.o) (_malloc_r)
c:/progra~2/gnuarm~1/102020~1/bin/../lib/gcc/arm-none-eabi/10.2.1/../../../../arm-none-eabi/lib/thumb/v6-m/nofp\libg.a(lib_a-mlock.o)
                              c:/progra~2/gnuarm~1/102020~1/bin/../lib/gcc/arm-none-eabi/10.2.1/../../../../arm-none-eabi/lib/thumb/v6-m/nofp\libg.a(lib_a-mallocr.o) (__malloc_lock)
c:/progra~2/gnuarm~1/102020~1/bin/../lib/gcc/arm-none-eabi/10.2.1/../../../../arm-none-eabi/lib/thumb/v6-m/nofp\libg.a(lib_a-sbrkr.o)
                              c:/progra~2/gnuarm~1/102020~1/bin/../lib/gcc/arm-none-eabi/10.2.1/../../../../arm-none-eabi/lib/thumb/v6-m/nofp\libg.a(lib_a-mallocr.o) (_sbrk_r)
c:/progra~2/gnuarm~1/102020~1/bin/../lib/gcc/arm-none-eabi/10.2.1/../../../../arm-none-eabi/lib/thumb/v6-m/nofp\libg.a(lib_a-strlen-stub.o)
                              CMakeFiles/7_SegmentDisplay.dir/E_/Pi_Pico/pico-sdk/src/rp2_common/pico_stdio/stdio.c.obj (strlen)
c:/progra~2/gnuarm~1/102020~1/bin/../lib/gcc/arm-none-eabi/10.2.1/../../../../arm-none-eabi/lib/thumb/v6-m/nofp\libg.a(lib_a-freer.o)
                              c:/progra~2/gnuarm~1/102020~1/bin/../lib/gcc/arm-none-eabi/10.2.1/../../../../arm-none-eabi/lib/thumb/v6-m/nofp\libg.a(lib_a-malloc.o) (_free_r)
c:/progra~2/gnuarm~1/102020~1/bin/../lib/gcc/arm-none-eabi/10.2.1/../../../../arm-none-eabi/lib/thumb/v6-m/nofp\libg.a(lib_a-lock.o)
                              c:/progra~2/gnuarm~1/102020~1/bin/../lib/gcc/arm-none-eabi/10.2.1/../../../../arm-none-eabi/lib/thumb/v6-m/nofp\libg.a(lib_a-mlock.o) (__retarget_lock_acquire_recursive)
c:/progra~2/gnuarm~1/102020~1/bin/../lib/gcc/arm-none-eabi/10.2.1/../../../../arm-none-eabi/lib/thumb/v6-m/nofp\libg.a(lib_a-reent.o)
                              c:/progra~2/gnuarm~1/102020~1/bin/../lib/gcc/arm-none-eabi/10.2.1/../../../../arm-none-eabi/lib/thumb/v6-m/nofp\libg.a(lib_a-sbrkr.o) (errno)

Discarded input sections

 .text          0x00000000        0x0 c:/progra~2/gnuarm~1/102020~1/bin/../lib/gcc/arm-none-eabi/10.2.1/thumb/v6-m/nofp/crti.o
 .data          0x00000000        0x0 c:/progra~2/gnuarm~1/102020~1/bin/../lib/gcc/arm-none-eabi/10.2.1/thumb/v6-m/nofp/crti.o
 .bss           0x00000000        0x0 c:/progra~2/gnuarm~1/102020~1/bin/../lib/gcc/arm-none-eabi/10.2.1/thumb/v6-m/nofp/crti.o
 .data          0x00000000        0x4 c:/progra~2/gnuarm~1/102020~1/bin/../lib/gcc/arm-none-eabi/10.2.1/thumb/v6-m/nofp/crtbegin.o
 .rodata        0x00000000       0x24 c:/progra~2/gnuarm~1/102020~1/bin/../lib/gcc/arm-none-eabi/10.2.1/thumb/v6-m/nofp/crtbegin.o
 .fini_array    0x00000000        0x4 c:/progra~2/gnuarm~1/102020~1/bin/../lib/gcc/arm-none-eabi/10.2.1/thumb/v6-m/nofp/crtbegin.o
 .text          0x00000000       0x80 c:/progra~2/gnuarm~1/102020~1/bin/../lib/gcc/arm-none-eabi/10.2.1/../../../../arm-none-eabi/lib/thumb/v6-m/nofp/crt0.o
[...]
Memory Configuration

Name             Origin             Length             Attributes
FLASH            0x10000000         0x00200000         xr
RAM              0x20000000         0x00040000         xrw
SCRATCH_X        0x20040000         0x00001000         xrw
SCRATCH_Y        0x20041000         0x00001000         xrw
*default*        0x00000000         0xffffffff

Linker script and memory map

LOAD c:/progra~2/gnuarm~1/102020~1/bin/../lib/gcc/arm-none-eabi/10.2.1/thumb/v6-m/nofp/crti.o
LOAD c:/progra~2/gnuarm~1/102020~1/bin/../lib/gcc/arm-none-eabi/10.2.1/thumb/v6-m/nofp/crtbegin.o
LOAD c:/progra~2/gnuarm~1/102020~1/bin/../lib/gcc/arm-none-eabi/10.2.1/../../../../arm-none-eabi/lib/thumb/v6-m/nofp/crt0.o

.flash_begin    0x10000000        0x0
                0x10000000                __flash_binary_start = .

.boot2          0x10000000      0x100
                0x10000000                __boot2_start__ = .
 *(.boot2)
 .boot2         0x10000000      0x100 C:\Users\Venki\AppData\Local\Temp\cccVjdoa.o
                0x10000100                __boot2_end__ = .
                0x00000001                ASSERT (((__boot2_end__ - __boot2_start__) == 0x100), ERROR: Pico second stage bootloader must be 256 bytes in size)

.text           0x10000100     0x4808
                0x10000100                __logical_binary_start = .
 *(.vectors)
 .vectors       0x10000100       0xd4 CMakeFiles/7_SegmentDisplay.dir/E_/Pi_Pico/pico-sdk/src/rp2_common/pico_standard_link/crt0.S.obj
                0x10000100                __vectors
                0x100001c0                isr_invalid
                0x100001c2                isr_nmi
                0x100001c4                isr_hardfault
                0x100001c6                isr_svcall
                0x100001c8                isr_pendsv
                0x100001ca                isr_systick
                0x100001cc                isr_irq11
                0x100001cc                isr_irq5
                0x100001cc                isr_irq23
                0x100001cc                isr_irq18
                0x100001cc                isr_irq31
                0x100001cc                isr_irq28
                0x100001cc                isr_irq19
                0x100001cc                isr_irq0
                0x100001cc                isr_irq6
                0x100001cc                isr_irq27
                0x100001cc                isr_irq12
                0x100001cc                isr_irq22
                0x100001cc                isr_irq13
                0x100001cc                isr_irq17
                0x100001cc                isr_irq14
                0x100001cc                isr_irq2
                0x100001cc                isr_irq10
                0x100001cc                isr_irq8
                0x100001cc                isr_irq24
                0x100001cc                isr_irq1
                0x100001cc                isr_irq7
                0x100001cc                isr_irq21
                0x100001cc                isr_irq20
                0x100001cc                isr_irq15
                0x100001cc                isr_irq25
                0x100001cc                __unhandled_user_irq
                0x100001cc                isr_irq4
                0x100001cc                isr_irq16
                0x100001cc                isr_irq29
                0x100001cc                isr_irq26
                0x100001cc                isr_irq3
                0x100001cc                isr_irq30
                0x100001cc                isr_irq9
                0x100001d2                unhandled_user_irq_num_in_r0
 *(.binary_info_header)
 .binary_info_header
                0x100001d4       0x14 CMakeFiles/7_SegmentDisplay.dir/E_/Pi_Pico/pico-sdk/src/rp2_common/pico_standard_link/crt0.S.obj
                0x100001e8                __binary_info_header_end = .
 *(.reset)
 .reset         0x100001e8       0xa8 CMakeFiles/7_SegmentDisplay.dir/E_/Pi_Pico/pico-sdk/src/rp2_common/pico_standard_link/crt0.S.obj
                0x100001e8                _entry_point
                0x10000266                __get_current_exception
 .reset         0x10000290       0x30 CMakeFiles/7_SegmentDisplay.dir/E_/Pi_Pico/pico-sdk/src/rp2_common/pico_standard_link/binary_info.c.obj
 *(.init)
 .init          0x100002c0        0x4 c:/progra~2/gnuarm~1/102020~1/bin/../lib/gcc/arm-none-eabi/10.2.1/thumb/v6-m/nofp/crti.o
                0x100002c0                _init
 *(EXCLUDE_FILE(*libm.a: *libc.a:*lib_a-mem*.o *libgcc.a:) .text*)
 .text          0x100002c4       0x48 c:/progra~2/gnuarm~1/102020~1/bin/../lib/gcc/arm-none-eabi/10.2.1/thumb/v6-m/nofp/crtbegin.o
 .text.main     0x1000030c       0x90 CMakeFiles/7_SegmentDisplay.dir/7_SegmentDisplay.c.obj
                0x1000030c                main
 .text.gpio_set_function
                0x1000039c       0x30 CMakeFiles/7_SegmentDisplay.dir/E_/Pi_Pico/pico-sdk/src/rp2_common/hardware_gpio/gpio.c.obj
                0x1000039c                gpio_set_function
 .text.gpio_set_pulls
                0x100003cc       0x34 CMakeFiles/7_SegmentDisplay.dir/E_/Pi_Pico/pico-sdk/src/rp2_common/hardware_gpio/gpio.c.obj
                0x100003cc                gpio_set_pulls
 .text.gpio_init
                0x10000400       0x16 CMakeFiles/7_SegmentDisplay.dir/E_/Pi_Pico/pico-sdk/src/rp2_common/hardware_gpio/gpio.c.obj
                0x10000400                gpio_init
 *fill*         0x10000416        0x2 
 .text.hw_claim_lock
                0x10000418       0x18 CMakeFiles/7_SegmentDisplay.dir/E_/Pi_Pico/pico-sdk/src/rp2_common/hardware_claim/claim.c.obj
                0x10000418                hw_claim_lock
 .text.hw_claim_unlock
                0x10000430       0x14 CMakeFiles/7_SegmentDisplay.dir/E_/Pi_Pico/pico-sdk/src/rp2_common/hardware_claim/claim.c.obj
                0x10000430                hw_claim_unlock
 .text.hw_claim_or_assert
                0x10000444       0x34 CMakeFiles/7_SegmentDisplay.dir/E_/Pi_Pico/pico-sdk/src/rp2_common/hardware_claim/claim.c.obj
                0x10000444                hw_claim_or_assert
 .text.spin_locks_reset
                0x10000478       0x20 CMakeFiles/7_SegmentDisplay.dir/E_/Pi_Pico/pico-sdk/src/rp2_common/hardware_sync/sync.c.obj
                0x10000478                spin_locks_reset
 .text.next_striped_spin_lock_num
                0x10000498       0x1c CMakeFiles/7_SegmentDisplay.dir/E_/Pi_Pico/pico-sdk/src/rp2_common/hardware_sync/sync.c.obj
                0x10000498                next_striped_spin_lock_num
 .text.running_on_fpga
                0x100004b4       0x14 CMakeFiles/7_SegmentDisplay.dir/E_/Pi_Pico/pico-sdk/src/rp2_common/pico_platform/platform.c.obj
                0x100004b4                running_on_fpga
 .text.sev_callback
                0x100004c8        0x8 CMakeFiles/7_SegmentDisplay.dir/E_/Pi_Pico/pico-sdk/src/common/pico_time/time.c.obj
 .text.timer_pool_entry_comparator
                0x100004d0       0x7c CMakeFiles/7_SegmentDisplay.dir/E_/Pi_Pico/pico-sdk/src/common/pico_time/time.c.obj
                0x100004d0                timer_pool_entry_comparator
 .text.ph_add_child_node
                0x1000054c       0xa4 CMakeFiles/7_SegmentDisplay.dir/E_/Pi_Pico/pico-sdk/src/common/pico_time/time.c.obj
 .text.ph_merge_nodes
                0x100005f0       0x3e CMakeFiles/7_SegmentDisplay.dir/E_/Pi_Pico/pico-sdk/src/common/pico_time/time.c.obj
 *fill*         0x1000062e        0x2 
 .text.add_alarm_under_lock
                0x10000630      0x178 CMakeFiles/7_SegmentDisplay.dir/E_/Pi_Pico/pico-sdk/src/common/pico_time/time.c.obj
 .text.alarm_pool_alarm_callback
                0x100007a8      0x2e4 CMakeFiles/7_SegmentDisplay.dir/E_/Pi_Pico/pico-sdk/src/common/pico_time/time.c.obj
 .text.alarm_pool_get_default
                0x10000a8c       0x28 CMakeFiles/7_SegmentDisplay.dir/E_/Pi_Pico/pico-sdk/src/common/pico_time/time.c.obj
                0x10000a8c                alarm_pool_get_default
 .text.alarm_pool_create
                0x10000ab4       0x6c CMakeFiles/7_SegmentDisplay.dir/E_/Pi_Pico/pico-sdk/src/common/pico_time/time.c.obj
                0x10000ab4                alarm_pool_create
 .text.alarm_pool_init_default
                0x10000b20       0x20 CMakeFiles/7_SegmentDisplay.dir/E_/Pi_Pico/pico-sdk/src/common/pico_time/time.c.obj
                0x10000b20                alarm_pool_init_default
 .text.alarm_pool_add_alarm_at
                0x10000b40      0x128 CMakeFiles/7_SegmentDisplay.dir/E_/Pi_Pico/pico-sdk/src/common/pico_time/time.c.obj
                0x10000b40                alarm_pool_add_alarm_at
 .text.sleep_until
                0x10000c68       0x94 CMakeFiles/7_SegmentDisplay.dir/E_/Pi_Pico/pico-sdk/src/common/pico_time/time.c.obj
                0x10000c68                sleep_until
 .text.sleep_us
                0x10000cfc       0x2c CMakeFiles/7_SegmentDisplay.dir/E_/Pi_Pico/pico-sdk/src/common/pico_time/time.c.obj
                0x10000cfc                sleep_us
 .text.sleep_ms
                0x10000d28       0x14 CMakeFiles/7_SegmentDisplay.dir/E_/Pi_Pico/pico-sdk/src/common/pico_time/time.c.obj
                0x10000d28                sleep_ms
 .text.hardware_alarm_irq_handler
                0x10000d3c       0x8c CMakeFiles/7_SegmentDisplay.dir/E_/Pi_Pico/pico-sdk/src/rp2_common/hardware_timer/timer.c.obj
 .text.hardware_alarm_claim
                0x10000dc8       0x18 CMakeFiles/7_SegmentDisplay.dir/E_/Pi_Pico/pico-sdk/src/rp2_common/hardware_timer/timer.c.obj
                0x10000dc8                hardware_alarm_claim
 .text.time_us_64
                0x10000de0       0x18 CMakeFiles/7_SegmentDisplay.dir/E_/Pi_Pico/pico-sdk/src/rp2_common/hardware_timer/timer.c.obj
                0x10000de0                time_us_64
 .text.busy_wait_until
                0x10000df8       0x28 CMakeFiles/7_SegmentDisplay.dir/E_/Pi_Pico/pico-sdk/src/rp2_common/hardware_timer/timer.c.obj
                0x10000df8                busy_wait_until
 .text.hardware_alarm_set_callback
                0x10000e20       0x90 CMakeFiles/7_SegmentDisplay.dir/E_/Pi_Pico/pico-sdk/src/rp2_common/hardware_timer/timer.c.obj
                0x10000e20                hardware_alarm_set_callback
 .text.hardware_alarm_set_target
                0x10000eb0       0xd0 CMakeFiles/7_SegmentDisplay.dir/E_/Pi_Pico/pico-sdk/src/rp2_common/hardware_timer/timer.c.obj
                0x10000eb0                hardware_alarm_set_target
 .text.hardware_alarm_cancel
                0x10000f80       0x40 CMakeFiles/7_SegmentDisplay.dir/E_/Pi_Pico/pico-sdk/src/rp2_common/hardware_timer/timer.c.obj
                0x10000f80                hardware_alarm_cancel
 .text.lock_init
                0x10000fc0       0x30 CMakeFiles/7_SegmentDisplay.dir/E_/Pi_Pico/pico-sdk/src/common/pico_sync/lock_core.c.obj
                0x10000fc0                lock_init
 .text.mutex_init
                0x10000ff0       0x1a CMakeFiles/7_SegmentDisplay.dir/E_/Pi_Pico/pico-sdk/src/common/pico_sync/mutex.c.obj
                0x10000ff0                mutex_init
 *fill*         0x1000100a        0x2 
 .text.ph_add_child_node
                0x1000100c       0xa4 CMakeFiles/7_SegmentDisplay.dir/E_/Pi_Pico/pico-sdk/src/common/pico_util/pheap.c.obj
 .text.ph_merge_nodes
                0x100010b0       0x3e CMakeFiles/7_SegmentDisplay.dir/E_/Pi_Pico/pico-sdk/src/common/pico_util/pheap.c.obj
 *fill*         0x100010ee        0x2 
 .text.ph_clear
                0x100010f0       0x74 CMakeFiles/7_SegmentDisplay.dir/E_/Pi_Pico/pico-sdk/src/common/pico_util/pheap.c.obj
                0x100010f0                ph_clear
 .text.ph_create
                0x10001164       0x2c CMakeFiles/7_SegmentDisplay.dir/E_/Pi_Pico/pico-sdk/src/common/pico_util/pheap.c.obj
                0x10001164                ph_create
 .text.ph_merge_two_pass
                0x10001190       0xa8 CMakeFiles/7_SegmentDisplay.dir/E_/Pi_Pico/pico-sdk/src/common/pico_util/pheap.c.obj
                0x10001190                ph_merge_two_pass
 .text.ph_remove_any_head
                0x10001238      0x108 CMakeFiles/7_SegmentDisplay.dir/E_/Pi_Pico/pico-sdk/src/common/pico_util/pheap.c.obj
 .text.ph_remove_head_reserve
                0x10001340       0x14 CMakeFiles/7_SegmentDisplay.dir/E_/Pi_Pico/pico-sdk/src/common/pico_util/pheap.c.obj
                0x10001340                ph_remove_head_reserve
 .text.ph_delete
                0x10001354       0xf8 CMakeFiles/7_SegmentDisplay.dir/E_/Pi_Pico/pico-sdk/src/common/pico_util/pheap.c.obj
                0x10001354                ph_delete
 .text.runtime_init
                0x1000144c       0xcc CMakeFiles/7_SegmentDisplay.dir/E_/Pi_Pico/pico-sdk/src/rp2_common/pico_runtime/runtime.c.obj
                0x1000144c                runtime_init
 .text._exit    0x10001518        0x4 CMakeFiles/7_SegmentDisplay.dir/E_/Pi_Pico/pico-sdk/src/rp2_common/pico_runtime/runtime.c.obj
                0x10001518                _exit
 .text._sbrk    0x1000151c       0x38 CMakeFiles/7_SegmentDisplay.dir/E_/Pi_Pico/pico-sdk/src/rp2_common/pico_runtime/runtime.c.obj
                0x1000151c                _sbrk
 .text.exit     0x10001554        0x6 CMakeFiles/7_SegmentDisplay.dir/E_/Pi_Pico/pico-sdk/src/rp2_common/pico_runtime/runtime.c.obj
                0x10001554                exit
 *fill*         0x1000155a        0x2 
 .text.__assert_func
                0x1000155c       0x3c CMakeFiles/7_SegmentDisplay.dir/E_/Pi_Pico/pico-sdk/src/rp2_common/pico_runtime/runtime.c.obj
                0x1000155c                __assert_func
 .text.panic    0x10001598       0x30 CMakeFiles/7_SegmentDisplay.dir/E_/Pi_Pico/pico-sdk/src/rp2_common/pico_runtime/runtime.c.obj
                0x10001598                panic
 .text.clock_configure
                0x100015c8       0xe8 CMakeFiles/7_SegmentDisplay.dir/E_/Pi_Pico/pico-sdk/src/rp2_common/hardware_clocks/clocks.c.obj
                0x100015c8                clock_configure
 .text.clocks_init
                0x100016b0      0x124 CMakeFiles/7_SegmentDisplay.dir/E_/Pi_Pico/pico-sdk/src/rp2_common/hardware_clocks/clocks.c.obj
                0x100016b0                clocks_init
 .text.watchdog_start_tick
                0x100017d4       0x10 CMakeFiles/7_SegmentDisplay.dir/E_/Pi_Pico/pico-sdk/src/rp2_common/hardware_watchdog/watchdog.c.obj
                0x100017d4                watchdog_start_tick
 .text.xosc_init
                0x100017e4       0x28 CMakeFiles/7_SegmentDisplay.dir/E_/Pi_Pico/pico-sdk/src/rp2_common/hardware_xosc/xosc.c.obj
                0x100017e4                xosc_init
 .text.pll_init
                0x1000180c       0xd4 CMakeFiles/7_SegmentDisplay.dir/E_/Pi_Pico/pico-sdk/src/rp2_common/hardware_pll/pll.c.obj
                0x1000180c                pll_init
 .text.set_raw_irq_handler_and_unlock
                0x100018e0       0x28 CMakeFiles/7_SegmentDisplay.dir/E_/Pi_Pico/pico-sdk/src/rp2_common/hardware_irq/irq.c.obj
 .text.make_branch
                0x10001908       0x34 CMakeFiles/7_SegmentDisplay.dir/E_/Pi_Pico/pico-sdk/src/rp2_common/hardware_irq/irq.c.obj
 .text.insert_branch_and_link
                0x1000193c       0x40 CMakeFiles/7_SegmentDisplay.dir/E_/Pi_Pico/pico-sdk/src/rp2_common/hardware_irq/irq.c.obj
 .text.irq_is_enabled
                0x1000197c       0x18 CMakeFiles/7_SegmentDisplay.dir/E_/Pi_Pico/pico-sdk/src/rp2_common/hardware_irq/irq.c.obj
                0x1000197c                irq_is_enabled
 .text.irq_set_mask_enabled
                0x10001994       0x20 CMakeFiles/7_SegmentDisplay.dir/E_/Pi_Pico/pico-sdk/src/rp2_common/hardware_irq/irq.c.obj
                0x10001994                irq_set_mask_enabled
 .text.irq_set_enabled
                0x100019b4        0xe CMakeFiles/7_SegmentDisplay.dir/E_/Pi_Pico/pico-sdk/src/rp2_common/hardware_irq/irq.c.obj
                0x100019b4                irq_set_enabled
 *fill*         0x100019c2        0x2 
 .text.irq_get_vtable_handler
                0x100019c4       0x10 CMakeFiles/7_SegmentDisplay.dir/E_/Pi_Pico/pico-sdk/src/rp2_common/hardware_irq/irq.c.obj
                0x100019c4                irq_get_vtable_handler
 .text.irq_set_exclusive_handler
                0x100019d4       0x54 CMakeFiles/7_SegmentDisplay.dir/E_/Pi_Pico/pico-sdk/src/rp2_common/hardware_irq/irq.c.obj
                0x100019d4                irq_set_exclusive_handler
 .text.irq_remove_handler
                0x10001a28      0x1b4 CMakeFiles/7_SegmentDisplay.dir/E_/Pi_Pico/pico-sdk/src/rp2_common/hardware_irq/irq.c.obj
                0x10001a28                irq_remove_handler
 .text.irq_set_priority
                0x10001bdc       0x28 CMakeFiles/7_SegmentDisplay.dir/E_/Pi_Pico/pico-sdk/src/rp2_common/hardware_irq/irq.c.obj
                0x10001bdc                irq_set_priority
 .text.irq_add_tail_to_free_list
                0x10001c04       0xf8 CMakeFiles/7_SegmentDisplay.dir/E_/Pi_Pico/pico-sdk/src/rp2_common/hardware_irq/irq.c.obj
                0x10001c04                irq_add_tail_to_free_list
 .text.irq_init_priorities
                0x10001cfc       0x16 CMakeFiles/7_SegmentDisplay.dir/E_/Pi_Pico/pico-sdk/src/rp2_common/hardware_irq/irq.c.obj
                0x10001cfc                irq_init_priorities
 .text._out_null
                0x10001d12        0x2 CMakeFiles/7_SegmentDisplay.dir/E_/Pi_Pico/pico-sdk/src/rp2_common/pico_printf/printf.c.obj
 .text._out_fct
                0x10001d14        0xe CMakeFiles/7_SegmentDisplay.dir/E_/Pi_Pico/pico-sdk/src/rp2_common/pico_printf/printf.c.obj
 .text._atoi    0x10001d22       0x24 CMakeFiles/7_SegmentDisplay.dir/E_/Pi_Pico/pico-sdk/src/rp2_common/pico_printf/printf.c.obj
 .text._out_rev
                0x10001d46       0xae CMakeFiles/7_SegmentDisplay.dir/E_/Pi_Pico/pico-sdk/src/rp2_common/pico_printf/printf.c.obj
 .text._ntoa_format
                0x10001df4      0x112 CMakeFiles/7_SegmentDisplay.dir/E_/Pi_Pico/pico-sdk/src/rp2_common/pico_printf/printf.c.obj
 .text._ntoa_long
                0x10001f06       0xbc CMakeFiles/7_SegmentDisplay.dir/E_/Pi_Pico/pico-sdk/src/rp2_common/pico_printf/printf.c.obj
 .text._ntoa_long_long
                0x10001fc2       0xe2 CMakeFiles/7_SegmentDisplay.dir/E_/Pi_Pico/pico-sdk/src/rp2_common/pico_printf/printf.c.obj
 .text._etoa    0x100020a4      0x404 CMakeFiles/7_SegmentDisplay.dir/E_/Pi_Pico/pico-sdk/src/rp2_common/pico_printf/printf.c.obj
 .text._ftoa    0x100024a8      0x354 CMakeFiles/7_SegmentDisplay.dir/E_/Pi_Pico/pico-sdk/src/rp2_common/pico_printf/printf.c.obj
 .text._vsnprintf
                0x100027fc      0x624 CMakeFiles/7_SegmentDisplay.dir/E_/Pi_Pico/pico-sdk/src/rp2_common/pico_printf/printf.c.obj
 .text.vfctprintf
                0x10002e20       0x20 CMakeFiles/7_SegmentDisplay.dir/E_/Pi_Pico/pico-sdk/src/rp2_common/pico_printf/printf.c.obj
                0x10002e20                vfctprintf
 .text          0x10002e40       0x10 CMakeFiles/7_SegmentDisplay.dir/E_/Pi_Pico/pico-sdk/src/rp2_common/pico_bit_ops/bit_ops_aeabi.S.obj
 .text.rom_func_lookup
                0x10002e50       0x10 CMakeFiles/7_SegmentDisplay.dir/E_/Pi_Pico/pico-sdk/src/rp2_common/pico_bootrom/bootrom.c.obj
                0x10002e50                rom_func_lookup
 .text.rom_data_lookup
                0x10002e60       0x10 CMakeFiles/7_SegmentDisplay.dir/E_/Pi_Pico/pico-sdk/src/rp2_common/pico_bootrom/bootrom.c.obj
                0x10002e60                rom_data_lookup
 .text.rom_funcs_lookup
                0x10002e70       0x36 CMakeFiles/7_SegmentDisplay.dir/E_/Pi_Pico/pico-sdk/src/rp2_common/pico_bootrom/bootrom.c.obj
                0x10002e70                rom_funcs_lookup
 *fill*         0x10002ea6        0x2 
 .text.__wrap___aeabi_idiv
                0x10002ea8       0x58 CMakeFiles/7_SegmentDisplay.dir/E_/Pi_Pico/pico-sdk/src/rp2_common/pico_divider/divider.S.obj
                0x10002ea8                __wrap___aeabi_idivmod
                0x10002ea8                divmod_s32s32
                0x10002ea8                div_s32s32
                0x10002ea8                __wrap___aeabi_idiv
                0x10002eb0                divmod_s32s32_unsafe
                0x10002edc                divmod_s32s32_savestate
 .text.__wrap___aeabi_uidiv
                0x10002f00       0x54 CMakeFiles/7_SegmentDisplay.dir/E_/Pi_Pico/pico-sdk/src/rp2_common/pico_divider/divider.S.obj
                0x10002f00                __wrap___aeabi_uidiv
                0x10002f00                __wrap___aeabi_uidivmod
                0x10002f00                div_u32u32
                0x10002f00                divmod_u32u32
                0x10002f08                divmod_u32u32_unsafe
                0x10002f30                divmod_u32u32_savestate
 .text.__wrap___aeabi_ldiv
                0x10002f54      0x430 CMakeFiles/7_SegmentDisplay.dir/E_/Pi_Pico/pico-sdk/src/rp2_common/pico_divider/divider.S.obj
                0x10002f54                div_s64s64
                0x10002f54                divmod_s64s64
                0x10002f54                __wrap___aeabi_ldivmod
                0x10002f8c                divmod_u64u64
                0x10002f8c                div_u64u64
                0x10002f8c                __wrap___aeabi_uldivmod
                0x10002f9c                divmod_u64u64_savestate
                0x10002fc4                divmod_s64s64_unsafe
                0x1000304c                divmod_u64u64_unsafe
 .text.__wrap___aeabi_darithmetic
                0x10003384       0x54 CMakeFiles/7_SegmentDisplay.dir/E_/Pi_Pico/pico-sdk/src/rp2_common/pico_double/double_aeabi.S.obj
                0x10003384                __wrap___aeabi_drsub
                0x1000338a                __wrap___aeabi_dsub
                0x1000339c                __wrap___aeabi_dadd
                0x100033ae                __wrap___aeabi_ddiv
                0x100033c0                __wrap___aeabi_dmul
 .text.__wrap___aeabi_cdcmple
                0x100033d8       0x6c CMakeFiles/7_SegmentDisplay.dir/E_/Pi_Pico/pico-sdk/src/rp2_common/pico_double/double_aeabi.S.obj
                0x100033d8                __wrap___aeabi_cdrcmple
                0x100033e8                __wrap___aeabi_cdcmpeq
                0x100033e8                __wrap___aeabi_cdcmple
 .text.__wrap___aeabi_dcmplt
                0x10003444        0xc CMakeFiles/7_SegmentDisplay.dir/E_/Pi_Pico/pico-sdk/src/rp2_common/pico_double/double_aeabi.S.obj
                0x10003444                __wrap___aeabi_dcmplt
 .text.__wrap___aeabi_dcmple
                0x10003450       0x10 CMakeFiles/7_SegmentDisplay.dir/E_/Pi_Pico/pico-sdk/src/rp2_common/pico_double/double_aeabi.S.obj
                0x10003450                __wrap___aeabi_dcmple
 .text.__wrap___aeabi_dcmpge
                0x10003460       0x10 CMakeFiles/7_SegmentDisplay.dir/E_/Pi_Pico/pico-sdk/src/rp2_common/pico_double/double_aeabi.S.obj
                0x10003460                __wrap___aeabi_dcmpge
 .text.__wrap___aeabi_dcmpgt
                0x10003470        0xa CMakeFiles/7_SegmentDisplay.dir/E_/Pi_Pico/pico-sdk/src/rp2_common/pico_double/double_aeabi.S.obj
                0x10003470                __wrap___aeabi_dcmpgt
 .text.__wrap___aeabi_dcmpun
                0x1000347a       0x1c CMakeFiles/7_SegmentDisplay.dir/E_/Pi_Pico/pico-sdk/src/rp2_common/pico_double/double_aeabi.S.obj
                0x1000347a                __wrap___aeabi_dcmpun
 *fill*         0x10003496        0x2 
 .text.__wrap___aeabi_i2d
                0x10003498       0x38 CMakeFiles/7_SegmentDisplay.dir/E_/Pi_Pico/pico-sdk/src/rp2_common/pico_double/double_aeabi.S.obj
                0x10003498                __wrap___aeabi_ui2d
                0x100034a0                __wrap___aeabi_i2d
 .text.__wrap___aeabi_d2iz
                0x100034d0       0x48 CMakeFiles/7_SegmentDisplay.dir/E_/Pi_Pico/pico-sdk/src/rp2_common/pico_double/double_aeabi.S.obj
                0x100034d0                double2int_z
                0x100034d0                __wrap___aeabi_d2iz
 .text.__wrap___aeabi_d2uiz
                0x10003518       0x18 CMakeFiles/7_SegmentDisplay.dir/E_/Pi_Pico/pico-sdk/src/rp2_common/pico_double/double_aeabi.S.obj
                0x10003518                __wrap___aeabi_d2uiz
                0x10003518                double2uint
 .text.__aeabi_double_init
                0x10003530       0xb8 CMakeFiles/7_SegmentDisplay.dir/E_/Pi_Pico/pico-sdk/src/rp2_common/pico_double/double_init_rom.c.obj
                0x10003530                __aeabi_double_init
 .text.double_table_shim_on_use_helper
                0x100035e8       0x34 CMakeFiles/7_SegmentDisplay.dir/E_/Pi_Pico/pico-sdk/src/rp2_common/pico_double/double_v1_rom_shim.S.obj
                0x100035e8                double_table_shim_on_use_helper
 .text.__wrap___aeabi_dsub
                0x1000361c       0x10 CMakeFiles/7_SegmentDisplay.dir/E_/Pi_Pico/pico-sdk/src/rp2_common/pico_double/double_v1_rom_shim.S.obj
                0x1000361c                drsub_shim
                0x10003622                dsub_shim
 .text.dadd_shim
                0x1000362c      0x15c CMakeFiles/7_SegmentDisplay.dir/E_/Pi_Pico/pico-sdk/src/rp2_common/pico_double/double_v1_rom_shim.S.obj
                0x1000362c                dadd_shim
 .text.dmul_shim
                0x10003788      0x15c CMakeFiles/7_SegmentDisplay.dir/E_/Pi_Pico/pico-sdk/src/rp2_common/pico_double/double_v1_rom_shim.S.obj
                0x10003788                dmul_shim
 .text.ddiv_shim
                0x100038e4      0x1b0 CMakeFiles/7_SegmentDisplay.dir/E_/Pi_Pico/pico-sdk/src/rp2_common/pico_double/double_v1_rom_shim.S.obj
                0x100038e4                ddiv_shim
 .text.dcordic_rot_step
                0x10003a94       0x7c CMakeFiles/7_SegmentDisplay.dir/E_/Pi_Pico/pico-sdk/src/rp2_common/pico_double/double_v1_rom_shim.S.obj
                0x10003a94                dcordic_rot_step
 .text.double2uint_shim
                0x10003b10        0xe CMakeFiles/7_SegmentDisplay.dir/E_/Pi_Pico/pico-sdk/src/rp2_common/pico_double/double_v1_rom_shim.S.obj
                0x10003b10                double2uint_shim
                0x10003b12                double2ufix_shim
 *fill*         0x10003b1e        0x2 
 .text.double2uint64_shim
                0x10003b20       0x6c CMakeFiles/7_SegmentDisplay.dir/E_/Pi_Pico/pico-sdk/src/rp2_common/pico_double/double_v1_rom_shim.S.obj
                0x10003b20                double2uint64_shim
                0x10003b22                double2ufix64_shim
                0x10003b3c                d2fix_a
 .text.dunpacks
                0x10003b8c       0x3c CMakeFiles/7_SegmentDisplay.dir/E_/Pi_Pico/pico-sdk/src/rp2_common/pico_double/double_v1_rom_shim.S.obj
                0x10003b8c                dunpacks
 .text.__aeabi_lmul
                0x10003bc8       0x32 CMakeFiles/7_SegmentDisplay.dir/E_/Pi_Pico/pico-sdk/src/rp2_common/pico_int64_ops/pico_int64_ops_aeabi.S.obj
                0x10003bc8                __wrap___aeabi_lmul
 *fill*         0x10003bfa        0x2 
 .text.__aeabi_float_init
                0x10003bfc       0xfc CMakeFiles/7_SegmentDisplay.dir/E_/Pi_Pico/pico-sdk/src/rp2_common/pico_float/float_init_rom.c.obj
                0x10003bfc                __aeabi_float_init
 .text.float_table_shim_on_use_helper
                0x10003cf8       0x34 CMakeFiles/7_SegmentDisplay.dir/E_/Pi_Pico/pico-sdk/src/rp2_common/pico_float/float_v1_rom_shim.S.obj
                0x10003cf8                float_table_shim_on_use_helper
 .text.__wrap_malloc
                0x10003d2c        0x8 CMakeFiles/7_SegmentDisplay.dir/E_/Pi_Pico/pico-sdk/src/rp2_common/pico_malloc/pico_malloc.c.obj
                0x10003d2c                __wrap_malloc
 .text.__wrap_calloc
                0x10003d34        0x8 CMakeFiles/7_SegmentDisplay.dir/E_/Pi_Pico/pico-sdk/src/rp2_common/pico_malloc/pico_malloc.c.obj
                0x10003d34                __wrap_calloc
 .text          0x10003d3c       0x10 CMakeFiles/7_SegmentDisplay.dir/E_/Pi_Pico/pico-sdk/src/rp2_common/pico_mem_ops/mem_ops_aeabi.S.obj
                0x10003d3c                __aeabi_mem_init
 .text.memset   0x10003d4c        0xc CMakeFiles/7_SegmentDisplay.dir/E_/Pi_Pico/pico-sdk/src/rp2_common/pico_mem_ops/mem_ops_aeabi.S.obj
                0x10003d4c                __wrap_memset
 .text.memcpy   0x10003d58        0xc CMakeFiles/7_SegmentDisplay.dir/E_/Pi_Pico/pico-sdk/src/rp2_common/pico_mem_ops/mem_ops_aeabi.S.obj
                0x10003d58                __wrap_memcpy
                0x10003d58                __wrap___aeabi_memcpy
 .text.stdio_out_chars_crlf
                0x10003d64       0x80 CMakeFiles/7_SegmentDisplay.dir/E_/Pi_Pico/pico-sdk/src/rp2_common/pico_stdio/stdio.c.obj
 .text.stdio_stack_buffer_flush
                0x10003de4       0x44 CMakeFiles/7_SegmentDisplay.dir/E_/Pi_Pico/pico-sdk/src/rp2_common/pico_stdio/stdio.c.obj
 .text.stdio_buffered_printer
                0x10003e28       0x20 CMakeFiles/7_SegmentDisplay.dir/E_/Pi_Pico/pico-sdk/src/rp2_common/pico_stdio/stdio.c.obj
 .text.stdout_serialize_begin
                0x10003e48       0x2c CMakeFiles/7_SegmentDisplay.dir/E_/Pi_Pico/pico-sdk/src/rp2_common/pico_stdio/stdio.c.obj
                0x10003e48                stdout_serialize_begin
 .text.stdout_serialize_end
                0x10003e74       0x10 CMakeFiles/7_SegmentDisplay.dir/E_/Pi_Pico/pico-sdk/src/rp2_common/pico_stdio/stdio.c.obj
                0x10003e74                stdout_serialize_end
 .text.stdio_put_string
                0x10003e84       0x84 CMakeFiles/7_SegmentDisplay.dir/E_/Pi_Pico/pico-sdk/src/rp2_common/pico_stdio/stdio.c.obj
 .text.stdio_flush
                0x10003f08       0x20 CMakeFiles/7_SegmentDisplay.dir/E_/Pi_Pico/pico-sdk/src/rp2_common/pico_stdio/stdio.c.obj
                0x10003f08                stdio_flush
 .text.__wrap_puts
                0x10003f28       0x1c CMakeFiles/7_SegmentDisplay.dir/E_/Pi_Pico/pico-sdk/src/rp2_common/pico_stdio/stdio.c.obj
                0x10003f28                __wrap_puts
 .text.__wrap_vprintf
                0x10003f44       0x44 CMakeFiles/7_SegmentDisplay.dir/E_/Pi_Pico/pico-sdk/src/rp2_common/pico_stdio/stdio.c.obj
                0x10003f44                __wrap_vprintf
 .text.__wrap_printf
                0x10003f88       0x18 CMakeFiles/7_SegmentDisplay.dir/E_/Pi_Pico/pico-sdk/src/rp2_common/pico_stdio/stdio.c.obj
                0x10003f88                __wrap_printf
 .text.calloc   0x10003fa0       0x18 c:/progra~2/gnuarm~1/102020~1/bin/../lib/gcc/arm-none-eabi/10.2.1/../../../../arm-none-eabi/lib/thumb/v6-m/nofp\libg.a(lib_a-calloc.o)
                0x10003fa0                calloc
 .text._calloc_r
                0x10003fb8       0x5c c:/progra~2/gnuarm~1/102020~1/bin/../lib/gcc/arm-none-eabi/10.2.1/../../../../arm-none-eabi/lib/thumb/v6-m/nofp\libg.a(lib_a-callocr.o)
                0x10003fb8                _calloc_r
 .text.malloc   0x10004014       0x14 c:/progra~2/gnuarm~1/102020~1/bin/../lib/gcc/arm-none-eabi/10.2.1/../../../../arm-none-eabi/lib/thumb/v6-m/nofp\libg.a(lib_a-malloc.o)
                0x10004014                malloc
 .text._malloc_r
                0x10004028      0x580 c:/progra~2/gnuarm~1/102020~1/bin/../lib/gcc/arm-none-eabi/10.2.1/../../../../arm-none-eabi/lib/thumb/v6-m/nofp\libg.a(lib_a-mallocr.o)
                0x10004028                _malloc_r
 .text.__malloc_lock
                0x100045a8       0x10 c:/progra~2/gnuarm~1/102020~1/bin/../lib/gcc/arm-none-eabi/10.2.1/../../../../arm-none-eabi/lib/thumb/v6-m/nofp\libg.a(lib_a-mlock.o)
                0x100045a8                __malloc_lock
 .text.__malloc_unlock
                0x100045b8       0x10 c:/progra~2/gnuarm~1/102020~1/bin/../lib/gcc/arm-none-eabi/10.2.1/../../../../arm-none-eabi/lib/thumb/v6-m/nofp\libg.a(lib_a-mlock.o)
                0x100045b8                __malloc_unlock
 .text._sbrk_r  0x100045c8       0x24 c:/progra~2/gnuarm~1/102020~1/bin/../lib/gcc/arm-none-eabi/10.2.1/../../../../arm-none-eabi/lib/thumb/v6-m/nofp\libg.a(lib_a-sbrkr.o)
                0x100045c8                _sbrk_r
 .text.strlen   0x100045ec       0x5c c:/progra~2/gnuarm~1/102020~1/bin/../lib/gcc/arm-none-eabi/10.2.1/../../../../arm-none-eabi/lib/thumb/v6-m/nofp\libg.a(lib_a-strlen-stub.o)
                0x100045ec                strlen
 .text._malloc_trim_r
                0x10004648       0x9c c:/progra~2/gnuarm~1/102020~1/bin/../lib/gcc/arm-none-eabi/10.2.1/../../../../arm-none-eabi/lib/thumb/v6-m/nofp\libg.a(lib_a-freer.o)
                0x10004648                _malloc_trim_r
 .text._free_r  0x100046e4      0x1c4 c:/progra~2/gnuarm~1/102020~1/bin/../lib/gcc/arm-none-eabi/10.2.1/../../../../arm-none-eabi/lib/thumb/v6-m/nofp\libg.a(lib_a-freer.o)
                0x100046e4                _free_r
 .text.__retarget_lock_acquire_recursive
                0x100048a8        0x4 c:/progra~2/gnuarm~1/102020~1/bin/../lib/gcc/arm-none-eabi/10.2.1/../../../../arm-none-eabi/lib/thumb/v6-m/nofp\libg.a(lib_a-lock.o)
                0x100048a8                __retarget_lock_acquire_recursive
 .text.__retarget_lock_release_recursive
                0x100048ac        0x4 c:/progra~2/gnuarm~1/102020~1/bin/../lib/gcc/arm-none-eabi/10.2.1/../../../../arm-none-eabi/lib/thumb/v6-m/nofp\libg.a(lib_a-lock.o)
                0x100048ac                __retarget_lock_release_recursive
 *(.fini)
 .fini          0x100048b0        0x4 c:/progra~2/gnuarm~1/102020~1/bin/../lib/gcc/arm-none-eabi/10.2.1/thumb/v6-m/nofp/crti.o
                0x100048b0                _fini
 *fill*         0x100048b4        0x4 
 .fini.__stub   0x100048b8       0x50 linker stubs
 *crtbegin.o(.ctors)
 *crtbegin?.o(.ctors)
 *(EXCLUDE_FILE(*crtend.o *crtend?.o) .ctors)
 *(SORT_BY_NAME(.ctors.*))
 *(.ctors)
 *crtbegin.o(.dtors)
 *crtbegin?.o(.dtors)
 *(EXCLUDE_FILE(*crtend.o *crtend?.o) .dtors)
 *(SORT_BY_NAME(.dtors.*))
 *(.dtors)
 *(.eh_frame*)
 .eh_frame      0x10004908        0x0 c:/progra~2/gnuarm~1/102020~1/bin/../lib/gcc/arm-none-eabi/10.2.1/thumb/v6-m/nofp/crtbegin.o
                0x10004908                . = ALIGN (0x4)

.glue_7         0x10004908        0x0
 .glue_7        0x10004908        0x0 linker stubs

.glue_7t        0x10004908        0x0
 .glue_7t       0x10004908        0x0 linker stubs

.vfp11_veneer   0x10004908        0x0
 .vfp11_veneer  0x10004908        0x0 linker stubs

.v4_bx          0x10004908        0x0
 .v4_bx         0x10004908        0x0 linker stubs

.iplt           0x10004908        0x0
 .iplt          0x10004908        0x0 c:/progra~2/gnuarm~1/102020~1/bin/../lib/gcc/arm-none-eabi/10.2.1/thumb/v6-m/nofp/crtbegin.o

.rodata         0x10004908      0xc84
 *(EXCLUDE_FILE(*libm.a: *libc.a:*lib_a-mem*.o *libgcc.a:) .rodata*)
 .rodata.alarm_pool_dump_key.str1.4
                0x10004908       0x63 CMakeFiles/7_SegmentDisplay.dir/E_/Pi_Pico/pico-sdk/src/common/pico_time/time.c.obj
 *fill*         0x1000496b        0x1 
 .rodata.ph_add_child_node.str1.4
                0x1000496c       0x8e CMakeFiles/7_SegmentDisplay.dir/E_/Pi_Pico/pico-sdk/src/common/pico_time/time.c.obj
 *fill*         0x100049fa        0x2 
 .rodata.add_alarm_under_lock.str1.4
                0x100049fc       0x27 CMakeFiles/7_SegmentDisplay.dir/E_/Pi_Pico/pico-sdk/src/common/pico_time/time.c.obj
 *fill*         0x10004a23        0x1 
 .rodata.alarm_pool_alarm_callback.str1.4
                0x10004a24       0x7d CMakeFiles/7_SegmentDisplay.dir/E_/Pi_Pico/pico-sdk/src/common/pico_time/time.c.obj
 *fill*         0x10004aa1        0x3 
 .rodata.alarm_pool_get_default.str1.4
                0x10004aa4       0x13 CMakeFiles/7_SegmentDisplay.dir/E_/Pi_Pico/pico-sdk/src/common/pico_time/time.c.obj
 *fill*         0x10004ab7        0x1 
 .rodata.__func__.10
                0x10004ab8       0x17 CMakeFiles/7_SegmentDisplay.dir/E_/Pi_Pico/pico-sdk/src/common/pico_time/time.c.obj
 *fill*         0x10004acf        0x1 
 .rodata.__func__.2
                0x10004ad0       0x12 CMakeFiles/7_SegmentDisplay.dir/E_/Pi_Pico/pico-sdk/src/common/pico_time/time.c.obj
 *fill*         0x10004ae2        0x2 
 .rodata.__func__.3
                0x10004ae4       0x14 CMakeFiles/7_SegmentDisplay.dir/E_/Pi_Pico/pico-sdk/src/common/pico_time/time.c.obj
 .rodata.__func__.4
                0x10004af8       0x12 CMakeFiles/7_SegmentDisplay.dir/E_/Pi_Pico/pico-sdk/src/common/pico_time/time.c.obj
 *fill*         0x10004b0a        0x2 
 .rodata.__func__.5
                0x10004b0c        0xa CMakeFiles/7_SegmentDisplay.dir/E_/Pi_Pico/pico-sdk/src/common/pico_time/time.c.obj
 *fill*         0x10004b16        0x2 
 .rodata.__func__.6
                0x10004b18        0xc CMakeFiles/7_SegmentDisplay.dir/E_/Pi_Pico/pico-sdk/src/common/pico_time/time.c.obj
 .rodata.__func__.7
                0x10004b24       0x15 CMakeFiles/7_SegmentDisplay.dir/E_/Pi_Pico/pico-sdk/src/common/pico_time/time.c.obj
 *fill*         0x10004b39        0x3 
 .rodata.__func__.8
                0x10004b3c       0x1a CMakeFiles/7_SegmentDisplay.dir/E_/Pi_Pico/pico-sdk/src/common/pico_time/time.c.obj
 *fill*         0x10004b56        0x2 
 .rodata.__func__.9
                0x10004b58        0xa CMakeFiles/7_SegmentDisplay.dir/E_/Pi_Pico/pico-sdk/src/common/pico_time/time.c.obj
 *fill*         0x10004b62        0x2 
 .rodata.hardware_alarm_claim.str1.4
                0x10004b64       0x22 CMakeFiles/7_SegmentDisplay.dir/E_/Pi_Pico/pico-sdk/src/rp2_common/hardware_timer/timer.c.obj
 *fill*         0x10004b86        0x2 
 .rodata.hardware_alarm_set_target.str1.4
                0x10004b88       0x5e CMakeFiles/7_SegmentDisplay.dir/E_/Pi_Pico/pico-sdk/src/rp2_common/hardware_timer/timer.c.obj
 *fill*         0x10004be6        0x2 
 .rodata.__func__.0
                0x10004be8       0x1a CMakeFiles/7_SegmentDisplay.dir/E_/Pi_Pico/pico-sdk/src/rp2_common/hardware_timer/timer.c.obj
 *fill*         0x10004c02        0x2 
 .rodata.lock_init.str1.4
                0x10004c04       0x61 CMakeFiles/7_SegmentDisplay.dir/E_/Pi_Pico/pico-sdk/src/common/pico_sync/lock_core.c.obj
 *fill*         0x10004c65        0x3 
 .rodata.__func__.0
                0x10004c68        0xa CMakeFiles/7_SegmentDisplay.dir/E_/Pi_Pico/pico-sdk/src/common/pico_sync/lock_core.c.obj
 *fill*         0x10004c72        0x2 
 .rodata.str1.4
                0x10004c74       0x58 CMakeFiles/7_SegmentDisplay.dir/E_/Pi_Pico/pico-sdk/src/common/pico_sync/mutex.c.obj
 .rodata.__func__.0
                0x10004ccc        0xb CMakeFiles/7_SegmentDisplay.dir/E_/Pi_Pico/pico-sdk/src/common/pico_sync/mutex.c.obj
 *fill*         0x10004cd7        0x1 
 .rodata.__func__.2
                0x10004cd8       0x15 CMakeFiles/7_SegmentDisplay.dir/E_/Pi_Pico/pico-sdk/src/common/pico_sync/mutex.c.obj
 .rodata.ph_add_child_node.str1.4
                0x10004ced       0x8e CMakeFiles/7_SegmentDisplay.dir/E_/Pi_Pico/pico-sdk/src/common/pico_util/pheap.c.obj
 *fill*         0x10004ced        0x3 
 .rodata.ph_remove_any_head.str1.4
                0x10004cf0       0x88 CMakeFiles/7_SegmentDisplay.dir/E_/Pi_Pico/pico-sdk/src/common/pico_util/pheap.c.obj
 .rodata.ph_delete.str1.4
                0x10004d78       0x26 CMakeFiles/7_SegmentDisplay.dir/E_/Pi_Pico/pico-sdk/src/common/pico_util/pheap.c.obj
 *fill*         0x10004d9e        0x2 
 .rodata.__func__.0
                0x10004da0        0xa CMakeFiles/7_SegmentDisplay.dir/E_/Pi_Pico/pico-sdk/src/common/pico_util/pheap.c.obj
 *fill*         0x10004daa        0x2 
 .rodata.__func__.1
                0x10004dac       0x13 CMakeFiles/7_SegmentDisplay.dir/E_/Pi_Pico/pico-sdk/src/common/pico_util/pheap.c.obj
 *fill*         0x10004dbf        0x1 
 .rodata.__func__.2
                0x10004dc0       0x12 CMakeFiles/7_SegmentDisplay.dir/E_/Pi_Pico/pico-sdk/src/common/pico_util/pheap.c.obj
 *fill*         0x10004dd2        0x2 
 .rodata.__func__.3
                0x10004dd4        0xc CMakeFiles/7_SegmentDisplay.dir/E_/Pi_Pico/pico-sdk/src/common/pico_util/pheap.c.obj
 .rodata.__assert_func.str1.4
                0x10004de0       0x3f CMakeFiles/7_SegmentDisplay.dir/E_/Pi_Pico/pico-sdk/src/rp2_common/pico_runtime/runtime.c.obj
                                 0x43 (size before relaxing)
 *fill*         0x10004e1f        0x1 
 .rodata.panic.str1.4
                0x10004e20       0x12 CMakeFiles/7_SegmentDisplay.dir/E_/Pi_Pico/pico-sdk/src/rp2_common/pico_runtime/runtime.c.obj
 *fill*         0x10004e32        0x2 
 .rodata.clock_configure.str1.4
                0x10004e34       0x50 CMakeFiles/7_SegmentDisplay.dir/E_/Pi_Pico/pico-sdk/src/rp2_common/hardware_clocks/clocks.c.obj
 .rodata.__func__.1
                0x10004e84       0x10 CMakeFiles/7_SegmentDisplay.dir/E_/Pi_Pico/pico-sdk/src/rp2_common/hardware_clocks/clocks.c.obj
 .rodata.pll_init.str1.4
                0x10004e94       0xd3 CMakeFiles/7_SegmentDisplay.dir/E_/Pi_Pico/pico-sdk/src/rp2_common/hardware_pll/pll.c.obj
 *fill*         0x10004f67        0x1 
 .rodata.__func__.0
                0x10004f68        0x9 CMakeFiles/7_SegmentDisplay.dir/E_/Pi_Pico/pico-sdk/src/rp2_common/hardware_pll/pll.c.obj
 *fill*         0x10004f71        0x3 
 .rodata.make_branch.str1.4
                0x10004f74       0x46 CMakeFiles/7_SegmentDisplay.dir/E_/Pi_Pico/pico-sdk/src/rp2_common/hardware_irq/irq.c.obj
 *fill*         0x10004fba        0x2 
 .rodata.irq_set_exclusive_handler.str1.4
                0x10004fbc       0x36 CMakeFiles/7_SegmentDisplay.dir/E_/Pi_Pico/pico-sdk/src/rp2_common/hardware_irq/irq.c.obj
 *fill*         0x10004ff2        0x2 
 .rodata.irq_add_shared_handler.str1.4
                0x10004ff4       0xd9 CMakeFiles/7_SegmentDisplay.dir/E_/Pi_Pico/pico-sdk/src/rp2_common/hardware_irq/irq.c.obj
 *fill*         0x100050cd        0x3 
 .rodata.irq_remove_handler.str1.4
                0x100050d0       0x2a CMakeFiles/7_SegmentDisplay.dir/E_/Pi_Pico/pico-sdk/src/rp2_common/hardware_irq/irq.c.obj
 *fill*         0x100050fa        0x2 
 .rodata.irq_add_tail_to_free_list.str1.4
                0x100050fc       0x32 CMakeFiles/7_SegmentDisplay.dir/E_/Pi_Pico/pico-sdk/src/rp2_common/hardware_irq/irq.c.obj
                                 0x3a (size before relaxing)
 *fill*         0x1000512e        0x2 
 .rodata.__func__.0
                0x10005130       0x1a CMakeFiles/7_SegmentDisplay.dir/E_/Pi_Pico/pico-sdk/src/rp2_common/hardware_irq/irq.c.obj
 *fill*         0x1000514a        0x2 
 .rodata.__func__.1
                0x1000514c       0x17 CMakeFiles/7_SegmentDisplay.dir/E_/Pi_Pico/pico-sdk/src/rp2_common/hardware_irq/irq.c.obj
 *fill*         0x10005163        0x1 
 .rodata.__func__.2
                0x10005164       0x13 CMakeFiles/7_SegmentDisplay.dir/E_/Pi_Pico/pico-sdk/src/rp2_common/hardware_irq/irq.c.obj
 *fill*         0x10005177        0x1 
 .rodata.__func__.3
                0x10005178        0xc CMakeFiles/7_SegmentDisplay.dir/E_/Pi_Pico/pico-sdk/src/rp2_common/hardware_irq/irq.c.obj
 .rodata.__func__.4
                0x10005184        0xf CMakeFiles/7_SegmentDisplay.dir/E_/Pi_Pico/pico-sdk/src/rp2_common/hardware_irq/irq.c.obj
 *fill*         0x10005193        0x1 
 .rodata.__func__.6
                0x10005194       0x1a CMakeFiles/7_SegmentDisplay.dir/E_/Pi_Pico/pico-sdk/src/rp2_common/hardware_irq/irq.c.obj
 *fill*         0x100051ae        0x2 
 .rodata._ftoa.str1.4
                0x100051b0       0x15 CMakeFiles/7_SegmentDisplay.dir/E_/Pi_Pico/pico-sdk/src/rp2_common/pico_printf/printf.c.obj
 *fill*         0x100051c5        0x3 
 .rodata._vsnprintf
                0x100051c8      0x1e0 CMakeFiles/7_SegmentDisplay.dir/E_/Pi_Pico/pico-sdk/src/rp2_common/pico_printf/printf.c.obj
 .rodata.pow10.0
                0x100053a8       0x50 CMakeFiles/7_SegmentDisplay.dir/E_/Pi_Pico/pico-sdk/src/rp2_common/pico_printf/printf.c.obj
 .rodata.__aeabi_double_init.str1.4
                0x100053f8       0xa1 CMakeFiles/7_SegmentDisplay.dir/E_/Pi_Pico/pico-sdk/src/rp2_common/pico_double/double_init_rom.c.obj
 *fill*         0x10005499        0x3 
 .rodata.__func__.0
                0x1000549c       0x14 CMakeFiles/7_SegmentDisplay.dir/E_/Pi_Pico/pico-sdk/src/rp2_common/pico_double/double_init_rom.c.obj
 .rodata.__aeabi_float_init.str1.4
                0x100054b0       0x73 CMakeFiles/7_SegmentDisplay.dir/E_/Pi_Pico/pico-sdk/src/rp2_common/pico_float/float_init_rom.c.obj
                                 0x77 (size before relaxing)
 *fill*         0x10005523        0x1 
 .rodata.__func__.0
                0x10005524       0x13 CMakeFiles/7_SegmentDisplay.dir/E_/Pi_Pico/pico-sdk/src/rp2_common/pico_float/float_init_rom.c.obj
 *fill*         0x10005537        0x1 
 .rodata.str1.4
                0x10005538       0x38 CMakeFiles/7_SegmentDisplay.dir/E_/Pi_Pico/pico-sdk/src/rp2_common/pico_standard_link/binary_info.c.obj
 .rodata.__bi_40
                0x10005570        0xc CMakeFiles/7_SegmentDisplay.dir/E_/Pi_Pico/pico-sdk/src/rp2_common/pico_standard_link/binary_info.c.obj
 .rodata.__bi_71
                0x1000557c        0xc CMakeFiles/7_SegmentDisplay.dir/E_/Pi_Pico/pico-sdk/src/rp2_common/pico_standard_link/binary_info.c.obj
 .rodata.crlf_str.1
                0x10005588        0x2 CMakeFiles/7_SegmentDisplay.dir/E_/Pi_Pico/pico-sdk/src/rp2_common/pico_stdio/stdio.c.obj
                0x1000558c                . = ALIGN (0x4)
 *fill*         0x1000558a        0x2 
 *(SORT_BY_ALIGNMENT(SORT_BY_NAME(.flashdata*)))
                0x1000558c                . = ALIGN (0x4)

.rel.dyn        0x1000558c        0x0
 .rel.iplt      0x1000558c        0x0 c:/progra~2/gnuarm~1/102020~1/bin/../lib/gcc/arm-none-eabi/10.2.1/thumb/v6-m/nofp/crtbegin.o

.ARM.extab
 *(.ARM.extab* .gnu.linkonce.armextab.*)
                0x1000558c                __exidx_start = .

.ARM.exidx
 *(.ARM.exidx* .gnu.linkonce.armexidx.*)
                0x1000558c                __exidx_end = .
                0x1000558c                . = ALIGN (0x4)
                0x1000558c                __binary_info_start = .

.binary_info    0x1000558c       0x18
 *(.binary_info.keep.*)
 .binary_info.keep.__bi_ptr18
                0x1000558c        0x4 CMakeFiles/7_SegmentDisplay.dir/E_/Pi_Pico/pico-sdk/src/rp2_common/pico_standard_link/binary_info.c.obj
 .binary_info.keep.__bi_ptr26
                0x10005590        0x4 CMakeFiles/7_SegmentDisplay.dir/E_/Pi_Pico/pico-sdk/src/rp2_common/pico_standard_link/binary_info.c.obj
 .binary_info.keep.__bi_ptr34
                0x10005594        0x4 CMakeFiles/7_SegmentDisplay.dir/E_/Pi_Pico/pico-sdk/src/rp2_common/pico_standard_link/binary_info.c.obj
 .binary_info.keep.__bi_ptr40
                0x10005598        0x4 CMakeFiles/7_SegmentDisplay.dir/E_/Pi_Pico/pico-sdk/src/rp2_common/pico_standard_link/binary_info.c.obj
 .binary_info.keep.__bi_ptr46
                0x1000559c        0x4 CMakeFiles/7_SegmentDisplay.dir/E_/Pi_Pico/pico-sdk/src/rp2_common/pico_standard_link/binary_info.c.obj
 .binary_info.keep.__bi_ptr71
                0x100055a0        0x4 CMakeFiles/7_SegmentDisplay.dir/E_/Pi_Pico/pico-sdk/src/rp2_common/pico_standard_link/binary_info.c.obj
 *(.binary_info.*)
                0x100055a4                __binary_info_end = .
                0x100055a4                . = ALIGN (0x4)
                0x100055a4                __etext = .

.ram_vector_table
                0x20000000       0xc0
 *(.ram_vector_table)
 .ram_vector_table
                0x20000000       0xc0 CMakeFiles/7_SegmentDisplay.dir/E_/Pi_Pico/pico-sdk/src/rp2_common/pico_runtime/runtime.c.obj
                0x20000000                ram_vector_table

.data           0x200000c0      0x9dc load address 0x100055a4
                0x200000c0                __data_start__ = .
 *(vtable)
 *(.time_critical*)
 .time_critical.mutex_enter_blocking
                0x200000c0       0x64 CMakeFiles/7_SegmentDisplay.dir/E_/Pi_Pico/pico-sdk/src/common/pico_sync/mutex.c.obj
                0x200000c0                mutex_enter_blocking
 .time_critical.mutex_try_enter
                0x20000124       0x44 CMakeFiles/7_SegmentDisplay.dir/E_/Pi_Pico/pico-sdk/src/common/pico_sync/mutex.c.obj
                0x20000124                mutex_try_enter
 .time_critical.mutex_exit
                0x20000168       0x4c CMakeFiles/7_SegmentDisplay.dir/E_/Pi_Pico/pico-sdk/src/common/pico_sync/mutex.c.obj
                0x20000168                mutex_exit
 *(.text*)
 .text          0x200001b4        0x4 c:/progra~2/gnuarm~1/102020~1/bin/../lib/gcc/arm-none-eabi/10.2.1/thumb/v6-m/nofp\libgcc.a(_dvmd_tls.o)
                0x200001b4                __aeabi_idiv0
                0x200001b4                __aeabi_ldiv0
 .text.__stub   0x200001b8       0x10 linker stubs
                0x200001c8                . = ALIGN (0x4)
 *(.rodata*)
                0x200001c8                . = ALIGN (0x4)
 *(.data*)
 .data.segmentNumber
                0x200001c8        0xa CMakeFiles/7_SegmentDisplay.dir/7_SegmentDisplay.c.obj
                0x200001c8                segmentNumber
 .data.striped_spin_lock_num
                0x200001d2        0x1 CMakeFiles/7_SegmentDisplay.dir/E_/Pi_Pico/pico-sdk/src/rp2_common/hardware_sync/sync.c.obj
 *fill*         0x200001d3        0x1 
 .data          0x200001d4       0x48 CMakeFiles/7_SegmentDisplay.dir/E_/Pi_Pico/pico-sdk/src/rp2_common/hardware_irq/irq_handler_chain.S.obj
                0x200001d4                irq_handler_chain_slots
                0x20000204                irq_handler_chain_first_slot
                0x2000020e                irq_handler_chain_remove_tail
 *fill*         0x2000021c        0x4 
 .data.aeabi_bits_funcs
                0x20000220       0x10 CMakeFiles/7_SegmentDisplay.dir/E_/Pi_Pico/pico-sdk/src/rp2_common/pico_bit_ops/bit_ops_aeabi.S.obj
                0x20000220                aeabi_bits_funcs
                0x20000230                aeabi_bits_funcs_end
 .data.aeabi_mem_funcs
                0x20000230       0x10 CMakeFiles/7_SegmentDisplay.dir/E_/Pi_Pico/pico-sdk/src/rp2_common/pico_mem_ops/mem_ops_aeabi.S.obj
                0x20000230                aeabi_mem_funcs
                0x20000240                aeabi_mem_funcs_end
 .data._impure_ptr
                0x20000240        0x4 c:/progra~2/gnuarm~1/102020~1/bin/../lib/gcc/arm-none-eabi/10.2.1/../../../../arm-none-eabi/lib/thumb/v6-m/nofp\libg.a(lib_a-impure.o)
                0x20000240                _impure_ptr
 *fill*         0x20000244        0x4 
 .data.impure_data
                0x20000248      0x428 c:/progra~2/gnuarm~1/102020~1/bin/../lib/gcc/arm-none-eabi/10.2.1/../../../../arm-none-eabi/lib/thumb/v6-m/nofp\libg.a(lib_a-impure.o)
 .data.__malloc_av_
                0x20000670      0x408 c:/progra~2/gnuarm~1/102020~1/bin/../lib/gcc/arm-none-eabi/10.2.1/../../../../arm-none-eabi/lib/thumb/v6-m/nofp\libg.a(lib_a-mallocr.o)
                0x20000670                __malloc_av_
 .data.__malloc_sbrk_base
                0x20000a78        0x4 c:/progra~2/gnuarm~1/102020~1/bin/../lib/gcc/arm-none-eabi/10.2.1/../../../../arm-none-eabi/lib/thumb/v6-m/nofp\libg.a(lib_a-mallocr.o)
                0x20000a78                __malloc_sbrk_base
 .data.__malloc_trim_threshold
                0x20000a7c        0x4 c:/progra~2/gnuarm~1/102020~1/bin/../lib/gcc/arm-none-eabi/10.2.1/../../../../arm-none-eabi/lib/thumb/v6-m/nofp\libg.a(lib_a-mallocr.o)
                0x20000a7c                __malloc_trim_threshold
                0x20000a80                . = ALIGN (0x4)
 *(.after_data.*)
                0x20000a80                . = ALIGN (0x4)
                0x20000a80                PROVIDE (__mutex_array_start = .)
 *(SORT_BY_NAME(.mutex_array.*))
 *(.mutex_array)
 .mutex_array   0x20000a80        0x8 CMakeFiles/7_SegmentDisplay.dir/E_/Pi_Pico/pico-sdk/src/rp2_common/pico_stdio/stdio.c.obj
                0x20000a88                PROVIDE (__mutex_array_end = .)
                0x20000a88                . = ALIGN (0x4)
                0x20000a88                PROVIDE (__preinit_array_start = .)
 *(SORT_BY_NAME(.preinit_array.*))
 .preinit_array.00001
                0x20000a88        0x4 CMakeFiles/7_SegmentDisplay.dir/E_/Pi_Pico/pico-sdk/src/rp2_common/pico_mem_ops/mem_ops_aeabi.S.obj
 .preinit_array.00010
                0x20000a8c        0x4 CMakeFiles/7_SegmentDisplay.dir/E_/Pi_Pico/pico-sdk/src/rp2_common/pico_bit_ops/bit_ops_aeabi.S.obj
 .preinit_array.00020
                0x20000a90        0x4 CMakeFiles/7_SegmentDisplay.dir/E_/Pi_Pico/pico-sdk/src/rp2_common/pico_double/double_aeabi.S.obj
 .preinit_array.00020
                0x20000a94        0x4 CMakeFiles/7_SegmentDisplay.dir/E_/Pi_Pico/pico-sdk/src/rp2_common/pico_float/float_aeabi.S.obj
 *(.preinit_array)
                0x20000a98                PROVIDE (__preinit_array_end = .)
                0x20000a98                . = ALIGN (0x4)
                0x20000a98                PROVIDE (__init_array_start = .)
 *(SORT_BY_NAME(.init_array.*))
 *(.init_array)
 .init_array    0x20000a98        0x4 c:/progra~2/gnuarm~1/102020~1/bin/../lib/gcc/arm-none-eabi/10.2.1/thumb/v6-m/nofp/crtbegin.o
                0x20000a9c                PROVIDE (__init_array_end = .)
                0x20000a9c                . = ALIGN (0x4)
                [!provide]                PROVIDE (__fini_array_start = .)
 *(SORT_BY_NAME(.fini_array.*))
 *(.fini_array)
                [!provide]                PROVIDE (__fini_array_end = .)
 *(.jcr)
                0x20000a9c                . = ALIGN (0x4)
                0x20000a9c                __data_end__ = .

.igot.plt       0x20000a9c        0x0 load address 0x10005f80
 .igot.plt      0x20000a9c        0x0 c:/progra~2/gnuarm~1/102020~1/bin/../lib/gcc/arm-none-eabi/10.2.1/thumb/v6-m/nofp/crtbegin.o

.uninitialized_data
                0x20000a9c        0x0 load address 0x10005f80
                0x20000a9c                . = ALIGN (0x4)
 *(.uninitialized_data*)

.scratch_x      0x20040000        0x0 load address 0x10005f80
                0x20040000                __scratch_x_start__ = .
 *(.scratch_x.*)
                0x20040000                . = ALIGN (0x4)
                0x20040000                __scratch_x_end__ = .
                0x10005f80                __scratch_x_source__ = LOADADDR (.scratch_x)

.scratch_y      0x20041000        0x0 load address 0x10005f80
                0x20041000                __scratch_y_start__ = .
 *(.scratch_y.*)
                0x20041000                . = ALIGN (0x4)
                0x20041000                __scratch_y_end__ = .
                0x10005f80                __scratch_y_source__ = LOADADDR (.scratch_y)

.bss            0x20000a9c      0x2c8
                0x20000a9c                . = ALIGN (0x4)
                0x20000a9c                __bss_start__ = .
 *(SORT_BY_ALIGNMENT(SORT_BY_NAME(.bss*)))
 .bss           0x20000a9c       0x1c c:/progra~2/gnuarm~1/102020~1/bin/../lib/gcc/arm-none-eabi/10.2.1/thumb/v6-m/nofp/crtbegin.o
 .bss.__lock___malloc_recursive_mutex
                0x20000ab8        0x1 c:/progra~2/gnuarm~1/102020~1/bin/../lib/gcc/arm-none-eabi/10.2.1/../../../../arm-none-eabi/lib/thumb/v6-m/nofp\libg.a(lib_a-lock.o)
                0x20000ab8                __lock___malloc_recursive_mutex
 *fill*         0x20000ab9        0x3 
 .bss.__malloc_current_mallinfo
                0x20000abc       0x28 c:/progra~2/gnuarm~1/102020~1/bin/../lib/gcc/arm-none-eabi/10.2.1/../../../../arm-none-eabi/lib/thumb/v6-m/nofp\libg.a(lib_a-mallocr.o)
                0x20000abc                __malloc_current_mallinfo
 .bss.__malloc_max_sbrked_mem
                0x20000ae4        0x4 c:/progra~2/gnuarm~1/102020~1/bin/../lib/gcc/arm-none-eabi/10.2.1/../../../../arm-none-eabi/lib/thumb/v6-m/nofp\libg.a(lib_a-mallocr.o)
                0x20000ae4                __malloc_max_sbrked_mem
 .bss.__malloc_max_total_mem
                0x20000ae8        0x4 c:/progra~2/gnuarm~1/102020~1/bin/../lib/gcc/arm-none-eabi/10.2.1/../../../../arm-none-eabi/lib/thumb/v6-m/nofp\libg.a(lib_a-mallocr.o)
                0x20000ae8                __malloc_max_total_mem
 .bss.__malloc_top_pad
                0x20000aec        0x4 c:/progra~2/gnuarm~1/102020~1/bin/../lib/gcc/arm-none-eabi/10.2.1/../../../../arm-none-eabi/lib/thumb/v6-m/nofp\libg.a(lib_a-mallocr.o)
                0x20000aec                __malloc_top_pad
 .bss.alarm_callbacks
                0x20000af0       0x10 CMakeFiles/7_SegmentDisplay.dir/E_/Pi_Pico/pico-sdk/src/rp2_common/hardware_timer/timer.c.obj
 .bss.configured_freq
                0x20000b00       0x28 CMakeFiles/7_SegmentDisplay.dir/E_/Pi_Pico/pico-sdk/src/rp2_common/hardware_clocks/clocks.c.obj
 .bss.default_alarm_pool
                0x20000b28        0x4 CMakeFiles/7_SegmentDisplay.dir/E_/Pi_Pico/pico-sdk/src/common/pico_time/time.c.obj
 .bss.drivers   0x20000b2c        0x4 CMakeFiles/7_SegmentDisplay.dir/E_/Pi_Pico/pico-sdk/src/rp2_common/pico_stdio/stdio.c.obj
 .bss.errno     0x20000b30        0x4 c:/progra~2/gnuarm~1/102020~1/bin/../lib/gcc/arm-none-eabi/10.2.1/../../../../arm-none-eabi/lib/thumb/v6-m/nofp\libg.a(lib_a-reent.o)
                0x20000b30                errno
 .bss.filter    0x20000b34        0x4 CMakeFiles/7_SegmentDisplay.dir/E_/Pi_Pico/pico-sdk/src/rp2_common/pico_stdio/stdio.c.obj
 .bss.heap_end.0
                0x20000b38        0x4 CMakeFiles/7_SegmentDisplay.dir/E_/Pi_Pico/pico-sdk/src/rp2_common/pico_runtime/runtime.c.obj
 .bss.pools     0x20000b3c       0x10 CMakeFiles/7_SegmentDisplay.dir/E_/Pi_Pico/pico-sdk/src/common/pico_time/time.c.obj
 .bss.sd_table  0x20000b4c      0x100 CMakeFiles/7_SegmentDisplay.dir/E_/Pi_Pico/pico-sdk/src/rp2_common/pico_double/double_init_rom.c.obj
                0x20000b4c                sd_table
 .bss.sf_clz_func
                0x20000c4c        0x4 CMakeFiles/7_SegmentDisplay.dir/E_/Pi_Pico/pico-sdk/src/rp2_common/pico_float/float_init_rom.c.obj
                0x20000c4c                sf_clz_func
 .bss.sf_table  0x20000c50      0x100 CMakeFiles/7_SegmentDisplay.dir/E_/Pi_Pico/pico-sdk/src/rp2_common/pico_float/float_init_rom.c.obj
                0x20000c50                sf_table
 .bss.target_hi
                0x20000d50       0x10 CMakeFiles/7_SegmentDisplay.dir/E_/Pi_Pico/pico-sdk/src/rp2_common/hardware_timer/timer.c.obj
 .bss.claimed   0x20000d60        0x1 CMakeFiles/7_SegmentDisplay.dir/E_/Pi_Pico/pico-sdk/src/rp2_common/hardware_timer/timer.c.obj
 .bss.irq_hander_chain_free_slot_head
                0x20000d61        0x1 CMakeFiles/7_SegmentDisplay.dir/E_/Pi_Pico/pico-sdk/src/rp2_common/hardware_irq/irq.c.obj
 .bss.number    0x20000d62        0x1 CMakeFiles/7_SegmentDisplay.dir/7_SegmentDisplay.c.obj
                0x20000d62                number
 .bss.timer_callbacks_pending
                0x20000d63        0x1 CMakeFiles/7_SegmentDisplay.dir/E_/Pi_Pico/pico-sdk/src/rp2_common/hardware_timer/timer.c.obj
 *(COMMON)
                0x20000d64                . = ALIGN (0x4)
                0x20000d64                __bss_end__ = .

.heap           0x20000d64      0x800
                0x20000d64                __end__ = .
                0x20000d64                end = __end__
 *(.heap*)
 .heap          0x20000d64      0x800 CMakeFiles/7_SegmentDisplay.dir/E_/Pi_Pico/pico-sdk/src/rp2_common/pico_standard_link/crt0.S.obj
                0x20001564                __HeapLimit = .

.stack1_dummy   0x20040000        0x0
 *(.stack1*)

.stack_dummy    0x20041000      0x800
 *(.stack*)
 .stack         0x20041000      0x800 CMakeFiles/7_SegmentDisplay.dir/E_/Pi_Pico/pico-sdk/src/rp2_common/pico_standard_link/crt0.S.obj

.flash_end      0x10005f80        0x0
                0x10005f80                __flash_binary_end = .
                0x20040000                __StackLimit = (ORIGIN (RAM) + LENGTH (RAM))
                0x20041000                __StackOneTop = (ORIGIN (SCRATCH_X) + LENGTH (SCRATCH_X))
                0x20042000                __StackTop = (ORIGIN (SCRATCH_Y) + LENGTH (SCRATCH_Y))
                0x20041000                __StackOneBottom = (__StackOneTop - SIZEOF (.stack1_dummy))
                0x20041800                __StackBottom = (__StackTop - SIZEOF (.stack_dummy))
                0x20042000                PROVIDE (__stack = __StackTop)
                0x00000001                ASSERT ((__StackLimit >= __HeapLimit), region RAM overflowed)
                0x00000001                ASSERT (((__binary_info_header_end - __logical_binary_start) <= 0x100), Binary info must be in first 256 bytes of the binary)
LOAD CMakeFiles/7_SegmentDisplay.dir/7_SegmentDisplay.c.obj
LOAD CMakeFiles/7_SegmentDisplay.dir/E_/Pi_Pico/pico-sdk/src/rp2_common/pico_stdlib/stdlib.c.obj
LOAD CMakeFiles/7_SegmentDisplay.dir/E_/Pi_Pico/pico-sdk/src/rp2_common/hardware_gpio/gpio.c.obj
LOAD CMakeFiles/7_SegmentDisplay.dir/E_/Pi_Pico/pico-sdk/src/rp2_common/hardware_claim/claim.c.obj
LOAD CMakeFiles/7_SegmentDisplay.dir/E_/Pi_Pico/pico-sdk/src/rp2_common/hardware_sync/sync.c.obj
LOAD CMakeFiles/7_SegmentDisplay.dir/E_/Pi_Pico/pico-sdk/src/rp2_common/pico_platform/platform.c.obj
LOAD CMakeFiles/7_SegmentDisplay.dir/E_/Pi_Pico/pico-sdk/src/rp2_common/hardware_uart/uart.c.obj
LOAD CMakeFiles/7_SegmentDisplay.dir/E_/Pi_Pico/pico-sdk/src/rp2_common/hardware_divider/divider.S.obj
LOAD CMakeFiles/7_SegmentDisplay.dir/E_/Pi_Pico/pico-sdk/src/common/pico_time/time.c.obj
LOAD CMakeFiles/7_SegmentDisplay.dir/E_/Pi_Pico/pico-sdk/src/common/pico_time/timeout_helper.c.obj
LOAD CMakeFiles/7_SegmentDisplay.dir/E_/Pi_Pico/pico-sdk/src/rp2_common/hardware_timer/timer.c.obj
LOAD CMakeFiles/7_SegmentDisplay.dir/E_/Pi_Pico/pico-sdk/src/common/pico_sync/sem.c.obj
LOAD CMakeFiles/7_SegmentDisplay.dir/E_/Pi_Pico/pico-sdk/src/common/pico_sync/lock_core.c.obj
LOAD CMakeFiles/7_SegmentDisplay.dir/E_/Pi_Pico/pico-sdk/src/common/pico_sync/mutex.c.obj
LOAD CMakeFiles/7_SegmentDisplay.dir/E_/Pi_Pico/pico-sdk/src/common/pico_sync/critical_section.c.obj
LOAD CMakeFiles/7_SegmentDisplay.dir/E_/Pi_Pico/pico-sdk/src/common/pico_util/datetime.c.obj
LOAD CMakeFiles/7_SegmentDisplay.dir/E_/Pi_Pico/pico-sdk/src/common/pico_util/pheap.c.obj
LOAD CMakeFiles/7_SegmentDisplay.dir/E_/Pi_Pico/pico-sdk/src/common/pico_util/queue.c.obj
LOAD CMakeFiles/7_SegmentDisplay.dir/E_/Pi_Pico/pico-sdk/src/rp2_common/pico_runtime/runtime.c.obj
LOAD CMakeFiles/7_SegmentDisplay.dir/E_/Pi_Pico/pico-sdk/src/rp2_common/hardware_clocks/clocks.c.obj
LOAD CMakeFiles/7_SegmentDisplay.dir/E_/Pi_Pico/pico-sdk/src/rp2_common/hardware_watchdog/watchdog.c.obj
LOAD CMakeFiles/7_SegmentDisplay.dir/E_/Pi_Pico/pico-sdk/src/rp2_common/hardware_xosc/xosc.c.obj
LOAD CMakeFiles/7_SegmentDisplay.dir/E_/Pi_Pico/pico-sdk/src/rp2_common/hardware_pll/pll.c.obj
LOAD CMakeFiles/7_SegmentDisplay.dir/E_/Pi_Pico/pico-sdk/src/rp2_common/hardware_vreg/vreg.c.obj
LOAD CMakeFiles/7_SegmentDisplay.dir/E_/Pi_Pico/pico-sdk/src/rp2_common/hardware_irq/irq.c.obj
LOAD CMakeFiles/7_SegmentDisplay.dir/E_/Pi_Pico/pico-sdk/src/rp2_common/hardware_irq/irq_handler_chain.S.obj
LOAD CMakeFiles/7_SegmentDisplay.dir/E_/Pi_Pico/pico-sdk/src/rp2_common/pico_printf/printf.c.obj
LOAD CMakeFiles/7_SegmentDisplay.dir/E_/Pi_Pico/pico-sdk/src/rp2_common/pico_bit_ops/bit_ops_aeabi.S.obj
LOAD CMakeFiles/7_SegmentDisplay.dir/E_/Pi_Pico/pico-sdk/src/rp2_common/pico_bootrom/bootrom.c.obj
LOAD CMakeFiles/7_SegmentDisplay.dir/E_/Pi_Pico/pico-sdk/src/rp2_common/pico_divider/divider.S.obj
LOAD CMakeFiles/7_SegmentDisplay.dir/E_/Pi_Pico/pico-sdk/src/rp2_common/pico_double/double_aeabi.S.obj
LOAD CMakeFiles/7_SegmentDisplay.dir/E_/Pi_Pico/pico-sdk/src/rp2_common/pico_double/double_init_rom.c.obj
LOAD CMakeFiles/7_SegmentDisplay.dir/E_/Pi_Pico/pico-sdk/src/rp2_common/pico_double/double_math.c.obj
LOAD CMakeFiles/7_SegmentDisplay.dir/E_/Pi_Pico/pico-sdk/src/rp2_common/pico_double/double_v1_rom_shim.S.obj
LOAD CMakeFiles/7_SegmentDisplay.dir/E_/Pi_Pico/pico-sdk/src/rp2_common/pico_int64_ops/pico_int64_ops_aeabi.S.obj
LOAD CMakeFiles/7_SegmentDisplay.dir/E_/Pi_Pico/pico-sdk/src/rp2_common/pico_float/float_aeabi.S.obj
LOAD CMakeFiles/7_SegmentDisplay.dir/E_/Pi_Pico/pico-sdk/src/rp2_common/pico_float/float_init_rom.c.obj
LOAD CMakeFiles/7_SegmentDisplay.dir/E_/Pi_Pico/pico-sdk/src/rp2_common/pico_float/float_math.c.obj
LOAD CMakeFiles/7_SegmentDisplay.dir/E_/Pi_Pico/pico-sdk/src/rp2_common/pico_float/float_v1_rom_shim.S.obj
LOAD CMakeFiles/7_SegmentDisplay.dir/E_/Pi_Pico/pico-sdk/src/rp2_common/pico_malloc/pico_malloc.c.obj
LOAD CMakeFiles/7_SegmentDisplay.dir/E_/Pi_Pico/pico-sdk/src/rp2_common/pico_mem_ops/mem_ops_aeabi.S.obj
LOAD CMakeFiles/7_SegmentDisplay.dir/E_/Pi_Pico/pico-sdk/src/rp2_common/pico_standard_link/crt0.S.obj
LOAD CMakeFiles/7_SegmentDisplay.dir/E_/Pi_Pico/pico-sdk/src/rp2_common/pico_standard_link/new_delete.cpp.obj
LOAD CMakeFiles/7_SegmentDisplay.dir/E_/Pi_Pico/pico-sdk/src/rp2_common/pico_standard_link/binary_info.c.obj
LOAD CMakeFiles/7_SegmentDisplay.dir/E_/Pi_Pico/pico-sdk/src/rp2_common/pico_stdio/stdio.c.obj
LOAD CMakeFiles/7_SegmentDisplay.dir/E_/Pi_Pico/pico-sdk/src/rp2_common/pico_stdio_uart/stdio_uart.c.obj
LOAD C:\Users\Venki\AppData\Local\Temp\cccVjdoa.o
LOAD c:/progra~2/gnuarm~1/102020~1/bin/../lib/gcc/arm-none-eabi/10.2.1/../../../../arm-none-eabi/lib/thumb/v6-m/nofp\libstdc++.a
LOAD c:/progra~2/gnuarm~1/102020~1/bin/../lib/gcc/arm-none-eabi/10.2.1/../../../../arm-none-eabi/lib/thumb/v6-m/nofp\libm.a
START GROUP
LOAD c:/progra~2/gnuarm~1/102020~1/bin/../lib/gcc/arm-none-eabi/10.2.1/thumb/v6-m/nofp\libgcc.a
LOAD c:/progra~2/gnuarm~1/102020~1/bin/../lib/gcc/arm-none-eabi/10.2.1/../../../../arm-none-eabi/lib/thumb/v6-m/nofp\libg.a
LOAD c:/progra~2/gnuarm~1/102020~1/bin/../lib/gcc/arm-none-eabi/10.2.1/../../../../arm-none-eabi/lib/thumb/v6-m/nofp\libc.a
END GROUP
START GROUP
LOAD c:/progra~2/gnuarm~1/102020~1/bin/../lib/gcc/arm-none-eabi/10.2.1/thumb/v6-m/nofp\libgcc.a
LOAD c:/progra~2/gnuarm~1/102020~1/bin/../lib/gcc/arm-none-eabi/10.2.1/../../../../arm-none-eabi/lib/thumb/v6-m/nofp\libc.a
LOAD c:/progra~2/gnuarm~1/102020~1/bin/../lib/gcc/arm-none-eabi/10.2.1/../../../../arm-none-eabi/lib/thumb/v6-m/nofp\libnosys.a
END GROUP
LOAD c:/progra~2/gnuarm~1/102020~1/bin/../lib/gcc/arm-none-eabi/10.2.1/thumb/v6-m/nofp/crtend.o
LOAD c:/progra~2/gnuarm~1/102020~1/bin/../lib/gcc/arm-none-eabi/10.2.1/thumb/v6-m/nofp/crtn.o
OUTPUT(7_SegmentDisplay.elf elf32-littlearm)
LOAD linker stubs

.ARM.attributes
                0x00000000       0x28
 .ARM.attributes
                0x00000000       0x1e c:/progra~2/gnuarm~1/102020~1/bin/../lib/gcc/arm-none-eabi/10.2.1/thumb/v6-m/nofp/crti.o
 .ARM.attributes
                0x0000001e       0x2c c:/progra~2/gnuarm~1/102020~1/bin/../lib/gcc/arm-none-eabi/10.2.1/thumb/v6-m/nofp/crtbegin.o
 .ARM.attributes
                0x0000004a       0x2b CMakeFiles/7_SegmentDisplay.dir/7_SegmentDisplay.c.obj
 .ARM.attributes
                0x00000075       0x2b CMakeFiles/7_SegmentDisplay.dir/E_/Pi_Pico/pico-sdk/src/rp2_common/hardware_gpio/gpio.c.obj
 .ARM.attributes
                0x000000a0       0x2b CMakeFiles/7_SegmentDisplay.dir/E_/Pi_Pico/pico-sdk/src/rp2_common/hardware_claim/claim.c.obj
 .ARM.attributes
                0x000000cb       0x2b CMakeFiles/7_SegmentDisplay.dir/E_/Pi_Pico/pico-sdk/src/rp2_common/hardware_sync/sync.c.obj
 .ARM.attributes
                0x000000f6       0x2b CMakeFiles/7_SegmentDisplay.dir/E_/Pi_Pico/pico-sdk/src/rp2_common/pico_platform/platform.c.obj
 .ARM.attributes
                0x00000121       0x2b CMakeFiles/7_SegmentDisplay.dir/E_/Pi_Pico/pico-sdk/src/common/pico_time/time.c.obj
 .ARM.attributes
                0x0000014c       0x2b CMakeFiles/7_SegmentDisplay.dir/E_/Pi_Pico/pico-sdk/src/rp2_common/hardware_timer/timer.c.obj
 .ARM.attributes
                0x00000177       0x2b CMakeFiles/7_SegmentDisplay.dir/E_/Pi_Pico/pico-sdk/src/common/pico_sync/lock_core.c.obj
 .ARM.attributes
                0x000001a2       0x2b CMakeFiles/7_SegmentDisplay.dir/E_/Pi_Pico/pico-sdk/src/common/pico_sync/mutex.c.obj
 .ARM.attributes
                0x000001cd       0x2b CMakeFiles/7_SegmentDisplay.dir/E_/Pi_Pico/pico-sdk/src/common/pico_util/pheap.c.obj
 .ARM.attributes
                0x000001f8       0x2b CMakeFiles/7_SegmentDisplay.dir/E_/Pi_Pico/pico-sdk/src/rp2_common/pico_runtime/runtime.c.obj
 .ARM.attributes
                0x00000223       0x2b CMakeFiles/7_SegmentDisplay.dir/E_/Pi_Pico/pico-sdk/src/rp2_common/hardware_clocks/clocks.c.obj
 .ARM.attributes
                0x0000024e       0x2b CMakeFiles/7_SegmentDisplay.dir/E_/Pi_Pico/pico-sdk/src/rp2_common/hardware_watchdog/watchdog.c.obj
 .ARM.attributes
                0x00000279       0x2b CMakeFiles/7_SegmentDisplay.dir/E_/Pi_Pico/pico-sdk/src/rp2_common/hardware_xosc/xosc.c.obj
 .ARM.attributes
                0x000002a4       0x2b CMakeFiles/7_SegmentDisplay.dir/E_/Pi_Pico/pico-sdk/src/rp2_common/hardware_pll/pll.c.obj
 .ARM.attributes
                0x000002cf       0x2b CMakeFiles/7_SegmentDisplay.dir/E_/Pi_Pico/pico-sdk/src/rp2_common/hardware_irq/irq.c.obj
 .ARM.attributes
                0x000002fa       0x22 CMakeFiles/7_SegmentDisplay.dir/E_/Pi_Pico/pico-sdk/src/rp2_common/hardware_irq/irq_handler_chain.S.obj
 .ARM.attributes
                0x0000031c       0x2b CMakeFiles/7_SegmentDisplay.dir/E_/Pi_Pico/pico-sdk/src/rp2_common/pico_printf/printf.c.obj
 .ARM.attributes
                0x00000347       0x22 CMakeFiles/7_SegmentDisplay.dir/E_/Pi_Pico/pico-sdk/src/rp2_common/pico_bit_ops/bit_ops_aeabi.S.obj
 .ARM.attributes
                0x00000369       0x2b CMakeFiles/7_SegmentDisplay.dir/E_/Pi_Pico/pico-sdk/src/rp2_common/pico_bootrom/bootrom.c.obj
 .ARM.attributes
                0x00000394       0x22 CMakeFiles/7_SegmentDisplay.dir/E_/Pi_Pico/pico-sdk/src/rp2_common/pico_divider/divider.S.obj
 .ARM.attributes
                0x000003b6       0x22 CMakeFiles/7_SegmentDisplay.dir/E_/Pi_Pico/pico-sdk/src/rp2_common/pico_double/double_aeabi.S.obj
 .ARM.attributes
                0x000003d8       0x2b CMakeFiles/7_SegmentDisplay.dir/E_/Pi_Pico/pico-sdk/src/rp2_common/pico_double/double_init_rom.c.obj
 .ARM.attributes
                0x00000403       0x22 CMakeFiles/7_SegmentDisplay.dir/E_/Pi_Pico/pico-sdk/src/rp2_common/pico_double/double_v1_rom_shim.S.obj
 .ARM.attributes
                0x00000425       0x22 CMakeFiles/7_SegmentDisplay.dir/E_/Pi_Pico/pico-sdk/src/rp2_common/pico_int64_ops/pico_int64_ops_aeabi.S.obj
 .ARM.attributes
                0x00000447       0x22 CMakeFiles/7_SegmentDisplay.dir/E_/Pi_Pico/pico-sdk/src/rp2_common/pico_float/float_aeabi.S.obj
 .ARM.attributes
                0x00000469       0x2b CMakeFiles/7_SegmentDisplay.dir/E_/Pi_Pico/pico-sdk/src/rp2_common/pico_float/float_init_rom.c.obj
 .ARM.attributes
                0x00000494       0x22 CMakeFiles/7_SegmentDisplay.dir/E_/Pi_Pico/pico-sdk/src/rp2_common/pico_float/float_v1_rom_shim.S.obj
 .ARM.attributes
                0x000004b6       0x2b CMakeFiles/7_SegmentDisplay.dir/E_/Pi_Pico/pico-sdk/src/rp2_common/pico_malloc/pico_malloc.c.obj
 .ARM.attributes
                0x000004e1       0x22 CMakeFiles/7_SegmentDisplay.dir/E_/Pi_Pico/pico-sdk/src/rp2_common/pico_mem_ops/mem_ops_aeabi.S.obj
 .ARM.attributes
                0x00000503       0x22 CMakeFiles/7_SegmentDisplay.dir/E_/Pi_Pico/pico-sdk/src/rp2_common/pico_standard_link/crt0.S.obj
 .ARM.attributes
                0x00000525       0x32 CMakeFiles/7_SegmentDisplay.dir/E_/Pi_Pico/pico-sdk/src/rp2_common/pico_standard_link/binary_info.c.obj
 .ARM.attributes
                0x00000557       0x2b CMakeFiles/7_SegmentDisplay.dir/E_/Pi_Pico/pico-sdk/src/rp2_common/pico_stdio/stdio.c.obj
 .ARM.attributes
                0x00000582       0x22 C:\Users\Venki\AppData\Local\Temp\cccVjdoa.o
 .ARM.attributes
                0x000005a4       0x1e c:/progra~2/gnuarm~1/102020~1/bin/../lib/gcc/arm-none-eabi/10.2.1/thumb/v6-m/nofp\libgcc.a(_dvmd_tls.o)
 .ARM.attributes
                0x000005c2       0x2c c:/progra~2/gnuarm~1/102020~1/bin/../lib/gcc/arm-none-eabi/10.2.1/../../../../arm-none-eabi/lib/thumb/v6-m/nofp\libg.a(lib_a-calloc.o)
 .ARM.attributes
                0x000005ee       0x2c c:/progra~2/gnuarm~1/102020~1/bin/../lib/gcc/arm-none-eabi/10.2.1/../../../../arm-none-eabi/lib/thumb/v6-m/nofp\libg.a(lib_a-callocr.o)
 .ARM.attributes
                0x0000061a       0x2c c:/progra~2/gnuarm~1/102020~1/bin/../lib/gcc/arm-none-eabi/10.2.1/../../../../arm-none-eabi/lib/thumb/v6-m/nofp\libg.a(lib_a-impure.o)
 .ARM.attributes
                0x00000646       0x2c c:/progra~2/gnuarm~1/102020~1/bin/../lib/gcc/arm-none-eabi/10.2.1/../../../../arm-none-eabi/lib/thumb/v6-m/nofp\libg.a(lib_a-malloc.o)
 .ARM.attributes
                0x00000672       0x2c c:/progra~2/gnuarm~1/102020~1/bin/../lib/gcc/arm-none-eabi/10.2.1/../../../../arm-none-eabi/lib/thumb/v6-m/nofp\libg.a(lib_a-mallocr.o)
 .ARM.attributes
                0x0000069e       0x2c c:/progra~2/gnuarm~1/102020~1/bin/../lib/gcc/arm-none-eabi/10.2.1/../../../../arm-none-eabi/lib/thumb/v6-m/nofp\libg.a(lib_a-mlock.o)
 .ARM.attributes
                0x000006ca       0x2c c:/progra~2/gnuarm~1/102020~1/bin/../lib/gcc/arm-none-eabi/10.2.1/../../../../arm-none-eabi/lib/thumb/v6-m/nofp\libg.a(lib_a-sbrkr.o)
 .ARM.attributes
                0x000006f6       0x2c c:/progra~2/gnuarm~1/102020~1/bin/../lib/gcc/arm-none-eabi/10.2.1/../../../../arm-none-eabi/lib/thumb/v6-m/nofp\libg.a(lib_a-strlen-stub.o)
 .ARM.attributes
                0x00000722       0x2c c:/progra~2/gnuarm~1/102020~1/bin/../lib/gcc/arm-none-eabi/10.2.1/../../../../arm-none-eabi/lib/thumb/v6-m/nofp\libg.a(lib_a-freer.o)
 .ARM.attributes
                0x0000074e       0x2c c:/progra~2/gnuarm~1/102020~1/bin/../lib/gcc/arm-none-eabi/10.2.1/../../../../arm-none-eabi/lib/thumb/v6-m/nofp\libg.a(lib_a-lock.o)
 .ARM.attributes
                0x0000077a       0x2c c:/progra~2/gnuarm~1/102020~1/bin/../lib/gcc/arm-none-eabi/10.2.1/../../../../arm-none-eabi/lib/thumb/v6-m/nofp\libg.a(lib_a-reent.o)

.comment        0x00000000       0x4d
 .comment       0x00000000       0x4d CMakeFiles/7_SegmentDisplay.dir/7_SegmentDisplay.c.obj
                                 0x4e (size before relaxing)
 .comment       0x0000004d       0x4e CMakeFiles/7_SegmentDisplay.dir/E_/Pi_Pico/pico-sdk/src/rp2_common/hardware_gpio/gpio.c.obj
 .comment       0x0000004d       0x4e CMakeFiles/7_SegmentDisplay.dir/E_/Pi_Pico/pico-sdk/src/rp2_common/hardware_claim/claim.c.obj
 .comment       0x0000004d       0x4e CMakeFiles/7_SegmentDisplay.dir/E_/Pi_Pico/pico-sdk/src/rp2_common/hardware_sync/sync.c.obj
 .comment       0x0000004d       0x4e CMakeFiles/7_SegmentDisplay.dir/E_/Pi_Pico/pico-sdk/src/rp2_common/pico_platform/platform.c.obj
 .comment       0x0000004d       0x4e CMakeFiles/7_SegmentDisplay.dir/E_/Pi_Pico/pico-sdk/src/common/pico_time/time.c.obj
 .comment       0x0000004d       0x4e CMakeFiles/7_SegmentDisplay.dir/E_/Pi_Pico/pico-sdk/src/rp2_common/hardware_timer/timer.c.obj
 .comment       0x0000004d       0x4e CMakeFiles/7_SegmentDisplay.dir/E_/Pi_Pico/pico-sdk/src/common/pico_sync/lock_core.c.obj
 .comment       0x0000004d       0x4e CMakeFiles/7_SegmentDisplay.dir/E_/Pi_Pico/pico-sdk/src/common/pico_sync/mutex.c.obj
 .comment       0x0000004d       0x4e CMakeFiles/7_SegmentDisplay.dir/E_/Pi_Pico/pico-sdk/src/common/pico_util/pheap.c.obj
 .comment       0x0000004d       0x4e CMakeFiles/7_SegmentDisplay.dir/E_/Pi_Pico/pico-sdk/src/rp2_common/pico_runtime/runtime.c.obj
 .comment       0x0000004d       0x4e CMakeFiles/7_SegmentDisplay.dir/E_/Pi_Pico/pico-sdk/src/rp2_common/hardware_clocks/clocks.c.obj
 .comment       0x0000004d       0x4e CMakeFiles/7_SegmentDisplay.dir/E_/Pi_Pico/pico-sdk/src/rp2_common/hardware_watchdog/watchdog.c.obj
 .comment       0x0000004d       0x4e CMakeFiles/7_SegmentDisplay.dir/E_/Pi_Pico/pico-sdk/src/rp2_common/hardware_xosc/xosc.c.obj
 .comment       0x0000004d       0x4e CMakeFiles/7_SegmentDisplay.dir/E_/Pi_Pico/pico-sdk/src/rp2_common/hardware_pll/pll.c.obj
 .comment       0x0000004d       0x4e CMakeFiles/7_SegmentDisplay.dir/E_/Pi_Pico/pico-sdk/src/rp2_common/hardware_irq/irq.c.obj
 .comment       0x0000004d       0x4e CMakeFiles/7_SegmentDisplay.dir/E_/Pi_Pico/pico-sdk/src/rp2_common/pico_printf/printf.c.obj
 .comment       0x0000004d       0x4e CMakeFiles/7_SegmentDisplay.dir/E_/Pi_Pico/pico-sdk/src/rp2_common/pico_bootrom/bootrom.c.obj
 .comment       0x0000004d       0x4e CMakeFiles/7_SegmentDisplay.dir/E_/Pi_Pico/pico-sdk/src/rp2_common/pico_double/double_init_rom.c.obj
 .comment       0x0000004d       0x4e CMakeFiles/7_SegmentDisplay.dir/E_/Pi_Pico/pico-sdk/src/rp2_common/pico_float/float_init_rom.c.obj
 .comment       0x0000004d       0x4e CMakeFiles/7_SegmentDisplay.dir/E_/Pi_Pico/pico-sdk/src/rp2_common/pico_malloc/pico_malloc.c.obj
 .comment       0x0000004d       0x4e CMakeFiles/7_SegmentDisplay.dir/E_/Pi_Pico/pico-sdk/src/rp2_common/pico_standard_link/binary_info.c.obj
 .comment       0x0000004d       0x4e CMakeFiles/7_SegmentDisplay.dir/E_/Pi_Pico/pico-sdk/src/rp2_common/pico_stdio/stdio.c.obj

.debug_info     0x00000000     0xfc6e
 .debug_info    0x00000000      0x670 CMakeFiles/7_SegmentDisplay.dir/7_SegmentDisplay.c.obj
 .debug_info    0x00000670     0x1141 CMakeFiles/7_SegmentDisplay.dir/E_/Pi_Pico/pico-sdk/src/rp2_common/hardware_gpio/gpio.c.obj
 .debug_info    0x000017b1      0x620 CMakeFiles/7_SegmentDisplay.dir/E_/Pi_Pico/pico-sdk/src/rp2_common/hardware_claim/claim.c.obj
 .debug_info    0x00001dd1      0x4a5 CMakeFiles/7_SegmentDisplay.dir/E_/Pi_Pico/pico-sdk/src/rp2_common/hardware_sync/sync.c.obj
 .debug_info    0x00002276      0x1d5 CMakeFiles/7_SegmentDisplay.dir/E_/Pi_Pico/pico-sdk/src/rp2_common/pico_platform/platform.c.obj
 .debug_info    0x0000244b     0x3349 CMakeFiles/7_SegmentDisplay.dir/E_/Pi_Pico/pico-sdk/src/common/pico_time/time.c.obj
 .debug_info    0x00005794      0xf9d CMakeFiles/7_SegmentDisplay.dir/E_/Pi_Pico/pico-sdk/src/rp2_common/hardware_timer/timer.c.obj
 .debug_info    0x00006731      0x1c5 CMakeFiles/7_SegmentDisplay.dir/E_/Pi_Pico/pico-sdk/src/common/pico_sync/lock_core.c.obj
 .debug_info    0x000068f6      0xd50 CMakeFiles/7_SegmentDisplay.dir/E_/Pi_Pico/pico-sdk/src/common/pico_sync/mutex.c.obj
 .debug_info    0x00007646     0x1164 CMakeFiles/7_SegmentDisplay.dir/E_/Pi_Pico/pico-sdk/src/common/pico_util/pheap.c.obj
 .debug_info    0x000087aa      0x986 CMakeFiles/7_SegmentDisplay.dir/E_/Pi_Pico/pico-sdk/src/rp2_common/pico_runtime/runtime.c.obj
 .debug_info    0x00009130     0x1068 CMakeFiles/7_SegmentDisplay.dir/E_/Pi_Pico/pico-sdk/src/rp2_common/hardware_clocks/clocks.c.obj
 .debug_info    0x0000a198      0x49c CMakeFiles/7_SegmentDisplay.dir/E_/Pi_Pico/pico-sdk/src/rp2_common/hardware_watchdog/watchdog.c.obj
 .debug_info    0x0000a634      0x214 CMakeFiles/7_SegmentDisplay.dir/E_/Pi_Pico/pico-sdk/src/rp2_common/hardware_xosc/xosc.c.obj
 .debug_info    0x0000a848      0x3c1 CMakeFiles/7_SegmentDisplay.dir/E_/Pi_Pico/pico-sdk/src/rp2_common/hardware_pll/pll.c.obj
 .debug_info    0x0000ac09     0x1807 CMakeFiles/7_SegmentDisplay.dir/E_/Pi_Pico/pico-sdk/src/rp2_common/hardware_irq/irq.c.obj
 .debug_info    0x0000c410       0x26 CMakeFiles/7_SegmentDisplay.dir/E_/Pi_Pico/pico-sdk/src/rp2_common/hardware_irq/irq_handler_chain.S.obj
 .debug_info    0x0000c436     0x1a32 CMakeFiles/7_SegmentDisplay.dir/E_/Pi_Pico/pico-sdk/src/rp2_common/pico_printf/printf.c.obj
 .debug_info    0x0000de68       0x22 CMakeFiles/7_SegmentDisplay.dir/E_/Pi_Pico/pico-sdk/src/rp2_common/pico_bit_ops/bit_ops_aeabi.S.obj
 .debug_info    0x0000de8a      0x231 CMakeFiles/7_SegmentDisplay.dir/E_/Pi_Pico/pico-sdk/src/rp2_common/pico_bootrom/bootrom.c.obj
 .debug_info    0x0000e0bb       0x22 CMakeFiles/7_SegmentDisplay.dir/E_/Pi_Pico/pico-sdk/src/rp2_common/pico_divider/divider.S.obj
 .debug_info    0x0000e0dd       0x22 CMakeFiles/7_SegmentDisplay.dir/E_/Pi_Pico/pico-sdk/src/rp2_common/pico_double/double_aeabi.S.obj
 .debug_info    0x0000e0ff      0x2a0 CMakeFiles/7_SegmentDisplay.dir/E_/Pi_Pico/pico-sdk/src/rp2_common/pico_double/double_init_rom.c.obj
 .debug_info    0x0000e39f       0x22 CMakeFiles/7_SegmentDisplay.dir/E_/Pi_Pico/pico-sdk/src/rp2_common/pico_double/double_v1_rom_shim.S.obj
 .debug_info    0x0000e3c1       0x26 CMakeFiles/7_SegmentDisplay.dir/E_/Pi_Pico/pico-sdk/src/rp2_common/pico_int64_ops/pico_int64_ops_aeabi.S.obj
 .debug_info    0x0000e3e7       0x22 CMakeFiles/7_SegmentDisplay.dir/E_/Pi_Pico/pico-sdk/src/rp2_common/pico_float/float_aeabi.S.obj
 .debug_info    0x0000e409      0x2ef CMakeFiles/7_SegmentDisplay.dir/E_/Pi_Pico/pico-sdk/src/rp2_common/pico_float/float_init_rom.c.obj
 .debug_info    0x0000e6f8       0x22 CMakeFiles/7_SegmentDisplay.dir/E_/Pi_Pico/pico-sdk/src/rp2_common/pico_float/float_v1_rom_shim.S.obj
 .debug_info    0x0000e71a      0x1e7 CMakeFiles/7_SegmentDisplay.dir/E_/Pi_Pico/pico-sdk/src/rp2_common/pico_malloc/pico_malloc.c.obj
 .debug_info    0x0000e901       0x22 CMakeFiles/7_SegmentDisplay.dir/E_/Pi_Pico/pico-sdk/src/rp2_common/pico_mem_ops/mem_ops_aeabi.S.obj
 .debug_info    0x0000e923       0x22 CMakeFiles/7_SegmentDisplay.dir/E_/Pi_Pico/pico-sdk/src/rp2_common/pico_standard_link/crt0.S.obj
 .debug_info    0x0000e945      0x2c5 CMakeFiles/7_SegmentDisplay.dir/E_/Pi_Pico/pico-sdk/src/rp2_common/pico_standard_link/binary_info.c.obj
 .debug_info    0x0000ec0a     0x1064 CMakeFiles/7_SegmentDisplay.dir/E_/Pi_Pico/pico-sdk/src/rp2_common/pico_stdio/stdio.c.obj

.debug_abbrev   0x00000000     0x38bf
 .debug_abbrev  0x00000000      0x1fe CMakeFiles/7_SegmentDisplay.dir/7_SegmentDisplay.c.obj
 .debug_abbrev  0x000001fe      0x309 CMakeFiles/7_SegmentDisplay.dir/E_/Pi_Pico/pico-sdk/src/rp2_common/hardware_gpio/gpio.c.obj
 .debug_abbrev  0x00000507      0x276 CMakeFiles/7_SegmentDisplay.dir/E_/Pi_Pico/pico-sdk/src/rp2_common/hardware_claim/claim.c.obj
 .debug_abbrev  0x0000077d      0x212 CMakeFiles/7_SegmentDisplay.dir/E_/Pi_Pico/pico-sdk/src/rp2_common/hardware_sync/sync.c.obj
 .debug_abbrev  0x0000098f       0xe7 CMakeFiles/7_SegmentDisplay.dir/E_/Pi_Pico/pico-sdk/src/rp2_common/pico_platform/platform.c.obj
 .debug_abbrev  0x00000a76      0x54b CMakeFiles/7_SegmentDisplay.dir/E_/Pi_Pico/pico-sdk/src/common/pico_time/time.c.obj
 .debug_abbrev  0x00000fc1      0x34c CMakeFiles/7_SegmentDisplay.dir/E_/Pi_Pico/pico-sdk/src/rp2_common/hardware_timer/timer.c.obj
 .debug_abbrev  0x0000130d      0x133 CMakeFiles/7_SegmentDisplay.dir/E_/Pi_Pico/pico-sdk/src/common/pico_sync/lock_core.c.obj
 .debug_abbrev  0x00001440      0x32b CMakeFiles/7_SegmentDisplay.dir/E_/Pi_Pico/pico-sdk/src/common/pico_sync/mutex.c.obj
 .debug_abbrev  0x0000176b      0x297 CMakeFiles/7_SegmentDisplay.dir/E_/Pi_Pico/pico-sdk/src/common/pico_util/pheap.c.obj
 .debug_abbrev  0x00001a02      0x348 CMakeFiles/7_SegmentDisplay.dir/E_/Pi_Pico/pico-sdk/src/rp2_common/pico_runtime/runtime.c.obj
 .debug_abbrev  0x00001d4a      0x386 CMakeFiles/7_SegmentDisplay.dir/E_/Pi_Pico/pico-sdk/src/rp2_common/hardware_clocks/clocks.c.obj
 .debug_abbrev  0x000020d0      0x1b1 CMakeFiles/7_SegmentDisplay.dir/E_/Pi_Pico/pico-sdk/src/rp2_common/hardware_watchdog/watchdog.c.obj
 .debug_abbrev  0x00002281      0x12c CMakeFiles/7_SegmentDisplay.dir/E_/Pi_Pico/pico-sdk/src/rp2_common/hardware_xosc/xosc.c.obj
 .debug_abbrev  0x000023ad      0x1bc CMakeFiles/7_SegmentDisplay.dir/E_/Pi_Pico/pico-sdk/src/rp2_common/hardware_pll/pll.c.obj
 .debug_abbrev  0x00002569      0x494 CMakeFiles/7_SegmentDisplay.dir/E_/Pi_Pico/pico-sdk/src/rp2_common/hardware_irq/irq.c.obj
 .debug_abbrev  0x000029fd       0x14 CMakeFiles/7_SegmentDisplay.dir/E_/Pi_Pico/pico-sdk/src/rp2_common/hardware_irq/irq_handler_chain.S.obj
 .debug_abbrev  0x00002a11      0x384 CMakeFiles/7_SegmentDisplay.dir/E_/Pi_Pico/pico-sdk/src/rp2_common/pico_printf/printf.c.obj
 .debug_abbrev  0x00002d95       0x12 CMakeFiles/7_SegmentDisplay.dir/E_/Pi_Pico/pico-sdk/src/rp2_common/pico_bit_ops/bit_ops_aeabi.S.obj
 .debug_abbrev  0x00002da7       0xf8 CMakeFiles/7_SegmentDisplay.dir/E_/Pi_Pico/pico-sdk/src/rp2_common/pico_bootrom/bootrom.c.obj
 .debug_abbrev  0x00002e9f       0x12 CMakeFiles/7_SegmentDisplay.dir/E_/Pi_Pico/pico-sdk/src/rp2_common/pico_divider/divider.S.obj
 .debug_abbrev  0x00002eb1       0x12 CMakeFiles/7_SegmentDisplay.dir/E_/Pi_Pico/pico-sdk/src/rp2_common/pico_double/double_aeabi.S.obj
 .debug_abbrev  0x00002ec3      0x162 CMakeFiles/7_SegmentDisplay.dir/E_/Pi_Pico/pico-sdk/src/rp2_common/pico_double/double_init_rom.c.obj
 .debug_abbrev  0x00003025       0x12 CMakeFiles/7_SegmentDisplay.dir/E_/Pi_Pico/pico-sdk/src/rp2_common/pico_double/double_v1_rom_shim.S.obj
 .debug_abbrev  0x00003037       0x14 CMakeFiles/7_SegmentDisplay.dir/E_/Pi_Pico/pico-sdk/src/rp2_common/pico_int64_ops/pico_int64_ops_aeabi.S.obj
 .debug_abbrev  0x0000304b       0x12 CMakeFiles/7_SegmentDisplay.dir/E_/Pi_Pico/pico-sdk/src/rp2_common/pico_float/float_aeabi.S.obj
 .debug_abbrev  0x0000305d      0x17a CMakeFiles/7_SegmentDisplay.dir/E_/Pi_Pico/pico-sdk/src/rp2_common/pico_float/float_init_rom.c.obj
 .debug_abbrev  0x000031d7       0x12 CMakeFiles/7_SegmentDisplay.dir/E_/Pi_Pico/pico-sdk/src/rp2_common/pico_float/float_v1_rom_shim.S.obj
 .debug_abbrev  0x000031e9      0x111 CMakeFiles/7_SegmentDisplay.dir/E_/Pi_Pico/pico-sdk/src/rp2_common/pico_malloc/pico_malloc.c.obj
 .debug_abbrev  0x000032fa       0x12 CMakeFiles/7_SegmentDisplay.dir/E_/Pi_Pico/pico-sdk/src/rp2_common/pico_mem_ops/mem_ops_aeabi.S.obj
 .debug_abbrev  0x0000330c       0x12 CMakeFiles/7_SegmentDisplay.dir/E_/Pi_Pico/pico-sdk/src/rp2_common/pico_standard_link/crt0.S.obj
 .debug_abbrev  0x0000331e       0xad CMakeFiles/7_SegmentDisplay.dir/E_/Pi_Pico/pico-sdk/src/rp2_common/pico_standard_link/binary_info.c.obj
 .debug_abbrev  0x000033cb      0x4f4 CMakeFiles/7_SegmentDisplay.dir/E_/Pi_Pico/pico-sdk/src/rp2_common/pico_stdio/stdio.c.obj

.debug_loc      0x00000000     0xafbe
 .debug_loc     0x00000000      0x137 CMakeFiles/7_SegmentDisplay.dir/7_SegmentDisplay.c.obj
 .debug_loc     0x00000137      0xafe CMakeFiles/7_SegmentDisplay.dir/E_/Pi_Pico/pico-sdk/src/rp2_common/hardware_gpio/gpio.c.obj
 .debug_loc     0x00000c35      0x457 CMakeFiles/7_SegmentDisplay.dir/E_/Pi_Pico/pico-sdk/src/rp2_common/hardware_claim/claim.c.obj
 .debug_loc     0x0000108c      0x1d7 CMakeFiles/7_SegmentDisplay.dir/E_/Pi_Pico/pico-sdk/src/rp2_common/hardware_sync/sync.c.obj
 .debug_loc     0x00001263       0xe9 CMakeFiles/7_SegmentDisplay.dir/E_/Pi_Pico/pico-sdk/src/rp2_common/pico_platform/platform.c.obj
 .debug_loc     0x0000134c     0x28f8 CMakeFiles/7_SegmentDisplay.dir/E_/Pi_Pico/pico-sdk/src/common/pico_time/time.c.obj
 .debug_loc     0x00003c44      0x831 CMakeFiles/7_SegmentDisplay.dir/E_/Pi_Pico/pico-sdk/src/rp2_common/hardware_timer/timer.c.obj
 .debug_loc     0x00004475       0xa2 CMakeFiles/7_SegmentDisplay.dir/E_/Pi_Pico/pico-sdk/src/common/pico_sync/lock_core.c.obj
 .debug_loc     0x00004517      0x641 CMakeFiles/7_SegmentDisplay.dir/E_/Pi_Pico/pico-sdk/src/common/pico_sync/mutex.c.obj
 .debug_loc     0x00004b58     0x13a5 CMakeFiles/7_SegmentDisplay.dir/E_/Pi_Pico/pico-sdk/src/common/pico_util/pheap.c.obj
 .debug_loc     0x00005efd      0x3d7 CMakeFiles/7_SegmentDisplay.dir/E_/Pi_Pico/pico-sdk/src/rp2_common/pico_runtime/runtime.c.obj
 .debug_loc     0x000062d4      0x890 CMakeFiles/7_SegmentDisplay.dir/E_/Pi_Pico/pico-sdk/src/rp2_common/hardware_clocks/clocks.c.obj
 .debug_loc     0x00006b64      0x267 CMakeFiles/7_SegmentDisplay.dir/E_/Pi_Pico/pico-sdk/src/rp2_common/hardware_watchdog/watchdog.c.obj
 .debug_loc     0x00006dcb       0x71 CMakeFiles/7_SegmentDisplay.dir/E_/Pi_Pico/pico-sdk/src/rp2_common/hardware_xosc/xosc.c.obj
 .debug_loc     0x00006e3c      0x278 CMakeFiles/7_SegmentDisplay.dir/E_/Pi_Pico/pico-sdk/src/rp2_common/hardware_pll/pll.c.obj
 .debug_loc     0x000070b4     0x1240 CMakeFiles/7_SegmentDisplay.dir/E_/Pi_Pico/pico-sdk/src/rp2_common/hardware_irq/irq.c.obj
 .debug_loc     0x000082f4     0x203e CMakeFiles/7_SegmentDisplay.dir/E_/Pi_Pico/pico-sdk/src/rp2_common/pico_printf/printf.c.obj
 .debug_loc     0x0000a332      0x16f CMakeFiles/7_SegmentDisplay.dir/E_/Pi_Pico/pico-sdk/src/rp2_common/pico_bootrom/bootrom.c.obj
 .debug_loc     0x0000a4a1       0x59 CMakeFiles/7_SegmentDisplay.dir/E_/Pi_Pico/pico-sdk/src/rp2_common/pico_double/double_init_rom.c.obj
 .debug_loc     0x0000a4fa       0x73 CMakeFiles/7_SegmentDisplay.dir/E_/Pi_Pico/pico-sdk/src/rp2_common/pico_float/float_init_rom.c.obj
 .debug_loc     0x0000a56d       0xbe CMakeFiles/7_SegmentDisplay.dir/E_/Pi_Pico/pico-sdk/src/rp2_common/pico_malloc/pico_malloc.c.obj
 .debug_loc     0x0000a62b      0x993 CMakeFiles/7_SegmentDisplay.dir/E_/Pi_Pico/pico-sdk/src/rp2_common/pico_stdio/stdio.c.obj

.debug_aranges  0x00000000      0xc60
 .debug_aranges
                0x00000000       0x20 CMakeFiles/7_SegmentDisplay.dir/7_SegmentDisplay.c.obj
 .debug_aranges
                0x00000020       0xa0 CMakeFiles/7_SegmentDisplay.dir/E_/Pi_Pico/pico-sdk/src/rp2_common/hardware_gpio/gpio.c.obj
 .debug_aranges
                0x000000c0       0x48 CMakeFiles/7_SegmentDisplay.dir/E_/Pi_Pico/pico-sdk/src/rp2_common/hardware_claim/claim.c.obj
 .debug_aranges
                0x00000108       0x50 CMakeFiles/7_SegmentDisplay.dir/E_/Pi_Pico/pico-sdk/src/rp2_common/hardware_sync/sync.c.obj
 .debug_aranges
                0x00000158       0x28 CMakeFiles/7_SegmentDisplay.dir/E_/Pi_Pico/pico-sdk/src/rp2_common/pico_platform/platform.c.obj
 .debug_aranges
                0x00000180       0xc8 CMakeFiles/7_SegmentDisplay.dir/E_/Pi_Pico/pico-sdk/src/common/pico_time/time.c.obj
 .debug_aranges
                0x00000248       0x68 CMakeFiles/7_SegmentDisplay.dir/E_/Pi_Pico/pico-sdk/src/rp2_common/hardware_timer/timer.c.obj
 .debug_aranges
                0x000002b0       0x20 CMakeFiles/7_SegmentDisplay.dir/E_/Pi_Pico/pico-sdk/src/common/pico_sync/lock_core.c.obj
 .debug_aranges
                0x000002d0       0x48 CMakeFiles/7_SegmentDisplay.dir/E_/Pi_Pico/pico-sdk/src/common/pico_sync/mutex.c.obj
 .debug_aranges
                0x00000318       0x70 CMakeFiles/7_SegmentDisplay.dir/E_/Pi_Pico/pico-sdk/src/common/pico_util/pheap.c.obj
 .debug_aranges
                0x00000388       0x60 CMakeFiles/7_SegmentDisplay.dir/E_/Pi_Pico/pico-sdk/src/rp2_common/pico_runtime/runtime.c.obj
 .debug_aranges
                0x000003e8       0x70 CMakeFiles/7_SegmentDisplay.dir/E_/Pi_Pico/pico-sdk/src/rp2_common/hardware_clocks/clocks.c.obj
 .debug_aranges
                0x00000458       0x50 CMakeFiles/7_SegmentDisplay.dir/E_/Pi_Pico/pico-sdk/src/rp2_common/hardware_watchdog/watchdog.c.obj
 .debug_aranges
                0x000004a8       0x30 CMakeFiles/7_SegmentDisplay.dir/E_/Pi_Pico/pico-sdk/src/rp2_common/hardware_xosc/xosc.c.obj
 .debug_aranges
                0x000004d8       0x28 CMakeFiles/7_SegmentDisplay.dir/E_/Pi_Pico/pico-sdk/src/rp2_common/hardware_pll/pll.c.obj
 .debug_aranges
                0x00000500       0x90 CMakeFiles/7_SegmentDisplay.dir/E_/Pi_Pico/pico-sdk/src/rp2_common/hardware_irq/irq.c.obj
 .debug_aranges
                0x00000590       0x20 CMakeFiles/7_SegmentDisplay.dir/E_/Pi_Pico/pico-sdk/src/rp2_common/hardware_irq/irq_handler_chain.S.obj
 .debug_aranges
                0x000005b0       0x90 CMakeFiles/7_SegmentDisplay.dir/E_/Pi_Pico/pico-sdk/src/rp2_common/pico_printf/printf.c.obj
 .debug_aranges
                0x00000640       0x68 CMakeFiles/7_SegmentDisplay.dir/E_/Pi_Pico/pico-sdk/src/rp2_common/pico_bit_ops/bit_ops_aeabi.S.obj
 .debug_aranges
                0x000006a8       0x30 CMakeFiles/7_SegmentDisplay.dir/E_/Pi_Pico/pico-sdk/src/rp2_common/pico_bootrom/bootrom.c.obj
 .debug_aranges
                0x000006d8       0x40 CMakeFiles/7_SegmentDisplay.dir/E_/Pi_Pico/pico-sdk/src/rp2_common/pico_divider/divider.S.obj
 .debug_aranges
                0x00000718      0x140 CMakeFiles/7_SegmentDisplay.dir/E_/Pi_Pico/pico-sdk/src/rp2_common/pico_double/double_aeabi.S.obj
 .debug_aranges
                0x00000858       0x20 CMakeFiles/7_SegmentDisplay.dir/E_/Pi_Pico/pico-sdk/src/rp2_common/pico_double/double_init_rom.c.obj
 .debug_aranges
                0x00000878       0xc8 CMakeFiles/7_SegmentDisplay.dir/E_/Pi_Pico/pico-sdk/src/rp2_common/pico_double/double_v1_rom_shim.S.obj
 .debug_aranges
                0x00000940       0x20 CMakeFiles/7_SegmentDisplay.dir/E_/Pi_Pico/pico-sdk/src/rp2_common/pico_int64_ops/pico_int64_ops_aeabi.S.obj
 .debug_aranges
                0x00000960      0x130 CMakeFiles/7_SegmentDisplay.dir/E_/Pi_Pico/pico-sdk/src/rp2_common/pico_float/float_aeabi.S.obj
 .debug_aranges
                0x00000a90       0x20 CMakeFiles/7_SegmentDisplay.dir/E_/Pi_Pico/pico-sdk/src/rp2_common/pico_float/float_init_rom.c.obj
 .debug_aranges
                0x00000ab0       0x50 CMakeFiles/7_SegmentDisplay.dir/E_/Pi_Pico/pico-sdk/src/rp2_common/pico_float/float_v1_rom_shim.S.obj
 .debug_aranges
                0x00000b00       0x30 CMakeFiles/7_SegmentDisplay.dir/E_/Pi_Pico/pico-sdk/src/rp2_common/pico_malloc/pico_malloc.c.obj
 .debug_aranges
                0x00000b30       0x38 CMakeFiles/7_SegmentDisplay.dir/E_/Pi_Pico/pico-sdk/src/rp2_common/pico_mem_ops/mem_ops_aeabi.S.obj
 .debug_aranges
                0x00000b68       0x28 CMakeFiles/7_SegmentDisplay.dir/E_/Pi_Pico/pico-sdk/src/rp2_common/pico_standard_link/crt0.S.obj
 .debug_aranges
                0x00000b90       0x18 CMakeFiles/7_SegmentDisplay.dir/E_/Pi_Pico/pico-sdk/src/rp2_common/pico_standard_link/binary_info.c.obj
 .debug_aranges