Archive member included to satisfy reference by file (symbol)

c:/progra~2/gnuarm~1/102020~1/bin/../lib/gcc/arm-none-eabi/10.2.1/thumb/v6-m/nofp\libgcc.a(_dvmd_tls.o)
                              CMakeFiles/Button_Polling.dir/E_/Pi_Pico/pico-sdk/src/rp2_common/pico_divider/divider.S.obj (__aeabi_idiv0)
c:/progra~2/gnuarm~1/102020~1/bin/../lib/gcc/arm-none-eabi/10.2.1/../../../../arm-none-eabi/lib/thumb/v6-m/nofp\libg.a(lib_a-calloc.o)
                              CMakeFiles/Button_Polling.dir/E_/Pi_Pico/pico-sdk/src/rp2_common/pico_malloc/pico_malloc.c.obj (calloc)
c:/progra~2/gnuarm~1/102020~1/bin/../lib/gcc/arm-none-eabi/10.2.1/../../../../arm-none-eabi/lib/thumb/v6-m/nofp\libg.a(lib_a-callocr.o)
                              c:/progra~2/gnuarm~1/102020~1/bin/../lib/gcc/arm-none-eabi/10.2.1/../../../../arm-none-eabi/lib/thumb/v6-m/nofp\libg.a(lib_a-calloc.o) (_calloc_r)
c:/progra~2/gnuarm~1/102020~1/bin/../lib/gcc/arm-none-eabi/10.2.1/../../../../arm-none-eabi/lib/thumb/v6-m/nofp\libg.a(lib_a-impure.o)
                              c:/progra~2/gnuarm~1/102020~1/bin/../lib/gcc/arm-none-eabi/10.2.1/../../../../arm-none-eabi/lib/thumb/v6-m/nofp\libg.a(lib_a-calloc.o) (_impure_ptr)
c:/progra~2/gnuarm~1/102020~1/bin/../lib/gcc/arm-none-eabi/10.2.1/../../../../arm-none-eabi/lib/thumb/v6-m/nofp\libg.a(lib_a-init.o)
                              c:/progra~2/gnuarm~1/102020~1/bin/../lib/gcc/arm-none-eabi/10.2.1/../../../../arm-none-eabi/lib/thumb/v6-m/nofp/crt0.o (__libc_init_array)
c:/progra~2/gnuarm~1/102020~1/bin/../lib/gcc/arm-none-eabi/10.2.1/../../../../arm-none-eabi/lib/thumb/v6-m/nofp\libg.a(lib_a-malloc.o)
                              CMakeFiles/Button_Polling.dir/E_/Pi_Pico/pico-sdk/src/rp2_common/pico_malloc/pico_malloc.c.obj (malloc)
c:/progra~2/gnuarm~1/102020~1/bin/../lib/gcc/arm-none-eabi/10.2.1/../../../../arm-none-eabi/lib/thumb/v6-m/nofp\libg.a(lib_a-mallocr.o)
                              c:/progra~2/gnuarm~1/102020~1/bin/../lib/gcc/arm-none-eabi/10.2.1/../../../../arm-none-eabi/lib/thumb/v6-m/nofp\libg.a(lib_a-callocr.o) (_malloc_r)
c:/progra~2/gnuarm~1/102020~1/bin/../lib/gcc/arm-none-eabi/10.2.1/../../../../arm-none-eabi/lib/thumb/v6-m/nofp\libg.a(lib_a-mlock.o)
                              c:/progra~2/gnuarm~1/102020~1/bin/../lib/gcc/arm-none-eabi/10.2.1/../../../../arm-none-eabi/lib/thumb/v6-m/nofp\libg.a(lib_a-mallocr.o) (__malloc_lock)
c:/progra~2/gnuarm~1/102020~1/bin/../lib/gcc/arm-none-eabi/10.2.1/../../../../arm-none-eabi/lib/thumb/v6-m/nofp\libg.a(lib_a-sbrkr.o)
                              c:/progra~2/gnuarm~1/102020~1/bin/../lib/gcc/arm-none-eabi/10.2.1/../../../../arm-none-eabi/lib/thumb/v6-m/nofp\libg.a(lib_a-mallocr.o) (_sbrk_r)
c:/progra~2/gnuarm~1/102020~1/bin/../lib/gcc/arm-none-eabi/10.2.1/../../../../arm-none-eabi/lib/thumb/v6-m/nofp\libg.a(lib_a-strlen-stub.o)
                              CMakeFiles/Button_Polling.dir/E_/Pi_Pico/pico-sdk/src/rp2_common/pico_stdio/stdio.c.obj (strlen)
c:/progra~2/gnuarm~1/102020~1/bin/../lib/gcc/arm-none-eabi/10.2.1/../../../../arm-none-eabi/lib/thumb/v6-m/nofp\libg.a(lib_a-freer.o)
                              c:/progra~2/gnuarm~1/102020~1/bin/../lib/gcc/arm-none-eabi/10.2.1/../../../../arm-none-eabi/lib/thumb/v6-m/nofp\libg.a(lib_a-malloc.o) (_free_r)
c:/progra~2/gnuarm~1/102020~1/bin/../lib/gcc/arm-none-eabi/10.2.1/../../../../arm-none-eabi/lib/thumb/v6-m/nofp\libg.a(lib_a-lock.o)
                              c:/progra~2/gnuarm~1/102020~1/bin/../lib/gcc/arm-none-eabi/10.2.1/../../../../arm-none-eabi/lib/thumb/v6-m/nofp\libg.a(lib_a-mlock.o) (__retarget_lock_acquire_recursive)
c:/progra~2/gnuarm~1/102020~1/bin/../lib/gcc/arm-none-eabi/10.2.1/../../../../arm-none-eabi/lib/thumb/v6-m/nofp\libg.a(lib_a-reent.o)
                              c:/progra~2/gnuarm~1/102020~1/bin/../lib/gcc/arm-none-eabi/10.2.1/../../../../arm-none-eabi/lib/thumb/v6-m/nofp\libg.a(lib_a-sbrkr.o) (errno)

Discarded input sections

 .text          0x00000000        0x0 c:/progra~2/gnuarm~1/102020~1/bin/../lib/gcc/arm-none-eabi/10.2.1/thumb/v6-m/nofp/crti.o
 .data          0x00000000        0x0 c:/progra~2/gnuarm~1/102020~1/bin/../lib/gcc/arm-none-eabi/10.2.1/thumb/v6-m/nofp/crti.o
 .bss           0x00000000        0x0 c:/progra~2/gnuarm~1/102020~1/bin/../lib/gcc/arm-none-eabi/10.2.1/thumb/v6-m/nofp/crti.o
 .data          0x00000000        0x4 c:/progra~2/gnuarm~1/102020~1/bin/../lib/gcc/arm-none-eabi/10.2.1/thumb/v6-m/nofp/crtbegin.o
 .rodata        0x00000000       0x24 c:/progra~2/gnuarm~1/102020~1/bin/../lib/gcc/arm-none-eabi/10.2.1/thumb/v6-m/nofp/crtbegin.o
 .fini_array    0x00000000        0x4 c:/progra~2/gnuarm~1/102020~1/bin/../lib/gcc/arm-none-eabi/10.2.1/thumb/v6-m/nofp/crtbegin.o
 .text          0x00000000       0x80 c:/progra~2/gnuarm~1/102020~1/bin/../lib/gcc/arm-none-eabi/10.2.1/../../../../arm-none-eabi/lib/thumb/v6-m/nofp/crt0.o
[...]
Memory Configuration

Name             Origin             Length             Attributes
FLASH            0x10000000         0x00200000         xr
RAM              0x20000000         0x00040000         xrw
SCRATCH_X        0x20040000         0x00001000         xrw
SCRATCH_Y        0x20041000         0x00001000         xrw
*default*        0x00000000         0xffffffff

Linker script and memory map

LOAD c:/progra~2/gnuarm~1/102020~1/bin/../lib/gcc/arm-none-eabi/10.2.1/thumb/v6-m/nofp/crti.o
LOAD c:/progra~2/gnuarm~1/102020~1/bin/../lib/gcc/arm-none-eabi/10.2.1/thumb/v6-m/nofp/crtbegin.o
LOAD c:/progra~2/gnuarm~1/102020~1/bin/../lib/gcc/arm-none-eabi/10.2.1/../../../../arm-none-eabi/lib/thumb/v6-m/nofp/crt0.o

.flash_begin    0x10000000        0x0
                0x10000000                __flash_binary_start = .

.boot2          0x10000000      0x100
                0x10000000                __boot2_start__ = .
 *(.boot2)
 .boot2         0x10000000      0x100 C:\Users\Venki\AppData\Local\Temp\ccpybNc2.o
                0x10000100                __boot2_end__ = .
                0x00000001                ASSERT (((__boot2_end__ - __boot2_start__) == 0x100), ERROR: Pico second stage bootloader must be 256 bytes in size)

.text           0x10000100     0x47d0
                0x10000100                __logical_binary_start = .
 *(.vectors)
 .vectors       0x10000100       0xd4 CMakeFiles/Button_Polling.dir/E_/Pi_Pico/pico-sdk/src/rp2_common/pico_standard_link/crt0.S.obj
                0x10000100                __vectors
                0x100001c0                isr_invalid
                0x100001c2                isr_nmi
                0x100001c4                isr_hardfault
                0x100001c6                isr_svcall
                0x100001c8                isr_pendsv
                0x100001ca                isr_systick
                0x100001cc                isr_irq11
                0x100001cc                isr_irq5
                0x100001cc                isr_irq23
                0x100001cc                isr_irq18
                0x100001cc                isr_irq31
                0x100001cc                isr_irq28
                0x100001cc                isr_irq19
                0x100001cc                isr_irq0
                0x100001cc                isr_irq6
                0x100001cc                isr_irq27
                0x100001cc                isr_irq12
                0x100001cc                isr_irq22
                0x100001cc                isr_irq13
                0x100001cc                isr_irq17
                0x100001cc                isr_irq14
                0x100001cc                isr_irq2
                0x100001cc                isr_irq10
                0x100001cc                isr_irq8
                0x100001cc                isr_irq24
                0x100001cc                isr_irq1
                0x100001cc                isr_irq7
                0x100001cc                isr_irq21
                0x100001cc                isr_irq20
                0x100001cc                isr_irq15
                0x100001cc                isr_irq25
                0x100001cc                __unhandled_user_irq
                0x100001cc                isr_irq4
                0x100001cc                isr_irq16
                0x100001cc                isr_irq29
                0x100001cc                isr_irq26
                0x100001cc                isr_irq3
                0x100001cc                isr_irq30
                0x100001cc                isr_irq9
                0x100001d2                unhandled_user_irq_num_in_r0
 *(.binary_info_header)
 .binary_info_header
                0x100001d4       0x14 CMakeFiles/Button_Polling.dir/E_/Pi_Pico/pico-sdk/src/rp2_common/pico_standard_link/crt0.S.obj
                0x100001e8                __binary_info_header_end = .
 *(.reset)
 .reset         0x100001e8       0xa8 CMakeFiles/Button_Polling.dir/E_/Pi_Pico/pico-sdk/src/rp2_common/pico_standard_link/crt0.S.obj
                0x100001e8                _entry_point
                0x10000266                __get_current_exception
 .reset         0x10000290       0x30 CMakeFiles/Button_Polling.dir/E_/Pi_Pico/pico-sdk/src/rp2_common/pico_standard_link/binary_info.c.obj
 *(.init)
 .init          0x100002c0        0x4 c:/progra~2/gnuarm~1/102020~1/bin/../lib/gcc/arm-none-eabi/10.2.1/thumb/v6-m/nofp/crti.o
                0x100002c0                _init
 *(EXCLUDE_FILE(*libm.a: *libc.a:*lib_a-mem*.o *libgcc.a:) .text*)
 .text          0x100002c4       0x48 c:/progra~2/gnuarm~1/102020~1/bin/../lib/gcc/arm-none-eabi/10.2.1/thumb/v6-m/nofp/crtbegin.o
 .text.main     0x1000030c       0x5a CMakeFiles/Button_Polling.dir/Button_Polling.c.obj
                0x1000030c                main
 *fill*         0x10000366        0x2 
 .text.gpio_set_function
                0x10000368       0x30 CMakeFiles/Button_Polling.dir/E_/Pi_Pico/pico-sdk/src/rp2_common/hardware_gpio/gpio.c.obj
                0x10000368                gpio_set_function
 .text.gpio_set_pulls
                0x10000398       0x34 CMakeFiles/Button_Polling.dir/E_/Pi_Pico/pico-sdk/src/rp2_common/hardware_gpio/gpio.c.obj
                0x10000398                gpio_set_pulls
 .text.gpio_init
                0x100003cc       0x16 CMakeFiles/Button_Polling.dir/E_/Pi_Pico/pico-sdk/src/rp2_common/hardware_gpio/gpio.c.obj
                0x100003cc                gpio_init
 *fill*         0x100003e2        0x2 
 .text.hw_claim_lock
                0x100003e4       0x18 CMakeFiles/Button_Polling.dir/E_/Pi_Pico/pico-sdk/src/rp2_common/hardware_claim/claim.c.obj
                0x100003e4                hw_claim_lock
 .text.hw_claim_unlock
                0x100003fc       0x14 CMakeFiles/Button_Polling.dir/E_/Pi_Pico/pico-sdk/src/rp2_common/hardware_claim/claim.c.obj
                0x100003fc                hw_claim_unlock
 .text.hw_claim_or_assert
                0x10000410       0x34 CMakeFiles/Button_Polling.dir/E_/Pi_Pico/pico-sdk/src/rp2_common/hardware_claim/claim.c.obj
                0x10000410                hw_claim_or_assert
 .text.spin_locks_reset
                0x10000444       0x20 CMakeFiles/Button_Polling.dir/E_/Pi_Pico/pico-sdk/src/rp2_common/hardware_sync/sync.c.obj
                0x10000444                spin_locks_reset
 .text.next_striped_spin_lock_num
                0x10000464       0x1c CMakeFiles/Button_Polling.dir/E_/Pi_Pico/pico-sdk/src/rp2_common/hardware_sync/sync.c.obj
                0x10000464                next_striped_spin_lock_num
 .text.running_on_fpga
                0x10000480       0x14 CMakeFiles/Button_Polling.dir/E_/Pi_Pico/pico-sdk/src/rp2_common/pico_platform/platform.c.obj
                0x10000480                running_on_fpga
 .text.sev_callback
                0x10000494        0x8 CMakeFiles/Button_Polling.dir/E_/Pi_Pico/pico-sdk/src/common/pico_time/time.c.obj
 .text.timer_pool_entry_comparator
                0x1000049c       0x7c CMakeFiles/Button_Polling.dir/E_/Pi_Pico/pico-sdk/src/common/pico_time/time.c.obj
                0x1000049c                timer_pool_entry_comparator
 .text.ph_add_child_node
                0x10000518       0xa4 CMakeFiles/Button_Polling.dir/E_/Pi_Pico/pico-sdk/src/common/pico_time/time.c.obj
 .text.ph_merge_nodes
                0x100005bc       0x3e CMakeFiles/Button_Polling.dir/E_/Pi_Pico/pico-sdk/src/common/pico_time/time.c.obj
 *fill*         0x100005fa        0x2 
 .text.add_alarm_under_lock
                0x100005fc      0x178 CMakeFiles/Button_Polling.dir/E_/Pi_Pico/pico-sdk/src/common/pico_time/time.c.obj
 .text.alarm_pool_alarm_callback
                0x10000774      0x2e4 CMakeFiles/Button_Polling.dir/E_/Pi_Pico/pico-sdk/src/common/pico_time/time.c.obj
 .text.alarm_pool_get_default
                0x10000a58       0x28 CMakeFiles/Button_Polling.dir/E_/Pi_Pico/pico-sdk/src/common/pico_time/time.c.obj
                0x10000a58                alarm_pool_get_default
 .text.alarm_pool_create
                0x10000a80       0x6c CMakeFiles/Button_Polling.dir/E_/Pi_Pico/pico-sdk/src/common/pico_time/time.c.obj
                0x10000a80                alarm_pool_create
 .text.alarm_pool_init_default
                0x10000aec       0x20 CMakeFiles/Button_Polling.dir/E_/Pi_Pico/pico-sdk/src/common/pico_time/time.c.obj
                0x10000aec                alarm_pool_init_default
 .text.alarm_pool_add_alarm_at
                0x10000b0c      0x128 CMakeFiles/Button_Polling.dir/E_/Pi_Pico/pico-sdk/src/common/pico_time/time.c.obj
                0x10000b0c                alarm_pool_add_alarm_at
 .text.sleep_until
                0x10000c34       0x94 CMakeFiles/Button_Polling.dir/E_/Pi_Pico/pico-sdk/src/common/pico_time/time.c.obj
                0x10000c34                sleep_until
 .text.sleep_us
                0x10000cc8       0x2c CMakeFiles/Button_Polling.dir/E_/Pi_Pico/pico-sdk/src/common/pico_time/time.c.obj
                0x10000cc8                sleep_us
 .text.sleep_ms
                0x10000cf4       0x14 CMakeFiles/Button_Polling.dir/E_/Pi_Pico/pico-sdk/src/common/pico_time/time.c.obj
                0x10000cf4                sleep_ms
 .text.hardware_alarm_irq_handler
                0x10000d08       0x8c CMakeFiles/Button_Polling.dir/E_/Pi_Pico/pico-sdk/src/rp2_common/hardware_timer/timer.c.obj
 .text.hardware_alarm_claim
                0x10000d94       0x18 CMakeFiles/Button_Polling.dir/E_/Pi_Pico/pico-sdk/src/rp2_common/hardware_timer/timer.c.obj
                0x10000d94                hardware_alarm_claim
 .text.time_us_64
                0x10000dac       0x18 CMakeFiles/Button_Polling.dir/E_/Pi_Pico/pico-sdk/src/rp2_common/hardware_timer/timer.c.obj
                0x10000dac                time_us_64
 .text.busy_wait_until
                0x10000dc4       0x28 CMakeFiles/Button_Polling.dir/E_/Pi_Pico/pico-sdk/src/rp2_common/hardware_timer/timer.c.obj
                0x10000dc4                busy_wait_until
 .text.hardware_alarm_set_callback
                0x10000dec       0x90 CMakeFiles/Button_Polling.dir/E_/Pi_Pico/pico-sdk/src/rp2_common/hardware_timer/timer.c.obj
                0x10000dec                hardware_alarm_set_callback
 .text.hardware_alarm_set_target
                0x10000e7c       0xd0 CMakeFiles/Button_Polling.dir/E_/Pi_Pico/pico-sdk/src/rp2_common/hardware_timer/timer.c.obj
                0x10000e7c                hardware_alarm_set_target
 .text.hardware_alarm_cancel
                0x10000f4c       0x40 CMakeFiles/Button_Polling.dir/E_/Pi_Pico/pico-sdk/src/rp2_common/hardware_timer/timer.c.obj
                0x10000f4c                hardware_alarm_cancel
 .text.lock_init
                0x10000f8c       0x30 CMakeFiles/Button_Polling.dir/E_/Pi_Pico/pico-sdk/src/common/pico_sync/lock_core.c.obj
                0x10000f8c                lock_init
 .text.mutex_init
                0x10000fbc       0x1a CMakeFiles/Button_Polling.dir/E_/Pi_Pico/pico-sdk/src/common/pico_sync/mutex.c.obj
                0x10000fbc                mutex_init
 *fill*         0x10000fd6        0x2 
 .text.ph_add_child_node
                0x10000fd8       0xa4 CMakeFiles/Button_Polling.dir/E_/Pi_Pico/pico-sdk/src/common/pico_util/pheap.c.obj
 .text.ph_merge_nodes
                0x1000107c       0x3e CMakeFiles/Button_Polling.dir/E_/Pi_Pico/pico-sdk/src/common/pico_util/pheap.c.obj
 *fill*         0x100010ba        0x2 
 .text.ph_clear
                0x100010bc       0x74 CMakeFiles/Button_Polling.dir/E_/Pi_Pico/pico-sdk/src/common/pico_util/pheap.c.obj
                0x100010bc                ph_clear
 .text.ph_create
                0x10001130       0x2c CMakeFiles/Button_Polling.dir/E_/Pi_Pico/pico-sdk/src/common/pico_util/pheap.c.obj
                0x10001130                ph_create
 .text.ph_merge_two_pass
                0x1000115c       0xa8 CMakeFiles/Button_Polling.dir/E_/Pi_Pico/pico-sdk/src/common/pico_util/pheap.c.obj
                0x1000115c                ph_merge_two_pass
 .text.ph_remove_any_head
                0x10001204      0x108 CMakeFiles/Button_Polling.dir/E_/Pi_Pico/pico-sdk/src/common/pico_util/pheap.c.obj
 .text.ph_remove_head_reserve
                0x1000130c       0x14 CMakeFiles/Button_Polling.dir/E_/Pi_Pico/pico-sdk/src/common/pico_util/pheap.c.obj
                0x1000130c                ph_remove_head_reserve
 .text.ph_delete
                0x10001320       0xf8 CMakeFiles/Button_Polling.dir/E_/Pi_Pico/pico-sdk/src/common/pico_util/pheap.c.obj
                0x10001320                ph_delete
 .text.runtime_init
                0x10001418       0xcc CMakeFiles/Button_Polling.dir/E_/Pi_Pico/pico-sdk/src/rp2_common/pico_runtime/runtime.c.obj
                0x10001418                runtime_init
 .text._exit    0x100014e4        0x4 CMakeFiles/Button_Polling.dir/E_/Pi_Pico/pico-sdk/src/rp2_common/pico_runtime/runtime.c.obj
                0x100014e4                _exit
 .text._sbrk    0x100014e8       0x38 CMakeFiles/Button_Polling.dir/E_/Pi_Pico/pico-sdk/src/rp2_common/pico_runtime/runtime.c.obj
                0x100014e8                _sbrk
 .text.exit     0x10001520        0x6 CMakeFiles/Button_Polling.dir/E_/Pi_Pico/pico-sdk/src/rp2_common/pico_runtime/runtime.c.obj
                0x10001520                exit
 *fill*         0x10001526        0x2 
 .text.__assert_func
                0x10001528       0x3c CMakeFiles/Button_Polling.dir/E_/Pi_Pico/pico-sdk/src/rp2_common/pico_runtime/runtime.c.obj
                0x10001528                __assert_func
 .text.panic    0x10001564       0x30 CMakeFiles/Button_Polling.dir/E_/Pi_Pico/pico-sdk/src/rp2_common/pico_runtime/runtime.c.obj
                0x10001564                panic
 .text.clock_configure
                0x10001594       0xe8 CMakeFiles/Button_Polling.dir/E_/Pi_Pico/pico-sdk/src/rp2_common/hardware_clocks/clocks.c.obj
                0x10001594                clock_configure
 .text.clocks_init
                0x1000167c      0x124 CMakeFiles/Button_Polling.dir/E_/Pi_Pico/pico-sdk/src/rp2_common/hardware_clocks/clocks.c.obj
                0x1000167c                clocks_init
 .text.watchdog_start_tick
                0x100017a0       0x10 CMakeFiles/Button_Polling.dir/E_/Pi_Pico/pico-sdk/src/rp2_common/hardware_watchdog/watchdog.c.obj
                0x100017a0                watchdog_start_tick
 .text.xosc_init
                0x100017b0       0x28 CMakeFiles/Button_Polling.dir/E_/Pi_Pico/pico-sdk/src/rp2_common/hardware_xosc/xosc.c.obj
                0x100017b0                xosc_init
 .text.pll_init
                0x100017d8       0xd4 CMakeFiles/Button_Polling.dir/E_/Pi_Pico/pico-sdk/src/rp2_common/hardware_pll/pll.c.obj
                0x100017d8                pll_init
 .text.set_raw_irq_handler_and_unlock
                0x100018ac       0x28 CMakeFiles/Button_Polling.dir/E_/Pi_Pico/pico-sdk/src/rp2_common/hardware_irq/irq.c.obj
 .text.make_branch
                0x100018d4       0x34 CMakeFiles/Button_Polling.dir/E_/Pi_Pico/pico-sdk/src/rp2_common/hardware_irq/irq.c.obj
 .text.insert_branch_and_link
                0x10001908       0x40 CMakeFiles/Button_Polling.dir/E_/Pi_Pico/pico-sdk/src/rp2_common/hardware_irq/irq.c.obj
 .text.irq_is_enabled
                0x10001948       0x18 CMakeFiles/Button_Polling.dir/E_/Pi_Pico/pico-sdk/src/rp2_common/hardware_irq/irq.c.obj
                0x10001948                irq_is_enabled
 .text.irq_set_mask_enabled
                0x10001960       0x20 CMakeFiles/Button_Polling.dir/E_/Pi_Pico/pico-sdk/src/rp2_common/hardware_irq/irq.c.obj
                0x10001960                irq_set_mask_enabled
 .text.irq_set_enabled
                0x10001980        0xe CMakeFiles/Button_Polling.dir/E_/Pi_Pico/pico-sdk/src/rp2_common/hardware_irq/irq.c.obj
                0x10001980                irq_set_enabled
 *fill*         0x1000198e        0x2 
 .text.irq_get_vtable_handler
                0x10001990       0x10 CMakeFiles/Button_Polling.dir/E_/Pi_Pico/pico-sdk/src/rp2_common/hardware_irq/irq.c.obj
                0x10001990                irq_get_vtable_handler
 .text.irq_set_exclusive_handler
                0x100019a0       0x54 CMakeFiles/Button_Polling.dir/E_/Pi_Pico/pico-sdk/src/rp2_common/hardware_irq/irq.c.obj
                0x100019a0                irq_set_exclusive_handler
 .text.irq_remove_handler
                0x100019f4      0x1b4 CMakeFiles/Button_Polling.dir/E_/Pi_Pico/pico-sdk/src/rp2_common/hardware_irq/irq.c.obj
                0x100019f4                irq_remove_handler
 .text.irq_set_priority
                0x10001ba8       0x28 CMakeFiles/Button_Polling.dir/E_/Pi_Pico/pico-sdk/src/rp2_common/hardware_irq/irq.c.obj
                0x10001ba8                irq_set_priority
 .text.irq_add_tail_to_free_list
                0x10001bd0       0xf8 CMakeFiles/Button_Polling.dir/E_/Pi_Pico/pico-sdk/src/rp2_common/hardware_irq/irq.c.obj
                0x10001bd0                irq_add_tail_to_free_list
 .text.irq_init_priorities
                0x10001cc8       0x16 CMakeFiles/Button_Polling.dir/E_/Pi_Pico/pico-sdk/src/rp2_common/hardware_irq/irq.c.obj
                0x10001cc8                irq_init_priorities
 .text._out_null
                0x10001cde        0x2 CMakeFiles/Button_Polling.dir/E_/Pi_Pico/pico-sdk/src/rp2_common/pico_printf/printf.c.obj
 .text._out_fct
                0x10001ce0        0xe CMakeFiles/Button_Polling.dir/E_/Pi_Pico/pico-sdk/src/rp2_common/pico_printf/printf.c.obj
 .text._atoi    0x10001cee       0x24 CMakeFiles/Button_Polling.dir/E_/Pi_Pico/pico-sdk/src/rp2_common/pico_printf/printf.c.obj
 .text._out_rev
                0x10001d12       0xae CMakeFiles/Button_Polling.dir/E_/Pi_Pico/pico-sdk/src/rp2_common/pico_printf/printf.c.obj
 .text._ntoa_format
                0x10001dc0      0x112 CMakeFiles/Button_Polling.dir/E_/Pi_Pico/pico-sdk/src/rp2_common/pico_printf/printf.c.obj
 .text._ntoa_long
                0x10001ed2       0xbc CMakeFiles/Button_Polling.dir/E_/Pi_Pico/pico-sdk/src/rp2_common/pico_printf/printf.c.obj
 .text._ntoa_long_long
                0x10001f8e       0xe2 CMakeFiles/Button_Polling.dir/E_/Pi_Pico/pico-sdk/src/rp2_common/pico_printf/printf.c.obj
 .text._etoa    0x10002070      0x404 CMakeFiles/Button_Polling.dir/E_/Pi_Pico/pico-sdk/src/rp2_common/pico_printf/printf.c.obj
 .text._ftoa    0x10002474      0x354 CMakeFiles/Button_Polling.dir/E_/Pi_Pico/pico-sdk/src/rp2_common/pico_printf/printf.c.obj
 .text._vsnprintf
                0x100027c8      0x624 CMakeFiles/Button_Polling.dir/E_/Pi_Pico/pico-sdk/src/rp2_common/pico_printf/printf.c.obj
 .text.vfctprintf
                0x10002dec       0x20 CMakeFiles/Button_Polling.dir/E_/Pi_Pico/pico-sdk/src/rp2_common/pico_printf/printf.c.obj
                0x10002dec                vfctprintf
 .text          0x10002e0c       0x10 CMakeFiles/Button_Polling.dir/E_/Pi_Pico/pico-sdk/src/rp2_common/pico_bit_ops/bit_ops_aeabi.S.obj
 .text.rom_func_lookup
                0x10002e1c       0x10 CMakeFiles/Button_Polling.dir/E_/Pi_Pico/pico-sdk/src/rp2_common/pico_bootrom/bootrom.c.obj
                0x10002e1c                rom_func_lookup
 .text.rom_data_lookup
                0x10002e2c       0x10 CMakeFiles/Button_Polling.dir/E_/Pi_Pico/pico-sdk/src/rp2_common/pico_bootrom/bootrom.c.obj
                0x10002e2c                rom_data_lookup
 .text.rom_funcs_lookup
                0x10002e3c       0x36 CMakeFiles/Button_Polling.dir/E_/Pi_Pico/pico-sdk/src/rp2_common/pico_bootrom/bootrom.c.obj
                0x10002e3c                rom_funcs_lookup
 *fill*         0x10002e72        0x2 
 .text.__wrap___aeabi_idiv
                0x10002e74       0x58 CMakeFiles/Button_Polling.dir/E_/Pi_Pico/pico-sdk/src/rp2_common/pico_divider/divider.S.obj
                0x10002e74                __wrap___aeabi_idivmod
                0x10002e74                divmod_s32s32
                0x10002e74                div_s32s32
                0x10002e74                __wrap___aeabi_idiv
                0x10002e7c                divmod_s32s32_unsafe
                0x10002ea8                divmod_s32s32_savestate
 .text.__wrap___aeabi_uidiv
                0x10002ecc       0x54 CMakeFiles/Button_Polling.dir/E_/Pi_Pico/pico-sdk/src/rp2_common/pico_divider/divider.S.obj
                0x10002ecc                __wrap___aeabi_uidiv
                0x10002ecc                __wrap___aeabi_uidivmod
                0x10002ecc                div_u32u32
                0x10002ecc                divmod_u32u32
                0x10002ed4                divmod_u32u32_unsafe
                0x10002efc                divmod_u32u32_savestate
 .text.__wrap___aeabi_ldiv
                0x10002f20      0x430 CMakeFiles/Button_Polling.dir/E_/Pi_Pico/pico-sdk/src/rp2_common/pico_divider/divider.S.obj
                0x10002f20                div_s64s64
                0x10002f20                divmod_s64s64
                0x10002f20                __wrap___aeabi_ldivmod
                0x10002f58                divmod_u64u64
                0x10002f58                div_u64u64
                0x10002f58                __wrap___aeabi_uldivmod
                0x10002f68                divmod_u64u64_savestate
                0x10002f90                divmod_s64s64_unsafe
                0x10003018                divmod_u64u64_unsafe
 .text.__wrap___aeabi_darithmetic
                0x10003350       0x54 CMakeFiles/Button_Polling.dir/E_/Pi_Pico/pico-sdk/src/rp2_common/pico_double/double_aeabi.S.obj
                0x10003350                __wrap___aeabi_drsub
                0x10003356                __wrap___aeabi_dsub
                0x10003368                __wrap___aeabi_dadd
                0x1000337a                __wrap___aeabi_ddiv
                0x1000338c                __wrap___aeabi_dmul
 .text.__wrap___aeabi_cdcmple
                0x100033a4       0x6c CMakeFiles/Button_Polling.dir/E_/Pi_Pico/pico-sdk/src/rp2_common/pico_double/double_aeabi.S.obj
                0x100033a4                __wrap___aeabi_cdrcmple
                0x100033b4                __wrap___aeabi_cdcmpeq
                0x100033b4                __wrap___aeabi_cdcmple
 .text.__wrap___aeabi_dcmplt
                0x10003410        0xc CMakeFiles/Button_Polling.dir/E_/Pi_Pico/pico-sdk/src/rp2_common/pico_double/double_aeabi.S.obj
                0x10003410                __wrap___aeabi_dcmplt
 .text.__wrap___aeabi_dcmple
                0x1000341c       0x10 CMakeFiles/Button_Polling.dir/E_/Pi_Pico/pico-sdk/src/rp2_common/pico_double/double_aeabi.S.obj
                0x1000341c                __wrap___aeabi_dcmple
 .text.__wrap___aeabi_dcmpge
                0x1000342c       0x10 CMakeFiles/Button_Polling.dir/E_/Pi_Pico/pico-sdk/src/rp2_common/pico_double/double_aeabi.S.obj
                0x1000342c                __wrap___aeabi_dcmpge
 .text.__wrap___aeabi_dcmpgt
                0x1000343c        0xa CMakeFiles/Button_Polling.dir/E_/Pi_Pico/pico-sdk/src/rp2_common/pico_double/double_aeabi.S.obj
                0x1000343c                __wrap___aeabi_dcmpgt
 .text.__wrap___aeabi_dcmpun
                0x10003446       0x1c CMakeFiles/Button_Polling.dir/E_/Pi_Pico/pico-sdk/src/rp2_common/pico_double/double_aeabi.S.obj
                0x10003446                __wrap___aeabi_dcmpun
 *fill*         0x10003462        0x2 
 .text.__wrap___aeabi_i2d
                0x10003464       0x38 CMakeFiles/Button_Polling.dir/E_/Pi_Pico/pico-sdk/src/rp2_common/pico_double/double_aeabi.S.obj
                0x10003464                __wrap___aeabi_ui2d
                0x1000346c                __wrap___aeabi_i2d
 .text.__wrap___aeabi_d2iz
                0x1000349c       0x48 CMakeFiles/Button_Polling.dir/E_/Pi_Pico/pico-sdk/src/rp2_common/pico_double/double_aeabi.S.obj
                0x1000349c                double2int_z
                0x1000349c                __wrap___aeabi_d2iz
 .text.__wrap___aeabi_d2uiz
                0x100034e4       0x18 CMakeFiles/Button_Polling.dir/E_/Pi_Pico/pico-sdk/src/rp2_common/pico_double/double_aeabi.S.obj
                0x100034e4                __wrap___aeabi_d2uiz
                0x100034e4                double2uint
 .text.__aeabi_double_init
                0x100034fc       0xb8 CMakeFiles/Button_Polling.dir/E_/Pi_Pico/pico-sdk/src/rp2_common/pico_double/double_init_rom.c.obj
                0x100034fc                __aeabi_double_init
 .text.double_table_shim_on_use_helper
                0x100035b4       0x34 CMakeFiles/Button_Polling.dir/E_/Pi_Pico/pico-sdk/src/rp2_common/pico_double/double_v1_rom_shim.S.obj
                0x100035b4                double_table_shim_on_use_helper
 .text.__wrap___aeabi_dsub
                0x100035e8       0x10 CMakeFiles/Button_Polling.dir/E_/Pi_Pico/pico-sdk/src/rp2_common/pico_double/double_v1_rom_shim.S.obj
                0x100035e8                drsub_shim
                0x100035ee                dsub_shim
 .text.dadd_shim
                0x100035f8      0x15c CMakeFiles/Button_Polling.dir/E_/Pi_Pico/pico-sdk/src/rp2_common/pico_double/double_v1_rom_shim.S.obj
                0x100035f8                dadd_shim
 .text.dmul_shim
                0x10003754      0x15c CMakeFiles/Button_Polling.dir/E_/Pi_Pico/pico-sdk/src/rp2_common/pico_double/double_v1_rom_shim.S.obj
                0x10003754                dmul_shim
 .text.ddiv_shim
                0x100038b0      0x1b0 CMakeFiles/Button_Polling.dir/E_/Pi_Pico/pico-sdk/src/rp2_common/pico_double/double_v1_rom_shim.S.obj
                0x100038b0                ddiv_shim
 .text.dcordic_rot_step
                0x10003a60       0x7c CMakeFiles/Button_Polling.dir/E_/Pi_Pico/pico-sdk/src/rp2_common/pico_double/double_v1_rom_shim.S.obj
                0x10003a60                dcordic_rot_step
 .text.double2uint_shim
                0x10003adc        0xe CMakeFiles/Button_Polling.dir/E_/Pi_Pico/pico-sdk/src/rp2_common/pico_double/double_v1_rom_shim.S.obj
                0x10003adc                double2uint_shim
                0x10003ade                double2ufix_shim
 *fill*         0x10003aea        0x2 
 .text.double2uint64_shim
                0x10003aec       0x6c CMakeFiles/Button_Polling.dir/E_/Pi_Pico/pico-sdk/src/rp2_common/pico_double/double_v1_rom_shim.S.obj
                0x10003aec                double2uint64_shim
                0x10003aee                double2ufix64_shim
                0x10003b08                d2fix_a
 .text.dunpacks
                0x10003b58       0x3c CMakeFiles/Button_Polling.dir/E_/Pi_Pico/pico-sdk/src/rp2_common/pico_double/double_v1_rom_shim.S.obj
                0x10003b58                dunpacks
 .text.__aeabi_lmul
                0x10003b94       0x32 CMakeFiles/Button_Polling.dir/E_/Pi_Pico/pico-sdk/src/rp2_common/pico_int64_ops/pico_int64_ops_aeabi.S.obj
                0x10003b94                __wrap___aeabi_lmul
 *fill*         0x10003bc6        0x2 
 .text.__aeabi_float_init
                0x10003bc8       0xfc CMakeFiles/Button_Polling.dir/E_/Pi_Pico/pico-sdk/src/rp2_common/pico_float/float_init_rom.c.obj
                0x10003bc8                __aeabi_float_init
 .text.float_table_shim_on_use_helper
                0x10003cc4       0x34 CMakeFiles/Button_Polling.dir/E_/Pi_Pico/pico-sdk/src/rp2_common/pico_float/float_v1_rom_shim.S.obj
                0x10003cc4                float_table_shim_on_use_helper
 .text.__wrap_malloc
                0x10003cf8        0x8 CMakeFiles/Button_Polling.dir/E_/Pi_Pico/pico-sdk/src/rp2_common/pico_malloc/pico_malloc.c.obj
                0x10003cf8                __wrap_malloc
 .text.__wrap_calloc
                0x10003d00        0x8 CMakeFiles/Button_Polling.dir/E_/Pi_Pico/pico-sdk/src/rp2_common/pico_malloc/pico_malloc.c.obj
                0x10003d00                __wrap_calloc
 .text          0x10003d08       0x10 CMakeFiles/Button_Polling.dir/E_/Pi_Pico/pico-sdk/src/rp2_common/pico_mem_ops/mem_ops_aeabi.S.obj
                0x10003d08                __aeabi_mem_init
 .text.memset   0x10003d18        0xc CMakeFiles/Button_Polling.dir/E_/Pi_Pico/pico-sdk/src/rp2_common/pico_mem_ops/mem_ops_aeabi.S.obj
                0x10003d18                __wrap_memset
 .text.memcpy   0x10003d24        0xc CMakeFiles/Button_Polling.dir/E_/Pi_Pico/pico-sdk/src/rp2_common/pico_mem_ops/mem_ops_aeabi.S.obj
                0x10003d24                __wrap_memcpy
                0x10003d24                __wrap___aeabi_memcpy
 .text.stdio_out_chars_crlf
                0x10003d30       0x80 CMakeFiles/Button_Polling.dir/E_/Pi_Pico/pico-sdk/src/rp2_common/pico_stdio/stdio.c.obj
 .text.stdio_stack_buffer_flush
                0x10003db0       0x44 CMakeFiles/Button_Polling.dir/E_/Pi_Pico/pico-sdk/src/rp2_common/pico_stdio/stdio.c.obj
 .text.stdio_buffered_printer
                0x10003df4       0x20 CMakeFiles/Button_Polling.dir/E_/Pi_Pico/pico-sdk/src/rp2_common/pico_stdio/stdio.c.obj
 .text.stdout_serialize_begin
                0x10003e14       0x2c CMakeFiles/Button_Polling.dir/E_/Pi_Pico/pico-sdk/src/rp2_common/pico_stdio/stdio.c.obj
                0x10003e14                stdout_serialize_begin
 .text.stdout_serialize_end
                0x10003e40       0x10 CMakeFiles/Button_Polling.dir/E_/Pi_Pico/pico-sdk/src/rp2_common/pico_stdio/stdio.c.obj
                0x10003e40                stdout_serialize_end
 .text.stdio_put_string
                0x10003e50       0x84 CMakeFiles/Button_Polling.dir/E_/Pi_Pico/pico-sdk/src/rp2_common/pico_stdio/stdio.c.obj
 .text.stdio_flush
                0x10003ed4       0x20 CMakeFiles/Button_Polling.dir/E_/Pi_Pico/pico-sdk/src/rp2_common/pico_stdio/stdio.c.obj
                0x10003ed4                stdio_flush
 .text.__wrap_puts
                0x10003ef4       0x1c CMakeFiles/Button_Polling.dir/E_/Pi_Pico/pico-sdk/src/rp2_common/pico_stdio/stdio.c.obj
                0x10003ef4                __wrap_puts
 .text.__wrap_vprintf
                0x10003f10       0x44 CMakeFiles/Button_Polling.dir/E_/Pi_Pico/pico-sdk/src/rp2_common/pico_stdio/stdio.c.obj
                0x10003f10                __wrap_vprintf
 .text.__wrap_printf
                0x10003f54       0x18 CMakeFiles/Button_Polling.dir/E_/Pi_Pico/pico-sdk/src/rp2_common/pico_stdio/stdio.c.obj
                0x10003f54                __wrap_printf
 .text.calloc   0x10003f6c       0x18 c:/progra~2/gnuarm~1/102020~1/bin/../lib/gcc/arm-none-eabi/10.2.1/../../../../arm-none-eabi/lib/thumb/v6-m/nofp\libg.a(lib_a-calloc.o)
                0x10003f6c                calloc
 .text._calloc_r
                0x10003f84       0x5c c:/progra~2/gnuarm~1/102020~1/bin/../lib/gcc/arm-none-eabi/10.2.1/../../../../arm-none-eabi/lib/thumb/v6-m/nofp\libg.a(lib_a-callocr.o)
                0x10003f84                _calloc_r
 .text.malloc   0x10003fe0       0x14 c:/progra~2/gnuarm~1/102020~1/bin/../lib/gcc/arm-none-eabi/10.2.1/../../../../arm-none-eabi/lib/thumb/v6-m/nofp\libg.a(lib_a-malloc.o)
                0x10003fe0                malloc
 .text._malloc_r
                0x10003ff4      0x580 c:/progra~2/gnuarm~1/102020~1/bin/../lib/gcc/arm-none-eabi/10.2.1/../../../../arm-none-eabi/lib/thumb/v6-m/nofp\libg.a(lib_a-mallocr.o)
                0x10003ff4                _malloc_r
 .text.__malloc_lock
                0x10004574       0x10 c:/progra~2/gnuarm~1/102020~1/bin/../lib/gcc/arm-none-eabi/10.2.1/../../../../arm-none-eabi/lib/thumb/v6-m/nofp\libg.a(lib_a-mlock.o)
                0x10004574                __malloc_lock
 .text.__malloc_unlock
                0x10004584       0x10 c:/progra~2/gnuarm~1/102020~1/bin/../lib/gcc/arm-none-eabi/10.2.1/../../../../arm-none-eabi/lib/thumb/v6-m/nofp\libg.a(lib_a-mlock.o)
                0x10004584                __malloc_unlock
 .text._sbrk_r  0x10004594       0x24 c:/progra~2/gnuarm~1/102020~1/bin/../lib/gcc/arm-none-eabi/10.2.1/../../../../arm-none-eabi/lib/thumb/v6-m/nofp\libg.a(lib_a-sbrkr.o)
                0x10004594                _sbrk_r
 .text.strlen   0x100045b8       0x5c c:/progra~2/gnuarm~1/102020~1/bin/../lib/gcc/arm-none-eabi/10.2.1/../../../../arm-none-eabi/lib/thumb/v6-m/nofp\libg.a(lib_a-strlen-stub.o)
                0x100045b8                strlen
 .text._malloc_trim_r
                0x10004614       0x9c c:/progra~2/gnuarm~1/102020~1/bin/../lib/gcc/arm-none-eabi/10.2.1/../../../../arm-none-eabi/lib/thumb/v6-m/nofp\libg.a(lib_a-freer.o)
                0x10004614                _malloc_trim_r
 .text._free_r  0x100046b0      0x1c4 c:/progra~2/gnuarm~1/102020~1/bin/../lib/gcc/arm-none-eabi/10.2.1/../../../../arm-none-eabi/lib/thumb/v6-m/nofp\libg.a(lib_a-freer.o)
                0x100046b0                _free_r
 .text.__retarget_lock_acquire_recursive
                0x10004874        0x4 c:/progra~2/gnuarm~1/102020~1/bin/../lib/gcc/arm-none-eabi/10.2.1/../../../../arm-none-eabi/lib/thumb/v6-m/nofp\libg.a(lib_a-lock.o)
                0x10004874                __retarget_lock_acquire_recursive
 .text.__retarget_lock_release_recursive
                0x10004878        0x4 c:/progra~2/gnuarm~1/102020~1/bin/../lib/gcc/arm-none-eabi/10.2.1/../../../../arm-none-eabi/lib/thumb/v6-m/nofp\libg.a(lib_a-lock.o)
                0x10004878                __retarget_lock_release_recursive
 *(.fini)
 .fini          0x1000487c        0x4 c:/progra~2/gnuarm~1/102020~1/bin/../lib/gcc/arm-none-eabi/10.2.1/thumb/v6-m/nofp/crti.o
                0x1000487c                _fini
 .fini.__stub   0x10004880       0x50 linker stubs
 *crtbegin.o(.ctors)
 *crtbegin?.o(.ctors)
 *(EXCLUDE_FILE(*crtend.o *crtend?.o) .ctors)
 *(SORT_BY_NAME(.ctors.*))
 *(.ctors)
 *crtbegin.o(.dtors)
 *crtbegin?.o(.dtors)
 *(EXCLUDE_FILE(*crtend.o *crtend?.o) .dtors)
 *(SORT_BY_NAME(.dtors.*))
 *(.dtors)
 *(.eh_frame*)
 .eh_frame      0x100048d0        0x0 c:/progra~2/gnuarm~1/102020~1/bin/../lib/gcc/arm-none-eabi/10.2.1/thumb/v6-m/nofp/crtbegin.o
                0x100048d0                . = ALIGN (0x4)

.glue_7         0x100048d0        0x0
 .glue_7        0x100048d0        0x0 linker stubs

.glue_7t        0x100048d0        0x0
 .glue_7t       0x100048d0        0x0 linker stubs

.vfp11_veneer   0x100048d0        0x0
 .vfp11_veneer  0x100048d0        0x0 linker stubs

.v4_bx          0x100048d0        0x0
 .v4_bx         0x100048d0        0x0 linker stubs

.iplt           0x100048d0        0x0
 .iplt          0x100048d0        0x0 c:/progra~2/gnuarm~1/102020~1/bin/../lib/gcc/arm-none-eabi/10.2.1/thumb/v6-m/nofp/crtbegin.o

.rodata         0x100048d0      0xc80
 *(EXCLUDE_FILE(*libm.a: *libc.a:*lib_a-mem*.o *libgcc.a:) .rodata*)
 .rodata.alarm_pool_dump_key.str1.4
                0x100048d0       0x63 CMakeFiles/Button_Polling.dir/E_/Pi_Pico/pico-sdk/src/common/pico_time/time.c.obj
 *fill*         0x10004933        0x1 
 .rodata.ph_add_child_node.str1.4
                0x10004934       0x8e CMakeFiles/Button_Polling.dir/E_/Pi_Pico/pico-sdk/src/common/pico_time/time.c.obj
 *fill*         0x100049c2        0x2 
 .rodata.add_alarm_under_lock.str1.4
                0x100049c4       0x27 CMakeFiles/Button_Polling.dir/E_/Pi_Pico/pico-sdk/src/common/pico_time/time.c.obj
 *fill*         0x100049eb        0x1 
 .rodata.alarm_pool_alarm_callback.str1.4
                0x100049ec       0x7d CMakeFiles/Button_Polling.dir/E_/Pi_Pico/pico-sdk/src/common/pico_time/time.c.obj
 *fill*         0x10004a69        0x3 
 .rodata.alarm_pool_get_default.str1.4
                0x10004a6c       0x13 CMakeFiles/Button_Polling.dir/E_/Pi_Pico/pico-sdk/src/common/pico_time/time.c.obj
 *fill*         0x10004a7f        0x1 
 .rodata.__func__.10
                0x10004a80       0x17 CMakeFiles/Button_Polling.dir/E_/Pi_Pico/pico-sdk/src/common/pico_time/time.c.obj
 *fill*         0x10004a97        0x1 
 .rodata.__func__.2
                0x10004a98       0x12 CMakeFiles/Button_Polling.dir/E_/Pi_Pico/pico-sdk/src/common/pico_time/time.c.obj
 *fill*         0x10004aaa        0x2 
 .rodata.__func__.3
                0x10004aac       0x14 CMakeFiles/Button_Polling.dir/E_/Pi_Pico/pico-sdk/src/common/pico_time/time.c.obj
 .rodata.__func__.4
                0x10004ac0       0x12 CMakeFiles/Button_Polling.dir/E_/Pi_Pico/pico-sdk/src/common/pico_time/time.c.obj
 *fill*         0x10004ad2        0x2 
 .rodata.__func__.5
                0x10004ad4        0xa CMakeFiles/Button_Polling.dir/E_/Pi_Pico/pico-sdk/src/common/pico_time/time.c.obj
 *fill*         0x10004ade        0x2 
 .rodata.__func__.6
                0x10004ae0        0xc CMakeFiles/Button_Polling.dir/E_/Pi_Pico/pico-sdk/src/common/pico_time/time.c.obj
 .rodata.__func__.7
                0x10004aec       0x15 CMakeFiles/Button_Polling.dir/E_/Pi_Pico/pico-sdk/src/common/pico_time/time.c.obj
 *fill*         0x10004b01        0x3 
 .rodata.__func__.8
                0x10004b04       0x1a CMakeFiles/Button_Polling.dir/E_/Pi_Pico/pico-sdk/src/common/pico_time/time.c.obj
 *fill*         0x10004b1e        0x2 
 .rodata.__func__.9
                0x10004b20        0xa CMakeFiles/Button_Polling.dir/E_/Pi_Pico/pico-sdk/src/common/pico_time/time.c.obj
 *fill*         0x10004b2a        0x2 
 .rodata.hardware_alarm_claim.str1.4
                0x10004b2c       0x22 CMakeFiles/Button_Polling.dir/E_/Pi_Pico/pico-sdk/src/rp2_common/hardware_timer/timer.c.obj
 *fill*         0x10004b4e        0x2 
 .rodata.hardware_alarm_set_target.str1.4
                0x10004b50       0x5e CMakeFiles/Button_Polling.dir/E_/Pi_Pico/pico-sdk/src/rp2_common/hardware_timer/timer.c.obj
 *fill*         0x10004bae        0x2 
 .rodata.__func__.0
                0x10004bb0       0x1a CMakeFiles/Button_Polling.dir/E_/Pi_Pico/pico-sdk/src/rp2_common/hardware_timer/timer.c.obj
 *fill*         0x10004bca        0x2 
 .rodata.lock_init.str1.4
                0x10004bcc       0x61 CMakeFiles/Button_Polling.dir/E_/Pi_Pico/pico-sdk/src/common/pico_sync/lock_core.c.obj
 *fill*         0x10004c2d        0x3 
 .rodata.__func__.0
                0x10004c30        0xa CMakeFiles/Button_Polling.dir/E_/Pi_Pico/pico-sdk/src/common/pico_sync/lock_core.c.obj
 *fill*         0x10004c3a        0x2 
 .rodata.str1.4
                0x10004c3c       0x58 CMakeFiles/Button_Polling.dir/E_/Pi_Pico/pico-sdk/src/common/pico_sync/mutex.c.obj
 .rodata.__func__.0
                0x10004c94        0xb CMakeFiles/Button_Polling.dir/E_/Pi_Pico/pico-sdk/src/common/pico_sync/mutex.c.obj
 *fill*         0x10004c9f        0x1 
 .rodata.__func__.2
                0x10004ca0       0x15 CMakeFiles/Button_Polling.dir/E_/Pi_Pico/pico-sdk/src/common/pico_sync/mutex.c.obj
 .rodata.ph_add_child_node.str1.4
                0x10004cb5       0x8e CMakeFiles/Button_Polling.dir/E_/Pi_Pico/pico-sdk/src/common/pico_util/pheap.c.obj
 *fill*         0x10004cb5        0x3 
 .rodata.ph_remove_any_head.str1.4
                0x10004cb8       0x88 CMakeFiles/Button_Polling.dir/E_/Pi_Pico/pico-sdk/src/common/pico_util/pheap.c.obj
 .rodata.ph_delete.str1.4
                0x10004d40       0x26 CMakeFiles/Button_Polling.dir/E_/Pi_Pico/pico-sdk/src/common/pico_util/pheap.c.obj
 *fill*         0x10004d66        0x2 
 .rodata.__func__.0
                0x10004d68        0xa CMakeFiles/Button_Polling.dir/E_/Pi_Pico/pico-sdk/src/common/pico_util/pheap.c.obj
 *fill*         0x10004d72        0x2 
 .rodata.__func__.1
                0x10004d74       0x13 CMakeFiles/Button_Polling.dir/E_/Pi_Pico/pico-sdk/src/common/pico_util/pheap.c.obj
 *fill*         0x10004d87        0x1 
 .rodata.__func__.2
                0x10004d88       0x12 CMakeFiles/Button_Polling.dir/E_/Pi_Pico/pico-sdk/src/common/pico_util/pheap.c.obj
 *fill*         0x10004d9a        0x2 
 .rodata.__func__.3
                0x10004d9c        0xc CMakeFiles/Button_Polling.dir/E_/Pi_Pico/pico-sdk/src/common/pico_util/pheap.c.obj
 .rodata.__assert_func.str1.4
                0x10004da8       0x3f CMakeFiles/Button_Polling.dir/E_/Pi_Pico/pico-sdk/src/rp2_common/pico_runtime/runtime.c.obj
                                 0x43 (size before relaxing)
 *fill*         0x10004de7        0x1 
 .rodata.panic.str1.4
                0x10004de8       0x12 CMakeFiles/Button_Polling.dir/E_/Pi_Pico/pico-sdk/src/rp2_common/pico_runtime/runtime.c.obj
 *fill*         0x10004dfa        0x2 
 .rodata.clock_configure.str1.4
                0x10004dfc       0x50 CMakeFiles/Button_Polling.dir/E_/Pi_Pico/pico-sdk/src/rp2_common/hardware_clocks/clocks.c.obj
 .rodata.__func__.1
                0x10004e4c       0x10 CMakeFiles/Button_Polling.dir/E_/Pi_Pico/pico-sdk/src/rp2_common/hardware_clocks/clocks.c.obj
 .rodata.pll_init.str1.4
                0x10004e5c       0xd3 CMakeFiles/Button_Polling.dir/E_/Pi_Pico/pico-sdk/src/rp2_common/hardware_pll/pll.c.obj
 *fill*         0x10004f2f        0x1 
 .rodata.__func__.0
                0x10004f30        0x9 CMakeFiles/Button_Polling.dir/E_/Pi_Pico/pico-sdk/src/rp2_common/hardware_pll/pll.c.obj
 *fill*         0x10004f39        0x3 
 .rodata.make_branch.str1.4
                0x10004f3c       0x46 CMakeFiles/Button_Polling.dir/E_/Pi_Pico/pico-sdk/src/rp2_common/hardware_irq/irq.c.obj
 *fill*         0x10004f82        0x2 
 .rodata.irq_set_exclusive_handler.str1.4
                0x10004f84       0x36 CMakeFiles/Button_Polling.dir/E_/Pi_Pico/pico-sdk/src/rp2_common/hardware_irq/irq.c.obj
 *fill*         0x10004fba        0x2 
 .rodata.irq_add_shared_handler.str1.4
                0x10004fbc       0xd9 CMakeFiles/Button_Polling.dir/E_/Pi_Pico/pico-sdk/src/rp2_common/hardware_irq/irq.c.obj
 *fill*         0x10005095        0x3 
 .rodata.irq_remove_handler.str1.4
                0x10005098       0x2a CMakeFiles/Button_Polling.dir/E_/Pi_Pico/pico-sdk/src/rp2_common/hardware_irq/irq.c.obj
 *fill*         0x100050c2        0x2 
 .rodata.irq_add_tail_to_free_list.str1.4
                0x100050c4       0x32 CMakeFiles/Button_Polling.dir/E_/Pi_Pico/pico-sdk/src/rp2_common/hardware_irq/irq.c.obj
                                 0x3a (size before relaxing)
 *fill*         0x100050f6        0x2 
 .rodata.__func__.0
                0x100050f8       0x1a CMakeFiles/Button_Polling.dir/E_/Pi_Pico/pico-sdk/src/rp2_common/hardware_irq/irq.c.obj
 *fill*         0x10005112        0x2 
 .rodata.__func__.1
                0x10005114       0x17 CMakeFiles/Button_Polling.dir/E_/Pi_Pico/pico-sdk/src/rp2_common/hardware_irq/irq.c.obj
 *fill*         0x1000512b        0x1 
 .rodata.__func__.2
                0x1000512c       0x13 CMakeFiles/Button_Polling.dir/E_/Pi_Pico/pico-sdk/src/rp2_common/hardware_irq/irq.c.obj
 *fill*         0x1000513f        0x1 
 .rodata.__func__.3
                0x10005140        0xc CMakeFiles/Button_Polling.dir/E_/Pi_Pico/pico-sdk/src/rp2_common/hardware_irq/irq.c.obj
 .rodata.__func__.4
                0x1000514c        0xf CMakeFiles/Button_Polling.dir/E_/Pi_Pico/pico-sdk/src/rp2_common/hardware_irq/irq.c.obj
 *fill*         0x1000515b        0x1 
 .rodata.__func__.6
                0x1000515c       0x1a CMakeFiles/Button_Polling.dir/E_/Pi_Pico/pico-sdk/src/rp2_common/hardware_irq/irq.c.obj
 *fill*         0x10005176        0x2 
 .rodata._ftoa.str1.4
                0x10005178       0x15 CMakeFiles/Button_Polling.dir/E_/Pi_Pico/pico-sdk/src/rp2_common/pico_printf/printf.c.obj
 *fill*         0x1000518d        0x3 
 .rodata._vsnprintf
                0x10005190      0x1e0 CMakeFiles/Button_Polling.dir/E_/Pi_Pico/pico-sdk/src/rp2_common/pico_printf/printf.c.obj
 .rodata.pow10.0
                0x10005370       0x50 CMakeFiles/Button_Polling.dir/E_/Pi_Pico/pico-sdk/src/rp2_common/pico_printf/printf.c.obj
 .rodata.__aeabi_double_init.str1.4
                0x100053c0       0xa1 CMakeFiles/Button_Polling.dir/E_/Pi_Pico/pico-sdk/src/rp2_common/pico_double/double_init_rom.c.obj
 *fill*         0x10005461        0x3 
 .rodata.__func__.0
                0x10005464       0x14 CMakeFiles/Button_Polling.dir/E_/Pi_Pico/pico-sdk/src/rp2_common/pico_double/double_init_rom.c.obj
 .rodata.__aeabi_float_init.str1.4
                0x10005478       0x73 CMakeFiles/Button_Polling.dir/E_/Pi_Pico/pico-sdk/src/rp2_common/pico_float/float_init_rom.c.obj
                                 0x77 (size before relaxing)
 *fill*         0x100054eb        0x1 
 .rodata.__func__.0
                0x100054ec       0x13 CMakeFiles/Button_Polling.dir/E_/Pi_Pico/pico-sdk/src/rp2_common/pico_float/float_init_rom.c.obj
 *fill*         0x100054ff        0x1 
 .rodata.str1.4
                0x10005500       0x34 CMakeFiles/Button_Polling.dir/E_/Pi_Pico/pico-sdk/src/rp2_common/pico_standard_link/binary_info.c.obj
 .rodata.__bi_40
                0x10005534        0xc CMakeFiles/Button_Polling.dir/E_/Pi_Pico/pico-sdk/src/rp2_common/pico_standard_link/binary_info.c.obj
 .rodata.__bi_71
                0x10005540        0xc CMakeFiles/Button_Polling.dir/E_/Pi_Pico/pico-sdk/src/rp2_common/pico_standard_link/binary_info.c.obj
 .rodata.crlf_str.1
                0x1000554c        0x2 CMakeFiles/Button_Polling.dir/E_/Pi_Pico/pico-sdk/src/rp2_common/pico_stdio/stdio.c.obj
                0x10005550                . = ALIGN (0x4)
 *fill*         0x1000554e        0x2 
 *(SORT_BY_ALIGNMENT(SORT_BY_NAME(.flashdata*)))
                0x10005550                . = ALIGN (0x4)

.rel.dyn        0x10005550        0x0
 .rel.iplt      0x10005550        0x0 c:/progra~2/gnuarm~1/102020~1/bin/../lib/gcc/arm-none-eabi/10.2.1/thumb/v6-m/nofp/crtbegin.o

.ARM.extab
 *(.ARM.extab* .gnu.linkonce.armextab.*)
                0x10005550                __exidx_start = .

.ARM.exidx
 *(.ARM.exidx* .gnu.linkonce.armexidx.*)
                0x10005550                __exidx_end = .
                0x10005550                . = ALIGN (0x4)
                0x10005550                __binary_info_start = .

.binary_info    0x10005550       0x18
 *(.binary_info.keep.*)
 .binary_info.keep.__bi_ptr18
                0x10005550        0x4 CMakeFiles/Button_Polling.dir/E_/Pi_Pico/pico-sdk/src/rp2_common/pico_standard_link/binary_info.c.obj
 .binary_info.keep.__bi_ptr26
                0x10005554        0x4 CMakeFiles/Button_Polling.dir/E_/Pi_Pico/pico-sdk/src/rp2_common/pico_standard_link/binary_info.c.obj
 .binary_info.keep.__bi_ptr34
                0x10005558        0x4 CMakeFiles/Button_Polling.dir/E_/Pi_Pico/pico-sdk/src/rp2_common/pico_standard_link/binary_info.c.obj
 .binary_info.keep.__bi_ptr40
                0x1000555c        0x4 CMakeFiles/Button_Polling.dir/E_/Pi_Pico/pico-sdk/src/rp2_common/pico_standard_link/binary_info.c.obj
 .binary_info.keep.__bi_ptr46
                0x10005560        0x4 CMakeFiles/Button_Polling.dir/E_/Pi_Pico/pico-sdk/src/rp2_common/pico_standard_link/binary_info.c.obj
 .binary_info.keep.__bi_ptr71
                0x10005564        0x4 CMakeFiles/Button_Polling.dir/E_/Pi_Pico/pico-sdk/src/rp2_common/pico_standard_link/binary_info.c.obj
 *(.binary_info.*)
                0x10005568                __binary_info_end = .
                0x10005568                . = ALIGN (0x4)
                0x10005568                __etext = .

.ram_vector_table
                0x20000000       0xc0
 *(.ram_vector_table)
 .ram_vector_table
                0x20000000       0xc0 CMakeFiles/Button_Polling.dir/E_/Pi_Pico/pico-sdk/src/rp2_common/pico_runtime/runtime.c.obj
                0x20000000                ram_vector_table

.data           0x200000c0      0x9dc load address 0x10005568
                0x200000c0                __data_start__ = .
 *(vtable)
 *(.time_critical*)
 .time_critical.mutex_enter_blocking
                0x200000c0       0x64 CMakeFiles/Button_Polling.dir/E_/Pi_Pico/pico-sdk/src/common/pico_sync/mutex.c.obj
                0x200000c0                mutex_enter_blocking
 .time_critical.mutex_try_enter
                0x20000124       0x44 CMakeFiles/Button_Polling.dir/E_/Pi_Pico/pico-sdk/src/common/pico_sync/mutex.c.obj
                0x20000124                mutex_try_enter
 .time_critical.mutex_exit
                0x20000168       0x4c CMakeFiles/Button_Polling.dir/E_/Pi_Pico/pico-sdk/src/common/pico_sync/mutex.c.obj
                0x20000168                mutex_exit
 *(.text*)
 .text          0x200001b4        0x4 c:/progra~2/gnuarm~1/102020~1/bin/../lib/gcc/arm-none-eabi/10.2.1/thumb/v6-m/nofp\libgcc.a(_dvmd_tls.o)
                0x200001b4                __aeabi_idiv0
                0x200001b4                __aeabi_ldiv0
 .text.__stub   0x200001b8       0x10 linker stubs
                0x200001c8                . = ALIGN (0x4)
 *(.rodata*)
                0x200001c8                . = ALIGN (0x4)
 *(.data*)
 .data.striped_spin_lock_num
                0x200001c8        0x1 CMakeFiles/Button_Polling.dir/E_/Pi_Pico/pico-sdk/src/rp2_common/hardware_sync/sync.c.obj
 *fill*         0x200001c9        0x3 
 .data          0x200001cc       0x48 CMakeFiles/Button_Polling.dir/E_/Pi_Pico/pico-sdk/src/rp2_common/hardware_irq/irq_handler_chain.S.obj
                0x200001cc                irq_handler_chain_slots
                0x200001fc                irq_handler_chain_first_slot
                0x20000206                irq_handler_chain_remove_tail
 *fill*         0x20000214        0xc 
 .data.aeabi_bits_funcs
                0x20000220       0x10 CMakeFiles/Button_Polling.dir/E_/Pi_Pico/pico-sdk/src/rp2_common/pico_bit_ops/bit_ops_aeabi.S.obj
                0x20000220                aeabi_bits_funcs
                0x20000230                aeabi_bits_funcs_end
 .data.aeabi_mem_funcs
                0x20000230       0x10 CMakeFiles/Button_Polling.dir/E_/Pi_Pico/pico-sdk/src/rp2_common/pico_mem_ops/mem_ops_aeabi.S.obj
                0x20000230                aeabi_mem_funcs
                0x20000240                aeabi_mem_funcs_end
 .data._impure_ptr
                0x20000240        0x4 c:/progra~2/gnuarm~1/102020~1/bin/../lib/gcc/arm-none-eabi/10.2.1/../../../../arm-none-eabi/lib/thumb/v6-m/nofp\libg.a(lib_a-impure.o)
                0x20000240                _impure_ptr
 *fill*         0x20000244        0x4 
 .data.impure_data
                0x20000248      0x428 c:/progra~2/gnuarm~1/102020~1/bin/../lib/gcc/arm-none-eabi/10.2.1/../../../../arm-none-eabi/lib/thumb/v6-m/nofp\libg.a(lib_a-impure.o)
 .data.__malloc_av_
                0x20000670      0x408 c:/progra~2/gnuarm~1/102020~1/bin/../lib/gcc/arm-none-eabi/10.2.1/../../../../arm-none-eabi/lib/thumb/v6-m/nofp\libg.a(lib_a-mallocr.o)
                0x20000670                __malloc_av_
 .data.__malloc_sbrk_base
                0x20000a78        0x4 c:/progra~2/gnuarm~1/102020~1/bin/../lib/gcc/arm-none-eabi/10.2.1/../../../../arm-none-eabi/lib/thumb/v6-m/nofp\libg.a(lib_a-mallocr.o)
                0x20000a78                __malloc_sbrk_base
 .data.__malloc_trim_threshold
                0x20000a7c        0x4 c:/progra~2/gnuarm~1/102020~1/bin/../lib/gcc/arm-none-eabi/10.2.1/../../../../arm-none-eabi/lib/thumb/v6-m/nofp\libg.a(lib_a-mallocr.o)
                0x20000a7c                __malloc_trim_threshold
                0x20000a80                . = ALIGN (0x4)
 *(.after_data.*)
                0x20000a80                . = ALIGN (0x4)
                0x20000a80                PROVIDE (__mutex_array_start = .)
 *(SORT_BY_NAME(.mutex_array.*))
 *(.mutex_array)
 .mutex_array   0x20000a80        0x8 CMakeFiles/Button_Polling.dir/E_/Pi_Pico/pico-sdk/src/rp2_common/pico_stdio/stdio.c.obj
                0x20000a88                PROVIDE (__mutex_array_end = .)
                0x20000a88                . = ALIGN (0x4)
                0x20000a88                PROVIDE (__preinit_array_start = .)
 *(SORT_BY_NAME(.preinit_array.*))
 .preinit_array.00001
                0x20000a88        0x4 CMakeFiles/Button_Polling.dir/E_/Pi_Pico/pico-sdk/src/rp2_common/pico_mem_ops/mem_ops_aeabi.S.obj
 .preinit_array.00010
                0x20000a8c        0x4 CMakeFiles/Button_Polling.dir/E_/Pi_Pico/pico-sdk/src/rp2_common/pico_bit_ops/bit_ops_aeabi.S.obj
 .preinit_array.00020
                0x20000a90        0x4 CMakeFiles/Button_Polling.dir/E_/Pi_Pico/pico-sdk/src/rp2_common/pico_double/double_aeabi.S.obj
 .preinit_array.00020
                0x20000a94        0x4 CMakeFiles/Button_Polling.dir/E_/Pi_Pico/pico-sdk/src/rp2_common/pico_float/float_aeabi.S.obj
 *(.preinit_array)
                0x20000a98                PROVIDE (__preinit_array_end = .)
                0x20000a98                . = ALIGN (0x4)
                0x20000a98                PROVIDE (__init_array_start = .)
 *(SORT_BY_NAME(.init_array.*))
 *(.init_array)
 .init_array    0x20000a98        0x4 c:/progra~2/gnuarm~1/102020~1/bin/../lib/gcc/arm-none-eabi/10.2.1/thumb/v6-m/nofp/crtbegin.o
                0x20000a9c                PROVIDE (__init_array_end = .)
                0x20000a9c                . = ALIGN (0x4)
                [!provide]                PROVIDE (__fini_array_start = .)
 *(SORT_BY_NAME(.fini_array.*))
 *(.fini_array)
                [!provide]                PROVIDE (__fini_array_end = .)
 *(.jcr)
                0x20000a9c                . = ALIGN (0x4)
                0x20000a9c                __data_end__ = .

.igot.plt       0x20000a9c        0x0 load address 0x10005f44
 .igot.plt      0x20000a9c        0x0 c:/progra~2/gnuarm~1/102020~1/bin/../lib/gcc/arm-none-eabi/10.2.1/thumb/v6-m/nofp/crtbegin.o

.uninitialized_data
                0x20000a9c        0x0 load address 0x10005f44
                0x20000a9c                . = ALIGN (0x4)
 *(.uninitialized_data*)

.scratch_x      0x20040000        0x0 load address 0x10005f44
                0x20040000                __scratch_x_start__ = .
 *(.scratch_x.*)
                0x20040000                . = ALIGN (0x4)
                0x20040000                __scratch_x_end__ = .
                0x10005f44                __scratch_x_source__ = LOADADDR (.scratch_x)

.scratch_y      0x20041000        0x0 load address 0x10005f44
                0x20041000                __scratch_y_start__ = .
 *(.scratch_y.*)
                0x20041000                . = ALIGN (0x4)
                0x20041000                __scratch_y_end__ = .
                0x10005f44                __scratch_y_source__ = LOADADDR (.scratch_y)

.bss            0x20000a9c      0x2c8
                0x20000a9c                . = ALIGN (0x4)
                0x20000a9c                __bss_start__ = .
 *(SORT_BY_ALIGNMENT(SORT_BY_NAME(.bss*)))
 .bss           0x20000a9c       0x1c c:/progra~2/gnuarm~1/102020~1/bin/../lib/gcc/arm-none-eabi/10.2.1/thumb/v6-m/nofp/crtbegin.o
 .bss.__lock___malloc_recursive_mutex
                0x20000ab8        0x1 c:/progra~2/gnuarm~1/102020~1/bin/../lib/gcc/arm-none-eabi/10.2.1/../../../../arm-none-eabi/lib/thumb/v6-m/nofp\libg.a(lib_a-lock.o)
                0x20000ab8                __lock___malloc_recursive_mutex
 *fill*         0x20000ab9        0x3 
 .bss.__malloc_current_mallinfo
                0x20000abc       0x28 c:/progra~2/gnuarm~1/102020~1/bin/../lib/gcc/arm-none-eabi/10.2.1/../../../../arm-none-eabi/lib/thumb/v6-m/nofp\libg.a(lib_a-mallocr.o)
                0x20000abc                __malloc_current_mallinfo
 .bss.__malloc_max_sbrked_mem
                0x20000ae4        0x4 c:/progra~2/gnuarm~1/102020~1/bin/../lib/gcc/arm-none-eabi/10.2.1/../../../../arm-none-eabi/lib/thumb/v6-m/nofp\libg.a(lib_a-mallocr.o)
                0x20000ae4                __malloc_max_sbrked_mem
 .bss.__malloc_max_total_mem
                0x20000ae8        0x4 c:/progra~2/gnuarm~1/102020~1/bin/../lib/gcc/arm-none-eabi/10.2.1/../../../../arm-none-eabi/lib/thumb/v6-m/nofp\libg.a(lib_a-mallocr.o)
                0x20000ae8                __malloc_max_total_mem
 .bss.__malloc_top_pad
                0x20000aec        0x4 c:/progra~2/gnuarm~1/102020~1/bin/../lib/gcc/arm-none-eabi/10.2.1/../../../../arm-none-eabi/lib/thumb/v6-m/nofp\libg.a(lib_a-mallocr.o)
                0x20000aec                __malloc_top_pad
 .bss.alarm_callbacks
                0x20000af0       0x10 CMakeFiles/Button_Polling.dir/E_/Pi_Pico/pico-sdk/src/rp2_common/hardware_timer/timer.c.obj
 .bss.configured_freq
                0x20000b00       0x28 CMakeFiles/Button_Polling.dir/E_/Pi_Pico/pico-sdk/src/rp2_common/hardware_clocks/clocks.c.obj
 .bss.default_alarm_pool
                0x20000b28        0x4 CMakeFiles/Button_Polling.dir/E_/Pi_Pico/pico-sdk/src/common/pico_time/time.c.obj
 .bss.drivers   0x20000b2c        0x4 CMakeFiles/Button_Polling.dir/E_/Pi_Pico/pico-sdk/src/rp2_common/pico_stdio/stdio.c.obj
 .bss.errno     0x20000b30        0x4 c:/progra~2/gnuarm~1/102020~1/bin/../lib/gcc/arm-none-eabi/10.2.1/../../../../arm-none-eabi/lib/thumb/v6-m/nofp\libg.a(lib_a-reent.o)
                0x20000b30                errno
 .bss.filter    0x20000b34        0x4 CMakeFiles/Button_Polling.dir/E_/Pi_Pico/pico-sdk/src/rp2_common/pico_stdio/stdio.c.obj
 .bss.heap_end.0
                0x20000b38        0x4 CMakeFiles/Button_Polling.dir/E_/Pi_Pico/pico-sdk/src/rp2_common/pico_runtime/runtime.c.obj
 .bss.pools     0x20000b3c       0x10 CMakeFiles/Button_Polling.dir/E_/Pi_Pico/pico-sdk/src/common/pico_time/time.c.obj
 .bss.sd_table  0x20000b4c      0x100 CMakeFiles/Button_Polling.dir/E_/Pi_Pico/pico-sdk/src/rp2_common/pico_double/double_init_rom.c.obj
                0x20000b4c                sd_table
 .bss.sf_clz_func
                0x20000c4c        0x4 CMakeFiles/Button_Polling.dir/E_/Pi_Pico/pico-sdk/src/rp2_common/pico_float/float_init_rom.c.obj
                0x20000c4c                sf_clz_func
 .bss.sf_table  0x20000c50      0x100 CMakeFiles/Button_Polling.dir/E_/Pi_Pico/pico-sdk/src/rp2_common/pico_float/float_init_rom.c.obj
                0x20000c50                sf_table
 .bss.target_hi
                0x20000d50       0x10 CMakeFiles/Button_Polling.dir/E_/Pi_Pico/pico-sdk/src/rp2_common/hardware_timer/timer.c.obj
 .bss.claimed   0x20000d60        0x1 CMakeFiles/Button_Polling.dir/E_/Pi_Pico/pico-sdk/src/rp2_common/hardware_timer/timer.c.obj
 .bss.irq_hander_chain_free_slot_head
                0x20000d61        0x1 CMakeFiles/Button_Polling.dir/E_/Pi_Pico/pico-sdk/src/rp2_common/hardware_irq/irq.c.obj
 .bss.timer_callbacks_pending
                0x20000d62        0x1 CMakeFiles/Button_Polling.dir/E_/Pi_Pico/pico-sdk/src/rp2_common/hardware_timer/timer.c.obj
 *(COMMON)
                0x20000d64                . = ALIGN (0x4)
 *fill*         0x20000d63        0x1 
                0x20000d64                __bss_end__ = .

.heap           0x20000d64      0x800
                0x20000d64                __end__ = .
                0x20000d64                end = __end__
 *(.heap*)
 .heap          0x20000d64      0x800 CMakeFiles/Button_Polling.dir/E_/Pi_Pico/pico-sdk/src/rp2_common/pico_standard_link/crt0.S.obj
                0x20001564                __HeapLimit = .

.stack1_dummy   0x20040000        0x0
 *(.stack1*)

.stack_dummy    0x20041000      0x800
 *(.stack*)
 .stack         0x20041000      0x800 CMakeFiles/Button_Polling.dir/E_/Pi_Pico/pico-sdk/src/rp2_common/pico_standard_link/crt0.S.obj

.flash_end      0x10005f44        0x0
                0x10005f44                __flash_binary_end = .
                0x20040000                __StackLimit = (ORIGIN (RAM) + LENGTH (RAM))
                0x20041000                __StackOneTop = (ORIGIN (SCRATCH_X) + LENGTH (SCRATCH_X))
                0x20042000                __StackTop = (ORIGIN (SCRATCH_Y) + LENGTH (SCRATCH_Y))
                0x20041000                __StackOneBottom = (__StackOneTop - SIZEOF (.stack1_dummy))
                0x20041800                __StackBottom = (__StackTop - SIZEOF (.stack_dummy))
                0x20042000                PROVIDE (__stack = __StackTop)
                0x00000001                ASSERT ((__StackLimit >= __HeapLimit), region RAM overflowed)
                0x00000001                ASSERT (((__binary_info_header_end - __logical_binary_start) <= 0x100), Binary info must be in first 256 bytes of the binary)
LOAD CMakeFiles/Button_Polling.dir/Button_Polling.c.obj
LOAD CMakeFiles/Button_Polling.dir/E_/Pi_Pico/pico-sdk/src/rp2_common/pico_stdlib/stdlib.c.obj
LOAD CMakeFiles/Button_Polling.dir/E_/Pi_Pico/pico-sdk/src/rp2_common/hardware_gpio/gpio.c.obj
LOAD CMakeFiles/Button_Polling.dir/E_/Pi_Pico/pico-sdk/src/rp2_common/hardware_claim/claim.c.obj
LOAD CMakeFiles/Button_Polling.dir/E_/Pi_Pico/pico-sdk/src/rp2_common/hardware_sync/sync.c.obj
LOAD CMakeFiles/Button_Polling.dir/E_/Pi_Pico/pico-sdk/src/rp2_common/pico_platform/platform.c.obj
LOAD CMakeFiles/Button_Polling.dir/E_/Pi_Pico/pico-sdk/src/rp2_common/hardware_uart/uart.c.obj
LOAD CMakeFiles/Button_Polling.dir/E_/Pi_Pico/pico-sdk/src/rp2_common/hardware_divider/divider.S.obj
LOAD CMakeFiles/Button_Polling.dir/E_/Pi_Pico/pico-sdk/src/common/pico_time/time.c.obj
LOAD CMakeFiles/Button_Polling.dir/E_/Pi_Pico/pico-sdk/src/common/pico_time/timeout_helper.c.obj
LOAD CMakeFiles/Button_Polling.dir/E_/Pi_Pico/pico-sdk/src/rp2_common/hardware_timer/timer.c.obj
LOAD CMakeFiles/Button_Polling.dir/E_/Pi_Pico/pico-sdk/src/common/pico_sync/sem.c.obj
LOAD CMakeFiles/Button_Polling.dir/E_/Pi_Pico/pico-sdk/src/common/pico_sync/lock_core.c.obj
LOAD CMakeFiles/Button_Polling.dir/E_/Pi_Pico/pico-sdk/src/common/pico_sync/mutex.c.obj
LOAD CMakeFiles/Button_Polling.dir/E_/Pi_Pico/pico-sdk/src/common/pico_sync/critical_section.c.obj
LOAD CMakeFiles/Button_Polling.dir/E_/Pi_Pico/pico-sdk/src/common/pico_util/datetime.c.obj
LOAD CMakeFiles/Button_Polling.dir/E_/Pi_Pico/pico-sdk/src/common/pico_util/pheap.c.obj
LOAD CMakeFiles/Button_Polling.dir/E_/Pi_Pico/pico-sdk/src/common/pico_util/queue.c.obj
LOAD CMakeFiles/Button_Polling.dir/E_/Pi_Pico/pico-sdk/src/rp2_common/pico_runtime/runtime.c.obj
LOAD CMakeFiles/Button_Polling.dir/E_/Pi_Pico/pico-sdk/src/rp2_common/hardware_clocks/clocks.c.obj
LOAD CMakeFiles/Button_Polling.dir/E_/Pi_Pico/pico-sdk/src/rp2_common/hardware_watchdog/watchdog.c.obj
LOAD CMakeFiles/Button_Polling.dir/E_/Pi_Pico/pico-sdk/src/rp2_common/hardware_xosc/xosc.c.obj
LOAD CMakeFiles/Button_Polling.dir/E_/Pi_Pico/pico-sdk/src/rp2_common/hardware_pll/pll.c.obj
LOAD CMakeFiles/Button_Polling.dir/E_/Pi_Pico/pico-sdk/src/rp2_common/hardware_vreg/vreg.c.obj
LOAD CMakeFiles/Button_Polling.dir/E_/Pi_Pico/pico-sdk/src/rp2_common/hardware_irq/irq.c.obj
LOAD CMakeFiles/Button_Polling.dir/E_/Pi_Pico/pico-sdk/src/rp2_common/hardware_irq/irq_handler_chain.S.obj
LOAD CMakeFiles/Button_Polling.dir/E_/Pi_Pico/pico-sdk/src/rp2_common/pico_printf/printf.c.obj
LOAD CMakeFiles/Button_Polling.dir/E_/Pi_Pico/pico-sdk/src/rp2_common/pico_bit_ops/bit_ops_aeabi.S.obj
LOAD CMakeFiles/Button_Polling.dir/E_/Pi_Pico/pico-sdk/src/rp2_common/pico_bootrom/bootrom.c.obj
LOAD CMakeFiles/Button_Polling.dir/E_/Pi_Pico/pico-sdk/src/rp2_common/pico_divider/divider.S.obj
LOAD CMakeFiles/Button_Polling.dir/E_/Pi_Pico/pico-sdk/src/rp2_common/pico_double/double_aeabi.S.obj
LOAD CMakeFiles/Button_Polling.dir/E_/Pi_Pico/pico-sdk/src/rp2_common/pico_double/double_init_rom.c.obj
LOAD CMakeFiles/Button_Polling.dir/E_/Pi_Pico/pico-sdk/src/rp2_common/pico_double/double_math.c.obj
LOAD CMakeFiles/Button_Polling.dir/E_/Pi_Pico/pico-sdk/src/rp2_common/pico_double/double_v1_rom_shim.S.obj
LOAD CMakeFiles/Button_Polling.dir/E_/Pi_Pico/pico-sdk/src/rp2_common/pico_int64_ops/pico_int64_ops_aeabi.S.obj
LOAD CMakeFiles/Button_Polling.dir/E_/Pi_Pico/pico-sdk/src/rp2_common/pico_float/float_aeabi.S.obj
LOAD CMakeFiles/Button_Polling.dir/E_/Pi_Pico/pico-sdk/src/rp2_common/pico_float/float_init_rom.c.obj
LOAD CMakeFiles/Button_Polling.dir/E_/Pi_Pico/pico-sdk/src/rp2_common/pico_float/float_math.c.obj
LOAD CMakeFiles/Button_Polling.dir/E_/Pi_Pico/pico-sdk/src/rp2_common/pico_float/float_v1_rom_shim.S.obj
LOAD CMakeFiles/Button_Polling.dir/E_/Pi_Pico/pico-sdk/src/rp2_common/pico_malloc/pico_malloc.c.obj
LOAD CMakeFiles/Button_Polling.dir/E_/Pi_Pico/pico-sdk/src/rp2_common/pico_mem_ops/mem_ops_aeabi.S.obj
LOAD CMakeFiles/Button_Polling.dir/E_/Pi_Pico/pico-sdk/src/rp2_common/pico_standard_link/crt0.S.obj
LOAD CMakeFiles/Button_Polling.dir/E_/Pi_Pico/pico-sdk/src/rp2_common/pico_standard_link/new_delete.cpp.obj
LOAD CMakeFiles/Button_Polling.dir/E_/Pi_Pico/pico-sdk/src/rp2_common/pico_standard_link/binary_info.c.obj
LOAD CMakeFiles/Button_Polling.dir/E_/Pi_Pico/pico-sdk/src/rp2_common/pico_stdio/stdio.c.obj
LOAD CMakeFiles/Button_Polling.dir/E_/Pi_Pico/pico-sdk/src/rp2_common/pico_stdio_uart/stdio_uart.c.obj
LOAD C:\Users\Venki\AppData\Local\Temp\ccpybNc2.o
LOAD c:/progra~2/gnuarm~1/102020~1/bin/../lib/gcc/arm-none-eabi/10.2.1/../../../../arm-none-eabi/lib/thumb/v6-m/nofp\libstdc++.a
LOAD c:/progra~2/gnuarm~1/102020~1/bin/../lib/gcc/arm-none-eabi/10.2.1/../../../../arm-none-eabi/lib/thumb/v6-m/nofp\libm.a
START GROUP
LOAD c:/progra~2/gnuarm~1/102020~1/bin/../lib/gcc/arm-none-eabi/10.2.1/thumb/v6-m/nofp\libgcc.a
LOAD c:/progra~2/gnuarm~1/102020~1/bin/../lib/gcc/arm-none-eabi/10.2.1/../../../../arm-none-eabi/lib/thumb/v6-m/nofp\libg.a
LOAD c:/progra~2/gnuarm~1/102020~1/bin/../lib/gcc/arm-none-eabi/10.2.1/../../../../arm-none-eabi/lib/thumb/v6-m/nofp\libc.a
END GROUP
START GROUP
LOAD c:/progra~2/gnuarm~1/102020~1/bin/../lib/gcc/arm-none-eabi/10.2.1/thumb/v6-m/nofp\libgcc.a
LOAD c:/progra~2/gnuarm~1/102020~1/bin/../lib/gcc/arm-none-eabi/10.2.1/../../../../arm-none-eabi/lib/thumb/v6-m/nofp\libc.a
LOAD c:/progra~2/gnuarm~1/102020~1/bin/../lib/gcc/arm-none-eabi/10.2.1/../../../../arm-none-eabi/lib/thumb/v6-m/nofp\libnosys.a
END GROUP
LOAD c:/progra~2/gnuarm~1/102020~1/bin/../lib/gcc/arm-none-eabi/10.2.1/thumb/v6-m/nofp/crtend.o
LOAD c:/progra~2/gnuarm~1/102020~1/bin/../lib/gcc/arm-none-eabi/10.2.1/thumb/v6-m/nofp/crtn.o
OUTPUT(Button_Polling.elf elf32-littlearm)
LOAD linker stubs

.ARM.attributes
                0x00000000       0x28
 .ARM.attributes
                0x00000000       0x1e c:/progra~2/gnuarm~1/102020~1/bin/../lib/gcc/arm-none-eabi/10.2.1/thumb/v6-m/nofp/crti.o
 .ARM.attributes
                0x0000001e       0x2c c:/progra~2/gnuarm~1/102020~1/bin/../lib/gcc/arm-none-eabi/10.2.1/thumb/v6-m/nofp/crtbegin.o
 .ARM.attributes
                0x0000004a       0x2b CMakeFiles/Button_Polling.dir/Button_Polling.c.obj
 .ARM.attributes
                0x00000075       0x2b CMakeFiles/Button_Polling.dir/E_/Pi_Pico/pico-sdk/src/rp2_common/hardware_gpio/gpio.c.obj
 .ARM.attributes
                0x000000a0       0x2b CMakeFiles/Button_Polling.dir/E_/Pi_Pico/pico-sdk/src/rp2_common/hardware_claim/claim.c.obj
 .ARM.attributes
                0x000000cb       0x2b CMakeFiles/Button_Polling.dir/E_/Pi_Pico/pico-sdk/src/rp2_common/hardware_sync/sync.c.obj
 .ARM.attributes
                0x000000f6       0x2b CMakeFiles/Button_Polling.dir/E_/Pi_Pico/pico-sdk/src/rp2_common/pico_platform/platform.c.obj
 .ARM.attributes
                0x00000121       0x2b CMakeFiles/Button_Polling.dir/E_/Pi_Pico/pico-sdk/src/common/pico_time/time.c.obj
 .ARM.attributes
                0x0000014c       0x2b CMakeFiles/Button_Polling.dir/E_/Pi_Pico/pico-sdk/src/rp2_common/hardware_timer/timer.c.obj
 .ARM.attributes
                0x00000177       0x2b CMakeFiles/Button_Polling.dir/E_/Pi_Pico/pico-sdk/src/common/pico_sync/lock_core.c.obj
 .ARM.attributes
                0x000001a2       0x2b CMakeFiles/Button_Polling.dir/E_/Pi_Pico/pico-sdk/src/common/pico_sync/mutex.c.obj
 .ARM.attributes
                0x000001cd       0x2b CMakeFiles/Button_Polling.dir/E_/Pi_Pico/pico-sdk/src/common/pico_util/pheap.c.obj
 .ARM.attributes
                0x000001f8       0x2b CMakeFiles/Button_Polling.dir/E_/Pi_Pico/pico-sdk/src/rp2_common/pico_runtime/runtime.c.obj
 .ARM.attributes
                0x00000223       0x2b CMakeFiles/Button_Polling.dir/E_/Pi_Pico/pico-sdk/src/rp2_common/hardware_clocks/clocks.c.obj
 .ARM.attributes
                0x0000024e       0x2b CMakeFiles/Button_Polling.dir/E_/Pi_Pico/pico-sdk/src/rp2_common/hardware_watchdog/watchdog.c.obj
 .ARM.attributes
                0x00000279       0x2b CMakeFiles/Button_Polling.dir/E_/Pi_Pico/pico-sdk/src/rp2_common/hardware_xosc/xosc.c.obj
 .ARM.attributes
                0x000002a4       0x2b CMakeFiles/Button_Polling.dir/E_/Pi_Pico/pico-sdk/src/rp2_common/hardware_pll/pll.c.obj
 .ARM.attributes
                0x000002cf       0x2b CMakeFiles/Button_Polling.dir/E_/Pi_Pico/pico-sdk/src/rp2_common/hardware_irq/irq.c.obj
 .ARM.attributes
                0x000002fa       0x22 CMakeFiles/Button_Polling.dir/E_/Pi_Pico/pico-sdk/src/rp2_common/hardware_irq/irq_handler_chain.S.obj
 .ARM.attributes
                0x0000031c       0x2b CMakeFiles/Button_Polling.dir/E_/Pi_Pico/pico-sdk/src/rp2_common/pico_printf/printf.c.obj
 .ARM.attributes
                0x00000347       0x22 CMakeFiles/Button_Polling.dir/E_/Pi_Pico/pico-sdk/src/rp2_common/pico_bit_ops/bit_ops_aeabi.S.obj
 .ARM.attributes
                0x00000369       0x2b CMakeFiles/Button_Polling.dir/E_/Pi_Pico/pico-sdk/src/rp2_common/pico_bootrom/bootrom.c.obj
 .ARM.attributes
                0x00000394       0x22 CMakeFiles/Button_Polling.dir/E_/Pi_Pico/pico-sdk/src/rp2_common/pico_divider/divider.S.obj
 .ARM.attributes
                0x000003b6       0x22 CMakeFiles/Button_Polling.dir/E_/Pi_Pico/pico-sdk/src/rp2_common/pico_double/double_aeabi.S.obj
 .ARM.attributes
                0x000003d8       0x2b CMakeFiles/Button_Polling.dir/E_/Pi_Pico/pico-sdk/src/rp2_common/pico_double/double_init_rom.c.obj
 .ARM.attributes
                0x00000403       0x22 CMakeFiles/Button_Polling.dir/E_/Pi_Pico/pico-sdk/src/rp2_common/pico_double/double_v1_rom_shim.S.obj
 .ARM.attributes
                0x00000425       0x22 CMakeFiles/Button_Polling.dir/E_/Pi_Pico/pico-sdk/src/rp2_common/pico_int64_ops/pico_int64_ops_aeabi.S.obj
 .ARM.attributes
                0x00000447       0x22 CMakeFiles/Button_Polling.dir/E_/Pi_Pico/pico-sdk/src/rp2_common/pico_float/float_aeabi.S.obj
 .ARM.attributes
                0x00000469       0x2b CMakeFiles/Button_Polling.dir/E_/Pi_Pico/pico-sdk/src/rp2_common/pico_float/float_init_rom.c.obj
 .ARM.attributes
                0x00000494       0x22 CMakeFiles/Button_Polling.dir/E_/Pi_Pico/pico-sdk/src/rp2_common/pico_float/float_v1_rom_shim.S.obj
 .ARM.attributes
                0x000004b6       0x2b CMakeFiles/Button_Polling.dir/E_/Pi_Pico/pico-sdk/src/rp2_common/pico_malloc/pico_malloc.c.obj
 .ARM.attributes
                0x000004e1       0x22 CMakeFiles/Button_Polling.dir/E_/Pi_Pico/pico-sdk/src/rp2_common/pico_mem_ops/mem_ops_aeabi.S.obj
 .ARM.attributes
                0x00000503       0x22 CMakeFiles/Button_Polling.dir/E_/Pi_Pico/pico-sdk/src/rp2_common/pico_standard_link/crt0.S.obj
 .ARM.attributes
                0x00000525       0x32 CMakeFiles/Button_Polling.dir/E_/Pi_Pico/pico-sdk/src/rp2_common/pico_standard_link/binary_info.c.obj
 .ARM.attributes
                0x00000557       0x2b CMakeFiles/Button_Polling.dir/E_/Pi_Pico/pico-sdk/src/rp2_common/pico_stdio/stdio.c.obj
 .ARM.attributes
                0x00000582       0x22 C:\Users\Venki\AppData\Local\Temp\ccpybNc2.o
 .ARM.attributes
                0x000005a4       0x1e c:/progra~2/gnuarm~1/102020~1/bin/../lib/gcc/arm-none-eabi/10.2.1/thumb/v6-m/nofp\libgcc.a(_dvmd_tls.o)
 .ARM.attributes
                0x000005c2       0x2c c:/progra~2/gnuarm~1/102020~1/bin/../lib/gcc/arm-none-eabi/10.2.1/../../../../arm-none-eabi/lib/thumb/v6-m/nofp\libg.a(lib_a-calloc.o)
 .ARM.attributes
                0x000005ee       0x2c c:/progra~2/gnuarm~1/102020~1/bin/../lib/gcc/arm-none-eabi/10.2.1/../../../../arm-none-eabi/lib/thumb/v6-m/nofp\libg.a(lib_a-callocr.o)
 .ARM.attributes
                0x0000061a       0x2c c:/progra~2/gnuarm~1/102020~1/bin/../lib/gcc/arm-none-eabi/10.2.1/../../../../arm-none-eabi/lib/thumb/v6-m/nofp\libg.a(lib_a-impure.o)
 .ARM.attributes
                0x00000646       0x2c c:/progra~2/gnuarm~1/102020~1/bin/../lib/gcc/arm-none-eabi/10.2.1/../../../../arm-none-eabi/lib/thumb/v6-m/nofp\libg.a(lib_a-malloc.o)
 .ARM.attributes
                0x00000672       0x2c c:/progra~2/gnuarm~1/102020~1/bin/../lib/gcc/arm-none-eabi/10.2.1/../../../../arm-none-eabi/lib/thumb/v6-m/nofp\libg.a(lib_a-mallocr.o)
 .ARM.attributes
                0x0000069e       0x2c c:/progra~2/gnuarm~1/102020~1/bin/../lib/gcc/arm-none-eabi/10.2.1/../../../../arm-none-eabi/lib/thumb/v6-m/nofp\libg.a(lib_a-mlock.o)
 .ARM.attributes
                0x000006ca       0x2c c:/progra~2/gnuarm~1/102020~1/bin/../lib/gcc/arm-none-eabi/10.2.1/../../../../arm-none-eabi/lib/thumb/v6-m/nofp\libg.a(lib_a-sbrkr.o)
 .ARM.attributes
                0x000006f6       0x2c c:/progra~2/gnuarm~1/102020~1/bin/../lib/gcc/arm-none-eabi/10.2.1/../../../../arm-none-eabi/lib/thumb/v6-m/nofp\libg.a(lib_a-strlen-stub.o)
 .ARM.attributes
                0x00000722       0x2c c:/progra~2/gnuarm~1/102020~1/bin/../lib/gcc/arm-none-eabi/10.2.1/../../../../arm-none-eabi/lib/thumb/v6-m/nofp\libg.a(lib_a-freer.o)
 .ARM.attributes
                0x0000074e       0x2c c:/progra~2/gnuarm~1/102020~1/bin/../lib/gcc/arm-none-eabi/10.2.1/../../../../arm-none-eabi/lib/thumb/v6-m/nofp\libg.a(lib_a-lock.o)
 .ARM.attributes
                0x0000077a       0x2c c:/progra~2/gnuarm~1/102020~1/bin/../lib/gcc/arm-none-eabi/10.2.1/../../../../arm-none-eabi/lib/thumb/v6-m/nofp\libg.a(lib_a-reent.o)

.comment        0x00000000       0x4d
 .comment       0x00000000       0x4d CMakeFiles/Button_Polling.dir/Button_Polling.c.obj
                                 0x4e (size before relaxing)
 .comment       0x0000004d       0x4e CMakeFiles/Button_Polling.dir/E_/Pi_Pico/pico-sdk/src/rp2_common/hardware_gpio/gpio.c.obj
 .comment       0x0000004d       0x4e CMakeFiles/Button_Polling.dir/E_/Pi_Pico/pico-sdk/src/rp2_common/hardware_claim/claim.c.obj
 .comment       0x0000004d       0x4e CMakeFiles/Button_Polling.dir/E_/Pi_Pico/pico-sdk/src/rp2_common/hardware_sync/sync.c.obj
 .comment       0x0000004d       0x4e CMakeFiles/Button_Polling.dir/E_/Pi_Pico/pico-sdk/src/rp2_common/pico_platform/platform.c.obj
 .comment       0x0000004d       0x4e CMakeFiles/Button_Polling.dir/E_/Pi_Pico/pico-sdk/src/common/pico_time/time.c.obj
 .comment       0x0000004d       0x4e CMakeFiles/Button_Polling.dir/E_/Pi_Pico/pico-sdk/src/rp2_common/hardware_timer/timer.c.obj
 .comment       0x0000004d       0x4e CMakeFiles/Button_Polling.dir/E_/Pi_Pico/pico-sdk/src/common/pico_sync/lock_core.c.obj
 .comment       0x0000004d       0x4e CMakeFiles/Button_Polling.dir/E_/Pi_Pico/pico-sdk/src/common/pico_sync/mutex.c.obj
 .comment       0x0000004d       0x4e CMakeFiles/Button_Polling.dir/E_/Pi_Pico/pico-sdk/src/common/pico_util/pheap.c.obj
 .comment       0x0000004d       0x4e CMakeFiles/Button_Polling.dir/E_/Pi_Pico/pico-sdk/src/rp2_common/pico_runtime/runtime.c.obj
 .comment       0x0000004d       0x4e CMakeFiles/Button_Polling.dir/E_/Pi_Pico/pico-sdk/src/rp2_common/hardware_clocks/clocks.c.obj
 .comment       0x0000004d       0x4e CMakeFiles/Button_Polling.dir/E_/Pi_Pico/pico-sdk/src/rp2_common/hardware_watchdog/watchdog.c.obj
 .comment       0x0000004d       0x4e CMakeFiles/Button_Polling.dir/E_/Pi_Pico/pico-sdk/src/rp2_common/hardware_xosc/xosc.c.obj
 .comment       0x0000004d       0x4e CMakeFiles/Button_Polling.dir/E_/Pi_Pico/pico-sdk/src/rp2_common/hardware_pll/pll.c.obj
 .comment       0x0000004d       0x4e CMakeFiles/Button_Polling.dir/E_/Pi_Pico/pico-sdk/src/rp2_common/hardware_irq/irq.c.obj
 .comment       0x0000004d       0x4e CMakeFiles/Button_Polling.dir/E_/Pi_Pico/pico-sdk/src/rp2_common/pico_printf/printf.c.obj
 .comment       0x0000004d       0x4e CMakeFiles/Button_Polling.dir/E_/Pi_Pico/pico-sdk/src/rp2_common/pico_bootrom/bootrom.c.obj
 .comment       0x0000004d       0x4e CMakeFiles/Button_Polling.dir/E_/Pi_Pico/pico-sdk/src/rp2_common/pico_double/double_init_rom.c.obj
 .comment       0x0000004d       0x4e CMakeFiles/Button_Polling.dir/E_/Pi_Pico/pico-sdk/src/rp2_common/pico_float/float_init_rom.c.obj
 .comment       0x0000004d       0x4e CMakeFiles/Button_Polling.dir/E_/Pi_Pico/pico-sdk/src/rp2_common/pico_malloc/pico_malloc.c.obj
 .comment       0x0000004d       0x4e CMakeFiles/Button_Polling.dir/E_/Pi_Pico/pico-sdk/src/rp2_common/pico_standard_link/binary_info.c.obj
 .comment       0x0000004d       0x4e CMakeFiles/Button_Polling.dir/E_/Pi_Pico/pico-sdk/src/rp2_common/pico_stdio/stdio.c.obj

.debug_info     0x00000000     0xfcf0
 .debug_info    0x00000000      0x6f2 CMakeFiles/Button_Polling.dir/Button_Polling.c.obj
 .debug_info    0x000006f2     0x1141 CMakeFiles/Button_Polling.dir/E_/Pi_Pico/pico-sdk/src/rp2_common/hardware_gpio/gpio.c.obj
 .debug_info    0x00001833      0x620 CMakeFiles/Button_Polling.dir/E_/Pi_Pico/pico-sdk/src/rp2_common/hardware_claim/claim.c.obj
 .debug_info    0x00001e53      0x4a5 CMakeFiles/Button_Polling.dir/E_/Pi_Pico/pico-sdk/src/rp2_common/hardware_sync/sync.c.obj
 .debug_info    0x000022f8      0x1d5 CMakeFiles/Button_Polling.dir/E_/Pi_Pico/pico-sdk/src/rp2_common/pico_platform/platform.c.obj
 .debug_info    0x000024cd     0x3349 CMakeFiles/Button_Polling.dir/E_/Pi_Pico/pico-sdk/src/common/pico_time/time.c.obj
 .debug_info    0x00005816      0xf9d CMakeFiles/Button_Polling.dir/E_/Pi_Pico/pico-sdk/src/rp2_common/hardware_timer/timer.c.obj
 .debug_info    0x000067b3      0x1c5 CMakeFiles/Button_Polling.dir/E_/Pi_Pico/pico-sdk/src/common/pico_sync/lock_core.c.obj
 .debug_info    0x00006978      0xd50 CMakeFiles/Button_Polling.dir/E_/Pi_Pico/pico-sdk/src/common/pico_sync/mutex.c.obj
 .debug_info    0x000076c8     0x1164 CMakeFiles/Button_Polling.dir/E_/Pi_Pico/pico-sdk/src/common/pico_util/pheap.c.obj
 .debug_info    0x0000882c      0x986 CMakeFiles/Button_Polling.dir/E_/Pi_Pico/pico-sdk/src/rp2_common/pico_runtime/runtime.c.obj
 .debug_info    0x000091b2     0x1068 CMakeFiles/Button_Polling.dir/E_/Pi_Pico/pico-sdk/src/rp2_common/hardware_clocks/clocks.c.obj
 .debug_info    0x0000a21a      0x49c CMakeFiles/Button_Polling.dir/E_/Pi_Pico/pico-sdk/src/rp2_common/hardware_watchdog/watchdog.c.obj
 .debug_info    0x0000a6b6      0x214 CMakeFiles/Button_Polling.dir/E_/Pi_Pico/pico-sdk/src/rp2_common/hardware_xosc/xosc.c.obj
 .debug_info    0x0000a8ca      0x3c1 CMakeFiles/Button_Polling.dir/E_/Pi_Pico/pico-sdk/src/rp2_common/hardware_pll/pll.c.obj
 .debug_info    0x0000ac8b     0x1807 CMakeFiles/Button_Polling.dir/E_/Pi_Pico/pico-sdk/src/rp2_common/hardware_irq/irq.c.obj
 .debug_info    0x0000c492       0x26 CMakeFiles/Button_Polling.dir/E_/Pi_Pico/pico-sdk/src/rp2_common/hardware_irq/irq_handler_chain.S.obj
 .debug_info    0x0000c4b8     0x1a32 CMakeFiles/Button_Polling.dir/E_/Pi_Pico/pico-sdk/src/rp2_common/pico_printf/printf.c.obj
 .debug_info    0x0000deea       0x22 CMakeFiles/Button_Polling.dir/E_/Pi_Pico/pico-sdk/src/rp2_common/pico_bit_ops/bit_ops_aeabi.S.obj
 .debug_info    0x0000df0c      0x231 CMakeFiles/Button_Polling.dir/E_/Pi_Pico/pico-sdk/src/rp2_common/pico_bootrom/bootrom.c.obj
 .debug_info    0x0000e13d       0x22 CMakeFiles/Button_Polling.dir/E_/Pi_Pico/pico-sdk/src/rp2_common/pico_divider/divider.S.obj
 .debug_info    0x0000e15f       0x22 CMakeFiles/Button_Polling.dir/E_/Pi_Pico/pico-sdk/src/rp2_common/pico_double/double_aeabi.S.obj
 .debug_info    0x0000e181      0x2a0 CMakeFiles/Button_Polling.dir/E_/Pi_Pico/pico-sdk/src/rp2_common/pico_double/double_init_rom.c.obj
 .debug_info    0x0000e421       0x22 CMakeFiles/Button_Polling.dir/E_/Pi_Pico/pico-sdk/src/rp2_common/pico_double/double_v1_rom_shim.S.obj
 .debug_info    0x0000e443       0x26 CMakeFiles/Button_Polling.dir/E_/Pi_Pico/pico-sdk/src/rp2_common/pico_int64_ops/pico_int64_ops_aeabi.S.obj
 .debug_info    0x0000e469       0x22 CMakeFiles/Button_Polling.dir/E_/Pi_Pico/pico-sdk/src/rp2_common/pico_float/float_aeabi.S.obj
 .debug_info    0x0000e48b      0x2ef CMakeFiles/Button_Polling.dir/E_/Pi_Pico/pico-sdk/src/rp2_common/pico_float/float_init_rom.c.obj
 .debug_info    0x0000e77a       0x22 CMakeFiles/Button_Polling.dir/E_/Pi_Pico/pico-sdk/src/rp2_common/pico_float/float_v1_rom_shim.S.obj
 .debug_info    0x0000e79c      0x1e7 CMakeFiles/Button_Polling.dir/E_/Pi_Pico/pico-sdk/src/rp2_common/pico_malloc/pico_malloc.c.obj
 .debug_info    0x0000e983       0x22 CMakeFiles/Button_Polling.dir/E_/Pi_Pico/pico-sdk/src/rp2_common/pico_mem_ops/mem_ops_aeabi.S.obj
 .debug_info    0x0000e9a5       0x22 CMakeFiles/Button_Polling.dir/E_/Pi_Pico/pico-sdk/src/rp2_common/pico_standard_link/crt0.S.obj
 .debug_info    0x0000e9c7      0x2c5 CMakeFiles/Button_Polling.dir/E_/Pi_Pico/pico-sdk/src/rp2_common/pico_standard_link/binary_info.c.obj
 .debug_info    0x0000ec8c     0x1064 CMakeFiles/Button_Polling.dir/E_/Pi_Pico/pico-sdk/src/rp2_common/pico_stdio/stdio.c.obj

.debug_abbrev   0x00000000     0x3898
 .debug_abbrev  0x00000000      0x1d7 CMakeFiles/Button_Polling.dir/Button_Polling.c.obj
 .debug_abbrev  0x000001d7      0x309 CMakeFiles/Button_Polling.dir/E_/Pi_Pico/pico-sdk/src/rp2_common/hardware_gpio/gpio.c.obj
 .debug_abbrev  0x000004e0      0x276 CMakeFiles/Button_Polling.dir/E_/Pi_Pico/pico-sdk/src/rp2_common/hardware_claim/claim.c.obj
 .debug_abbrev  0x00000756      0x212 CMakeFiles/Button_Polling.dir/E_/Pi_Pico/pico-sdk/src/rp2_common/hardware_sync/sync.c.obj
 .debug_abbrev  0x00000968       0xe7 CMakeFiles/Button_Polling.dir/E_/Pi_Pico/pico-sdk/src/rp2_common/pico_platform/platform.c.obj
 .debug_abbrev  0x00000a4f      0x54b CMakeFiles/Button_Polling.dir/E_/Pi_Pico/pico-sdk/src/common/pico_time/time.c.obj
 .debug_abbrev  0x00000f9a      0x34c CMakeFiles/Button_Polling.dir/E_/Pi_Pico/pico-sdk/src/rp2_common/hardware_timer/timer.c.obj
 .debug_abbrev  0x000012e6      0x133 CMakeFiles/Button_Polling.dir/E_/Pi_Pico/pico-sdk/src/common/pico_sync/lock_core.c.obj
 .debug_abbrev  0x00001419      0x32b CMakeFiles/Button_Polling.dir/E_/Pi_Pico/pico-sdk/src/common/pico_sync/mutex.c.obj
 .debug_abbrev  0x00001744      0x297 CMakeFiles/Button_Polling.dir/E_/Pi_Pico/pico-sdk/src/common/pico_util/pheap.c.obj
 .debug_abbrev  0x000019db      0x348 CMakeFiles/Button_Polling.dir/E_/Pi_Pico/pico-sdk/src/rp2_common/pico_runtime/runtime.c.obj
 .debug_abbrev  0x00001d23      0x386 CMakeFiles/Button_Polling.dir/E_/Pi_Pico/pico-sdk/src/rp2_common/hardware_clocks/clocks.c.obj
 .debug_abbrev  0x000020a9      0x1b1 CMakeFiles/Button_Polling.dir/E_/Pi_Pico/pico-sdk/src/rp2_common/hardware_watchdog/watchdog.c.obj
 .debug_abbrev  0x0000225a      0x12c CMakeFiles/Button_Polling.dir/E_/Pi_Pico/pico-sdk/src/rp2_common/hardware_xosc/xosc.c.obj
 .debug_abbrev  0x00002386      0x1bc CMakeFiles/Button_Polling.dir/E_/Pi_Pico/pico-sdk/src/rp2_common/hardware_pll/pll.c.obj
 .debug_abbrev  0x00002542      0x494 CMakeFiles/Button_Polling.dir/E_/Pi_Pico/pico-sdk/src/rp2_common/hardware_irq/irq.c.obj
 .debug_abbrev  0x000029d6       0x14 CMakeFiles/Button_Polling.dir/E_/Pi_Pico/pico-sdk/src/rp2_common/hardware_irq/irq_handler_chain.S.obj
 .debug_abbrev  0x000029ea      0x384 CMakeFiles/Button_Polling.dir/E_/Pi_Pico/pico-sdk/src/rp2_common/pico_printf/printf.c.obj
 .debug_abbrev  0x00002d6e       0x12 CMakeFiles/Button_Polling.dir/E_/Pi_Pico/pico-sdk/src/rp2_common/pico_bit_ops/bit_ops_aeabi.S.obj
 .debug_abbrev  0x00002d80       0xf8 CMakeFiles/Button_Polling.dir/E_/Pi_Pico/pico-sdk/src/rp2_common/pico_bootrom/bootrom.c.obj
 .debug_abbrev  0x00002e78       0x12 CMakeFiles/Button_Polling.dir/E_/Pi_Pico/pico-sdk/src/rp2_common/pico_divider/divider.S.obj
 .debug_abbrev  0x00002e8a       0x12 CMakeFiles/Button_Polling.dir/E_/Pi_Pico/pico-sdk/src/rp2_common/pico_double/double_aeabi.S.obj
 .debug_abbrev  0x00002e9c      0x162 CMakeFiles/Button_Polling.dir/E_/Pi_Pico/pico-sdk/src/rp2_common/pico_double/double_init_rom.c.obj
 .debug_abbrev  0x00002ffe       0x12 CMakeFiles/Button_Polling.dir/E_/Pi_Pico/pico-sdk/src/rp2_common/pico_double/double_v1_rom_shim.S.obj
 .debug_abbrev  0x00003010       0x14 CMakeFiles/Button_Polling.dir/E_/Pi_Pico/pico-sdk/src/rp2_common/pico_int64_ops/pico_int64_ops_aeabi.S.obj
 .debug_abbrev  0x00003024       0x12 CMakeFiles/Button_Polling.dir/E_/Pi_Pico/pico-sdk/src/rp2_common/pico_float/float_aeabi.S.obj
 .debug_abbrev  0x00003036      0x17a CMakeFiles/Button_Polling.dir/E_/Pi_Pico/pico-sdk/src/rp2_common/pico_float/float_init_rom.c.obj
 .debug_abbrev  0x000031b0       0x12 CMakeFiles/Button_Polling.dir/E_/Pi_Pico/pico-sdk/src/rp2_common/pico_float/float_v1_rom_shim.S.obj
 .debug_abbrev  0x000031c2      0x111 CMakeFiles/Button_Polling.dir/E_/Pi_Pico/pico-sdk/src/rp2_common/pico_malloc/pico_malloc.c.obj
 .debug_abbrev  0x000032d3       0x12 CMakeFiles/Button_Polling.dir/E_/Pi_Pico/pico-sdk/src/rp2_common/pico_mem_ops/mem_ops_aeabi.S.obj
 .debug_abbrev  0x000032e5       0x12 CMakeFiles/Button_Polling.dir/E_/Pi_Pico/pico-sdk/src/rp2_common/pico_standard_link/crt0.S.obj
 .debug_abbrev  0x000032f7       0xad CMakeFiles/Button_Polling.dir/E_/Pi_Pico/pico-sdk/src/rp2_common/pico_standard_link/binary_info.c.obj
 .debug_abbrev  0x000033a4      0x4f4 CMakeFiles/Button_Polling.dir/E_/Pi_Pico/pico-sdk/src/rp2_common/pico_stdio/stdio.c.obj

.debug_loc      0x00000000     0xafdd
 .debug_loc     0x00000000      0x156 CMakeFiles/Button_Polling.dir/Button_Polling.c.obj
 .debug_loc     0x00000156      0xafe CMakeFiles/Button_Polling.dir/E_/Pi_Pico/pico-sdk/src/rp2_common/hardware_gpio/gpio.c.obj
 .debug_loc     0x00000c54      0x457 CMakeFiles/Button_Polling.dir/E_/Pi_Pico/pico-sdk/src/rp2_common/hardware_claim/claim.c.obj
 .debug_loc     0x000010ab      0x1d7 CMakeFiles/Button_Polling.dir/E_/Pi_Pico/pico-sdk/src/rp2_common/hardware_sync/sync.c.obj
 .debug_loc     0x00001282       0xe9 CMakeFiles/Button_Polling.dir/E_/Pi_Pico/pico-sdk/src/rp2_common/pico_platform/platform.c.obj
 .debug_loc     0x0000136b     0x28f8 CMakeFiles/Button_Polling.dir/E_/Pi_Pico/pico-sdk/src/common/pico_time/time.c.obj
 .debug_loc     0x00003c63      0x831 CMakeFiles/Button_Polling.dir/E_/Pi_Pico/pico-sdk/src/rp2_common/hardware_timer/timer.c.obj
 .debug_loc     0x00004494       0xa2 CMakeFiles/Button_Polling.dir/E_/Pi_Pico/pico-sdk/src/common/pico_sync/lock_core.c.obj
 .debug_loc     0x00004536      0x641 CMakeFiles/Button_Polling.dir/E_/Pi_Pico/pico-sdk/src/common/pico_sync/mutex.c.obj
 .debug_loc     0x00004b77     0x13a5 CMakeFiles/Button_Polling.dir/E_/Pi_Pico/pico-sdk/src/common/pico_util/pheap.c.obj
 .debug_loc     0x00005f1c      0x3d7 CMakeFiles/Button_Polling.dir/E_/Pi_Pico/pico-sdk/src/rp2_common/pico_runtime/runtime.c.obj
 .debug_loc     0x000062f3      0x890 CMakeFiles/Button_Polling.dir/E_/Pi_Pico/pico-sdk/src/rp2_common/hardware_clocks/clocks.c.obj
 .debug_loc     0x00006b83      0x267 CMakeFiles/Button_Polling.dir/E_/Pi_Pico/pico-sdk/src/rp2_common/hardware_watchdog/watchdog.c.obj
 .debug_loc     0x00006dea       0x71 CMakeFiles/Button_Polling.dir/E_/Pi_Pico/pico-sdk/src/rp2_common/hardware_xosc/xosc.c.obj
 .debug_loc     0x00006e5b      0x278 CMakeFiles/Button_Polling.dir/E_/Pi_Pico/pico-sdk/src/rp2_common/hardware_pll/pll.c.obj
 .debug_loc     0x000070d3     0x1240 CMakeFiles/Button_Polling.dir/E_/Pi_Pico/pico-sdk/src/rp2_common/hardware_irq/irq.c.obj
 .debug_loc     0x00008313     0x203e CMakeFiles/Button_Polling.dir/E_/Pi_Pico/pico-sdk/src/rp2_common/pico_printf/printf.c.obj
 .debug_loc     0x0000a351      0x16f CMakeFiles/Button_Polling.dir/E_/Pi_Pico/pico-sdk/src/rp2_common/pico_bootrom/bootrom.c.obj
 .debug_loc     0x0000a4c0       0x59 CMakeFiles/Button_Polling.dir/E_/Pi_Pico/pico-sdk/src/rp2_common/pico_double/double_init_rom.c.obj
 .debug_loc     0x0000a519       0x73 CMakeFiles/Button_Polling.dir/E_/Pi_Pico/pico-sdk/src/rp2_common/pico_float/float_init_rom.c.obj
 .debug_loc     0x0000a58c       0xbe CMakeFiles/Button_Polling.dir/E_/Pi_Pico/pico-sdk/src/rp2_common/pico_malloc/pico_malloc.c.obj
 .debug_loc     0x0000a64a      0x993 CMakeFiles/Button_Polling.dir/E_/Pi_Pico/pico-sdk/src/rp2_common/pico_stdio/stdio.c.obj

.debug_aranges  0x00000000      0xc60
 .debug_aranges
                0x00000000       0x20 CMakeFiles/Button_Polling.dir/Button_Polling.c.obj
 .debug_aranges
                0x00000020       0xa0 CMakeFiles/Button_Polling.dir/E_/Pi_Pico/pico-sdk/src/rp2_common/hardware_gpio/gpio.c.obj
 .debug_aranges
                0x000000c0       0x48 CMakeFiles/Button_Polling.dir/E_/Pi_Pico/pico-sdk/src/rp2_common/hardware_claim/claim.c.obj
 .debug_aranges
                0x00000108       0x50 CMakeFiles/Button_Polling.dir/E_/Pi_Pico/pico-sdk/src/rp2_common/hardware_sync/sync.c.obj
 .debug_aranges
                0x00000158       0x28 CMakeFiles/Button_Polling.dir/E_/Pi_Pico/pico-sdk/src/rp2_common/pico_platform/platform.c.obj
 .debug_aranges
                0x00000180       0xc8 CMakeFiles/Button_Polling.dir/E_/Pi_Pico/pico-sdk/src/common/pico_time/time.c.obj
 .debug_aranges
                0x00000248       0x68 CMakeFiles/Button_Polling.dir/E_/Pi_Pico/pico-sdk/src/rp2_common/hardware_timer/timer.c.obj
 .debug_aranges
                0x000002b0       0x20 CMakeFiles/Button_Polling.dir/E_/Pi_Pico/pico-sdk/src/common/pico_sync/lock_core.c.obj
 .debug_aranges
                0x000002d0       0x48 CMakeFiles/Button_Polling.dir/E_/Pi_Pico/pico-sdk/src/common/pico_sync/mutex.c.obj
 .debug_aranges
                0x00000318       0x70 CMakeFiles/Button_Polling.dir/E_/Pi_Pico/pico-sdk/src/common/pico_util/pheap.c.obj
 .debug_aranges
                0x00000388       0x60 CMakeFiles/Button_Polling.dir/E_/Pi_Pico/pico-sdk/src/rp2_common/pico_runtime/runtime.c.obj
 .debug_aranges
                0x000003e8       0x70 CMakeFiles/Button_Polling.dir/E_/Pi_Pico/pico-sdk/src/rp2_common/hardware_clocks/clocks.c.obj
 .debug_aranges
                0x00000458       0x50 CMakeFiles/Button_Polling.dir/E_/Pi_Pico/pico-sdk/src/rp2_common/hardware_watchdog/watchdog.c.obj
 .debug_aranges
                0x000004a8       0x30 CMakeFiles/Button_Polling.dir/E_/Pi_Pico/pico-sdk/src/rp2_common/hardware_xosc/xosc.c.obj
 .debug_aranges
                0x000004d8       0x28 CMakeFiles/Button_Polling.dir/E_/Pi_Pico/pico-sdk/src/rp2_common/hardware_pll/pll.c.obj
 .debug_aranges
                0x00000500       0x90 CMakeFiles/Button_Polling.dir/E_/Pi_Pico/pico-sdk/src/rp2_common/hardware_irq/irq.c.obj
 .debug_aranges
                0x00000590       0x20 CMakeFiles/Button_Polling.dir/E_/Pi_Pico/pico-sdk/src/rp2_common/hardware_irq/irq_handler_chain.S.obj
 .debug_aranges
                0x000005b0       0x90 CMakeFiles/Button_Polling.dir/E_/Pi_Pico/pico-sdk/src/rp2_common/pico_printf/printf.c.obj
 .debug_aranges
                0x00000640       0x68 CMakeFiles/Button_Polling.dir/E_/Pi_Pico/pico-sdk/src/rp2_common/pico_bit_ops/bit_ops_aeabi.S.obj
 .debug_aranges
                0x000006a8       0x30 CMakeFiles/Button_Polling.dir/E_/Pi_Pico/pico-sdk/src/rp2_common/pico_bootrom/bootrom.c.obj
 .debug_aranges
                0x000006d8       0x40 CMakeFiles/Button_Polling.dir/E_/Pi_Pico/pico-sdk/src/rp2_common/pico_divider/divider.S.obj
 .debug_aranges
                0x00000718      0x140 CMakeFiles/Button_Polling.dir/E_/Pi_Pico/pico-sdk/src/rp2_common/pico_double/double_aeabi.S.obj
 .debug_aranges
                0x00000858       0x20 CMakeFiles/Button_Polling.dir/E_/Pi_Pico/pico-sdk/src/rp2_common/pico_double/double_init_rom.c.obj
 .debug_aranges
                0x00000878       0xc8 CMakeFiles/Button_Polling.dir/E_/Pi_Pico/pico-sdk/src/rp2_common/pico_double/double_v1_rom_shim.S.obj
 .debug_aranges
                0x00000940       0x20 CMakeFiles/Button_Polling.dir/E_/Pi_Pico/pico-sdk/src/rp2_common/pico_int64_ops/pico_int64_ops_aeabi.S.obj
 .debug_aranges
                0x00000960      0x130 CMakeFiles/Button_Polling.dir/E_/Pi_Pico/pico-sdk/src/rp2_common/pico_float/float_aeabi.S.obj
 .debug_aranges
                0x00000a90       0x20 CMakeFiles/Button_Polling.dir/E_/Pi_Pico/pico-sdk/src/rp2_common/pico_float/float_init_rom.c.obj
 .debug_aranges
                0x00000ab0       0x50 CMakeFiles/Button_Polling.dir/E_/Pi_Pico/pico-sdk/src/rp2_common/pico_float/float_v1_rom_shim.S.obj
 .debug_aranges
                0x00000b00       0x30 CMakeFiles/Button_Polling.dir/E_/Pi_Pico/pico-sdk/src/rp2_common/pico_malloc/pico_malloc.c.obj
 .debug_aranges
                0x00000b30       0x38 CMakeFiles/Button_Polling.dir/E_/Pi_Pico/pico-sdk/src/rp2_common/pico_mem_ops/mem_ops_aeabi.S.obj
 .debug_aranges
                0x00000b68       0x28 CMakeFiles/Button_Polling.dir/E_/Pi_Pico/pico-sdk/src/rp2_common/pico_standard_link/crt0.S.obj
 .debug_aranges
                0x00000b90       0x18 CMakeFiles/Button_Polling.dir/E_/Pi_Pico/pico-sdk/src/rp2_common/pico_standard_link/binary_info.c.obj
 .debug_aranges
                0x00000ba8       0xb8 CMakeFiles/Button_Polling.dir/E_/Pi_Pico/pico-sdk/src/rp2_common/pico_stdio/stdio.c.obj

.debug_ranges   0x00000000     0x1ef8
 .debug_ranges  0x00000000       0x10 CMakeFiles/Button_Polling.dir/Button_Polling.c.obj
 .debug_ranges  0x00000010       0xa8 CMakeFiles/Button_Polling.dir/E_/Pi_Pico/pico-sdk/src/rp2_common/hardware_gpio/gpio.c.obj
 .debug_ranges  0x000000b8       0xd8 CMakeFiles/Button_Polling.dir/E_/Pi_Pico/pico-sdk/src/rp2_common/hardware_claim/claim.c.obj
 .debug_ranges  0x00000190       0xb8 CMakeFiles/Button_Polling.dir/E_/Pi_Pico/pico-sdk/src/rp2_common/hardware_sync/sync.c.obj
 .debug_ranges  0x00000248       0x18 CMakeFiles/Button_Polling.dir/E_/Pi_Pico/pico-sdk/src/rp2_common/pico_platform/platform.c.obj
 .debug_ranges  0x00000260      0x7e8 CMakeFiles/Button_Polling.dir/E_/Pi_Pico/pico-sdk/src/common/pico_time/time.c.obj
 .debug_ranges  0x00000a48      0x2f0 CMakeFiles/Button_Polling.dir/E_/Pi_Pico/pico-sdk/src/rp2_common/hardware_timer/timer.c.obj
 .debug_ranges  0x00000d38       0x10 CMakeFiles/Button_Polling.dir/E_/Pi_Pico/pico-sdk/src/common/pico_sync/lock_core.c.obj