Archive member included to satisfy reference by file (symbol)

libFreeRTOS.a(tasks.c.obj)    CMakeFiles/FreeRTOS_Blink.dir/src/main.c.obj (xTaskCreate)
libFreeRTOS.a(timers.c.obj)   libFreeRTOS.a(tasks.c.obj) (xTimerCreateTimerTask)
libFreeRTOS.a(port.c.obj)     libFreeRTOS.a(tasks.c.obj) (pxPortInitialiseStack)
libFreeRTOS.a(heap_4.c.obj)   libFreeRTOS.a(tasks.c.obj) (pvPortMalloc)
libFreeRTOS.a(list.c.obj)     libFreeRTOS.a(tasks.c.obj) (vListInitialise)
libFreeRTOS.a(queue.c.obj)    libFreeRTOS.a(timers.c.obj) (xQueueGenericCreate)
c:/progra~2/gnuarm~1/102020~1/bin/../lib/gcc/arm-none-eabi/10.2.1/thumb/v6-m/nofp\libgcc.a(_dvmd_tls.o)
                              CMakeFiles/FreeRTOS_Blink.dir/E_/Pi_Pico/pico-sdk/src/rp2_common/pico_divider/divider.S.obj (__aeabi_idiv0)
c:/progra~2/gnuarm~1/102020~1/bin/../lib/gcc/arm-none-eabi/10.2.1/../../../../arm-none-eabi/lib/thumb/v6-m/nofp\libg.a(lib_a-calloc.o)
                              CMakeFiles/FreeRTOS_Blink.dir/E_/Pi_Pico/pico-sdk/src/rp2_common/pico_malloc/pico_malloc.c.obj (calloc)
c:/progra~2/gnuarm~1/102020~1/bin/../lib/gcc/arm-none-eabi/10.2.1/../../../../arm-none-eabi/lib/thumb/v6-m/nofp\libg.a(lib_a-callocr.o)
                              c:/progra~2/gnuarm~1/102020~1/bin/../lib/gcc/arm-none-eabi/10.2.1/../../../../arm-none-eabi/lib/thumb/v6-m/nofp\libg.a(lib_a-calloc.o) (_calloc_r)
c:/progra~2/gnuarm~1/102020~1/bin/../lib/gcc/arm-none-eabi/10.2.1/../../../../arm-none-eabi/lib/thumb/v6-m/nofp\libg.a(lib_a-ctype_.o)
                              CMakeFiles/FreeRTOS_Blink.dir/E_/Pi_Pico/pico-sdk/lib/tinyusb/src/tusb.c.obj (_ctype_)
c:/progra~2/gnuarm~1/102020~1/bin/../lib/gcc/arm-none-eabi/10.2.1/../../../../arm-none-eabi/lib/thumb/v6-m/nofp\libg.a(lib_a-impure.o)
                              c:/progra~2/gnuarm~1/102020~1/bin/../lib/gcc/arm-none-eabi/10.2.1/../../../../arm-none-eabi/lib/thumb/v6-m/nofp\libg.a(lib_a-calloc.o) (_impure_ptr)
c:/progra~2/gnuarm~1/102020~1/bin/../lib/gcc/arm-none-eabi/10.2.1/../../../../arm-none-eabi/lib/thumb/v6-m/nofp\libg.a(lib_a-init.o)
                              c:/progra~2/gnuarm~1/102020~1/bin/../lib/gcc/arm-none-eabi/10.2.1/../../../../arm-none-eabi/lib/thumb/v6-m/nofp/crt0.o (__libc_init_array)
c:/progra~2/gnuarm~1/102020~1/bin/../lib/gcc/arm-none-eabi/10.2.1/../../../../arm-none-eabi/lib/thumb/v6-m/nofp\libg.a(lib_a-malloc.o)
                              CMakeFiles/FreeRTOS_Blink.dir/E_/Pi_Pico/pico-sdk/src/rp2_common/pico_malloc/pico_malloc.c.obj (malloc)
c:/progra~2/gnuarm~1/102020~1/bin/../lib/gcc/arm-none-eabi/10.2.1/../../../../arm-none-eabi/lib/thumb/v6-m/nofp\libg.a(lib_a-mallocr.o)
                              c:/progra~2/gnuarm~1/102020~1/bin/../lib/gcc/arm-none-eabi/10.2.1/../../../../arm-none-eabi/lib/thumb/v6-m/nofp\libg.a(lib_a-callocr.o) (_malloc_r)
c:/progra~2/gnuarm~1/102020~1/bin/../lib/gcc/arm-none-eabi/10.2.1/../../../../arm-none-eabi/lib/thumb/v6-m/nofp\libg.a(lib_a-mlock.o)
                              c:/progra~2/gnuarm~1/102020~1/bin/../lib/gcc/arm-none-eabi/10.2.1/../../../../arm-none-eabi/lib/thumb/v6-m/nofp\libg.a(lib_a-mallocr.o) (__malloc_lock)
c:/progra~2/gnuarm~1/102020~1/bin/../lib/gcc/arm-none-eabi/10.2.1/../../../../arm-none-eabi/lib/thumb/v6-m/nofp\libg.a(lib_a-sbrkr.o)
                              c:/progra~2/gnuarm~1/102020~1/bin/../lib/gcc/arm-none-eabi/10.2.1/../../../../arm-none-eabi/lib/thumb/v6-m/nofp\libg.a(lib_a-mallocr.o) (_sbrk_r)
c:/progra~2/gnuarm~1/102020~1/bin/../lib/gcc/arm-none-eabi/10.2.1/../../../../arm-none-eabi/lib/thumb/v6-m/nofp\libg.a(lib_a-strlen-stub.o)
                              CMakeFiles/FreeRTOS_Blink.dir/E_/Pi_Pico/pico-sdk/src/rp2_common/pico_stdio/stdio.c.obj (strlen)
c:/progra~2/gnuarm~1/102020~1/bin/../lib/gcc/arm-none-eabi/10.2.1/../../../../arm-none-eabi/lib/thumb/v6-m/nofp\libg.a(lib_a-freer.o)
                              c:/progra~2/gnuarm~1/102020~1/bin/../lib/gcc/arm-none-eabi/10.2.1/../../../../arm-none-eabi/lib/thumb/v6-m/nofp\libg.a(lib_a-malloc.o) (_free_r)
c:/progra~2/gnuarm~1/102020~1/bin/../lib/gcc/arm-none-eabi/10.2.1/../../../../arm-none-eabi/lib/thumb/v6-m/nofp\libg.a(lib_a-lock.o)
                              c:/progra~2/gnuarm~1/102020~1/bin/../lib/gcc/arm-none-eabi/10.2.1/../../../../arm-none-eabi/lib/thumb/v6-m/nofp\libg.a(lib_a-mlock.o) (__retarget_lock_acquire_recursive)
c:/progra~2/gnuarm~1/102020~1/bin/../lib/gcc/arm-none-eabi/10.2.1/../../../../arm-none-eabi/lib/thumb/v6-m/nofp\libg.a(lib_a-reent.o)
                              c:/progra~2/gnuarm~1/102020~1/bin/../lib/gcc/arm-none-eabi/10.2.1/../../../../arm-none-eabi/lib/thumb/v6-m/nofp\libg.a(lib_a-sbrkr.o) (errno)

Discarded input sections

 .text          0x00000000        0x0 c:/progra~2/gnuarm~1/102020~1/bin/../lib/gcc/arm-none-eabi/10.2.1/thumb/v6-m/nofp/crti.o
 .data          0x00000000        0x0 c:/progra~2/gnuarm~1/102020~1/bin/../lib/gcc/arm-none-eabi/10.2.1/thumb/v6-m/nofp/crti.o
[...]
Memory Configuration

Name             Origin             Length             Attributes
FLASH            0x10000000         0x00200000         xr
RAM              0x20000000         0x00040000         xrw
SCRATCH_X        0x20040000         0x00001000         xrw
SCRATCH_Y        0x20041000         0x00001000         xrw
*default*        0x00000000         0xffffffff

Linker script and memory map

LOAD c:/progra~2/gnuarm~1/102020~1/bin/../lib/gcc/arm-none-eabi/10.2.1/thumb/v6-m/nofp/crti.o
LOAD c:/progra~2/gnuarm~1/102020~1/bin/../lib/gcc/arm-none-eabi/10.2.1/thumb/v6-m/nofp/crtbegin.o
LOAD c:/progra~2/gnuarm~1/102020~1/bin/../lib/gcc/arm-none-eabi/10.2.1/../../../../arm-none-eabi/lib/thumb/v6-m/nofp/crt0.o

.flash_begin    0x10000000        0x0
                0x10000000                __flash_binary_start = .

.boot2          0x10000000      0x100
                0x10000000                __boot2_start__ = .
 *(.boot2)
 .boot2         0x10000000      0x100 C:\Users\Venki\AppData\Local\Temp\ccErWcNf.o
                0x10000100                __boot2_end__ = .
                0x00000001                ASSERT (((__boot2_end__ - __boot2_start__) == 0x100), ERROR: Pico second stage bootloader must be 256 bytes in size)

.text           0x10000100     0x8fe0
                0x10000100                __logical_binary_start = .
 *(.vectors)
 .vectors       0x10000100       0xd4 CMakeFiles/FreeRTOS_Blink.dir/E_/Pi_Pico/pico-sdk/src/rp2_common/pico_standard_link/crt0.S.obj
                0x10000100                __vectors
                0x100001c0                isr_invalid
                0x100001c2                isr_nmi
                0x100001c4                isr_hardfault
                0x100001cc                isr_irq5
                0x100001cc                isr_irq11
                0x100001cc                isr_irq31
                0x100001cc                isr_irq27
                0x100001cc                __unhandled_user_irq
                0x100001cc                isr_irq18
                0x100001cc                isr_irq13
                0x100001cc                isr_irq28
                0x100001cc                isr_irq19
                0x100001cc                isr_irq0
                0x100001cc                isr_irq6
                0x100001cc                isr_irq23
                0x100001cc                isr_irq12
                0x100001cc                isr_irq22
                0x100001cc                isr_irq30
                0x100001cc                isr_irq17
                0x100001cc                isr_irq14
                0x100001cc                isr_irq2
                0x100001cc                isr_irq10
                0x100001cc                isr_irq8
                0x100001cc                isr_irq24
                0x100001cc                isr_irq1
                0x100001cc                isr_irq7
                0x100001cc                isr_irq21
                0x100001cc                isr_irq20
                0x100001cc                isr_irq15
                0x100001cc                isr_irq25
                0x100001cc                isr_irq4
                0x100001cc                isr_irq16
                0x100001cc                isr_irq29
                0x100001cc                isr_irq26
                0x100001cc                isr_irq3
                0x100001cc                isr_irq9
                0x100001d2                unhandled_user_irq_num_in_r0
 *(.binary_info_header)
 .binary_info_header
                0x100001d4       0x14 CMakeFiles/FreeRTOS_Blink.dir/E_/Pi_Pico/pico-sdk/src/rp2_common/pico_standard_link/crt0.S.obj
                0x100001e8                __binary_info_header_end = .
 *(.reset)
 .reset         0x100001e8       0xa8 CMakeFiles/FreeRTOS_Blink.dir/E_/Pi_Pico/pico-sdk/src/rp2_common/pico_standard_link/crt0.S.obj
                0x100001e8                _entry_point
                0x10000266                __get_current_exception
 .reset         0x10000290       0x30 CMakeFiles/FreeRTOS_Blink.dir/E_/Pi_Pico/pico-sdk/src/rp2_common/pico_standard_link/binary_info.c.obj
 *(.init)
 .init          0x100002c0        0x4 c:/progra~2/gnuarm~1/102020~1/bin/../lib/gcc/arm-none-eabi/10.2.1/thumb/v6-m/nofp/crti.o
                0x100002c0                _init
 *(EXCLUDE_FILE(*libm.a: *libc.a:*lib_a-mem*.o *libgcc.a:) .text*)
 .text          0x100002c4       0x48 c:/progra~2/gnuarm~1/102020~1/bin/../lib/gcc/arm-none-eabi/10.2.1/thumb/v6-m/nofp/crtbegin.o
 .text.vGreenLEDTask
                0x1000030c       0x20 CMakeFiles/FreeRTOS_Blink.dir/src/main.c.obj
                0x1000030c                vGreenLEDTask
 .text.main     0x1000032c       0x3c CMakeFiles/FreeRTOS_Blink.dir/src/main.c.obj
                0x1000032c                main
 .text.gpio_set_function
                0x10000368       0x30 CMakeFiles/FreeRTOS_Blink.dir/E_/Pi_Pico/pico-sdk/src/rp2_common/hardware_gpio/gpio.c.obj
                0x10000368                gpio_set_function
 .text.gpio_init
                0x10000398       0x16 CMakeFiles/FreeRTOS_Blink.dir/E_/Pi_Pico/pico-sdk/src/rp2_common/hardware_gpio/gpio.c.obj
                0x10000398                gpio_init
 *fill*         0x100003ae        0x2 
 .text.hw_claim_lock
                0x100003b0       0x18 CMakeFiles/FreeRTOS_Blink.dir/E_/Pi_Pico/pico-sdk/src/rp2_common/hardware_claim/claim.c.obj
                0x100003b0                hw_claim_lock
 .text.hw_claim_unlock
                0x100003c8       0x14 CMakeFiles/FreeRTOS_Blink.dir/E_/Pi_Pico/pico-sdk/src/rp2_common/hardware_claim/claim.c.obj
                0x100003c8                hw_claim_unlock
 .text.hw_claim_or_assert
                0x100003dc       0x34 CMakeFiles/FreeRTOS_Blink.dir/E_/Pi_Pico/pico-sdk/src/rp2_common/hardware_claim/claim.c.obj
                0x100003dc                hw_claim_or_assert
 .text.hw_claim_unused_from_range
                0x10000410       0x56 CMakeFiles/FreeRTOS_Blink.dir/E_/Pi_Pico/pico-sdk/src/rp2_common/hardware_claim/claim.c.obj
                0x10000410                hw_claim_unused_from_range
 *fill*         0x10000466        0x2 
 .text.spin_locks_reset
                0x10000468       0x20 CMakeFiles/FreeRTOS_Blink.dir/E_/Pi_Pico/pico-sdk/src/rp2_common/hardware_sync/sync.c.obj
                0x10000468                spin_locks_reset
 .text.next_striped_spin_lock_num
                0x10000488       0x1c CMakeFiles/FreeRTOS_Blink.dir/E_/Pi_Pico/pico-sdk/src/rp2_common/hardware_sync/sync.c.obj
                0x10000488                next_striped_spin_lock_num
 .text.spin_lock_claim_unused
                0x100004a4       0x20 CMakeFiles/FreeRTOS_Blink.dir/E_/Pi_Pico/pico-sdk/src/rp2_common/hardware_sync/sync.c.obj
                0x100004a4                spin_lock_claim_unused
 .text.running_on_fpga
                0x100004c4       0x14 CMakeFiles/FreeRTOS_Blink.dir/E_/Pi_Pico/pico-sdk/src/rp2_common/pico_platform/platform.c.obj
                0x100004c4                running_on_fpga
 .text.sev_callback
                0x100004d8        0x8 CMakeFiles/FreeRTOS_Blink.dir/E_/Pi_Pico/pico-sdk/src/common/pico_time/time.c.obj
 .text.timer_pool_entry_comparator
                0x100004e0       0x7c CMakeFiles/FreeRTOS_Blink.dir/E_/Pi_Pico/pico-sdk/src/common/pico_time/time.c.obj
                0x100004e0                timer_pool_entry_comparator
 .text.ph_add_child_node
                0x1000055c       0xa4 CMakeFiles/FreeRTOS_Blink.dir/E_/Pi_Pico/pico-sdk/src/common/pico_time/time.c.obj
 .text.ph_merge_nodes
                0x10000600       0x3e CMakeFiles/FreeRTOS_Blink.dir/E_/Pi_Pico/pico-sdk/src/common/pico_time/time.c.obj
 *fill*         0x1000063e        0x2 
 .text.add_alarm_under_lock
                0x10000640      0x178 CMakeFiles/FreeRTOS_Blink.dir/E_/Pi_Pico/pico-sdk/src/common/pico_time/time.c.obj
 .text.alarm_pool_alarm_callback
                0x100007b8      0x2e4 CMakeFiles/FreeRTOS_Blink.dir/E_/Pi_Pico/pico-sdk/src/common/pico_time/time.c.obj
 .text.alarm_pool_get_default
                0x10000a9c       0x28 CMakeFiles/FreeRTOS_Blink.dir/E_/Pi_Pico/pico-sdk/src/common/pico_time/time.c.obj
                0x10000a9c                alarm_pool_get_default
 .text.alarm_pool_create
                0x10000ac4       0x6c CMakeFiles/FreeRTOS_Blink.dir/E_/Pi_Pico/pico-sdk/src/common/pico_time/time.c.obj
                0x10000ac4                alarm_pool_create
 .text.alarm_pool_init_default
                0x10000b30       0x20 CMakeFiles/FreeRTOS_Blink.dir/E_/Pi_Pico/pico-sdk/src/common/pico_time/time.c.obj
                0x10000b30                alarm_pool_init_default
 .text.alarm_pool_add_alarm_at
                0x10000b50      0x128 CMakeFiles/FreeRTOS_Blink.dir/E_/Pi_Pico/pico-sdk/src/common/pico_time/time.c.obj
                0x10000b50                alarm_pool_add_alarm_at
 .text.alarm_pool_cancel_alarm
                0x10000c78       0xec CMakeFiles/FreeRTOS_Blink.dir/E_/Pi_Pico/pico-sdk/src/common/pico_time/time.c.obj
                0x10000c78                alarm_pool_cancel_alarm
 .text.best_effort_wfe_or_timeout
                0x10000d64       0x80 CMakeFiles/FreeRTOS_Blink.dir/E_/Pi_Pico/pico-sdk/src/common/pico_time/time.c.obj
                0x10000d64                best_effort_wfe_or_timeout
 .text.hardware_alarm_irq_handler
                0x10000de4       0x8c CMakeFiles/FreeRTOS_Blink.dir/E_/Pi_Pico/pico-sdk/src/rp2_common/hardware_timer/timer.c.obj
 .text.hardware_alarm_claim
                0x10000e70       0x18 CMakeFiles/FreeRTOS_Blink.dir/E_/Pi_Pico/pico-sdk/src/rp2_common/hardware_timer/timer.c.obj
                0x10000e70                hardware_alarm_claim
 .text.time_us_64
                0x10000e88       0x18 CMakeFiles/FreeRTOS_Blink.dir/E_/Pi_Pico/pico-sdk/src/rp2_common/hardware_timer/timer.c.obj
                0x10000e88                time_us_64
 .text.hardware_alarm_set_callback
                0x10000ea0       0x90 CMakeFiles/FreeRTOS_Blink.dir/E_/Pi_Pico/pico-sdk/src/rp2_common/hardware_timer/timer.c.obj
                0x10000ea0                hardware_alarm_set_callback
 .text.hardware_alarm_set_target
                0x10000f30       0xd0 CMakeFiles/FreeRTOS_Blink.dir/E_/Pi_Pico/pico-sdk/src/rp2_common/hardware_timer/timer.c.obj
                0x10000f30                hardware_alarm_set_target
 .text.hardware_alarm_cancel
                0x10001000       0x40 CMakeFiles/FreeRTOS_Blink.dir/E_/Pi_Pico/pico-sdk/src/rp2_common/hardware_timer/timer.c.obj
                0x10001000                hardware_alarm_cancel
 .text.lock_init
                0x10001040       0x30 CMakeFiles/FreeRTOS_Blink.dir/E_/Pi_Pico/pico-sdk/src/common/pico_sync/lock_core.c.obj
                0x10001040                lock_init
 .text.mutex_init
                0x10001070       0x1a CMakeFiles/FreeRTOS_Blink.dir/E_/Pi_Pico/pico-sdk/src/common/pico_sync/mutex.c.obj
                0x10001070                mutex_init
 .text.critical_section_init_with_lock_num
                0x1000108a        0xc CMakeFiles/FreeRTOS_Blink.dir/E_/Pi_Pico/pico-sdk/src/common/pico_sync/critical_section.c.obj
                0x1000108a                critical_section_init_with_lock_num
 .text.critical_section_init
                0x10001096       0x14 CMakeFiles/FreeRTOS_Blink.dir/E_/Pi_Pico/pico-sdk/src/common/pico_sync/critical_section.c.obj
                0x10001096                critical_section_init
 *fill*         0x100010aa        0x2 
 .text.ph_add_child_node
                0x100010ac       0xa4 CMakeFiles/FreeRTOS_Blink.dir/E_/Pi_Pico/pico-sdk/src/common/pico_util/pheap.c.obj
 .text.ph_merge_nodes
                0x10001150       0x3e CMakeFiles/FreeRTOS_Blink.dir/E_/Pi_Pico/pico-sdk/src/common/pico_util/pheap.c.obj
 *fill*         0x1000118e        0x2 
 .text.ph_clear
                0x10001190       0x74 CMakeFiles/FreeRTOS_Blink.dir/E_/Pi_Pico/pico-sdk/src/common/pico_util/pheap.c.obj
                0x10001190                ph_clear
 .text.ph_create
                0x10001204       0x2c CMakeFiles/FreeRTOS_Blink.dir/E_/Pi_Pico/pico-sdk/src/common/pico_util/pheap.c.obj
                0x10001204                ph_create
 .text.ph_merge_two_pass
                0x10001230       0xa8 CMakeFiles/FreeRTOS_Blink.dir/E_/Pi_Pico/pico-sdk/src/common/pico_util/pheap.c.obj
                0x10001230                ph_merge_two_pass
 .text.ph_remove_any_head
                0x100012d8      0x108 CMakeFiles/FreeRTOS_Blink.dir/E_/Pi_Pico/pico-sdk/src/common/pico_util/pheap.c.obj
 .text.ph_remove_head_reserve
                0x100013e0       0x14 CMakeFiles/FreeRTOS_Blink.dir/E_/Pi_Pico/pico-sdk/src/common/pico_util/pheap.c.obj
                0x100013e0                ph_remove_head_reserve
 .text.ph_delete
                0x100013f4       0xf8 CMakeFiles/FreeRTOS_Blink.dir/E_/Pi_Pico/pico-sdk/src/common/pico_util/pheap.c.obj
                0x100013f4                ph_delete
 .text.runtime_init
                0x100014ec       0xcc CMakeFiles/FreeRTOS_Blink.dir/E_/Pi_Pico/pico-sdk/src/rp2_common/pico_runtime/runtime.c.obj
                0x100014ec                runtime_init
 .text._exit    0x100015b8        0x4 CMakeFiles/FreeRTOS_Blink.dir/E_/Pi_Pico/pico-sdk/src/rp2_common/pico_runtime/runtime.c.obj
                0x100015b8                _exit
 .text._sbrk    0x100015bc       0x38 CMakeFiles/FreeRTOS_Blink.dir/E_/Pi_Pico/pico-sdk/src/rp2_common/pico_runtime/runtime.c.obj
                0x100015bc                _sbrk
 .text.exit     0x100015f4        0x6 CMakeFiles/FreeRTOS_Blink.dir/E_/Pi_Pico/pico-sdk/src/rp2_common/pico_runtime/runtime.c.obj
                0x100015f4                exit
 *fill*         0x100015fa        0x2 
 .text.__assert_func
                0x100015fc       0x3c CMakeFiles/FreeRTOS_Blink.dir/E_/Pi_Pico/pico-sdk/src/rp2_common/pico_runtime/runtime.c.obj
                0x100015fc                __assert_func
 .text.panic    0x10001638       0x30 CMakeFiles/FreeRTOS_Blink.dir/E_/Pi_Pico/pico-sdk/src/rp2_common/pico_runtime/runtime.c.obj
                0x10001638                panic
 .text.clock_configure
                0x10001668       0xe8 CMakeFiles/FreeRTOS_Blink.dir/E_/Pi_Pico/pico-sdk/src/rp2_common/hardware_clocks/clocks.c.obj
                0x10001668                clock_configure
 .text.clocks_init
                0x10001750      0x124 CMakeFiles/FreeRTOS_Blink.dir/E_/Pi_Pico/pico-sdk/src/rp2_common/hardware_clocks/clocks.c.obj
                0x10001750                clocks_init
 .text.watchdog_start_tick
                0x10001874       0x10 CMakeFiles/FreeRTOS_Blink.dir/E_/Pi_Pico/pico-sdk/src/rp2_common/hardware_watchdog/watchdog.c.obj
                0x10001874                watchdog_start_tick
 .text.xosc_init
                0x10001884       0x28 CMakeFiles/FreeRTOS_Blink.dir/E_/Pi_Pico/pico-sdk/src/rp2_common/hardware_xosc/xosc.c.obj
                0x10001884                xosc_init
 .text.pll_init
                0x100018ac       0xd4 CMakeFiles/FreeRTOS_Blink.dir/E_/Pi_Pico/pico-sdk/src/rp2_common/hardware_pll/pll.c.obj
                0x100018ac                pll_init
 .text.set_raw_irq_handler_and_unlock
                0x10001980       0x28 CMakeFiles/FreeRTOS_Blink.dir/E_/Pi_Pico/pico-sdk/src/rp2_common/hardware_irq/irq.c.obj
 .text.make_branch
                0x100019a8       0x34 CMakeFiles/FreeRTOS_Blink.dir/E_/Pi_Pico/pico-sdk/src/rp2_common/hardware_irq/irq.c.obj
 .text.insert_branch_and_link
                0x100019dc       0x40 CMakeFiles/FreeRTOS_Blink.dir/E_/Pi_Pico/pico-sdk/src/rp2_common/hardware_irq/irq.c.obj
 .text.irq_is_enabled
                0x10001a1c       0x18 CMakeFiles/FreeRTOS_Blink.dir/E_/Pi_Pico/pico-sdk/src/rp2_common/hardware_irq/irq.c.obj
                0x10001a1c                irq_is_enabled
 .text.irq_set_mask_enabled
                0x10001a34       0x20 CMakeFiles/FreeRTOS_Blink.dir/E_/Pi_Pico/pico-sdk/src/rp2_common/hardware_irq/irq.c.obj
                0x10001a34                irq_set_mask_enabled
 .text.irq_set_enabled
                0x10001a54        0xe CMakeFiles/FreeRTOS_Blink.dir/E_/Pi_Pico/pico-sdk/src/rp2_common/hardware_irq/irq.c.obj
                0x10001a54                irq_set_enabled
 *fill*         0x10001a62        0x2 
 .text.irq_set_pending
                0x10001a64       0x10 CMakeFiles/FreeRTOS_Blink.dir/E_/Pi_Pico/pico-sdk/src/rp2_common/hardware_irq/irq.c.obj
                0x10001a64                irq_set_pending
 .text.irq_get_vtable_handler
                0x10001a74       0x10 CMakeFiles/FreeRTOS_Blink.dir/E_/Pi_Pico/pico-sdk/src/rp2_common/hardware_irq/irq.c.obj
                0x10001a74                irq_get_vtable_handler
 .text.irq_set_exclusive_handler
                0x10001a84       0x54 CMakeFiles/FreeRTOS_Blink.dir/E_/Pi_Pico/pico-sdk/src/rp2_common/hardware_irq/irq.c.obj
                0x10001a84                irq_set_exclusive_handler
 .text.irq_remove_handler
                0x10001ad8      0x1b4 CMakeFiles/FreeRTOS_Blink.dir/E_/Pi_Pico/pico-sdk/src/rp2_common/hardware_irq/irq.c.obj
                0x10001ad8                irq_remove_handler
 .text.irq_set_priority
                0x10001c8c       0x28 CMakeFiles/FreeRTOS_Blink.dir/E_/Pi_Pico/pico-sdk/src/rp2_common/hardware_irq/irq.c.obj
                0x10001c8c                irq_set_priority
 .text.irq_add_tail_to_free_list
                0x10001cb4       0xf8 CMakeFiles/FreeRTOS_Blink.dir/E_/Pi_Pico/pico-sdk/src/rp2_common/hardware_irq/irq.c.obj
                0x10001cb4                irq_add_tail_to_free_list
 .text.irq_init_priorities
                0x10001dac       0x16 CMakeFiles/FreeRTOS_Blink.dir/E_/Pi_Pico/pico-sdk/src/rp2_common/hardware_irq/irq.c.obj
                0x10001dac                irq_init_priorities
 .text._out_null
                0x10001dc2        0x2 CMakeFiles/FreeRTOS_Blink.dir/E_/Pi_Pico/pico-sdk/src/rp2_common/pico_printf/printf.c.obj
 .text._out_fct
                0x10001dc4        0xe CMakeFiles/FreeRTOS_Blink.dir/E_/Pi_Pico/pico-sdk/src/rp2_common/pico_printf/printf.c.obj
 .text._atoi    0x10001dd2       0x24 CMakeFiles/FreeRTOS_Blink.dir/E_/Pi_Pico/pico-sdk/src/rp2_common/pico_printf/printf.c.obj
 .text._out_rev
                0x10001df6       0xae CMakeFiles/FreeRTOS_Blink.dir/E_/Pi_Pico/pico-sdk/src/rp2_common/pico_printf/printf.c.obj
 .text._ntoa_format
                0x10001ea4      0x112 CMakeFiles/FreeRTOS_Blink.dir/E_/Pi_Pico/pico-sdk/src/rp2_common/pico_printf/printf.c.obj
 .text._ntoa_long
                0x10001fb6       0xbc CMakeFiles/FreeRTOS_Blink.dir/E_/Pi_Pico/pico-sdk/src/rp2_common/pico_printf/printf.c.obj
 .text._ntoa_long_long
                0x10002072       0xe2 CMakeFiles/FreeRTOS_Blink.dir/E_/Pi_Pico/pico-sdk/src/rp2_common/pico_printf/printf.c.obj
 .text._etoa    0x10002154      0x404 CMakeFiles/FreeRTOS_Blink.dir/E_/Pi_Pico/pico-sdk/src/rp2_common/pico_printf/printf.c.obj
 .text._ftoa    0x10002558      0x354 CMakeFiles/FreeRTOS_Blink.dir/E_/Pi_Pico/pico-sdk/src/rp2_common/pico_printf/printf.c.obj
 .text._vsnprintf
                0x100028ac      0x624 CMakeFiles/FreeRTOS_Blink.dir/E_/Pi_Pico/pico-sdk/src/rp2_common/pico_printf/printf.c.obj
 .text.vfctprintf
                0x10002ed0       0x20 CMakeFiles/FreeRTOS_Blink.dir/E_/Pi_Pico/pico-sdk/src/rp2_common/pico_printf/printf.c.obj
                0x10002ed0                vfctprintf
 .text          0x10002ef0       0x10 CMakeFiles/FreeRTOS_Blink.dir/E_/Pi_Pico/pico-sdk/src/rp2_common/pico_bit_ops/bit_ops_aeabi.S.obj
 .text.rom_func_lookup
                0x10002f00       0x10 CMakeFiles/FreeRTOS_Blink.dir/E_/Pi_Pico/pico-sdk/src/rp2_common/pico_bootrom/bootrom.c.obj
                0x10002f00                rom_func_lookup
 .text.rom_data_lookup
                0x10002f10       0x10 CMakeFiles/FreeRTOS_Blink.dir/E_/Pi_Pico/pico-sdk/src/rp2_common/pico_bootrom/bootrom.c.obj
                0x10002f10                rom_data_lookup
 .text.rom_funcs_lookup
                0x10002f20       0x36 CMakeFiles/FreeRTOS_Blink.dir/E_/Pi_Pico/pico-sdk/src/rp2_common/pico_bootrom/bootrom.c.obj
                0x10002f20                rom_funcs_lookup
 *fill*         0x10002f56        0x2 
 .text.__wrap___aeabi_idiv
                0x10002f58       0x58 CMakeFiles/FreeRTOS_Blink.dir/E_/Pi_Pico/pico-sdk/src/rp2_common/pico_divider/divider.S.obj
                0x10002f58                __wrap___aeabi_idivmod
                0x10002f58                divmod_s32s32
                0x10002f58                div_s32s32
                0x10002f58                __wrap___aeabi_idiv
                0x10002f60                divmod_s32s32_unsafe
                0x10002f8c                divmod_s32s32_savestate
 .text.__wrap___aeabi_uidiv
                0x10002fb0       0x54 CMakeFiles/FreeRTOS_Blink.dir/E_/Pi_Pico/pico-sdk/src/rp2_common/pico_divider/divider.S.obj
                0x10002fb0                __wrap___aeabi_uidiv
                0x10002fb0                __wrap___aeabi_uidivmod
                0x10002fb0                div_u32u32
                0x10002fb0                divmod_u32u32
                0x10002fb8                divmod_u32u32_unsafe
                0x10002fe0                divmod_u32u32_savestate
 .text.__wrap___aeabi_ldiv
                0x10003004      0x430 CMakeFiles/FreeRTOS_Blink.dir/E_/Pi_Pico/pico-sdk/src/rp2_common/pico_divider/divider.S.obj
                0x10003004                div_s64s64
                0x10003004                divmod_s64s64
                0x10003004                __wrap___aeabi_ldivmod
                0x1000303c                divmod_u64u64
                0x1000303c                div_u64u64
                0x1000303c                __wrap___aeabi_uldivmod
                0x1000304c                divmod_u64u64_savestate
                0x10003074                divmod_s64s64_unsafe
                0x100030fc                divmod_u64u64_unsafe
 .text.__wrap___aeabi_darithmetic
                0x10003434       0x54 CMakeFiles/FreeRTOS_Blink.dir/E_/Pi_Pico/pico-sdk/src/rp2_common/pico_double/double_aeabi.S.obj
                0x10003434                __wrap___aeabi_drsub
                0x1000343a                __wrap___aeabi_dsub
                0x1000344c                __wrap___aeabi_dadd
                0x1000345e                __wrap___aeabi_ddiv
                0x10003470                __wrap___aeabi_dmul
 .text.__wrap___aeabi_cdcmple
                0x10003488       0x6c CMakeFiles/FreeRTOS_Blink.dir/E_/Pi_Pico/pico-sdk/src/rp2_common/pico_double/double_aeabi.S.obj
                0x10003488                __wrap___aeabi_cdrcmple
                0x10003498                __wrap___aeabi_cdcmpeq
                0x10003498                __wrap___aeabi_cdcmple
 .text.__wrap___aeabi_dcmplt
                0x100034f4        0xc CMakeFiles/FreeRTOS_Blink.dir/E_/Pi_Pico/pico-sdk/src/rp2_common/pico_double/double_aeabi.S.obj
                0x100034f4                __wrap___aeabi_dcmplt
 .text.__wrap___aeabi_dcmple
                0x10003500       0x10 CMakeFiles/FreeRTOS_Blink.dir/E_/Pi_Pico/pico-sdk/src/rp2_common/pico_double/double_aeabi.S.obj
                0x10003500                __wrap___aeabi_dcmple
 .text.__wrap___aeabi_dcmpge
                0x10003510       0x10 CMakeFiles/FreeRTOS_Blink.dir/E_/Pi_Pico/pico-sdk/src/rp2_common/pico_double/double_aeabi.S.obj
                0x10003510                __wrap___aeabi_dcmpge
 .text.__wrap___aeabi_dcmpgt
                0x10003520        0xa CMakeFiles/FreeRTOS_Blink.dir/E_/Pi_Pico/pico-sdk/src/rp2_common/pico_double/double_aeabi.S.obj
                0x10003520                __wrap___aeabi_dcmpgt
 .text.__wrap___aeabi_dcmpun
                0x1000352a       0x1c CMakeFiles/FreeRTOS_Blink.dir/E_/Pi_Pico/pico-sdk/src/rp2_common/pico_double/double_aeabi.S.obj
                0x1000352a                __wrap___aeabi_dcmpun
 *fill*         0x10003546        0x2 
 .text.__wrap___aeabi_i2d
                0x10003548       0x38 CMakeFiles/FreeRTOS_Blink.dir/E_/Pi_Pico/pico-sdk/src/rp2_common/pico_double/double_aeabi.S.obj
                0x10003548                __wrap___aeabi_ui2d
                0x10003550                __wrap___aeabi_i2d
 .text.__wrap___aeabi_d2iz
                0x10003580       0x48 CMakeFiles/FreeRTOS_Blink.dir/E_/Pi_Pico/pico-sdk/src/rp2_common/pico_double/double_aeabi.S.obj
                0x10003580                double2int_z
                0x10003580                __wrap___aeabi_d2iz
 .text.__wrap___aeabi_d2uiz
                0x100035c8       0x18 CMakeFiles/FreeRTOS_Blink.dir/E_/Pi_Pico/pico-sdk/src/rp2_common/pico_double/double_aeabi.S.obj
                0x100035c8                __wrap___aeabi_d2uiz
                0x100035c8                double2uint
 .text.__aeabi_double_init
                0x100035e0       0xb8 CMakeFiles/FreeRTOS_Blink.dir/E_/Pi_Pico/pico-sdk/src/rp2_common/pico_double/double_init_rom.c.obj
                0x100035e0                __aeabi_double_init
 .text.double_table_shim_on_use_helper
                0x10003698       0x34 CMakeFiles/FreeRTOS_Blink.dir/E_/Pi_Pico/pico-sdk/src/rp2_common/pico_double/double_v1_rom_shim.S.obj
                0x10003698                double_table_shim_on_use_helper
 .text.__wrap___aeabi_dsub
                0x100036cc       0x10 CMakeFiles/FreeRTOS_Blink.dir/E_/Pi_Pico/pico-sdk/src/rp2_common/pico_double/double_v1_rom_shim.S.obj
                0x100036cc                drsub_shim
                0x100036d2                dsub_shim
 .text.dadd_shim
                0x100036dc      0x15c CMakeFiles/FreeRTOS_Blink.dir/E_/Pi_Pico/pico-sdk/src/rp2_common/pico_double/double_v1_rom_shim.S.obj
                0x100036dc                dadd_shim
 .text.dmul_shim
                0x10003838      0x15c CMakeFiles/FreeRTOS_Blink.dir/E_/Pi_Pico/pico-sdk/src/rp2_common/pico_double/double_v1_rom_shim.S.obj
                0x10003838                dmul_shim
 .text.ddiv_shim
                0x10003994      0x1b0 CMakeFiles/FreeRTOS_Blink.dir/E_/Pi_Pico/pico-sdk/src/rp2_common/pico_double/double_v1_rom_shim.S.obj
                0x10003994                ddiv_shim
 .text.dcordic_rot_step
                0x10003b44       0x7c CMakeFiles/FreeRTOS_Blink.dir/E_/Pi_Pico/pico-sdk/src/rp2_common/pico_double/double_v1_rom_shim.S.obj
                0x10003b44                dcordic_rot_step
 .text.double2uint_shim
                0x10003bc0        0xe CMakeFiles/FreeRTOS_Blink.dir/E_/Pi_Pico/pico-sdk/src/rp2_common/pico_double/double_v1_rom_shim.S.obj
                0x10003bc0                double2uint_shim
                0x10003bc2                double2ufix_shim
 *fill*         0x10003bce        0x2 
 .text.double2uint64_shim
                0x10003bd0       0x6c CMakeFiles/FreeRTOS_Blink.dir/E_/Pi_Pico/pico-sdk/src/rp2_common/pico_double/double_v1_rom_shim.S.obj
                0x10003bd0                double2uint64_shim
                0x10003bd2                double2ufix64_shim
                0x10003bec                d2fix_a
 .text.dunpacks
                0x10003c3c       0x3c CMakeFiles/FreeRTOS_Blink.dir/E_/Pi_Pico/pico-sdk/src/rp2_common/pico_double/double_v1_rom_shim.S.obj
                0x10003c3c                dunpacks
 .text.__aeabi_lmul
                0x10003c78       0x32 CMakeFiles/FreeRTOS_Blink.dir/E_/Pi_Pico/pico-sdk/src/rp2_common/pico_int64_ops/pico_int64_ops_aeabi.S.obj
                0x10003c78                __wrap___aeabi_lmul
 *fill*         0x10003caa        0x2 
 .text.__aeabi_float_init
                0x10003cac       0xfc CMakeFiles/FreeRTOS_Blink.dir/E_/Pi_Pico/pico-sdk/src/rp2_common/pico_float/float_init_rom.c.obj
                0x10003cac                __aeabi_float_init
 .text.float_table_shim_on_use_helper
                0x10003da8       0x34 CMakeFiles/FreeRTOS_Blink.dir/E_/Pi_Pico/pico-sdk/src/rp2_common/pico_float/float_v1_rom_shim.S.obj
                0x10003da8                float_table_shim_on_use_helper
 .text.__wrap_malloc
                0x10003ddc        0x8 CMakeFiles/FreeRTOS_Blink.dir/E_/Pi_Pico/pico-sdk/src/rp2_common/pico_malloc/pico_malloc.c.obj
                0x10003ddc                __wrap_malloc
 .text.__wrap_calloc
                0x10003de4        0x8 CMakeFiles/FreeRTOS_Blink.dir/E_/Pi_Pico/pico-sdk/src/rp2_common/pico_malloc/pico_malloc.c.obj
                0x10003de4                __wrap_calloc
 .text          0x10003dec       0x10 CMakeFiles/FreeRTOS_Blink.dir/E_/Pi_Pico/pico-sdk/src/rp2_common/pico_mem_ops/mem_ops_aeabi.S.obj
                0x10003dec                __aeabi_mem_init
 .text.memset   0x10003dfc        0xc CMakeFiles/FreeRTOS_Blink.dir/E_/Pi_Pico/pico-sdk/src/rp2_common/pico_mem_ops/mem_ops_aeabi.S.obj
                0x10003dfc                __wrap_memset
 .text.memcpy   0x10003e08        0xc CMakeFiles/FreeRTOS_Blink.dir/E_/Pi_Pico/pico-sdk/src/rp2_common/pico_mem_ops/mem_ops_aeabi.S.obj
                0x10003e08                __wrap_memcpy
                0x10003e08                __wrap___aeabi_memcpy
 .text.stdio_out_chars_crlf
                0x10003e14       0x80 CMakeFiles/FreeRTOS_Blink.dir/E_/Pi_Pico/pico-sdk/src/rp2_common/pico_stdio/stdio.c.obj
 .text.stdio_stack_buffer_flush
                0x10003e94       0x44 CMakeFiles/FreeRTOS_Blink.dir/E_/Pi_Pico/pico-sdk/src/rp2_common/pico_stdio/stdio.c.obj
 .text.stdio_buffered_printer
                0x10003ed8       0x20 CMakeFiles/FreeRTOS_Blink.dir/E_/Pi_Pico/pico-sdk/src/rp2_common/pico_stdio/stdio.c.obj
 .text.stdout_serialize_begin
                0x10003ef8       0x2c CMakeFiles/FreeRTOS_Blink.dir/E_/Pi_Pico/pico-sdk/src/rp2_common/pico_stdio/stdio.c.obj
                0x10003ef8                stdout_serialize_begin
 .text.stdout_serialize_end
                0x10003f24       0x10 CMakeFiles/FreeRTOS_Blink.dir/E_/Pi_Pico/pico-sdk/src/rp2_common/pico_stdio/stdio.c.obj
                0x10003f24                stdout_serialize_end
 .text.stdio_put_string
                0x10003f34       0x84 CMakeFiles/FreeRTOS_Blink.dir/E_/Pi_Pico/pico-sdk/src/rp2_common/pico_stdio/stdio.c.obj
 .text.stdio_set_driver_enabled
                0x10003fb8       0x38 CMakeFiles/FreeRTOS_Blink.dir/E_/Pi_Pico/pico-sdk/src/rp2_common/pico_stdio/stdio.c.obj
                0x10003fb8                stdio_set_driver_enabled
 .text.stdio_flush
                0x10003ff0       0x20 CMakeFiles/FreeRTOS_Blink.dir/E_/Pi_Pico/pico-sdk/src/rp2_common/pico_stdio/stdio.c.obj
                0x10003ff0                stdio_flush
 .text.__wrap_puts
                0x10004010       0x1c CMakeFiles/FreeRTOS_Blink.dir/E_/Pi_Pico/pico-sdk/src/rp2_common/pico_stdio/stdio.c.obj
                0x10004010                __wrap_puts
 .text.__wrap_vprintf
                0x1000402c       0x44 CMakeFiles/FreeRTOS_Blink.dir/E_/Pi_Pico/pico-sdk/src/rp2_common/pico_stdio/stdio.c.obj
                0x1000402c                __wrap_vprintf
 .text.__wrap_printf
                0x10004070       0x18 CMakeFiles/FreeRTOS_Blink.dir/E_/Pi_Pico/pico-sdk/src/rp2_common/pico_stdio/stdio.c.obj
                0x10004070                __wrap_printf
 .text.stdio_init_all
                0x10004088        0x8 CMakeFiles/FreeRTOS_Blink.dir/E_/Pi_Pico/pico-sdk/src/rp2_common/pico_stdio/stdio.c.obj
                0x10004088                stdio_init_all
 .text.stdio_usb_in_chars
                0x10004090       0x70 CMakeFiles/FreeRTOS_Blink.dir/E_/Pi_Pico/pico-sdk/src/rp2_common/pico_stdio_usb/stdio_usb.c.obj
                0x10004090                stdio_usb_in_chars
 .text.low_priority_worker_irq
                0x10004100       0x20 CMakeFiles/FreeRTOS_Blink.dir/E_/Pi_Pico/pico-sdk/src/rp2_common/pico_stdio_usb/stdio_usb.c.obj
 .text.stdio_usb_out_chars
                0x10004120       0xd4 CMakeFiles/FreeRTOS_Blink.dir/E_/Pi_Pico/pico-sdk/src/rp2_common/pico_stdio_usb/stdio_usb.c.obj
 .text.timer_task
                0x100041f4       0x10 CMakeFiles/FreeRTOS_Blink.dir/E_/Pi_Pico/pico-sdk/src/rp2_common/pico_stdio_usb/stdio_usb.c.obj
 .text.stdio_usb_init
                0x10004204       0x90 CMakeFiles/FreeRTOS_Blink.dir/E_/Pi_Pico/pico-sdk/src/rp2_common/pico_stdio_usb/stdio_usb.c.obj
                0x10004204                stdio_usb_init
 .text.tud_descriptor_device_cb
                0x10004294        0x8 CMakeFiles/FreeRTOS_Blink.dir/E_/Pi_Pico/pico-sdk/src/rp2_common/pico_stdio_usb/stdio_usb_descriptors.c.obj
                0x10004294                tud_descriptor_device_cb
 .text.tud_descriptor_configuration_cb
                0x1000429c        0x8 CMakeFiles/FreeRTOS_Blink.dir/E_/Pi_Pico/pico-sdk/src/rp2_common/pico_stdio_usb/stdio_usb_descriptors.c.obj
                0x1000429c                tud_descriptor_configuration_cb
 .text.tud_descriptor_string_cb
                0x100042a4       0x50 CMakeFiles/FreeRTOS_Blink.dir/E_/Pi_Pico/pico-sdk/src/rp2_common/pico_stdio_usb/stdio_usb_descriptors.c.obj
                0x100042a4                tud_descriptor_string_cb
 .text.hw_endpoint_get_by_addr
                0x100042f4       0x1c CMakeFiles/FreeRTOS_Blink.dir/E_/Pi_Pico/pico-sdk/lib/tinyusb/src/portable/raspberrypi/rp2040/dcd_rp2040.c.obj
 .text.reset_ep0
                0x10004310       0x2c CMakeFiles/FreeRTOS_Blink.dir/E_/Pi_Pico/pico-sdk/lib/tinyusb/src/portable/raspberrypi/rp2040/dcd_rp2040.c.obj
 .text._hw_endpoint_alloc
                0x1000433c       0x7c CMakeFiles/FreeRTOS_Blink.dir/E_/Pi_Pico/pico-sdk/lib/tinyusb/src/portable/raspberrypi/rp2040/dcd_rp2040.c.obj
 .text._hw_endpoint_init
                0x100043b8       0xbc CMakeFiles/FreeRTOS_Blink.dir/E_/Pi_Pico/pico-sdk/lib/tinyusb/src/portable/raspberrypi/rp2040/dcd_rp2040.c.obj
 .text.hw_endpoint_init
                0x10004474       0x18 CMakeFiles/FreeRTOS_Blink.dir/E_/Pi_Pico/pico-sdk/lib/tinyusb/src/portable/raspberrypi/rp2040/dcd_rp2040.c.obj
 .text.hw_handle_buff_status
                0x1000448c       0xb8 CMakeFiles/FreeRTOS_Blink.dir/E_/Pi_Pico/pico-sdk/lib/tinyusb/src/portable/raspberrypi/rp2040/dcd_rp2040.c.obj
 .text.dcd_rp2040_irq
                0x10004544       0x8c CMakeFiles/FreeRTOS_Blink.dir/E_/Pi_Pico/pico-sdk/lib/tinyusb/src/portable/raspberrypi/rp2040/dcd_rp2040.c.obj
 .text.hw_endpoint_xfer
                0x100045d0       0x18 CMakeFiles/FreeRTOS_Blink.dir/E_/Pi_Pico/pico-sdk/lib/tinyusb/src/portable/raspberrypi/rp2040/dcd_rp2040.c.obj
 .text.ep0_0len_status
                0x100045e8       0x14 CMakeFiles/FreeRTOS_Blink.dir/E_/Pi_Pico/pico-sdk/lib/tinyusb/src/portable/raspberrypi/rp2040/dcd_rp2040.c.obj
 .text._hw_endpoint_stall
                0x100045fc       0x54 CMakeFiles/FreeRTOS_Blink.dir/E_/Pi_Pico/pico-sdk/lib/tinyusb/src/portable/raspberrypi/rp2040/dcd_rp2040.c.obj
 .text.hw_endpoint_stall
                0x10004650        0xc CMakeFiles/FreeRTOS_Blink.dir/E_/Pi_Pico/pico-sdk/lib/tinyusb/src/portable/raspberrypi/rp2040/dcd_rp2040.c.obj
 .text._hw_endpoint_clear_stall
                0x1000465c       0x34 CMakeFiles/FreeRTOS_Blink.dir/E_/Pi_Pico/pico-sdk/lib/tinyusb/src/portable/raspberrypi/rp2040/dcd_rp2040.c.obj
 .text.hw_endpoint_clear_stall
                0x10004690        0xc CMakeFiles/FreeRTOS_Blink.dir/E_/Pi_Pico/pico-sdk/lib/tinyusb/src/portable/raspberrypi/rp2040/dcd_rp2040.c.obj
 .text.dcd_int_enable
                0x1000469c       0x2c CMakeFiles/FreeRTOS_Blink.dir/E_/Pi_Pico/pico-sdk/lib/tinyusb/src/portable/raspberrypi/rp2040/dcd_rp2040.c.obj
                0x1000469c                dcd_int_enable
 .text.dcd_set_address
                0x100046c8       0x30 CMakeFiles/FreeRTOS_Blink.dir/E_/Pi_Pico/pico-sdk/lib/tinyusb/src/portable/raspberrypi/rp2040/dcd_rp2040.c.obj
                0x100046c8                dcd_set_address
 .text.dcd_connect
                0x100046f8       0x30 CMakeFiles/FreeRTOS_Blink.dir/E_/Pi_Pico/pico-sdk/lib/tinyusb/src/portable/raspberrypi/rp2040/dcd_rp2040.c.obj
                0x100046f8                dcd_connect
 .text.dcd_init
                0x10004728       0x90 CMakeFiles/FreeRTOS_Blink.dir/E_/Pi_Pico/pico-sdk/lib/tinyusb/src/portable/raspberrypi/rp2040/dcd_rp2040.c.obj
                0x10004728                dcd_init
 .text.dcd_edpt0_status_complete
                0x100047b8       0x44 CMakeFiles/FreeRTOS_Blink.dir/E_/Pi_Pico/pico-sdk/lib/tinyusb/src/portable/raspberrypi/rp2040/dcd_rp2040.c.obj
                0x100047b8                dcd_edpt0_status_complete
 .text.dcd_edpt_open
                0x100047fc       0x40 CMakeFiles/FreeRTOS_Blink.dir/E_/Pi_Pico/pico-sdk/lib/tinyusb/src/portable/raspberrypi/rp2040/dcd_rp2040.c.obj
                0x100047fc                dcd_edpt_open
 .text.dcd_edpt_xfer
                0x1000483c       0x34 CMakeFiles/FreeRTOS_Blink.dir/E_/Pi_Pico/pico-sdk/lib/tinyusb/src/portable/raspberrypi/rp2040/dcd_rp2040.c.obj
                0x1000483c                dcd_edpt_xfer
 .text.dcd_edpt_stall
                0x10004870       0x28 CMakeFiles/FreeRTOS_Blink.dir/E_/Pi_Pico/pico-sdk/lib/tinyusb/src/portable/raspberrypi/rp2040/dcd_rp2040.c.obj
                0x10004870                dcd_edpt_stall
 .text.dcd_edpt_clear_stall
                0x10004898       0x28 CMakeFiles/FreeRTOS_Blink.dir/E_/Pi_Pico/pico-sdk/lib/tinyusb/src/portable/raspberrypi/rp2040/dcd_rp2040.c.obj
                0x10004898                dcd_edpt_clear_stall
 .text.rp2040_usb_init
                0x100048c0       0x50 CMakeFiles/FreeRTOS_Blink.dir/E_/Pi_Pico/pico-sdk/lib/tinyusb/src/portable/raspberrypi/rp2040/rp2040_usb.c.obj
                0x100048c0                rp2040_usb_init
 .text.hw_endpoint_reset_transfer
                0x10004910       0x14 CMakeFiles/FreeRTOS_Blink.dir/E_/Pi_Pico/pico-sdk/lib/tinyusb/src/portable/raspberrypi/rp2040/rp2040_usb.c.obj
                0x10004910                hw_endpoint_reset_transfer
 .text._hw_endpoint_buffer_control_update32
                0x10004924       0x54 CMakeFiles/FreeRTOS_Blink.dir/E_/Pi_Pico/pico-sdk/lib/tinyusb/src/portable/raspberrypi/rp2040/rp2040_usb.c.obj
                0x10004924                _hw_endpoint_buffer_control_update32
 .text._hw_endpoint_start_next_buffer
                0x10004978       0x5a CMakeFiles/FreeRTOS_Blink.dir/E_/Pi_Pico/pico-sdk/lib/tinyusb/src/portable/raspberrypi/rp2040/rp2040_usb.c.obj
                0x10004978                _hw_endpoint_start_next_buffer
 .text._hw_endpoint_xfer_start
                0x100049d2       0x46 CMakeFiles/FreeRTOS_Blink.dir/E_/Pi_Pico/pico-sdk/lib/tinyusb/src/portable/raspberrypi/rp2040/rp2040_usb.c.obj
                0x100049d2                _hw_endpoint_xfer_start
 .text._hw_endpoint_xfer_sync
                0x10004a18       0x74 CMakeFiles/FreeRTOS_Blink.dir/E_/Pi_Pico/pico-sdk/lib/tinyusb/src/portable/raspberrypi/rp2040/rp2040_usb.c.obj
                0x10004a18                _hw_endpoint_xfer_sync
 .text._hw_endpoint_xfer_continue
                0x10004a8c       0x58 CMakeFiles/FreeRTOS_Blink.dir/E_/Pi_Pico/pico-sdk/lib/tinyusb/src/portable/raspberrypi/rp2040/rp2040_usb.c.obj
                0x10004a8c                _hw_endpoint_xfer_continue
 .text._hw_endpoint_xfer
                0x10004ae4       0x34 CMakeFiles/FreeRTOS_Blink.dir/E_/Pi_Pico/pico-sdk/lib/tinyusb/src/portable/raspberrypi/rp2040/rp2040_usb.c.obj
                0x10004ae4                _hw_endpoint_xfer
 .text.mark_interface_endpoint
                0x10004b18       0x2a CMakeFiles/FreeRTOS_Blink.dir/E_/Pi_Pico/pico-sdk/lib/tinyusb/src/device/usbd.c.obj
 *fill*         0x10004b42        0x2 
 .text.usbd_reset
                0x10004b44       0x88 CMakeFiles/FreeRTOS_Blink.dir/E_/Pi_Pico/pico-sdk/lib/tinyusb/src/device/usbd.c.obj
 .text.invoke_class_control
                0x10004bcc       0x18 CMakeFiles/FreeRTOS_Blink.dir/E_/Pi_Pico/pico-sdk/lib/tinyusb/src/device/usbd.c.obj
 .text.process_set_config
                0x10004be4      0x1d0 CMakeFiles/FreeRTOS_Blink.dir/E_/Pi_Pico/pico-sdk/lib/tinyusb/src/device/usbd.c.obj
 .text.process_get_descriptor
                0x10004db4       0xf4 CMakeFiles/FreeRTOS_Blink.dir/E_/Pi_Pico/pico-sdk/lib/tinyusb/src/device/usbd.c.obj
 .text.tud_mounted
                0x10004ea8       0x10 CMakeFiles/FreeRTOS_Blink.dir/E_/Pi_Pico/pico-sdk/lib/tinyusb/src/device/usbd.c.obj
                0x10004ea8                tud_mounted
 .text.tud_suspended
                0x10004eb8       0x10 CMakeFiles/FreeRTOS_Blink.dir/E_/Pi_Pico/pico-sdk/lib/tinyusb/src/device/usbd.c.obj
                0x10004eb8                tud_suspended
 .text.tud_init
                0x10004ec8       0xb8 CMakeFiles/FreeRTOS_Blink.dir/E_/Pi_Pico/pico-sdk/lib/tinyusb/src/device/usbd.c.obj
                0x10004ec8                tud_init
 .text.dcd_event_handler
                0x10004f80      0x1c4 CMakeFiles/FreeRTOS_Blink.dir/E_/Pi_Pico/pico-sdk/lib/tinyusb/src/device/usbd.c.obj
                0x10004f80                dcd_event_handler
 .text.dcd_event_bus_signal
                0x10005144       0x26 CMakeFiles/FreeRTOS_Blink.dir/E_/Pi_Pico/pico-sdk/lib/tinyusb/src/device/usbd.c.obj
                0x10005144                dcd_event_bus_signal
 .text.dcd_event_setup_received
                0x1000516a       0x34 CMakeFiles/FreeRTOS_Blink.dir/E_/Pi_Pico/pico-sdk/lib/tinyusb/src/device/usbd.c.obj
                0x1000516a                dcd_event_setup_received
 .text.dcd_event_xfer_complete
                0x1000519e       0x44 CMakeFiles/FreeRTOS_Blink.dir/E_/Pi_Pico/pico-sdk/lib/tinyusb/src/device/usbd.c.obj
                0x1000519e                dcd_event_xfer_complete
 .text.usbd_edpt_open
                0x100051e2        0x8 CMakeFiles/FreeRTOS_Blink.dir/E_/Pi_Pico/pico-sdk/lib/tinyusb/src/device/usbd.c.obj
                0x100051e2                usbd_edpt_open
 *fill*         0x100051ea        0x2 
 .text.usbd_open_edpt_pair
                0x100051ec       0x8c CMakeFiles/FreeRTOS_Blink.dir/E_/Pi_Pico/pico-sdk/lib/tinyusb/src/device/usbd.c.obj
                0x100051ec                usbd_open_edpt_pair
 .text.usbd_edpt_claim
                0x10005278       0x8c CMakeFiles/FreeRTOS_Blink.dir/E_/Pi_Pico/pico-sdk/lib/tinyusb/src/device/usbd.c.obj
                0x10005278                usbd_edpt_claim
 .text.usbd_edpt_release
                0x10005304       0x68 CMakeFiles/FreeRTOS_Blink.dir/E_/Pi_Pico/pico-sdk/lib/tinyusb/src/device/usbd.c.obj
                0x10005304                usbd_edpt_release
 .text.usbd_edpt_xfer
                0x1000536c       0x80 CMakeFiles/FreeRTOS_Blink.dir/E_/Pi_Pico/pico-sdk/lib/tinyusb/src/device/usbd.c.obj
                0x1000536c                usbd_edpt_xfer
 .text.usbd_edpt_stall
                0x100053ec       0x2c CMakeFiles/FreeRTOS_Blink.dir/E_/Pi_Pico/pico-sdk/lib/tinyusb/src/device/usbd.c.obj
                0x100053ec                usbd_edpt_stall
 .text.usbd_edpt_clear_stall
                0x10005418       0x2c CMakeFiles/FreeRTOS_Blink.dir/E_/Pi_Pico/pico-sdk/lib/tinyusb/src/device/usbd.c.obj
                0x10005418                usbd_edpt_clear_stall
 .text.usbd_edpt_stalled
                0x10005444       0x1c CMakeFiles/FreeRTOS_Blink.dir/E_/Pi_Pico/pico-sdk/lib/tinyusb/src/device/usbd.c.obj
                0x10005444                usbd_edpt_stalled
 .text.process_control_request
                0x10005460      0x37c CMakeFiles/FreeRTOS_Blink.dir/E_/Pi_Pico/pico-sdk/lib/tinyusb/src/device/usbd.c.obj
 .text.tud_task
                0x100057dc      0x204 CMakeFiles/FreeRTOS_Blink.dir/E_/Pi_Pico/pico-sdk/lib/tinyusb/src/device/usbd.c.obj
                0x100057dc                tud_task
 .text._data_stage_xact
                0x100059e0       0x58 CMakeFiles/FreeRTOS_Blink.dir/E_/Pi_Pico/pico-sdk/lib/tinyusb/src/device/usbd_control.c.obj
 .text.tud_control_status
                0x10005a38       0x38 CMakeFiles/FreeRTOS_Blink.dir/E_/Pi_Pico/pico-sdk/lib/tinyusb/src/device/usbd_control.c.obj
                0x10005a38                tud_control_status
 .text.tud_control_xfer
                0x10005a70       0xa8 CMakeFiles/FreeRTOS_Blink.dir/E_/Pi_Pico/pico-sdk/lib/tinyusb/src/device/usbd_control.c.obj
                0x10005a70                tud_control_xfer
 .text.usbd_control_reset
                0x10005b18       0x14 CMakeFiles/FreeRTOS_Blink.dir/E_/Pi_Pico/pico-sdk/lib/tinyusb/src/device/usbd_control.c.obj
                0x10005b18                usbd_control_reset
 .text.usbd_control_set_complete_callback
                0x10005b2c        0xc CMakeFiles/FreeRTOS_Blink.dir/E_/Pi_Pico/pico-sdk/lib/tinyusb/src/device/usbd_control.c.obj
                0x10005b2c                usbd_control_set_complete_callback
 .text.usbd_control_set_request
                0x10005b38       0x1c CMakeFiles/FreeRTOS_Blink.dir/E_/Pi_Pico/pico-sdk/lib/tinyusb/src/device/usbd_control.c.obj
                0x10005b38                usbd_control_set_request
 .text.usbd_control_xfer_cb
                0x10005b54       0xe8 CMakeFiles/FreeRTOS_Blink.dir/E_/Pi_Pico/pico-sdk/lib/tinyusb/src/device/usbd_control.c.obj
                0x10005b54                usbd_control_xfer_cb
 .text._prep_out_transaction
                0x10005c3c       0x46 CMakeFiles/FreeRTOS_Blink.dir/E_/Pi_Pico/pico-sdk/lib/tinyusb/src/class/cdc/cdc_device.c.obj
 *fill*         0x10005c82        0x2 
 .text.tud_cdc_n_connected
                0x10005c84       0x48 CMakeFiles/FreeRTOS_Blink.dir/E_/Pi_Pico/pico-sdk/lib/tinyusb/src/class/cdc/cdc_device.c.obj
                0x10005c84                tud_cdc_n_connected
 .text.tud_cdc_n_available
                0x10005ccc       0x20 CMakeFiles/FreeRTOS_Blink.dir/E_/Pi_Pico/pico-sdk/lib/tinyusb/src/class/cdc/cdc_device.c.obj
                0x10005ccc                tud_cdc_n_available
 .text.tud_cdc_n_read
                0x10005cec       0x30 CMakeFiles/FreeRTOS_Blink.dir/E_/Pi_Pico/pico-sdk/lib/tinyusb/src/class/cdc/cdc_device.c.obj
                0x10005cec                tud_cdc_n_read
 .text.tud_cdc_n_write_flush
                0x10005d1c       0xc4 CMakeFiles/FreeRTOS_Blink.dir/E_/Pi_Pico/pico-sdk/lib/tinyusb/src/class/cdc/cdc_device.c.obj
                0x10005d1c                tud_cdc_n_write_flush
 .text.tud_cdc_n_write
                0x10005de0       0x38 CMakeFiles/FreeRTOS_Blink.dir/E_/Pi_Pico/pico-sdk/lib/tinyusb/src/class/cdc/cdc_device.c.obj
                0x10005de0                tud_cdc_n_write
 .text.tud_cdc_n_write_available
                0x10005e18       0x20 CMakeFiles/FreeRTOS_Blink.dir/E_/Pi_Pico/pico-sdk/lib/tinyusb/src/class/cdc/cdc_device.c.obj
                0x10005e18                tud_cdc_n_write_available
 .text.cdcd_init
                0x10005e38       0xdc CMakeFiles/FreeRTOS_Blink.dir/E_/Pi_Pico/pico-sdk/lib/tinyusb/src/class/cdc/cdc_device.c.obj
                0x10005e38                cdcd_init
 .text.cdcd_reset
                0x10005f14       0x44 CMakeFiles/FreeRTOS_Blink.dir/E_/Pi_Pico/pico-sdk/lib/tinyusb/src/class/cdc/cdc_device.c.obj
                0x10005f14                cdcd_reset
 .text.cdcd_open
                0x10005f58      0x118 CMakeFiles/FreeRTOS_Blink.dir/E_/Pi_Pico/pico-sdk/lib/tinyusb/src/class/cdc/cdc_device.c.obj
                0x10005f58                cdcd_open
 .text.cdcd_control_complete
                0x10006070       0x60 CMakeFiles/FreeRTOS_Blink.dir/E_/Pi_Pico/pico-sdk/lib/tinyusb/src/class/cdc/cdc_device.c.obj
                0x10006070                cdcd_control_complete
 .text.cdcd_control_request
                0x100060d0       0x9c CMakeFiles/FreeRTOS_Blink.dir/E_/Pi_Pico/pico-sdk/lib/tinyusb/src/class/cdc/cdc_device.c.obj
                0x100060d0                cdcd_control_request
 .text.cdcd_xfer_cb
                0x1000616c      0x130 CMakeFiles/FreeRTOS_Blink.dir/E_/Pi_Pico/pico-sdk/lib/tinyusb/src/class/cdc/cdc_device.c.obj
                0x1000616c                cdcd_xfer_cb
 .text.tusb_init
                0x1000629c       0x38 CMakeFiles/FreeRTOS_Blink.dir/E_/Pi_Pico/pico-sdk/lib/tinyusb/src/tusb.c.obj
                0x1000629c                tusb_init
 .text.tusb_inited
                0x100062d4        0xc CMakeFiles/FreeRTOS_Blink.dir/E_/Pi_Pico/pico-sdk/lib/tinyusb/src/tusb.c.obj
                0x100062d4                tusb_inited
 .text.advance_pointer
                0x100062e0       0x1e CMakeFiles/FreeRTOS_Blink.dir/E_/Pi_Pico/pico-sdk/lib/tinyusb/src/common/tusb_fifo.c.obj
 .text.backward_pointer
                0x100062fe       0x1a CMakeFiles/FreeRTOS_Blink.dir/E_/Pi_Pico/pico-sdk/lib/tinyusb/src/common/tusb_fifo.c.obj
 .text.get_relative_pointer
                0x10006318       0x16 CMakeFiles/FreeRTOS_Blink.dir/E_/Pi_Pico/pico-sdk/lib/tinyusb/src/common/tusb_fifo.c.obj
 .text.tu_fifo_lock
                0x1000632e       0x12 CMakeFiles/FreeRTOS_Blink.dir/E_/Pi_Pico/pico-sdk/lib/tinyusb/src/common/tusb_fifo.c.obj
 .text.tu_fifo_unlock
                0x10006340        0xe CMakeFiles/FreeRTOS_Blink.dir/E_/Pi_Pico/pico-sdk/lib/tinyusb/src/common/tusb_fifo.c.obj
 .text._tu_fifo_peek_at
                0x1000634e       0x66 CMakeFiles/FreeRTOS_Blink.dir/E_/Pi_Pico/pico-sdk/lib/tinyusb/src/common/tusb_fifo.c.obj
 .text._ff_pull_n
                0x100063b4       0x4a CMakeFiles/FreeRTOS_Blink.dir/E_/Pi_Pico/pico-sdk/lib/tinyusb/src/common/tusb_fifo.c.obj
 .text._tu_fifo_peek_at_n
                0x100063fe       0x72 CMakeFiles/FreeRTOS_Blink.dir/E_/Pi_Pico/pico-sdk/lib/tinyusb/src/common/tusb_fifo.c.obj
 .text._ff_push_n
                0x10006470       0x4a CMakeFiles/FreeRTOS_Blink.dir/E_/Pi_Pico/pico-sdk/lib/tinyusb/src/common/tusb_fifo.c.obj
 .text.tu_fifo_config
                0x100064ba       0x48 CMakeFiles/FreeRTOS_Blink.dir/E_/Pi_Pico/pico-sdk/lib/tinyusb/src/common/tusb_fifo.c.obj
                0x100064ba                tu_fifo_config
 .text.tu_fifo_count
                0x10006502       0x1c CMakeFiles/FreeRTOS_Blink.dir/E_/Pi_Pico/pico-sdk/lib/tinyusb/src/common/tusb_fifo.c.obj
                0x10006502                tu_fifo_count
 .text.tu_fifo_remaining
                0x1000651e       0x20 CMakeFiles/FreeRTOS_Blink.dir/E_/Pi_Pico/pico-sdk/lib/tinyusb/src/common/tusb_fifo.c.obj
                0x1000651e                tu_fifo_remaining
 .text.tu_fifo_read
                0x1000653e       0x3a CMakeFiles/FreeRTOS_Blink.dir/E_/Pi_Pico/pico-sdk/lib/tinyusb/src/common/tusb_fifo.c.obj
                0x1000653e                tu_fifo_read
 .text.tu_fifo_read_n
                0x10006578       0x3e CMakeFiles/FreeRTOS_Blink.dir/E_/Pi_Pico/pico-sdk/lib/tinyusb/src/common/tusb_fifo.c.obj
                0x10006578                tu_fifo_read_n
 .text.tu_fifo_write
                0x100065b6       0x5c CMakeFiles/FreeRTOS_Blink.dir/E_/Pi_Pico/pico-sdk/lib/tinyusb/src/common/tusb_fifo.c.obj
                0x100065b6                tu_fifo_write
 .text.tu_fifo_write_n
                0x10006612       0x7c CMakeFiles/FreeRTOS_Blink.dir/E_/Pi_Pico/pico-sdk/lib/tinyusb/src/common/tusb_fifo.c.obj
                0x10006612                tu_fifo_write_n
 .text.tu_fifo_clear
                0x1000668e       0x18 CMakeFiles/FreeRTOS_Blink.dir/E_/Pi_Pico/pico-sdk/lib/tinyusb/src/common/tusb_fifo.c.obj
                0x1000668e                tu_fifo_clear
 *fill*         0x100066a6        0x2 
 .text          0x100066a8      0xfa4 libFreeRTOS.a(tasks.c.obj)
                0x10006958                xTaskCreate
                0x100069b8                vTaskDelete
                0x10006a34                uxTaskPriorityGet
                0x10006a54                uxTaskPriorityGetFromISR
                0x10006a74                vTaskPrioritySet
                0x10006b28                vTaskResume
                0x10006b90                xTaskResumeFromISR
                0x10006c10                vTaskStartScheduler
                0x10006c6c                vTaskEndScheduler
                0x10006c80                vTaskSuspendAll
                0x10006c90                xTaskGetTickCount
                0x10006c9c                xTaskGetTickCountFromISR
                0x10006ca8                uxTaskGetNumberOfTasks
                0x10006cb4                pcTaskGetName
                0x10006cc8                xTaskIncrementTick
                0x10006d98                xTaskResumeAll
                0x10006e60                xTaskDelayUntil
                0x10006ec0                vTaskDelay
                0x10006ee0                xTaskCatchUpTicks
                0x10006efc                vTaskSwitchContext
                0x10006f74                vTaskSuspend
                0x10007018                vTaskPlaceOnEventList
                0x10007034                vTaskPlaceOnUnorderedEventList
                0x1000705c                vTaskPlaceOnEventListRestricted
                0x10007084                xTaskRemoveFromEventList
                0x100070f4                vTaskRemoveFromUnorderedEventList
                0x10007148                vTaskSetTimeOutState
                0x10007164                vTaskInternalSetTimeOutState
                0x10007174                xTaskCheckForTimeOut
                0x100071cc                vTaskMissedYield
                0x100071d8                vTaskSetThreadLocalStoragePointer
                0x100071f4                pvTaskGetThreadLocalStoragePointer
                0x10007214                xTaskGetCurrentTaskHandle
                0x10007220                xTaskGetSchedulerState
                0x10007240                uxTaskResetEventItemValue
                0x10007258                ulTaskGenericNotifyTake
                0x100072e4                xTaskGenericNotifyWait
                0x10007384                xTaskGenericNotify
                0x10007458                xTaskGenericNotifyFromISR
                0x10007554                vTaskGenericNotifyGiveFromISR
                0x100075e4                xTaskGenericNotifyStateClear
                0x1000761c                ulTaskGenericNotifyValueClear
 .text          0x1000764c      0x498 libFreeRTOS.a(timers.c.obj)
                0x1000773e                xTimerCreateTimerTask
                0x10007778                xTimerCreate
                0x100077ac                xTimerGenericCommand
                0x10007a42                xTimerGetTimerDaemonTaskHandle
                0x10007a4c                xTimerGetPeriod
                0x10007a50                vTimerSetReloadMode
                0x10007a7a                uxTimerGetReloadMode
                0x10007a98                xTimerGetExpiryTime
                0x10007a9c                pcTimerGetName
                0x10007aa0                xTimerIsTimerActive
                0x10007abe                pvTimerGetTimerID
                0x10007ad0                vTimerSetTimerID
 *fill*         0x10007ae4        0xc 
 .text          0x10007af0      0x18c libFreeRTOS.a(port.c.obj)
                0x10007b34                pxPortInitialiseStack
                0x10007b54                isr_svcall
                0x10007b56                vPortEndScheduler
                0x10007b58                vPortYield
                0x10007b70                vPortEnterCritical
                0x10007b88                vPortExitCritical
                0x10007b9c                ulSetInterruptMaskFromISR
                0x10007ba4                vClearInterruptMaskFromISR
                0x10007baa                isr_pendsv
                0x10007bf4                isr_systick
                0x10007c18                vPortSetupTimerInterrupt
                0x10007c40                xPortStartScheduler
 .text          0x10007c7c      0x238 libFreeRTOS.a(heap_4.c.obj)
                0x10007d1c                pvPortMalloc
                0x10007de8                vPortFree
                0x10007e30                xPortGetFreeHeapSize
                0x10007e3c                xPortGetMinimumEverFreeHeapSize
                0x10007e48                vPortInitialiseBlocks
                0x10007e4a                vPortGetHeapStats
 .text          0x10007eb4       0x86 libFreeRTOS.a(list.c.obj)
                0x10007eb4                vListInitialise
                0x10007eca                vListInitialiseItem
                0x10007ed0                vListInsertEnd
                0x10007ee6                vListInsert
                0x10007f14                uxListRemove
 *fill*         0x10007f3a        0x2 
 .text          0x10007f3c      0x82c libFreeRTOS.a(queue.c.obj)
                0x1000806c                xQueueGenericReset
                0x100080ee                xQueueGenericCreate
                0x1000811c                xQueueGenericSend
                0x1000820e                xQueueGenericSendFromISR
                0x10008288                xQueueGiveFromISR
                0x100082ec                xQueueReceive
                0x100083da                xQueueSemaphoreTake
                0x100084be                xQueuePeek
                0x100085ac                xQueueReceiveFromISR
                0x1000861e                xQueuePeekFromISR
                0x1000864c                uxQueueMessagesWaiting
                0x1000865e                uxQueueSpacesAvailable
                0x10008674                uxQueueMessagesWaitingFromISR
                0x10008678                xQueueIsQueueEmptyFromISR
                0x10008686                xQueueIsQueueFullFromISR
                0x10008696                vQueueAddToRegistry
                0x100086bc                pcQueueGetName
                0x100086e0                vQueueUnregisterQueue
                0x10008708                vQueueDelete
                0x10008718                vQueueWaitForMessageRestricted
 .text.calloc   0x10008768       0x18 c:/progra~2/gnuarm~1/102020~1/bin/../lib/gcc/arm-none-eabi/10.2.1/../../../../arm-none-eabi/lib/thumb/v6-m/nofp\libg.a(lib_a-calloc.o)
                0x10008768                calloc
 .text._calloc_r
                0x10008780       0x5c c:/progra~2/gnuarm~1/102020~1/bin/../lib/gcc/arm-none-eabi/10.2.1/../../../../arm-none-eabi/lib/thumb/v6-m/nofp\libg.a(lib_a-callocr.o)
                0x10008780                _calloc_r
 .text.malloc   0x100087dc       0x14 c:/progra~2/gnuarm~1/102020~1/bin/../lib/gcc/arm-none-eabi/10.2.1/../../../../arm-none-eabi/lib/thumb/v6-m/nofp\libg.a(lib_a-malloc.o)
                0x100087dc                malloc
 .text._malloc_r
                0x100087f0      0x580 c:/progra~2/gnuarm~1/102020~1/bin/../lib/gcc/arm-none-eabi/10.2.1/../../../../arm-none-eabi/lib/thumb/v6-m/nofp\libg.a(lib_a-mallocr.o)
                0x100087f0                _malloc_r
 .text.__malloc_lock
                0x10008d70       0x10 c:/progra~2/gnuarm~1/102020~1/bin/../lib/gcc/arm-none-eabi/10.2.1/../../../../arm-none-eabi/lib/thumb/v6-m/nofp\libg.a(lib_a-mlock.o)
                0x10008d70                __malloc_lock
 .text.__malloc_unlock
                0x10008d80       0x10 c:/progra~2/gnuarm~1/102020~1/bin/../lib/gcc/arm-none-eabi/10.2.1/../../../../arm-none-eabi/lib/thumb/v6-m/nofp\libg.a(lib_a-mlock.o)
                0x10008d80                __malloc_unlock
 .text._sbrk_r  0x10008d90       0x24 c:/progra~2/gnuarm~1/102020~1/bin/../lib/gcc/arm-none-eabi/10.2.1/../../../../arm-none-eabi/lib/thumb/v6-m/nofp\libg.a(lib_a-sbrkr.o)
                0x10008d90                _sbrk_r
 .text.strlen   0x10008db4       0x5c c:/progra~2/gnuarm~1/102020~1/bin/../lib/gcc/arm-none-eabi/10.2.1/../../../../arm-none-eabi/lib/thumb/v6-m/nofp\libg.a(lib_a-strlen-stub.o)
                0x10008db4                strlen
 .text._malloc_trim_r
                0x10008e10       0x9c c:/progra~2/gnuarm~1/102020~1/bin/../lib/gcc/arm-none-eabi/10.2.1/../../../../arm-none-eabi/lib/thumb/v6-m/nofp\libg.a(lib_a-freer.o)
                0x10008e10                _malloc_trim_r
 .text._free_r  0x10008eac      0x1c4 c:/progra~2/gnuarm~1/102020~1/bin/../lib/gcc/arm-none-eabi/10.2.1/../../../../arm-none-eabi/lib/thumb/v6-m/nofp\libg.a(lib_a-freer.o)
                0x10008eac                _free_r
 .text.__retarget_lock_acquire_recursive
                0x10009070        0x4 c:/progra~2/gnuarm~1/102020~1/bin/../lib/gcc/arm-none-eabi/10.2.1/../../../../arm-none-eabi/lib/thumb/v6-m/nofp\libg.a(lib_a-lock.o)
                0x10009070                __retarget_lock_acquire_recursive
 .text.__retarget_lock_release_recursive
                0x10009074        0x4 c:/progra~2/gnuarm~1/102020~1/bin/../lib/gcc/arm-none-eabi/10.2.1/../../../../arm-none-eabi/lib/thumb/v6-m/nofp\libg.a(lib_a-lock.o)
                0x10009074                __retarget_lock_release_recursive
 *(.fini)
 .fini          0x10009078        0x4 c:/progra~2/gnuarm~1/102020~1/bin/../lib/gcc/arm-none-eabi/10.2.1/thumb/v6-m/nofp/crti.o
                0x10009078                _fini
 *fill*         0x1000907c        0x4 
 .fini.__stub   0x10009080       0x60 linker stubs
 *crtbegin.o(.ctors)
 *crtbegin?.o(.ctors)
 *(EXCLUDE_FILE(*crtend.o *crtend?.o) .ctors)
 *(SORT_BY_NAME(.ctors.*))
 *(.ctors)
 *crtbegin.o(.dtors)
 *crtbegin?.o(.dtors)
 *(EXCLUDE_FILE(*crtend.o *crtend?.o) .dtors)
 *(SORT_BY_NAME(.dtors.*))
 *(.dtors)
 *(.eh_frame*)
 .eh_frame      0x100090e0        0x0 c:/progra~2/gnuarm~1/102020~1/bin/../lib/gcc/arm-none-eabi/10.2.1/thumb/v6-m/nofp/crtbegin.o
                0x100090e0                . = ALIGN (0x4)

.glue_7         0x100090e0        0x0
 .glue_7        0x100090e0        0x0 linker stubs

.glue_7t        0x100090e0        0x0
 .glue_7t       0x100090e0        0x0 linker stubs

.vfp11_veneer   0x100090e0        0x0
 .vfp11_veneer  0x100090e0        0x0 linker stubs

.v4_bx          0x100090e0        0x0
 .v4_bx         0x100090e0        0x0 linker stubs

.iplt           0x100090e0        0x0
 .iplt          0x100090e0        0x0 c:/progra~2/gnuarm~1/102020~1/bin/../lib/gcc/arm-none-eabi/10.2.1/thumb/v6-m/nofp/crtbegin.o

.rodata         0x100090e0     0x134c
 *(EXCLUDE_FILE(*libm.a: *libc.a:*lib_a-mem*.o *libgcc.a:) .rodata*)
 .rodata.main.str1.4
                0x100090e0        0xc CMakeFiles/FreeRTOS_Blink.dir/src/main.c.obj
 .rodata.spin_lock_claim_unused.str1.4
                0x100090ec       0x1b CMakeFiles/FreeRTOS_Blink.dir/E_/Pi_Pico/pico-sdk/src/rp2_common/hardware_sync/sync.c.obj
 *fill*         0x10009107        0x1 
 .rodata.alarm_pool_dump_key.str1.4
                0x10009108       0x63 CMakeFiles/FreeRTOS_Blink.dir/E_/Pi_Pico/pico-sdk/src/common/pico_time/time.c.obj
 *fill*         0x1000916b        0x1 
 .rodata.ph_add_child_node.str1.4
                0x1000916c       0x8e CMakeFiles/FreeRTOS_Blink.dir/E_/Pi_Pico/pico-sdk/src/common/pico_time/time.c.obj
 *fill*         0x100091fa        0x2 
 .rodata.add_alarm_under_lock.str1.4
                0x100091fc       0x27 CMakeFiles/FreeRTOS_Blink.dir/E_/Pi_Pico/pico-sdk/src/common/pico_time/time.c.obj
 *fill*         0x10009223        0x1 
 .rodata.alarm_pool_alarm_callback.str1.4
                0x10009224       0x7d CMakeFiles/FreeRTOS_Blink.dir/E_/Pi_Pico/pico-sdk/src/common/pico_time/time.c.obj
 *fill*         0x100092a1        0x3 
 .rodata.alarm_pool_get_default.str1.4
                0x100092a4       0x13 CMakeFiles/FreeRTOS_Blink.dir/E_/Pi_Pico/pico-sdk/src/common/pico_time/time.c.obj
 *fill*         0x100092b7        0x1 
 .rodata.alarm_pool_cancel_alarm.str1.4
                0x100092b8       0x27 CMakeFiles/FreeRTOS_Blink.dir/E_/Pi_Pico/pico-sdk/src/common/pico_time/time.c.obj
 *fill*         0x100092df        0x1 
 .rodata.__func__.0
                0x100092e0       0x18 CMakeFiles/FreeRTOS_Blink.dir/E_/Pi_Pico/pico-sdk/src/common/pico_time/time.c.obj
 .rodata.__func__.10
                0x100092f8       0x17 CMakeFiles/FreeRTOS_Blink.dir/E_/Pi_Pico/pico-sdk/src/common/pico_time/time.c.obj
 *fill*         0x1000930f        0x1 
 .rodata.__func__.2
                0x10009310       0x12 CMakeFiles/FreeRTOS_Blink.dir/E_/Pi_Pico/pico-sdk/src/common/pico_time/time.c.obj
 *fill*         0x10009322        0x2 
 .rodata.__func__.3
                0x10009324       0x14 CMakeFiles/FreeRTOS_Blink.dir/E_/Pi_Pico/pico-sdk/src/common/pico_time/time.c.obj
 .rodata.__func__.4
                0x10009338       0x12 CMakeFiles/FreeRTOS_Blink.dir/E_/Pi_Pico/pico-sdk/src/common/pico_time/time.c.obj
 *fill*         0x1000934a        0x2 
 .rodata.__func__.5
                0x1000934c        0xa CMakeFiles/FreeRTOS_Blink.dir/E_/Pi_Pico/pico-sdk/src/common/pico_time/time.c.obj
 *fill*         0x10009356        0x2 
 .rodata.__func__.6
                0x10009358        0xc CMakeFiles/FreeRTOS_Blink.dir/E_/Pi_Pico/pico-sdk/src/common/pico_time/time.c.obj
 .rodata.__func__.7
                0x10009364       0x15 CMakeFiles/FreeRTOS_Blink.dir/E_/Pi_Pico/pico-sdk/src/common/pico_time/time.c.obj
 *fill*         0x10009379        0x3 
 .rodata.__func__.8
                0x1000937c       0x1a CMakeFiles/FreeRTOS_Blink.dir/E_/Pi_Pico/pico-sdk/src/common/pico_time/time.c.obj
 *fill*         0x10009396        0x2 
 .rodata.__func__.9
                0x10009398        0xa CMakeFiles/FreeRTOS_Blink.dir/E_/Pi_Pico/pico-sdk/src/common/pico_time/time.c.obj
 *fill*         0x100093a2        0x2 
 .rodata.hardware_alarm_claim.str1.4
                0x100093a4       0x22 CMakeFiles/FreeRTOS_Blink.dir/E_/Pi_Pico/pico-sdk/src/rp2_common/hardware_timer/timer.c.obj
 *fill*         0x100093c6        0x2 
 .rodata.hardware_alarm_set_target.str1.4
                0x100093c8       0x5e CMakeFiles/FreeRTOS_Blink.dir/E_/Pi_Pico/pico-sdk/src/rp2_common/hardware_timer/timer.c.obj
 *fill*         0x10009426        0x2 
 .rodata.__func__.0
                0x10009428       0x1a CMakeFiles/FreeRTOS_Blink.dir/E_/Pi_Pico/pico-sdk/src/rp2_common/hardware_timer/timer.c.obj
 *fill*         0x10009442        0x2 
 .rodata.lock_init.str1.4
                0x10009444       0x61 CMakeFiles/FreeRTOS_Blink.dir/E_/Pi_Pico/pico-sdk/src/common/pico_sync/lock_core.c.obj
 *fill*         0x100094a5        0x3 
 .rodata.__func__.0
                0x100094a8        0xa CMakeFiles/FreeRTOS_Blink.dir/E_/Pi_Pico/pico-sdk/src/common/pico_sync/lock_core.c.obj
 *fill*         0x100094b2        0x2 
 .rodata.str1.4
                0x100094b4       0x58 CMakeFiles/FreeRTOS_Blink.dir/E_/Pi_Pico/pico-sdk/src/common/pico_sync/mutex.c.obj
 .rodata.__func__.0
                0x1000950c        0xb CMakeFiles/FreeRTOS_Blink.dir/E_/Pi_Pico/pico-sdk/src/common/pico_sync/mutex.c.obj
 *fill*         0x10009517        0x1 
 .rodata.__func__.1
                0x10009518       0x18 CMakeFiles/FreeRTOS_Blink.dir/E_/Pi_Pico/pico-sdk/src/common/pico_sync/mutex.c.obj
 .rodata.__func__.2
                0x10009530       0x15 CMakeFiles/FreeRTOS_Blink.dir/E_/Pi_Pico/pico-sdk/src/common/pico_sync/mutex.c.obj
 .rodata.ph_add_child_node.str1.4
                0x10009545       0x8e CMakeFiles/FreeRTOS_Blink.dir/E_/Pi_Pico/pico-sdk/src/common/pico_util/pheap.c.obj
 *fill*         0x10009545        0x3 
 .rodata.ph_remove_any_head.str1.4
                0x10009548       0x88 CMakeFiles/FreeRTOS_Blink.dir/E_/Pi_Pico/pico-sdk/src/common/pico_util/pheap.c.obj
 .rodata.ph_delete.str1.4
                0x100095d0       0x26 CMakeFiles/FreeRTOS_Blink.dir/E_/Pi_Pico/pico-sdk/src/common/pico_util/pheap.c.obj
 *fill*         0x100095f6        0x2 
 .rodata.__func__.0
                0x100095f8        0xa CMakeFiles/FreeRTOS_Blink.dir/E_/Pi_Pico/pico-sdk/src/common/pico_util/pheap.c.obj
 *fill*         0x10009602        0x2 
 .rodata.__func__.1
                0x10009604       0x13 CMakeFiles/FreeRTOS_Blink.dir/E_/Pi_Pico/pico-sdk/src/common/pico_util/pheap.c.obj
 *fill*         0x10009617        0x1 
 .rodata.__func__.2
                0x10009618       0x12 CMakeFiles/FreeRTOS_Blink.dir/E_/Pi_Pico/pico-sdk/src/common/pico_util/pheap.c.obj
 *fill*         0x1000962a        0x2 
 .rodata.__func__.3
                0x1000962c        0xc CMakeFiles/FreeRTOS_Blink.dir/E_/Pi_Pico/pico-sdk/src/common/pico_util/pheap.c.obj
 .rodata.__assert_func.str1.4
                0x10009638       0x3f CMakeFiles/FreeRTOS_Blink.dir/E_/Pi_Pico/pico-sdk/src/rp2_common/pico_runtime/runtime.c.obj
                                 0x43 (size before relaxing)
 *fill*         0x10009677        0x1 
 .rodata.panic.str1.4
                0x10009678       0x12 CMakeFiles/FreeRTOS_Blink.dir/E_/Pi_Pico/pico-sdk/src/rp2_common/pico_runtime/runtime.c.obj
 *fill*         0x1000968a        0x2 
 .rodata.clock_configure.str1.4
                0x1000968c       0x50 CMakeFiles/FreeRTOS_Blink.dir/E_/Pi_Pico/pico-sdk/src/rp2_common/hardware_clocks/clocks.c.obj
 .rodata.__func__.1
                0x100096dc       0x10 CMakeFiles/FreeRTOS_Blink.dir/E_/Pi_Pico/pico-sdk/src/rp2_common/hardware_clocks/clocks.c.obj
 .rodata.pll_init.str1.4
                0x100096ec       0xd3 CMakeFiles/FreeRTOS_Blink.dir/E_/Pi_Pico/pico-sdk/src/rp2_common/hardware_pll/pll.c.obj
 *fill*         0x100097bf        0x1 
 .rodata.__func__.0
                0x100097c0        0x9 CMakeFiles/FreeRTOS_Blink.dir/E_/Pi_Pico/pico-sdk/src/rp2_common/hardware_pll/pll.c.obj
 *fill*         0x100097c9        0x3 
 .rodata.make_branch.str1.4
                0x100097cc       0x46 CMakeFiles/FreeRTOS_Blink.dir/E_/Pi_Pico/pico-sdk/src/rp2_common/hardware_irq/irq.c.obj
 *fill*         0x10009812        0x2 
 .rodata.irq_set_exclusive_handler.str1.4
                0x10009814       0x36 CMakeFiles/FreeRTOS_Blink.dir/E_/Pi_Pico/pico-sdk/src/rp2_common/hardware_irq/irq.c.obj
 *fill*         0x1000984a        0x2 
 .rodata.irq_add_shared_handler.str1.4
                0x1000984c       0xd9 CMakeFiles/FreeRTOS_Blink.dir/E_/Pi_Pico/pico-sdk/src/rp2_common/hardware_irq/irq.c.obj
 *fill*         0x10009925        0x3 
 .rodata.irq_remove_handler.str1.4
                0x10009928       0x2a CMakeFiles/FreeRTOS_Blink.dir/E_/Pi_Pico/pico-sdk/src/rp2_common/hardware_irq/irq.c.obj
 *fill*         0x10009952        0x2 
 .rodata.irq_add_tail_to_free_list.str1.4
                0x10009954       0x32 CMakeFiles/FreeRTOS_Blink.dir/E_/Pi_Pico/pico-sdk/src/rp2_common/hardware_irq/irq.c.obj
                                 0x3a (size before relaxing)
 *fill*         0x10009986        0x2 
 .rodata.__func__.0
                0x10009988       0x1a CMakeFiles/FreeRTOS_Blink.dir/E_/Pi_Pico/pico-sdk/src/rp2_common/hardware_irq/irq.c.obj
 *fill*         0x100099a2        0x2 
 .rodata.__func__.1
                0x100099a4       0x17 CMakeFiles/FreeRTOS_Blink.dir/E_/Pi_Pico/pico-sdk/src/rp2_common/hardware_irq/irq.c.obj
 *fill*         0x100099bb        0x1 
 .rodata.__func__.2
                0x100099bc       0x13 CMakeFiles/FreeRTOS_Blink.dir/E_/Pi_Pico/pico-sdk/src/rp2_common/hardware_irq/irq.c.obj
 *fill*         0x100099cf        0x1 
 .rodata.__func__.3
                0x100099d0        0xc CMakeFiles/FreeRTOS_Blink.dir/E_/Pi_Pico/pico-sdk/src/rp2_common/hardware_irq/irq.c.obj
 .rodata.__func__.4
                0x100099dc        0xf CMakeFiles/FreeRTOS_Blink.dir/E_/Pi_Pico/pico-sdk/src/rp2_common/hardware_irq/irq.c.obj
 *fill*         0x100099eb        0x1 
 .rodata.__func__.6
                0x100099ec       0x1a CMakeFiles/FreeRTOS_Blink.dir/E_/Pi_Pico/pico-sdk/src/rp2_common/hardware_irq/irq.c.obj
 *fill*         0x10009a06        0x2 
 .rodata._ftoa.str1.4
                0x10009a08       0x15 CMakeFiles/FreeRTOS_Blink.dir/E_/Pi_Pico/pico-sdk/src/rp2_common/pico_printf/printf.c.obj
 *fill*         0x10009a1d        0x3 
 .rodata._vsnprintf
                0x10009a20      0x1e0 CMakeFiles/FreeRTOS_Blink.dir/E_/Pi_Pico/pico-sdk/src/rp2_common/pico_printf/printf.c.obj
 .rodata.pow10.0
                0x10009c00       0x50 CMakeFiles/FreeRTOS_Blink.dir/E_/Pi_Pico/pico-sdk/src/rp2_common/pico_printf/printf.c.obj
 .rodata.__aeabi_double_init.str1.4
                0x10009c50       0xa1 CMakeFiles/FreeRTOS_Blink.dir/E_/Pi_Pico/pico-sdk/src/rp2_common/pico_double/double_init_rom.c.obj
 *fill*         0x10009cf1        0x3 
 .rodata.__func__.0
                0x10009cf4       0x14 CMakeFiles/FreeRTOS_Blink.dir/E_/Pi_Pico/pico-sdk/src/rp2_common/pico_double/double_init_rom.c.obj
 .rodata.__aeabi_float_init.str1.4
                0x10009d08       0x73 CMakeFiles/FreeRTOS_Blink.dir/E_/Pi_Pico/pico-sdk/src/rp2_common/pico_float/float_init_rom.c.obj
                                 0x77 (size before relaxing)
 *fill*         0x10009d7b        0x1 
 .rodata.__func__.0
                0x10009d7c       0x13 CMakeFiles/FreeRTOS_Blink.dir/E_/Pi_Pico/pico-sdk/src/rp2_common/pico_float/float_init_rom.c.obj
 *fill*         0x10009d8f        0x1 
 .rodata.str1.4
                0x10009d90       0x34 CMakeFiles/FreeRTOS_Blink.dir/E_/Pi_Pico/pico-sdk/src/rp2_common/pico_standard_link/binary_info.c.obj
 .rodata.__bi_40
                0x10009dc4        0xc CMakeFiles/FreeRTOS_Blink.dir/E_/Pi_Pico/pico-sdk/src/rp2_common/pico_standard_link/binary_info.c.obj
 .rodata.__bi_71
                0x10009dd0        0xc CMakeFiles/FreeRTOS_Blink.dir/E_/Pi_Pico/pico-sdk/src/rp2_common/pico_standard_link/binary_info.c.obj
 .rodata.crlf_str.1
                0x10009ddc        0x2 CMakeFiles/FreeRTOS_Blink.dir/E_/Pi_Pico/pico-sdk/src/rp2_common/pico_stdio/stdio.c.obj
 *fill*         0x10009dde        0x2 
 .rodata.str1.4
                0x10009de0       0x13 CMakeFiles/FreeRTOS_Blink.dir/E_/Pi_Pico/pico-sdk/src/rp2_common/pico_stdio_usb/stdio_usb.c.obj
 *fill*         0x10009df3        0x1 
 .rodata.__bi_93.0
                0x10009df4        0xc CMakeFiles/FreeRTOS_Blink.dir/E_/Pi_Pico/pico-sdk/src/rp2_common/pico_stdio_usb/stdio_usb.c.obj
 .rodata.str1.4
                0x10009e00       0x32 CMakeFiles/FreeRTOS_Blink.dir/E_/Pi_Pico/pico-sdk/src/rp2_common/pico_stdio_usb/stdio_usb_descriptors.c.obj
 *fill*         0x10009e32        0x2 
 .rodata.usbd_desc_cfg
                0x10009e34       0x4b CMakeFiles/FreeRTOS_Blink.dir/E_/Pi_Pico/pico-sdk/src/rp2_common/pico_stdio_usb/stdio_usb_descriptors.c.obj
 *fill*         0x10009e7f        0x1 
 .rodata.usbd_desc_device
                0x10009e80       0x12 CMakeFiles/FreeRTOS_Blink.dir/E_/Pi_Pico/pico-sdk/src/rp2_common/pico_stdio_usb/stdio_usb_descriptors.c.obj
 *fill*         0x10009e92        0x2 
 .rodata.usbd_desc_str
                0x10009e94       0x14 CMakeFiles/FreeRTOS_Blink.dir/E_/Pi_Pico/pico-sdk/src/rp2_common/pico_stdio_usb/stdio_usb_descriptors.c.obj
 .rodata._hw_endpoint_alloc.str1.4
                0x10009ea8       0xb1 CMakeFiles/FreeRTOS_Blink.dir/E_/Pi_Pico/pico-sdk/lib/tinyusb/src/portable/raspberrypi/rp2040/dcd_rp2040.c.obj
 *fill*         0x10009f59        0x3 
 .rodata._hw_endpoint_init.str1.4
                0x10009f5c       0x28 CMakeFiles/FreeRTOS_Blink.dir/E_/Pi_Pico/pico-sdk/lib/tinyusb/src/portable/raspberrypi/rp2040/dcd_rp2040.c.obj
 .rodata.hw_handle_buff_status.str1.4
                0x10009f84        0xb CMakeFiles/FreeRTOS_Blink.dir/E_/Pi_Pico/pico-sdk/lib/tinyusb/src/portable/raspberrypi/rp2040/dcd_rp2040.c.obj
 *fill*         0x10009f8f        0x1 
 .rodata.dcd_rp2040_irq.str1.4
                0x10009f90       0x14 CMakeFiles/FreeRTOS_Blink.dir/E_/Pi_Pico/pico-sdk/lib/tinyusb/src/portable/raspberrypi/rp2040/dcd_rp2040.c.obj
 .rodata._hw_endpoint_stall.str1.4
                0x10009fa4        0xd CMakeFiles/FreeRTOS_Blink.dir/E_/Pi_Pico/pico-sdk/lib/tinyusb/src/portable/raspberrypi/rp2040/dcd_rp2040.c.obj
 *fill*         0x10009fb1        0x3 
 .rodata.dcd_int_enable.str1.4
                0x10009fb4        0xc CMakeFiles/FreeRTOS_Blink.dir/E_/Pi_Pico/pico-sdk/lib/tinyusb/src/portable/raspberrypi/rp2040/dcd_rp2040.c.obj
 .rodata.__func__.0
                0x10009fc0       0x15 CMakeFiles/FreeRTOS_Blink.dir/E_/Pi_Pico/pico-sdk/lib/tinyusb/src/portable/raspberrypi/rp2040/dcd_rp2040.c.obj
 *fill*         0x10009fd5        0x3 
 .rodata.__func__.1
                0x10009fd8       0x13 CMakeFiles/FreeRTOS_Blink.dir/E_/Pi_Pico/pico-sdk/lib/tinyusb/src/portable/raspberrypi/rp2040/dcd_rp2040.c.obj
 *fill*         0x10009feb        0x1 
 .rodata.__func__.10
                0x10009fec        0xf CMakeFiles/FreeRTOS_Blink.dir/E_/Pi_Pico/pico-sdk/lib/tinyusb/src/portable/raspberrypi/rp2040/dcd_rp2040.c.obj
 *fill*         0x10009ffb        0x1 
 .rodata.__func__.11
                0x10009ffc       0x13 CMakeFiles/FreeRTOS_Blink.dir/E_/Pi_Pico/pico-sdk/lib/tinyusb/src/portable/raspberrypi/rp2040/dcd_rp2040.c.obj
 *fill*         0x1000a00f        0x1 
 .rodata.__func__.12
                0x1000a010       0x16 CMakeFiles/FreeRTOS_Blink.dir/E_/Pi_Pico/pico-sdk/lib/tinyusb/src/portable/raspberrypi/rp2040/dcd_rp2040.c.obj
 *fill*         0x1000a026        0x2 
 .rodata.__func__.13
                0x1000a028        0x9 CMakeFiles/FreeRTOS_Blink.dir/E_/Pi_Pico/pico-sdk/lib/tinyusb/src/portable/raspberrypi/rp2040/dcd_rp2040.c.obj
 *fill*         0x1000a031        0x3 
 .rodata.__func__.2
                0x1000a034        0xf CMakeFiles/FreeRTOS_Blink.dir/E_/Pi_Pico/pico-sdk/lib/tinyusb/src/portable/raspberrypi/rp2040/dcd_rp2040.c.obj
 *fill*         0x1000a043        0x1 
 .rodata.__func__.3
                0x1000a044        0xe CMakeFiles/FreeRTOS_Blink.dir/E_/Pi_Pico/pico-sdk/lib/tinyusb/src/portable/raspberrypi/rp2040/dcd_rp2040.c.obj
 *fill*         0x1000a052        0x2 
 .rodata.__func__.4
                0x1000a054        0xe CMakeFiles/FreeRTOS_Blink.dir/E_/Pi_Pico/pico-sdk/lib/tinyusb/src/portable/raspberrypi/rp2040/dcd_rp2040.c.obj
 *fill*         0x1000a062        0x2 
 .rodata.__func__.5
                0x1000a064       0x1a CMakeFiles/FreeRTOS_Blink.dir/E_/Pi_Pico/pico-sdk/lib/tinyusb/src/portable/raspberrypi/rp2040/dcd_rp2040.c.obj
 *fill*         0x1000a07e        0x2 
 .rodata.__func__.6
                0x1000a080        0xc CMakeFiles/FreeRTOS_Blink.dir/E_/Pi_Pico/pico-sdk/lib/tinyusb/src/portable/raspberrypi/rp2040/dcd_rp2040.c.obj
 .rodata.__func__.8
                0x1000a08c       0x10 CMakeFiles/FreeRTOS_Blink.dir/E_/Pi_Pico/pico-sdk/lib/tinyusb/src/portable/raspberrypi/rp2040/dcd_rp2040.c.obj
 .rodata._hw_endpoint_buffer_control_update32.str1.4
                0x1000a09c       0x1f CMakeFiles/FreeRTOS_Blink.dir/E_/Pi_Pico/pico-sdk/lib/tinyusb/src/portable/raspberrypi/rp2040/rp2040_usb.c.obj
 *fill*         0x1000a0bb        0x1 
 .rodata._hw_endpoint_xfer_sync.str1.4
                0x1000a0bc       0x8d CMakeFiles/FreeRTOS_Blink.dir/E_/Pi_Pico/pico-sdk/lib/tinyusb/src/portable/raspberrypi/rp2040/rp2040_usb.c.obj
 *fill*         0x1000a149        0x3 
 .rodata._hw_endpoint_xfer_continue.str1.4
                0x1000a14c       0x50 CMakeFiles/FreeRTOS_Blink.dir/E_/Pi_Pico/pico-sdk/lib/tinyusb/src/portable/raspberrypi/rp2040/rp2040_usb.c.obj
 .rodata._hw_endpoint_xfer.str1.4
                0x1000a19c        0xf CMakeFiles/FreeRTOS_Blink.dir/E_/Pi_Pico/pico-sdk/lib/tinyusb/src/portable/raspberrypi/rp2040/rp2040_usb.c.obj
 *fill*         0x1000a1ab        0x1 
 .rodata.str1.4
                0x1000a1ac        0x7 CMakeFiles/FreeRTOS_Blink.dir/E_/Pi_Pico/pico-sdk/lib/tinyusb/src/portable/raspberrypi/rp2040/rp2040_usb.c.obj
 *fill*         0x1000a1b3        0x1 
 .rodata.__func__.0
                0x1000a1b4       0x12 CMakeFiles/FreeRTOS_Blink.dir/E_/Pi_Pico/pico-sdk/lib/tinyusb/src/portable/raspberrypi/rp2040/rp2040_usb.c.obj
 *fill*         0x1000a1c6        0x2 
 .rodata.__func__.1
                0x1000a1c8       0x17 CMakeFiles/FreeRTOS_Blink.dir/E_/Pi_Pico/pico-sdk/lib/tinyusb/src/portable/raspberrypi/rp2040/rp2040_usb.c.obj
 *fill*         0x1000a1df        0x1 
 .rodata.process_set_config.str1.4
                0x1000a1e0       0x17 CMakeFiles/FreeRTOS_Blink.dir/E_/Pi_Pico/pico-sdk/lib/tinyusb/src/device/usbd.c.obj
 *fill*         0x1000a1f7        0x1 
 .rodata.process_get_descriptor
                0x1000a1f8       0x40 CMakeFiles/FreeRTOS_Blink.dir/E_/Pi_Pico/pico-sdk/lib/tinyusb/src/device/usbd.c.obj
 .rodata.dcd_event_handler.str1.4
                0x1000a238       0x45 CMakeFiles/FreeRTOS_Blink.dir/E_/Pi_Pico/pico-sdk/lib/tinyusb/src/device/usbd.c.obj
 *fill*         0x1000a27d        0x3 
 .rodata.process_control_request
                0x1000a280       0x28 CMakeFiles/FreeRTOS_Blink.dir/E_/Pi_Pico/pico-sdk/lib/tinyusb/src/device/usbd.c.obj
 .rodata.tud_task
                0x1000a2a8       0x24 CMakeFiles/FreeRTOS_Blink.dir/E_/Pi_Pico/pico-sdk/lib/tinyusb/src/device/usbd.c.obj
 .rodata.__func__.1
                0x1000a2cc        0xf CMakeFiles/FreeRTOS_Blink.dir/E_/Pi_Pico/pico-sdk/lib/tinyusb/src/device/usbd.c.obj
 *fill*         0x1000a2db        0x1 
 .rodata.__func__.2
                0x1000a2dc       0x14 CMakeFiles/FreeRTOS_Blink.dir/E_/Pi_Pico/pico-sdk/lib/tinyusb/src/device/usbd.c.obj
 .rodata.__func__.3
                0x1000a2f0       0x10 CMakeFiles/FreeRTOS_Blink.dir/E_/Pi_Pico/pico-sdk/lib/tinyusb/src/device/usbd.c.obj
 .rodata.__func__.4
                0x1000a300       0x17 CMakeFiles/FreeRTOS_Blink.dir/E_/Pi_Pico/pico-sdk/lib/tinyusb/src/device/usbd.c.obj
 *fill*         0x1000a317        0x1 
 .rodata.__func__.5
                0x1000a318       0x13 CMakeFiles/FreeRTOS_Blink.dir/E_/Pi_Pico/pico-sdk/lib/tinyusb/src/device/usbd.c.obj
 *fill*         0x1000a32b        0x1 
 .rodata.__func__.6
                0x1000a32c       0x18 CMakeFiles/FreeRTOS_Blink.dir/E_/Pi_Pico/pico-sdk/lib/tinyusb/src/device/usbd.c.obj
 .rodata.__func__.7
                0x1000a344       0x13 CMakeFiles/FreeRTOS_Blink.dir/E_/Pi_Pico/pico-sdk/lib/tinyusb/src/device/usbd.c.obj
 *fill*         0x1000a357        0x1 
 .rodata.__func__.8
                0x1000a358        0x9 CMakeFiles/FreeRTOS_Blink.dir/E_/Pi_Pico/pico-sdk/lib/tinyusb/src/device/usbd.c.obj
 *fill*         0x1000a361        0x3 
 .rodata._usbd_driver
                0x1000a364       0x1c CMakeFiles/FreeRTOS_Blink.dir/E_/Pi_Pico/pico-sdk/lib/tinyusb/src/device/usbd.c.obj
 .rodata.tud_control_xfer.str1.4
                0x1000a380       0x17 CMakeFiles/FreeRTOS_Blink.dir/E_/Pi_Pico/pico-sdk/lib/tinyusb/src/device/usbd_control.c.obj
 .rodata.__func__.0
                0x1000a380       0x15 CMakeFiles/FreeRTOS_Blink.dir/E_/Pi_Pico/pico-sdk/lib/tinyusb/src/device/usbd_control.c.obj
 *fill*         0x1000a395        0x3 
 .rodata.__func__.1
                0x1000a398       0x11 CMakeFiles/FreeRTOS_Blink.dir/E_/Pi_Pico/pico-sdk/lib/tinyusb/src/device/usbd_control.c.obj
 .rodata.tud_cdc_n_write_flush.str1.4
                0x1000a3a9       0x17 CMakeFiles/FreeRTOS_Blink.dir/E_/Pi_Pico/pico-sdk/lib/tinyusb/src/class/cdc/cdc_device.c.obj
 *fill*         0x1000a3a9        0x3 
 .rodata.__func__.0
                0x1000a3ac        0xd CMakeFiles/FreeRTOS_Blink.dir/E_/Pi_Pico/pico-sdk/lib/tinyusb/src/class/cdc/cdc_device.c.obj
 *fill*         0x1000a3b9        0x3 
 .rodata.__func__.1
                0x1000a3bc        0xa CMakeFiles/FreeRTOS_Blink.dir/E_/Pi_Pico/pico-sdk/lib/tinyusb/src/class/cdc/cdc_device.c.obj
 *fill*         0x1000a3c6        0x2 
 .rodata.__func__.2
                0x1000a3c8       0x16 CMakeFiles/FreeRTOS_Blink.dir/E_/Pi_Pico/pico-sdk/lib/tinyusb/src/class/cdc/cdc_device.c.obj
 .rodata.tusb_init.str1.4
                0x1000a3de       0x17 CMakeFiles/FreeRTOS_Blink.dir/E_/Pi_Pico/pico-sdk/lib/tinyusb/src/tusb.c.obj
 *fill*         0x1000a3de        0x2 
 .rodata.__func__.0
                0x1000a3e0        0xa CMakeFiles/FreeRTOS_Blink.dir/E_/Pi_Pico/pico-sdk/lib/tinyusb/src/tusb.c.obj
 *fill*         0x1000a3ea        0x2 
 .rodata.str1.4
                0x1000a3ec        0x5 libFreeRTOS.a(tasks.c.obj)
 *fill*         0x1000a3f1        0x3 
 .rodata.str1.4
                0x1000a3f4       0x10 libFreeRTOS.a(timers.c.obj)
 .rodata        0x1000a404       0x28 libFreeRTOS.a(timers.c.obj)
                0x1000a42c                . = ALIGN (0x4)
 *(SORT_BY_ALIGNMENT(SORT_BY_NAME(.flashdata*)))
                0x1000a42c                . = ALIGN (0x4)

.rel.dyn        0x1000a42c        0x0
 .rel.iplt      0x1000a42c        0x0 c:/progra~2/gnuarm~1/102020~1/bin/../lib/gcc/arm-none-eabi/10.2.1/thumb/v6-m/nofp/crtbegin.o

.ARM.extab
 *(.ARM.extab* .gnu.linkonce.armextab.*)
                0x1000a42c                __exidx_start = .

.ARM.exidx
 *(.ARM.exidx* .gnu.linkonce.armexidx.*)
                0x1000a42c                __exidx_end = .
                0x1000a42c                . = ALIGN (0x4)
                0x1000a42c                __binary_info_start = .

.binary_info    0x1000a42c       0x1c
 *(.binary_info.keep.*)
 .binary_info.keep.__bi_ptr18
                0x1000a42c        0x4 CMakeFiles/FreeRTOS_Blink.dir/E_/Pi_Pico/pico-sdk/src/rp2_common/pico_standard_link/binary_info.c.obj
 .binary_info.keep.__bi_ptr26
                0x1000a430        0x4 CMakeFiles/FreeRTOS_Blink.dir/E_/Pi_Pico/pico-sdk/src/rp2_common/pico_standard_link/binary_info.c.obj
 .binary_info.keep.__bi_ptr34
                0x1000a434        0x4 CMakeFiles/FreeRTOS_Blink.dir/E_/Pi_Pico/pico-sdk/src/rp2_common/pico_standard_link/binary_info.c.obj
 .binary_info.keep.__bi_ptr40
                0x1000a438        0x4 CMakeFiles/FreeRTOS_Blink.dir/E_/Pi_Pico/pico-sdk/src/rp2_common/pico_standard_link/binary_info.c.obj
 .binary_info.keep.__bi_ptr46
                0x1000a43c        0x4 CMakeFiles/FreeRTOS_Blink.dir/E_/Pi_Pico/pico-sdk/src/rp2_common/pico_standard_link/binary_info.c.obj
 .binary_info.keep.__bi_ptr71
                0x1000a440        0x4 CMakeFiles/FreeRTOS_Blink.dir/E_/Pi_Pico/pico-sdk/src/rp2_common/pico_standard_link/binary_info.c.obj
 *(.binary_info.*)
 .binary_info.__bi_ptr93
                0x1000a444        0x4 CMakeFiles/FreeRTOS_Blink.dir/E_/Pi_Pico/pico-sdk/src/rp2_common/pico_stdio_usb/stdio_usb.c.obj
                0x1000a448                __binary_info_end = .
                0x1000a448                . = ALIGN (0x4)
                0x1000a448                __etext = .

.ram_vector_table
                0x20000000       0xc0
 *(.ram_vector_table)
 .ram_vector_table
                0x20000000       0xc0 CMakeFiles/FreeRTOS_Blink.dir/E_/Pi_Pico/pico-sdk/src/rp2_common/pico_runtime/runtime.c.obj
                0x20000000                ram_vector_table

.data           0x200000c0      0xb0c load address 0x1000a448
                0x200000c0                __data_start__ = .
 *(vtable)
 *(.time_critical*)
 .time_critical.mutex_enter_blocking
                0x200000c0       0x64 CMakeFiles/FreeRTOS_Blink.dir/E_/Pi_Pico/pico-sdk/src/common/pico_sync/mutex.c.obj
                0x200000c0                mutex_enter_blocking
 .time_critical.mutex_try_enter
                0x20000124       0x44 CMakeFiles/FreeRTOS_Blink.dir/E_/Pi_Pico/pico-sdk/src/common/pico_sync/mutex.c.obj
                0x20000124                mutex_try_enter
 .time_critical.mutex_enter_block_until
                0x20000168       0x78 CMakeFiles/FreeRTOS_Blink.dir/E_/Pi_Pico/pico-sdk/src/common/pico_sync/mutex.c.obj
                0x20000168                mutex_enter_block_until
 .time_critical.mutex_enter_timeout_ms
                0x200001e0       0x4a CMakeFiles/FreeRTOS_Blink.dir/E_/Pi_Pico/pico-sdk/src/common/pico_sync/mutex.c.obj
                0x200001e0                mutex_enter_timeout_ms
 *fill*         0x2000022a        0x2 
 .time_critical.mutex_exit
                0x2000022c       0x4c CMakeFiles/FreeRTOS_Blink.dir/E_/Pi_Pico/pico-sdk/src/common/pico_sync/mutex.c.obj
                0x2000022c                mutex_exit
 *(.text*)
 .text          0x20000278        0x4 c:/progra~2/gnuarm~1/102020~1/bin/../lib/gcc/arm-none-eabi/10.2.1/thumb/v6-m/nofp\libgcc.a(_dvmd_tls.o)
                0x20000278                __aeabi_idiv0
                0x20000278                __aeabi_ldiv0
 *fill*         0x2000027c        0x4 
 .text.__stub   0x20000280       0x40 linker stubs
                0x200002c0                . = ALIGN (0x4)
 *(.rodata*)
                0x200002c0                . = ALIGN (0x4)
 *(.data*)
 .data.striped_spin_lock_num
                0x200002c0        0x1 CMakeFiles/FreeRTOS_Blink.dir/E_/Pi_Pico/pico-sdk/src/rp2_common/hardware_sync/sync.c.obj
 *fill*         0x200002c1        0x3 
 .data          0x200002c4       0x48 CMakeFiles/FreeRTOS_Blink.dir/E_/Pi_Pico/pico-sdk/src/rp2_common/hardware_irq/irq_handler_chain.S.obj
                0x200002c4                irq_handler_chain_slots
                0x200002f4                irq_handler_chain_first_slot
                0x200002fe                irq_handler_chain_remove_tail
 *fill*         0x2000030c        0x4 
 .data.aeabi_bits_funcs
                0x20000310       0x10 CMakeFiles/FreeRTOS_Blink.dir/E_/Pi_Pico/pico-sdk/src/rp2_common/pico_bit_ops/bit_ops_aeabi.S.obj
                0x20000310                aeabi_bits_funcs
                0x20000320                aeabi_bits_funcs_end
 .data.aeabi_mem_funcs
                0x20000320       0x10 CMakeFiles/FreeRTOS_Blink.dir/E_/Pi_Pico/pico-sdk/src/rp2_common/pico_mem_ops/mem_ops_aeabi.S.obj
                0x20000320                aeabi_mem_funcs
                0x20000330                aeabi_mem_funcs_end
 .data.stdio_usb
                0x20000330       0x14 CMakeFiles/FreeRTOS_Blink.dir/E_/Pi_Pico/pico-sdk/src/rp2_common/pico_stdio_usb/stdio_usb.c.obj
                0x20000330                stdio_usb
 .data.ep_dir_string
                0x20000344        0x8 CMakeFiles/FreeRTOS_Blink.dir/E_/Pi_Pico/pico-sdk/lib/tinyusb/src/portable/raspberrypi/rp2040/rp2040_usb.c.obj
                0x20000344                ep_dir_string
 .data._usbd_qdef
                0x2000034c       0x20 CMakeFiles/FreeRTOS_Blink.dir/E_/Pi_Pico/pico-sdk/lib/tinyusb/src/device/usbd.c.obj
                0x2000034c                _usbd_qdef
 .data          0x2000036c        0x4 libFreeRTOS.a(tasks.c.obj)
                0x2000036c                uxTopUsedPriority
 .data          0x20000370        0x4 libFreeRTOS.a(port.c.obj)
 .data._impure_ptr
                0x20000374        0x4 c:/progra~2/gnuarm~1/102020~1/bin/../lib/gcc/arm-none-eabi/10.2.1/../../../../arm-none-eabi/lib/thumb/v6-m/nofp\libg.a(lib_a-impure.o)
                0x20000374                _impure_ptr
 .data.impure_data
                0x20000378      0x428 c:/progra~2/gnuarm~1/102020~1/bin/../lib/gcc/arm-none-eabi/10.2.1/../../../../arm-none-eabi/lib/thumb/v6-m/nofp\libg.a(lib_a-impure.o)
 .data.__malloc_av_
                0x200007a0      0x408 c:/progra~2/gnuarm~1/102020~1/bin/../lib/gcc/arm-none-eabi/10.2.1/../../../../arm-none-eabi/lib/thumb/v6-m/nofp\libg.a(lib_a-mallocr.o)
                0x200007a0                __malloc_av_
 .data.__malloc_sbrk_base
                0x20000ba8        0x4 c:/progra~2/gnuarm~1/102020~1/bin/../lib/gcc/arm-none-eabi/10.2.1/../../../../arm-none-eabi/lib/thumb/v6-m/nofp\libg.a(lib_a-mallocr.o)
                0x20000ba8                __malloc_sbrk_base
 .data.__malloc_trim_threshold
                0x20000bac        0x4 c:/progra~2/gnuarm~1/102020~1/bin/../lib/gcc/arm-none-eabi/10.2.1/../../../../arm-none-eabi/lib/thumb/v6-m/nofp\libg.a(lib_a-mallocr.o)
                0x20000bac                __malloc_trim_threshold
                0x20000bb0                . = ALIGN (0x4)
 *(.after_data.*)
                0x20000bb0                . = ALIGN (0x4)
                0x20000bb0                PROVIDE (__mutex_array_start = .)
 *(SORT_BY_NAME(.mutex_array.*))
 *(.mutex_array)
 .mutex_array   0x20000bb0        0x8 CMakeFiles/FreeRTOS_Blink.dir/E_/Pi_Pico/pico-sdk/src/rp2_common/pico_stdio/stdio.c.obj
                0x20000bb8                PROVIDE (__mutex_array_end = .)
                0x20000bb8                . = ALIGN (0x4)
                0x20000bb8                PROVIDE (__preinit_array_start = .)
 *(SORT_BY_NAME(.preinit_array.*))
 .preinit_array.00001
                0x20000bb8        0x4 CMakeFiles/FreeRTOS_Blink.dir/E_/Pi_Pico/pico-sdk/src/rp2_common/pico_mem_ops/mem_ops_aeabi.S.obj
 .preinit_array.00010
                0x20000bbc        0x4 CMakeFiles/FreeRTOS_Blink.dir/E_/Pi_Pico/pico-sdk/src/rp2_common/pico_bit_ops/bit_ops_aeabi.S.obj
 .preinit_array.00020
                0x20000bc0        0x4 CMakeFiles/FreeRTOS_Blink.dir/E_/Pi_Pico/pico-sdk/src/rp2_common/pico_double/double_aeabi.S.obj
 .preinit_array.00020
                0x20000bc4        0x4 CMakeFiles/FreeRTOS_Blink.dir/E_/Pi_Pico/pico-sdk/src/rp2_common/pico_float/float_aeabi.S.obj
 *(.preinit_array)
                0x20000bc8                PROVIDE (__preinit_array_end = .)
                0x20000bc8                . = ALIGN (0x4)
                0x20000bc8                PROVIDE (__init_array_start = .)
 *(SORT_BY_NAME(.init_array.*))
 *(.init_array)
 .init_array    0x20000bc8        0x4 c:/progra~2/gnuarm~1/102020~1/bin/../lib/gcc/arm-none-eabi/10.2.1/thumb/v6-m/nofp/crtbegin.o
                0x20000bcc                PROVIDE (__init_array_end = .)
                0x20000bcc                . = ALIGN (0x4)
                [!provide]                PROVIDE (__fini_array_start = .)
 *(SORT_BY_NAME(.fini_array.*))
 *(.fini_array)
                [!provide]                PROVIDE (__fini_array_end = .)
 *(.jcr)
                0x20000bcc                . = ALIGN (0x4)
                0x20000bcc                __data_end__ = .

.igot.plt       0x20000bcc        0x0 load address 0x1000af54
 .igot.plt      0x20000bcc        0x0 c:/progra~2/gnuarm~1/102020~1/bin/../lib/gcc/arm-none-eabi/10.2.1/thumb/v6-m/nofp/crtbegin.o

.uninitialized_data
                0x20000bcc        0x0 load address 0x1000af54
                0x20000bcc                . = ALIGN (0x4)