Archive member included to satisfy reference by file (symbol)

libFreeRTOS.a(tasks.c.obj)    CMakeFiles/FreeRTOS_Blink.dir/src/main.c.obj (xTaskCreate)
libFreeRTOS.a(timers.c.obj)   libFreeRTOS.a(tasks.c.obj) (xTimerCreateTimerTask)
libFreeRTOS.a(port.c.obj)     libFreeRTOS.a(tasks.c.obj) (pxPortInitialiseStack)
libFreeRTOS.a(heap_4.c.obj)   libFreeRTOS.a(tasks.c.obj) (pvPortMalloc)
libFreeRTOS.a(list.c.obj)     libFreeRTOS.a(tasks.c.obj) (vListInitialise)
libFreeRTOS.a(queue.c.obj)    libFreeRTOS.a(timers.c.obj) (xQueueGenericCreate)
c:/progra~2/gnuarm~1/102020~1/bin/../lib/gcc/arm-none-eabi/10.2.1/thumb/v6-m/nofp\libgcc.a(_dvmd_tls.o)
                              CMakeFiles/FreeRTOS_Blink.dir/E_/Pi_Pico/pico-sdk/src/rp2_common/pico_divider/divider.S.obj (__aeabi_idiv0)
c:/progra~2/gnuarm~1/102020~1/bin/../lib/gcc/arm-none-eabi/10.2.1/../../../../arm-none-eabi/lib/thumb/v6-m/nofp\libg.a(lib_a-calloc.o)
                              CMakeFiles/FreeRTOS_Blink.dir/E_/Pi_Pico/pico-sdk/src/rp2_common/pico_malloc/pico_malloc.c.obj (calloc)
c:/progra~2/gnuarm~1/102020~1/bin/../lib/gcc/arm-none-eabi/10.2.1/../../../../arm-none-eabi/lib/thumb/v6-m/nofp\libg.a(lib_a-callocr.o)
                              c:/progra~2/gnuarm~1/102020~1/bin/../lib/gcc/arm-none-eabi/10.2.1/../../../../arm-none-eabi/lib/thumb/v6-m/nofp\libg.a(lib_a-calloc.o) (_calloc_r)
c:/progra~2/gnuarm~1/102020~1/bin/../lib/gcc/arm-none-eabi/10.2.1/../../../../arm-none-eabi/lib/thumb/v6-m/nofp\libg.a(lib_a-ctype_.o)
                              CMakeFiles/FreeRTOS_Blink.dir/E_/Pi_Pico/pico-sdk/lib/tinyusb/src/tusb.c.obj (_ctype_)
c:/progra~2/gnuarm~1/102020~1/bin/../lib/gcc/arm-none-eabi/10.2.1/../../../../arm-none-eabi/lib/thumb/v6-m/nofp\libg.a(lib_a-impure.o)
                              c:/progra~2/gnuarm~1/102020~1/bin/../lib/gcc/arm-none-eabi/10.2.1/../../../../arm-none-eabi/lib/thumb/v6-m/nofp\libg.a(lib_a-calloc.o) (_impure_ptr)
c:/progra~2/gnuarm~1/102020~1/bin/../lib/gcc/arm-none-eabi/10.2.1/../../../../arm-none-eabi/lib/thumb/v6-m/nofp\libg.a(lib_a-init.o)
                              c:/progra~2/gnuarm~1/102020~1/bin/../lib/gcc/arm-none-eabi/10.2.1/../../../../arm-none-eabi/lib/thumb/v6-m/nofp/crt0.o (__libc_init_array)
c:/progra~2/gnuarm~1/102020~1/bin/../lib/gcc/arm-none-eabi/10.2.1/../../../../arm-none-eabi/lib/thumb/v6-m/nofp\libg.a(lib_a-malloc.o)
                              CMakeFiles/FreeRTOS_Blink.dir/E_/Pi_Pico/pico-sdk/src/rp2_common/pico_malloc/pico_malloc.c.obj (malloc)
c:/progra~2/gnuarm~1/102020~1/bin/../lib/gcc/arm-none-eabi/10.2.1/../../../../arm-none-eabi/lib/thumb/v6-m/nofp\libg.a(lib_a-mallocr.o)
                              c:/progra~2/gnuarm~1/102020~1/bin/../lib/gcc/arm-none-eabi/10.2.1/../../../../arm-none-eabi/lib/thumb/v6-m/nofp\libg.a(lib_a-callocr.o) (_malloc_r)
c:/progra~2/gnuarm~1/102020~1/bin/../lib/gcc/arm-none-eabi/10.2.1/../../../../arm-none-eabi/lib/thumb/v6-m/nofp\libg.a(lib_a-mlock.o)
                              c:/progra~2/gnuarm~1/102020~1/bin/../lib/gcc/arm-none-eabi/10.2.1/../../../../arm-none-eabi/lib/thumb/v6-m/nofp\libg.a(lib_a-mallocr.o) (__malloc_lock)
c:/progra~2/gnuarm~1/102020~1/bin/../lib/gcc/arm-none-eabi/10.2.1/../../../../arm-none-eabi/lib/thumb/v6-m/nofp\libg.a(lib_a-sbrkr.o)
                              c:/progra~2/gnuarm~1/102020~1/bin/../lib/gcc/arm-none-eabi/10.2.1/../../../../arm-none-eabi/lib/thumb/v6-m/nofp\libg.a(lib_a-mallocr.o) (_sbrk_r)
c:/progra~2/gnuarm~1/102020~1/bin/../lib/gcc/arm-none-eabi/10.2.1/../../../../arm-none-eabi/lib/thumb/v6-m/nofp\libg.a(lib_a-strlen-stub.o)
                              CMakeFiles/FreeRTOS_Blink.dir/E_/Pi_Pico/pico-sdk/src/rp2_common/pico_stdio/stdio.c.obj (strlen)
c:/progra~2/gnuarm~1/102020~1/bin/../lib/gcc/arm-none-eabi/10.2.1/../../../../arm-none-eabi/lib/thumb/v6-m/nofp\libg.a(lib_a-freer.o)
                              c:/progra~2/gnuarm~1/102020~1/bin/../lib/gcc/arm-none-eabi/10.2.1/../../../../arm-none-eabi/lib/thumb/v6-m/nofp\libg.a(lib_a-malloc.o) (_free_r)
c:/progra~2/gnuarm~1/102020~1/bin/../lib/gcc/arm-none-eabi/10.2.1/../../../../arm-none-eabi/lib/thumb/v6-m/nofp\libg.a(lib_a-lock.o)
                              c:/progra~2/gnuarm~1/102020~1/bin/../lib/gcc/arm-none-eabi/10.2.1/../../../../arm-none-eabi/lib/thumb/v6-m/nofp\libg.a(lib_a-mlock.o) (__retarget_lock_acquire_recursive)
c:/progra~2/gnuarm~1/102020~1/bin/../lib/gcc/arm-none-eabi/10.2.1/../../../../arm-none-eabi/lib/thumb/v6-m/nofp\libg.a(lib_a-reent.o)
                              c:/progra~2/gnuarm~1/102020~1/bin/../lib/gcc/arm-none-eabi/10.2.1/../../../../arm-none-eabi/lib/thumb/v6-m/nofp\libg.a(lib_a-sbrkr.o) (errno)

Discarded input sections

 .text          0x00000000        0x0 c:/progra~2/gnuarm~1/102020~1/bin/../lib/gcc/arm-none-eabi/10.2.1/thumb/v6-m/nofp/crti.o
 .data          0x00000000        0x0 c:/progra~2/gnuarm~1/102020~1/bin/../lib/gcc/arm-none-eabi/10.2.1/thumb/v6-m/nofp/crti.o
[...]
Memory Configuration

Name             Origin             Length             Attributes
FLASH            0x10000000         0x00200000         xr
RAM              0x20000000         0x00040000         xrw
SCRATCH_X        0x20040000         0x00001000         xrw
SCRATCH_Y        0x20041000         0x00001000         xrw
*default*        0x00000000         0xffffffff

Linker script and memory map

LOAD c:/progra~2/gnuarm~1/102020~1/bin/../lib/gcc/arm-none-eabi/10.2.1/thumb/v6-m/nofp/crti.o
LOAD c:/progra~2/gnuarm~1/102020~1/bin/../lib/gcc/arm-none-eabi/10.2.1/thumb/v6-m/nofp/crtbegin.o
LOAD c:/progra~2/gnuarm~1/102020~1/bin/../lib/gcc/arm-none-eabi/10.2.1/../../../../arm-none-eabi/lib/thumb/v6-m/nofp/crt0.o

.flash_begin    0x10000000        0x0
                0x10000000                __flash_binary_start = .

.boot2          0x10000000      0x100
                0x10000000                __boot2_start__ = .
 *(.boot2)
 .boot2         0x10000000      0x100 C:\Users\Venki\AppData\Local\Temp\ccmvFWll.o
                0x10000100                __boot2_end__ = .
                0x00000001                ASSERT (((__boot2_end__ - __boot2_start__) == 0x100), ERROR: Pico second stage bootloader must be 256 bytes in size)

.text           0x10000100     0x9030
                0x10000100                __logical_binary_start = .
 *(.vectors)
 .vectors       0x10000100       0xd4 CMakeFiles/FreeRTOS_Blink.dir/E_/Pi_Pico/pico-sdk/src/rp2_common/pico_standard_link/crt0.S.obj
                0x10000100                __vectors
                0x100001c0                isr_invalid
                0x100001c2                isr_nmi
                0x100001c4                isr_hardfault
                0x100001cc                isr_irq5
                0x100001cc                isr_irq11
                0x100001cc                isr_irq31
                0x100001cc                isr_irq27
                0x100001cc                __unhandled_user_irq
                0x100001cc                isr_irq18
                0x100001cc                isr_irq13
                0x100001cc                isr_irq28
                0x100001cc                isr_irq19
                0x100001cc                isr_irq0
                0x100001cc                isr_irq6
                0x100001cc                isr_irq23
                0x100001cc                isr_irq12
                0x100001cc                isr_irq22
                0x100001cc                isr_irq30
                0x100001cc                isr_irq17
                0x100001cc                isr_irq14
                0x100001cc                isr_irq2
                0x100001cc                isr_irq10
                0x100001cc                isr_irq8
                0x100001cc                isr_irq24
                0x100001cc                isr_irq1
                0x100001cc                isr_irq7
                0x100001cc                isr_irq21
                0x100001cc                isr_irq20
                0x100001cc                isr_irq15
                0x100001cc                isr_irq25
                0x100001cc                isr_irq4
                0x100001cc                isr_irq16
                0x100001cc                isr_irq29
                0x100001cc                isr_irq26
                0x100001cc                isr_irq3
                0x100001cc                isr_irq9
                0x100001d2                unhandled_user_irq_num_in_r0
 *(.binary_info_header)
 .binary_info_header
                0x100001d4       0x14 CMakeFiles/FreeRTOS_Blink.dir/E_/Pi_Pico/pico-sdk/src/rp2_common/pico_standard_link/crt0.S.obj
                0x100001e8                __binary_info_header_end = .
 *(.reset)
 .reset         0x100001e8       0xa8 CMakeFiles/FreeRTOS_Blink.dir/E_/Pi_Pico/pico-sdk/src/rp2_common/pico_standard_link/crt0.S.obj
                0x100001e8                _entry_point
                0x10000266                __get_current_exception
 .reset         0x10000290       0x30 CMakeFiles/FreeRTOS_Blink.dir/E_/Pi_Pico/pico-sdk/src/rp2_common/pico_standard_link/binary_info.c.obj
 *(.init)
 .init          0x100002c0        0x4 c:/progra~2/gnuarm~1/102020~1/bin/../lib/gcc/arm-none-eabi/10.2.1/thumb/v6-m/nofp/crti.o
                0x100002c0                _init
 *(EXCLUDE_FILE(*libm.a: *libc.a:*lib_a-mem*.o *libgcc.a:) .text*)
 .text          0x100002c4       0x48 c:/progra~2/gnuarm~1/102020~1/bin/../lib/gcc/arm-none-eabi/10.2.1/thumb/v6-m/nofp/crtbegin.o
 .text.vRedLEDTask
                0x1000030c       0x20 CMakeFiles/FreeRTOS_Blink.dir/src/main.c.obj
                0x1000030c                vRedLEDTask
 .text.vYellowLEDTask
                0x1000032c       0x20 CMakeFiles/FreeRTOS_Blink.dir/src/main.c.obj
                0x1000032c                vYellowLEDTask
 .text.main     0x1000034c       0x6c CMakeFiles/FreeRTOS_Blink.dir/src/main.c.obj
                0x1000034c                main
 .text.gpio_set_function
                0x100003b8       0x30 CMakeFiles/FreeRTOS_Blink.dir/E_/Pi_Pico/pico-sdk/src/rp2_common/hardware_gpio/gpio.c.obj
                0x100003b8                gpio_set_function
 .text.gpio_init
                0x100003e8       0x16 CMakeFiles/FreeRTOS_Blink.dir/E_/Pi_Pico/pico-sdk/src/rp2_common/hardware_gpio/gpio.c.obj
                0x100003e8                gpio_init
 *fill*         0x100003fe        0x2 
 .text.hw_claim_lock
                0x10000400       0x18 CMakeFiles/FreeRTOS_Blink.dir/E_/Pi_Pico/pico-sdk/src/rp2_common/hardware_claim/claim.c.obj
                0x10000400                hw_claim_lock
 .text.hw_claim_unlock
                0x10000418       0x14 CMakeFiles/FreeRTOS_Blink.dir/E_/Pi_Pico/pico-sdk/src/rp2_common/hardware_claim/claim.c.obj
                0x10000418                hw_claim_unlock
 .text.hw_claim_or_assert
                0x1000042c       0x34 CMakeFiles/FreeRTOS_Blink.dir/E_/Pi_Pico/pico-sdk/src/rp2_common/hardware_claim/claim.c.obj
                0x1000042c                hw_claim_or_assert
 .text.hw_claim_unused_from_range
                0x10000460       0x56 CMakeFiles/FreeRTOS_Blink.dir/E_/Pi_Pico/pico-sdk/src/rp2_common/hardware_claim/claim.c.obj
                0x10000460                hw_claim_unused_from_range
 *fill*         0x100004b6        0x2 
 .text.spin_locks_reset
                0x100004b8       0x20 CMakeFiles/FreeRTOS_Blink.dir/E_/Pi_Pico/pico-sdk/src/rp2_common/hardware_sync/sync.c.obj
                0x100004b8                spin_locks_reset
 .text.next_striped_spin_lock_num
                0x100004d8       0x1c CMakeFiles/FreeRTOS_Blink.dir/E_/Pi_Pico/pico-sdk/src/rp2_common/hardware_sync/sync.c.obj
                0x100004d8                next_striped_spin_lock_num
 .text.spin_lock_claim_unused
                0x100004f4       0x20 CMakeFiles/FreeRTOS_Blink.dir/E_/Pi_Pico/pico-sdk/src/rp2_common/hardware_sync/sync.c.obj
                0x100004f4                spin_lock_claim_unused
 .text.running_on_fpga
                0x10000514       0x14 CMakeFiles/FreeRTOS_Blink.dir/E_/Pi_Pico/pico-sdk/src/rp2_common/pico_platform/platform.c.obj
                0x10000514                running_on_fpga
 .text.sev_callback
                0x10000528        0x8 CMakeFiles/FreeRTOS_Blink.dir/E_/Pi_Pico/pico-sdk/src/common/pico_time/time.c.obj
 .text.timer_pool_entry_comparator
                0x10000530       0x7c CMakeFiles/FreeRTOS_Blink.dir/E_/Pi_Pico/pico-sdk/src/common/pico_time/time.c.obj
                0x10000530                timer_pool_entry_comparator
 .text.ph_add_child_node
                0x100005ac       0xa4 CMakeFiles/FreeRTOS_Blink.dir/E_/Pi_Pico/pico-sdk/src/common/pico_time/time.c.obj
 .text.ph_merge_nodes
                0x10000650       0x3e CMakeFiles/FreeRTOS_Blink.dir/E_/Pi_Pico/pico-sdk/src/common/pico_time/time.c.obj
 *fill*         0x1000068e        0x2 
 .text.add_alarm_under_lock
                0x10000690      0x178 CMakeFiles/FreeRTOS_Blink.dir/E_/Pi_Pico/pico-sdk/src/common/pico_time/time.c.obj
 .text.alarm_pool_alarm_callback
                0x10000808      0x2e4 CMakeFiles/FreeRTOS_Blink.dir/E_/Pi_Pico/pico-sdk/src/common/pico_time/time.c.obj
 .text.alarm_pool_get_default
                0x10000aec       0x28 CMakeFiles/FreeRTOS_Blink.dir/E_/Pi_Pico/pico-sdk/src/common/pico_time/time.c.obj
                0x10000aec                alarm_pool_get_default
 .text.alarm_pool_create
                0x10000b14       0x6c CMakeFiles/FreeRTOS_Blink.dir/E_/Pi_Pico/pico-sdk/src/common/pico_time/time.c.obj
                0x10000b14                alarm_pool_create
 .text.alarm_pool_init_default
                0x10000b80       0x20 CMakeFiles/FreeRTOS_Blink.dir/E_/Pi_Pico/pico-sdk/src/common/pico_time/time.c.obj
                0x10000b80                alarm_pool_init_default
 .text.alarm_pool_add_alarm_at
                0x10000ba0      0x128 CMakeFiles/FreeRTOS_Blink.dir/E_/Pi_Pico/pico-sdk/src/common/pico_time/time.c.obj
                0x10000ba0                alarm_pool_add_alarm_at
 .text.alarm_pool_cancel_alarm
                0x10000cc8       0xec CMakeFiles/FreeRTOS_Blink.dir/E_/Pi_Pico/pico-sdk/src/common/pico_time/time.c.obj
                0x10000cc8                alarm_pool_cancel_alarm
 .text.best_effort_wfe_or_timeout
                0x10000db4       0x80 CMakeFiles/FreeRTOS_Blink.dir/E_/Pi_Pico/pico-sdk/src/common/pico_time/time.c.obj
                0x10000db4                best_effort_wfe_or_timeout
 .text.hardware_alarm_irq_handler
                0x10000e34       0x8c CMakeFiles/FreeRTOS_Blink.dir/E_/Pi_Pico/pico-sdk/src/rp2_common/hardware_timer/timer.c.obj
 .text.hardware_alarm_claim
                0x10000ec0       0x18 CMakeFiles/FreeRTOS_Blink.dir/E_/Pi_Pico/pico-sdk/src/rp2_common/hardware_timer/timer.c.obj
                0x10000ec0                hardware_alarm_claim
 .text.time_us_64
                0x10000ed8       0x18 CMakeFiles/FreeRTOS_Blink.dir/E_/Pi_Pico/pico-sdk/src/rp2_common/hardware_timer/timer.c.obj
                0x10000ed8                time_us_64
 .text.hardware_alarm_set_callback
                0x10000ef0       0x90 CMakeFiles/FreeRTOS_Blink.dir/E_/Pi_Pico/pico-sdk/src/rp2_common/hardware_timer/timer.c.obj
                0x10000ef0                hardware_alarm_set_callback
 .text.hardware_alarm_set_target
                0x10000f80       0xd0 CMakeFiles/FreeRTOS_Blink.dir/E_/Pi_Pico/pico-sdk/src/rp2_common/hardware_timer/timer.c.obj
                0x10000f80                hardware_alarm_set_target
 .text.hardware_alarm_cancel
                0x10001050       0x40 CMakeFiles/FreeRTOS_Blink.dir/E_/Pi_Pico/pico-sdk/src/rp2_common/hardware_timer/timer.c.obj
                0x10001050                hardware_alarm_cancel
 .text.lock_init
                0x10001090       0x30 CMakeFiles/FreeRTOS_Blink.dir/E_/Pi_Pico/pico-sdk/src/common/pico_sync/lock_core.c.obj
                0x10001090                lock_init
 .text.mutex_init
                0x100010c0       0x1a CMakeFiles/FreeRTOS_Blink.dir/E_/Pi_Pico/pico-sdk/src/common/pico_sync/mutex.c.obj
                0x100010c0                mutex_init
 .text.critical_section_init_with_lock_num
                0x100010da        0xc CMakeFiles/FreeRTOS_Blink.dir/E_/Pi_Pico/pico-sdk/src/common/pico_sync/critical_section.c.obj
                0x100010da                critical_section_init_with_lock_num
 .text.critical_section_init
                0x100010e6       0x14 CMakeFiles/FreeRTOS_Blink.dir/E_/Pi_Pico/pico-sdk/src/common/pico_sync/critical_section.c.obj
                0x100010e6                critical_section_init
 *fill*         0x100010fa        0x2 
 .text.ph_add_child_node
                0x100010fc       0xa4 CMakeFiles/FreeRTOS_Blink.dir/E_/Pi_Pico/pico-sdk/src/common/pico_util/pheap.c.obj
 .text.ph_merge_nodes
                0x100011a0       0x3e CMakeFiles/FreeRTOS_Blink.dir/E_/Pi_Pico/pico-sdk/src/common/pico_util/pheap.c.obj
 *fill*         0x100011de        0x2 
 .text.ph_clear
                0x100011e0       0x74 CMakeFiles/FreeRTOS_Blink.dir/E_/Pi_Pico/pico-sdk/src/common/pico_util/pheap.c.obj
                0x100011e0                ph_clear
 .text.ph_create
                0x10001254       0x2c CMakeFiles/FreeRTOS_Blink.dir/E_/Pi_Pico/pico-sdk/src/common/pico_util/pheap.c.obj
                0x10001254                ph_create
 .text.ph_merge_two_pass
                0x10001280       0xa8 CMakeFiles/FreeRTOS_Blink.dir/E_/Pi_Pico/pico-sdk/src/common/pico_util/pheap.c.obj
                0x10001280                ph_merge_two_pass
 .text.ph_remove_any_head
                0x10001328      0x108 CMakeFiles/FreeRTOS_Blink.dir/E_/Pi_Pico/pico-sdk/src/common/pico_util/pheap.c.obj
 .text.ph_remove_head_reserve
                0x10001430       0x14 CMakeFiles/FreeRTOS_Blink.dir/E_/Pi_Pico/pico-sdk/src/common/pico_util/pheap.c.obj
                0x10001430                ph_remove_head_reserve
 .text.ph_delete
                0x10001444       0xf8 CMakeFiles/FreeRTOS_Blink.dir/E_/Pi_Pico/pico-sdk/src/common/pico_util/pheap.c.obj
                0x10001444                ph_delete
 .text.runtime_init
                0x1000153c       0xcc CMakeFiles/FreeRTOS_Blink.dir/E_/Pi_Pico/pico-sdk/src/rp2_common/pico_runtime/runtime.c.obj
                0x1000153c                runtime_init
 .text._exit    0x10001608        0x4 CMakeFiles/FreeRTOS_Blink.dir/E_/Pi_Pico/pico-sdk/src/rp2_common/pico_runtime/runtime.c.obj
                0x10001608                _exit
 .text._sbrk    0x1000160c       0x38 CMakeFiles/FreeRTOS_Blink.dir/E_/Pi_Pico/pico-sdk/src/rp2_common/pico_runtime/runtime.c.obj
                0x1000160c                _sbrk
 .text.exit     0x10001644        0x6 CMakeFiles/FreeRTOS_Blink.dir/E_/Pi_Pico/pico-sdk/src/rp2_common/pico_runtime/runtime.c.obj
                0x10001644                exit
 *fill*         0x1000164a        0x2 
 .text.__assert_func
                0x1000164c       0x3c CMakeFiles/FreeRTOS_Blink.dir/E_/Pi_Pico/pico-sdk/src/rp2_common/pico_runtime/runtime.c.obj
                0x1000164c                __assert_func
 .text.panic    0x10001688       0x30 CMakeFiles/FreeRTOS_Blink.dir/E_/Pi_Pico/pico-sdk/src/rp2_common/pico_runtime/runtime.c.obj
                0x10001688                panic
 .text.clock_configure
                0x100016b8       0xe8 CMakeFiles/FreeRTOS_Blink.dir/E_/Pi_Pico/pico-sdk/src/rp2_common/hardware_clocks/clocks.c.obj
                0x100016b8                clock_configure
 .text.clocks_init
                0x100017a0      0x124 CMakeFiles/FreeRTOS_Blink.dir/E_/Pi_Pico/pico-sdk/src/rp2_common/hardware_clocks/clocks.c.obj
                0x100017a0                clocks_init
 .text.watchdog_start_tick
                0x100018c4       0x10 CMakeFiles/FreeRTOS_Blink.dir/E_/Pi_Pico/pico-sdk/src/rp2_common/hardware_watchdog/watchdog.c.obj
                0x100018c4                watchdog_start_tick
 .text.xosc_init
                0x100018d4       0x28 CMakeFiles/FreeRTOS_Blink.dir/E_/Pi_Pico/pico-sdk/src/rp2_common/hardware_xosc/xosc.c.obj
                0x100018d4                xosc_init
 .text.pll_init
                0x100018fc       0xd4 CMakeFiles/FreeRTOS_Blink.dir/E_/Pi_Pico/pico-sdk/src/rp2_common/hardware_pll/pll.c.obj
                0x100018fc                pll_init
 .text.set_raw_irq_handler_and_unlock
                0x100019d0       0x28 CMakeFiles/FreeRTOS_Blink.dir/E_/Pi_Pico/pico-sdk/src/rp2_common/hardware_irq/irq.c.obj
 .text.make_branch
                0x100019f8       0x34 CMakeFiles/FreeRTOS_Blink.dir/E_/Pi_Pico/pico-sdk/src/rp2_common/hardware_irq/irq.c.obj
 .text.insert_branch_and_link
                0x10001a2c       0x40 CMakeFiles/FreeRTOS_Blink.dir/E_/Pi_Pico/pico-sdk/src/rp2_common/hardware_irq/irq.c.obj
 .text.irq_is_enabled
                0x10001a6c       0x18 CMakeFiles/FreeRTOS_Blink.dir/E_/Pi_Pico/pico-sdk/src/rp2_common/hardware_irq/irq.c.obj
                0x10001a6c                irq_is_enabled
 .text.irq_set_mask_enabled
                0x10001a84       0x20 CMakeFiles/FreeRTOS_Blink.dir/E_/Pi_Pico/pico-sdk/src/rp2_common/hardware_irq/irq.c.obj
                0x10001a84                irq_set_mask_enabled
 .text.irq_set_enabled
                0x10001aa4        0xe CMakeFiles/FreeRTOS_Blink.dir/E_/Pi_Pico/pico-sdk/src/rp2_common/hardware_irq/irq.c.obj
                0x10001aa4                irq_set_enabled
 *fill*         0x10001ab2        0x2 
 .text.irq_set_pending
                0x10001ab4       0x10 CMakeFiles/FreeRTOS_Blink.dir/E_/Pi_Pico/pico-sdk/src/rp2_common/hardware_irq/irq.c.obj
                0x10001ab4                irq_set_pending
 .text.irq_get_vtable_handler
                0x10001ac4       0x10 CMakeFiles/FreeRTOS_Blink.dir/E_/Pi_Pico/pico-sdk/src/rp2_common/hardware_irq/irq.c.obj
                0x10001ac4                irq_get_vtable_handler
 .text.irq_set_exclusive_handler
                0x10001ad4       0x54 CMakeFiles/FreeRTOS_Blink.dir/E_/Pi_Pico/pico-sdk/src/rp2_common/hardware_irq/irq.c.obj
                0x10001ad4                irq_set_exclusive_handler
 .text.irq_remove_handler
                0x10001b28      0x1b4 CMakeFiles/FreeRTOS_Blink.dir/E_/Pi_Pico/pico-sdk/src/rp2_common/hardware_irq/irq.c.obj
                0x10001b28                irq_remove_handler
 .text.irq_set_priority
                0x10001cdc       0x28 CMakeFiles/FreeRTOS_Blink.dir/E_/Pi_Pico/pico-sdk/src/rp2_common/hardware_irq/irq.c.obj
                0x10001cdc                irq_set_priority
 .text.irq_add_tail_to_free_list
                0x10001d04       0xf8 CMakeFiles/FreeRTOS_Blink.dir/E_/Pi_Pico/pico-sdk/src/rp2_common/hardware_irq/irq.c.obj
                0x10001d04                irq_add_tail_to_free_list
 .text.irq_init_priorities
                0x10001dfc       0x16 CMakeFiles/FreeRTOS_Blink.dir/E_/Pi_Pico/pico-sdk/src/rp2_common/hardware_irq/irq.c.obj
                0x10001dfc                irq_init_priorities
 .text._out_null
                0x10001e12        0x2 CMakeFiles/FreeRTOS_Blink.dir/E_/Pi_Pico/pico-sdk/src/rp2_common/pico_printf/printf.c.obj
 .text._out_fct
                0x10001e14        0xe CMakeFiles/FreeRTOS_Blink.dir/E_/Pi_Pico/pico-sdk/src/rp2_common/pico_printf/printf.c.obj
 .text._atoi    0x10001e22       0x24 CMakeFiles/FreeRTOS_Blink.dir/E_/Pi_Pico/pico-sdk/src/rp2_common/pico_printf/printf.c.obj
 .text._out_rev
                0x10001e46       0xae CMakeFiles/FreeRTOS_Blink.dir/E_/Pi_Pico/pico-sdk/src/rp2_common/pico_printf/printf.c.obj
 .text._ntoa_format
                0x10001ef4      0x112 CMakeFiles/FreeRTOS_Blink.dir/E_/Pi_Pico/pico-sdk/src/rp2_common/pico_printf/printf.c.obj
 .text._ntoa_long
                0x10002006       0xbc CMakeFiles/FreeRTOS_Blink.dir/E_/Pi_Pico/pico-sdk/src/rp2_common/pico_printf/printf.c.obj
 .text._ntoa_long_long
                0x100020c2       0xe2 CMakeFiles/FreeRTOS_Blink.dir/E_/Pi_Pico/pico-sdk/src/rp2_common/pico_printf/printf.c.obj
 .text._etoa    0x100021a4      0x404 CMakeFiles/FreeRTOS_Blink.dir/E_/Pi_Pico/pico-sdk/src/rp2_common/pico_printf/printf.c.obj
 .text._ftoa    0x100025a8      0x354 CMakeFiles/FreeRTOS_Blink.dir/E_/Pi_Pico/pico-sdk/src/rp2_common/pico_printf/printf.c.obj
 .text._vsnprintf
                0x100028fc      0x624 CMakeFiles/FreeRTOS_Blink.dir/E_/Pi_Pico/pico-sdk/src/rp2_common/pico_printf/printf.c.obj
 .text.vfctprintf
                0x10002f20       0x20 CMakeFiles/FreeRTOS_Blink.dir/E_/Pi_Pico/pico-sdk/src/rp2_common/pico_printf/printf.c.obj
                0x10002f20                vfctprintf
 .text          0x10002f40       0x10 CMakeFiles/FreeRTOS_Blink.dir/E_/Pi_Pico/pico-sdk/src/rp2_common/pico_bit_ops/bit_ops_aeabi.S.obj
 .text.rom_func_lookup
                0x10002f50       0x10 CMakeFiles/FreeRTOS_Blink.dir/E_/Pi_Pico/pico-sdk/src/rp2_common/pico_bootrom/bootrom.c.obj
                0x10002f50                rom_func_lookup
 .text.rom_data_lookup
                0x10002f60       0x10 CMakeFiles/FreeRTOS_Blink.dir/E_/Pi_Pico/pico-sdk/src/rp2_common/pico_bootrom/bootrom.c.obj
                0x10002f60                rom_data_lookup
 .text.rom_funcs_lookup
                0x10002f70       0x36 CMakeFiles/FreeRTOS_Blink.dir/E_/Pi_Pico/pico-sdk/src/rp2_common/pico_bootrom/bootrom.c.obj
                0x10002f70                rom_funcs_lookup
 *fill*         0x10002fa6        0x2 
 .text.__wrap___aeabi_idiv
                0x10002fa8       0x58 CMakeFiles/FreeRTOS_Blink.dir/E_/Pi_Pico/pico-sdk/src/rp2_common/pico_divider/divider.S.obj
                0x10002fa8                __wrap___aeabi_idivmod
                0x10002fa8                divmod_s32s32
                0x10002fa8                div_s32s32
                0x10002fa8                __wrap___aeabi_idiv
                0x10002fb0                divmod_s32s32_unsafe
                0x10002fdc                divmod_s32s32_savestate
 .text.__wrap___aeabi_uidiv
                0x10003000       0x54 CMakeFiles/FreeRTOS_Blink.dir/E_/Pi_Pico/pico-sdk/src/rp2_common/pico_divider/divider.S.obj
                0x10003000                __wrap___aeabi_uidiv
                0x10003000                __wrap___aeabi_uidivmod
                0x10003000                div_u32u32
                0x10003000                divmod_u32u32
                0x10003008                divmod_u32u32_unsafe
                0x10003030                divmod_u32u32_savestate
 .text.__wrap___aeabi_ldiv
                0x10003054      0x430 CMakeFiles/FreeRTOS_Blink.dir/E_/Pi_Pico/pico-sdk/src/rp2_common/pico_divider/divider.S.obj
                0x10003054                div_s64s64
                0x10003054                divmod_s64s64
                0x10003054                __wrap___aeabi_ldivmod
                0x1000308c                divmod_u64u64
                0x1000308c                div_u64u64
                0x1000308c                __wrap___aeabi_uldivmod
                0x1000309c                divmod_u64u64_savestate
                0x100030c4                divmod_s64s64_unsafe
                0x1000314c                divmod_u64u64_unsafe
 .text.__wrap___aeabi_darithmetic
                0x10003484       0x54 CMakeFiles/FreeRTOS_Blink.dir/E_/Pi_Pico/pico-sdk/src/rp2_common/pico_double/double_aeabi.S.obj
                0x10003484                __wrap___aeabi_drsub
                0x1000348a                __wrap___aeabi_dsub
                0x1000349c                __wrap___aeabi_dadd
                0x100034ae                __wrap___aeabi_ddiv
                0x100034c0                __wrap___aeabi_dmul
 .text.__wrap___aeabi_cdcmple
                0x100034d8       0x6c CMakeFiles/FreeRTOS_Blink.dir/E_/Pi_Pico/pico-sdk/src/rp2_common/pico_double/double_aeabi.S.obj
                0x100034d8                __wrap___aeabi_cdrcmple
                0x100034e8                __wrap___aeabi_cdcmpeq
                0x100034e8                __wrap___aeabi_cdcmple
 .text.__wrap___aeabi_dcmplt
                0x10003544        0xc CMakeFiles/FreeRTOS_Blink.dir/E_/Pi_Pico/pico-sdk/src/rp2_common/pico_double/double_aeabi.S.obj
                0x10003544                __wrap___aeabi_dcmplt
 .text.__wrap___aeabi_dcmple
                0x10003550       0x10 CMakeFiles/FreeRTOS_Blink.dir/E_/Pi_Pico/pico-sdk/src/rp2_common/pico_double/double_aeabi.S.obj
                0x10003550                __wrap___aeabi_dcmple
 .text.__wrap___aeabi_dcmpge
                0x10003560       0x10 CMakeFiles/FreeRTOS_Blink.dir/E_/Pi_Pico/pico-sdk/src/rp2_common/pico_double/double_aeabi.S.obj
                0x10003560                __wrap___aeabi_dcmpge
 .text.__wrap___aeabi_dcmpgt
                0x10003570        0xa CMakeFiles/FreeRTOS_Blink.dir/E_/Pi_Pico/pico-sdk/src/rp2_common/pico_double/double_aeabi.S.obj
                0x10003570                __wrap___aeabi_dcmpgt
 .text.__wrap___aeabi_dcmpun
                0x1000357a       0x1c CMakeFiles/FreeRTOS_Blink.dir/E_/Pi_Pico/pico-sdk/src/rp2_common/pico_double/double_aeabi.S.obj
                0x1000357a                __wrap___aeabi_dcmpun
 *fill*         0x10003596        0x2 
 .text.__wrap___aeabi_i2d
                0x10003598       0x38 CMakeFiles/FreeRTOS_Blink.dir/E_/Pi_Pico/pico-sdk/src/rp2_common/pico_double/double_aeabi.S.obj
                0x10003598                __wrap___aeabi_ui2d
                0x100035a0                __wrap___aeabi_i2d
 .text.__wrap___aeabi_d2iz
                0x100035d0       0x48 CMakeFiles/FreeRTOS_Blink.dir/E_/Pi_Pico/pico-sdk/src/rp2_common/pico_double/double_aeabi.S.obj
                0x100035d0                double2int_z
                0x100035d0                __wrap___aeabi_d2iz
 .text.__wrap___aeabi_d2uiz
                0x10003618       0x18 CMakeFiles/FreeRTOS_Blink.dir/E_/Pi_Pico/pico-sdk/src/rp2_common/pico_double/double_aeabi.S.obj
                0x10003618                __wrap___aeabi_d2uiz
                0x10003618                double2uint
 .text.__aeabi_double_init
                0x10003630       0xb8 CMakeFiles/FreeRTOS_Blink.dir/E_/Pi_Pico/pico-sdk/src/rp2_common/pico_double/double_init_rom.c.obj
                0x10003630                __aeabi_double_init
 .text.double_table_shim_on_use_helper
                0x100036e8       0x34 CMakeFiles/FreeRTOS_Blink.dir/E_/Pi_Pico/pico-sdk/src/rp2_common/pico_double/double_v1_rom_shim.S.obj
                0x100036e8                double_table_shim_on_use_helper
 .text.__wrap___aeabi_dsub
                0x1000371c       0x10 CMakeFiles/FreeRTOS_Blink.dir/E_/Pi_Pico/pico-sdk/src/rp2_common/pico_double/double_v1_rom_shim.S.obj
                0x1000371c                drsub_shim
                0x10003722                dsub_shim
 .text.dadd_shim
                0x1000372c      0x15c CMakeFiles/FreeRTOS_Blink.dir/E_/Pi_Pico/pico-sdk/src/rp2_common/pico_double/double_v1_rom_shim.S.obj
                0x1000372c                dadd_shim
 .text.dmul_shim
                0x10003888      0x15c CMakeFiles/FreeRTOS_Blink.dir/E_/Pi_Pico/pico-sdk/src/rp2_common/pico_double/double_v1_rom_shim.S.obj
                0x10003888                dmul_shim
 .text.ddiv_shim
                0x100039e4      0x1b0 CMakeFiles/FreeRTOS_Blink.dir/E_/Pi_Pico/pico-sdk/src/rp2_common/pico_double/double_v1_rom_shim.S.obj
                0x100039e4                ddiv_shim
 .text.dcordic_rot_step
                0x10003b94       0x7c CMakeFiles/FreeRTOS_Blink.dir/E_/Pi_Pico/pico-sdk/src/rp2_common/pico_double/double_v1_rom_shim.S.obj
                0x10003b94                dcordic_rot_step
 .text.double2uint_shim
                0x10003c10        0xe CMakeFiles/FreeRTOS_Blink.dir/E_/Pi_Pico/pico-sdk/src/rp2_common/pico_double/double_v1_rom_shim.S.obj
                0x10003c10                double2uint_shim
                0x10003c12                double2ufix_shim
 *fill*         0x10003c1e        0x2 
 .text.double2uint64_shim
                0x10003c20       0x6c CMakeFiles/FreeRTOS_Blink.dir/E_/Pi_Pico/pico-sdk/src/rp2_common/pico_double/double_v1_rom_shim.S.obj
                0x10003c20                double2uint64_shim
                0x10003c22                double2ufix64_shim
                0x10003c3c                d2fix_a
 .text.dunpacks
                0x10003c8c       0x3c CMakeFiles/FreeRTOS_Blink.dir/E_/Pi_Pico/pico-sdk/src/rp2_common/pico_double/double_v1_rom_shim.S.obj
                0x10003c8c                dunpacks
 .text.__aeabi_lmul
                0x10003cc8       0x32 CMakeFiles/FreeRTOS_Blink.dir/E_/Pi_Pico/pico-sdk/src/rp2_common/pico_int64_ops/pico_int64_ops_aeabi.S.obj
                0x10003cc8                __wrap___aeabi_lmul
 *fill*         0x10003cfa        0x2 
 .text.__aeabi_float_init
                0x10003cfc       0xfc CMakeFiles/FreeRTOS_Blink.dir/E_/Pi_Pico/pico-sdk/src/rp2_common/pico_float/float_init_rom.c.obj
                0x10003cfc                __aeabi_float_init
 .text.float_table_shim_on_use_helper
                0x10003df8       0x34 CMakeFiles/FreeRTOS_Blink.dir/E_/Pi_Pico/pico-sdk/src/rp2_common/pico_float/float_v1_rom_shim.S.obj
                0x10003df8                float_table_shim_on_use_helper
 .text.__wrap_malloc
                0x10003e2c        0x8 CMakeFiles/FreeRTOS_Blink.dir/E_/Pi_Pico/pico-sdk/src/rp2_common/pico_malloc/pico_malloc.c.obj
                0x10003e2c                __wrap_malloc
 .text.__wrap_calloc
                0x10003e34        0x8 CMakeFiles/FreeRTOS_Blink.dir/E_/Pi_Pico/pico-sdk/src/rp2_common/pico_malloc/pico_malloc.c.obj
                0x10003e34                __wrap_calloc
 .text          0x10003e3c       0x10 CMakeFiles/FreeRTOS_Blink.dir/E_/Pi_Pico/pico-sdk/src/rp2_common/pico_mem_ops/mem_ops_aeabi.S.obj
                0x10003e3c                __aeabi_mem_init
 .text.memset   0x10003e4c        0xc CMakeFiles/FreeRTOS_Blink.dir/E_/Pi_Pico/pico-sdk/src/rp2_common/pico_mem_ops/mem_ops_aeabi.S.obj
                0x10003e4c                __wrap_memset
 .text.memcpy   0x10003e58        0xc CMakeFiles/FreeRTOS_Blink.dir/E_/Pi_Pico/pico-sdk/src/rp2_common/pico_mem_ops/mem_ops_aeabi.S.obj
                0x10003e58                __wrap_memcpy
                0x10003e58                __wrap___aeabi_memcpy
 .text.stdio_out_chars_crlf
                0x10003e64       0x80 CMakeFiles/FreeRTOS_Blink.dir/E_/Pi_Pico/pico-sdk/src/rp2_common/pico_stdio/stdio.c.obj
 .text.stdio_stack_buffer_flush
                0x10003ee4       0x44 CMakeFiles/FreeRTOS_Blink.dir/E_/Pi_Pico/pico-sdk/src/rp2_common/pico_stdio/stdio.c.obj
 .text.stdio_buffered_printer
                0x10003f28       0x20 CMakeFiles/FreeRTOS_Blink.dir/E_/Pi_Pico/pico-sdk/src/rp2_common/pico_stdio/stdio.c.obj
 .text.stdout_serialize_begin
                0x10003f48       0x2c CMakeFiles/FreeRTOS_Blink.dir/E_/Pi_Pico/pico-sdk/src/rp2_common/pico_stdio/stdio.c.obj
                0x10003f48                stdout_serialize_begin
 .text.stdout_serialize_end
                0x10003f74       0x10 CMakeFiles/FreeRTOS_Blink.dir/E_/Pi_Pico/pico-sdk/src/rp2_common/pico_stdio/stdio.c.obj
                0x10003f74                stdout_serialize_end
 .text.stdio_put_string
                0x10003f84       0x84 CMakeFiles/FreeRTOS_Blink.dir/E_/Pi_Pico/pico-sdk/src/rp2_common/pico_stdio/stdio.c.obj
 .text.stdio_set_driver_enabled
                0x10004008       0x38 CMakeFiles/FreeRTOS_Blink.dir/E_/Pi_Pico/pico-sdk/src/rp2_common/pico_stdio/stdio.c.obj
                0x10004008                stdio_set_driver_enabled
 .text.stdio_flush
                0x10004040       0x20 CMakeFiles/FreeRTOS_Blink.dir/E_/Pi_Pico/pico-sdk/src/rp2_common/pico_stdio/stdio.c.obj
                0x10004040                stdio_flush
 .text.__wrap_puts
                0x10004060       0x1c CMakeFiles/FreeRTOS_Blink.dir/E_/Pi_Pico/pico-sdk/src/rp2_common/pico_stdio/stdio.c.obj
                0x10004060                __wrap_puts
 .text.__wrap_vprintf
                0x1000407c       0x44 CMakeFiles/FreeRTOS_Blink.dir/E_/Pi_Pico/pico-sdk/src/rp2_common/pico_stdio/stdio.c.obj
                0x1000407c                __wrap_vprintf
 .text.__wrap_printf
                0x100040c0       0x18 CMakeFiles/FreeRTOS_Blink.dir/E_/Pi_Pico/pico-sdk/src/rp2_common/pico_stdio/stdio.c.obj
                0x100040c0                __wrap_printf
 .text.stdio_init_all
                0x100040d8        0x8 CMakeFiles/FreeRTOS_Blink.dir/E_/Pi_Pico/pico-sdk/src/rp2_common/pico_stdio/stdio.c.obj
                0x100040d8                stdio_init_all
 .text.stdio_usb_in_chars
                0x100040e0       0x70 CMakeFiles/FreeRTOS_Blink.dir/E_/Pi_Pico/pico-sdk/src/rp2_common/pico_stdio_usb/stdio_usb.c.obj
                0x100040e0                stdio_usb_in_chars
 .text.low_priority_worker_irq
                0x10004150       0x20 CMakeFiles/FreeRTOS_Blink.dir/E_/Pi_Pico/pico-sdk/src/rp2_common/pico_stdio_usb/stdio_usb.c.obj
 .text.stdio_usb_out_chars
                0x10004170       0xd4 CMakeFiles/FreeRTOS_Blink.dir/E_/Pi_Pico/pico-sdk/src/rp2_common/pico_stdio_usb/stdio_usb.c.obj
 .text.timer_task
                0x10004244       0x10 CMakeFiles/FreeRTOS_Blink.dir/E_/Pi_Pico/pico-sdk/src/rp2_common/pico_stdio_usb/stdio_usb.c.obj
 .text.stdio_usb_init
                0x10004254       0x90 CMakeFiles/FreeRTOS_Blink.dir/E_/Pi_Pico/pico-sdk/src/rp2_common/pico_stdio_usb/stdio_usb.c.obj
                0x10004254                stdio_usb_init
 .text.tud_descriptor_device_cb
                0x100042e4        0x8 CMakeFiles/FreeRTOS_Blink.dir/E_/Pi_Pico/pico-sdk/src/rp2_common/pico_stdio_usb/stdio_usb_descriptors.c.obj
                0x100042e4                tud_descriptor_device_cb
 .text.tud_descriptor_configuration_cb
                0x100042ec        0x8 CMakeFiles/FreeRTOS_Blink.dir/E_/Pi_Pico/pico-sdk/src/rp2_common/pico_stdio_usb/stdio_usb_descriptors.c.obj
                0x100042ec                tud_descriptor_configuration_cb
 .text.tud_descriptor_string_cb
                0x100042f4       0x50 CMakeFiles/FreeRTOS_Blink.dir/E_/Pi_Pico/pico-sdk/src/rp2_common/pico_stdio_usb/stdio_usb_descriptors.c.obj
                0x100042f4                tud_descriptor_string_cb
 .text.hw_endpoint_get_by_addr
                0x10004344       0x1c CMakeFiles/FreeRTOS_Blink.dir/E_/Pi_Pico/pico-sdk/lib/tinyusb/src/portable/raspberrypi/rp2040/dcd_rp2040.c.obj
 .text.reset_ep0
                0x10004360       0x2c CMakeFiles/FreeRTOS_Blink.dir/E_/Pi_Pico/pico-sdk/lib/tinyusb/src/portable/raspberrypi/rp2040/dcd_rp2040.c.obj
 .text._hw_endpoint_alloc
                0x1000438c       0x7c CMakeFiles/FreeRTOS_Blink.dir/E_/Pi_Pico/pico-sdk/lib/tinyusb/src/portable/raspberrypi/rp2040/dcd_rp2040.c.obj
 .text._hw_endpoint_init
                0x10004408       0xbc CMakeFiles/FreeRTOS_Blink.dir/E_/Pi_Pico/pico-sdk/lib/tinyusb/src/portable/raspberrypi/rp2040/dcd_rp2040.c.obj
 .text.hw_endpoint_init
                0x100044c4       0x18 CMakeFiles/FreeRTOS_Blink.dir/E_/Pi_Pico/pico-sdk/lib/tinyusb/src/portable/raspberrypi/rp2040/dcd_rp2040.c.obj
 .text.hw_handle_buff_status
                0x100044dc       0xb8 CMakeFiles/FreeRTOS_Blink.dir/E_/Pi_Pico/pico-sdk/lib/tinyusb/src/portable/raspberrypi/rp2040/dcd_rp2040.c.obj
 .text.dcd_rp2040_irq
                0x10004594       0x8c CMakeFiles/FreeRTOS_Blink.dir/E_/Pi_Pico/pico-sdk/lib/tinyusb/src/portable/raspberrypi/rp2040/dcd_rp2040.c.obj
 .text.hw_endpoint_xfer
                0x10004620       0x18 CMakeFiles/FreeRTOS_Blink.dir/E_/Pi_Pico/pico-sdk/lib/tinyusb/src/portable/raspberrypi/rp2040/dcd_rp2040.c.obj
 .text.ep0_0len_status
                0x10004638       0x14 CMakeFiles/FreeRTOS_Blink.dir/E_/Pi_Pico/pico-sdk/lib/tinyusb/src/portable/raspberrypi/rp2040/dcd_rp2040.c.obj
 .text._hw_endpoint_stall
                0x1000464c       0x54 CMakeFiles/FreeRTOS_Blink.dir/E_/Pi_Pico/pico-sdk/lib/tinyusb/src/portable/raspberrypi/rp2040/dcd_rp2040.c.obj
 .text.hw_endpoint_stall
                0x100046a0        0xc CMakeFiles/FreeRTOS_Blink.dir/E_/Pi_Pico/pico-sdk/lib/tinyusb/src/portable/raspberrypi/rp2040/dcd_rp2040.c.obj
 .text._hw_endpoint_clear_stall
                0x100046ac       0x34 CMakeFiles/FreeRTOS_Blink.dir/E_/Pi_Pico/pico-sdk/lib/tinyusb/src/portable/raspberrypi/rp2040/dcd_rp2040.c.obj
 .text.hw_endpoint_clear_stall
                0x100046e0        0xc CMakeFiles/FreeRTOS_Blink.dir/E_/Pi_Pico/pico-sdk/lib/tinyusb/src/portable/raspberrypi/rp2040/dcd_rp2040.c.obj
 .text.dcd_int_enable
                0x100046ec       0x2c CMakeFiles/FreeRTOS_Blink.dir/E_/Pi_Pico/pico-sdk/lib/tinyusb/src/portable/raspberrypi/rp2040/dcd_rp2040.c.obj
                0x100046ec                dcd_int_enable
 .text.dcd_set_address
                0x10004718       0x30 CMakeFiles/FreeRTOS_Blink.dir/E_/Pi_Pico/pico-sdk/lib/tinyusb/src/portable/raspberrypi/rp2040/dcd_rp2040.c.obj
                0x10004718                dcd_set_address
 .text.dcd_connect
                0x10004748       0x30 CMakeFiles/FreeRTOS_Blink.dir/E_/Pi_Pico/pico-sdk/lib/tinyusb/src/portable/raspberrypi/rp2040/dcd_rp2040.c.obj
                0x10004748                dcd_connect
 .text.dcd_init
                0x10004778       0x90 CMakeFiles/FreeRTOS_Blink.dir/E_/Pi_Pico/pico-sdk/lib/tinyusb/src/portable/raspberrypi/rp2040/dcd_rp2040.c.obj
                0x10004778                dcd_init
 .text.dcd_edpt0_status_complete
                0x10004808       0x44 CMakeFiles/FreeRTOS_Blink.dir/E_/Pi_Pico/pico-sdk/lib/tinyusb/src/portable/raspberrypi/rp2040/dcd_rp2040.c.obj
                0x10004808                dcd_edpt0_status_complete
 .text.dcd_edpt_open
                0x1000484c       0x40 CMakeFiles/FreeRTOS_Blink.dir/E_/Pi_Pico/pico-sdk/lib/tinyusb/src/portable/raspberrypi/rp2040/dcd_rp2040.c.obj
                0x1000484c                dcd_edpt_open
 .text.dcd_edpt_xfer
                0x1000488c       0x34 CMakeFiles/FreeRTOS_Blink.dir/E_/Pi_Pico/pico-sdk/lib/tinyusb/src/portable/raspberrypi/rp2040/dcd_rp2040.c.obj
                0x1000488c                dcd_edpt_xfer
 .text.dcd_edpt_stall
                0x100048c0       0x28 CMakeFiles/FreeRTOS_Blink.dir/E_/Pi_Pico/pico-sdk/lib/tinyusb/src/portable/raspberrypi/rp2040/dcd_rp2040.c.obj
                0x100048c0                dcd_edpt_stall
 .text.dcd_edpt_clear_stall
                0x100048e8       0x28 CMakeFiles/FreeRTOS_Blink.dir/E_/Pi_Pico/pico-sdk/lib/tinyusb/src/portable/raspberrypi/rp2040/dcd_rp2040.c.obj
                0x100048e8                dcd_edpt_clear_stall
 .text.rp2040_usb_init
                0x10004910       0x50 CMakeFiles/FreeRTOS_Blink.dir/E_/Pi_Pico/pico-sdk/lib/tinyusb/src/portable/raspberrypi/rp2040/rp2040_usb.c.obj
                0x10004910                rp2040_usb_init
 .text.hw_endpoint_reset_transfer
                0x10004960       0x14 CMakeFiles/FreeRTOS_Blink.dir/E_/Pi_Pico/pico-sdk/lib/tinyusb/src/portable/raspberrypi/rp2040/rp2040_usb.c.obj
                0x10004960                hw_endpoint_reset_transfer
 .text._hw_endpoint_buffer_control_update32
                0x10004974       0x54 CMakeFiles/FreeRTOS_Blink.dir/E_/Pi_Pico/pico-sdk/lib/tinyusb/src/portable/raspberrypi/rp2040/rp2040_usb.c.obj
                0x10004974                _hw_endpoint_buffer_control_update32
 .text._hw_endpoint_start_next_buffer
                0x100049c8       0x5a CMakeFiles/FreeRTOS_Blink.dir/E_/Pi_Pico/pico-sdk/lib/tinyusb/src/portable/raspberrypi/rp2040/rp2040_usb.c.obj
                0x100049c8                _hw_endpoint_start_next_buffer
 .text._hw_endpoint_xfer_start
                0x10004a22       0x46 CMakeFiles/FreeRTOS_Blink.dir/E_/Pi_Pico/pico-sdk/lib/tinyusb/src/portable/raspberrypi/rp2040/rp2040_usb.c.obj
                0x10004a22                _hw_endpoint_xfer_start
 .text._hw_endpoint_xfer_sync
                0x10004a68       0x74 CMakeFiles/FreeRTOS_Blink.dir/E_/Pi_Pico/pico-sdk/lib/tinyusb/src/portable/raspberrypi/rp2040/rp2040_usb.c.obj
                0x10004a68                _hw_endpoint_xfer_sync
 .text._hw_endpoint_xfer_continue
                0x10004adc       0x58 CMakeFiles/FreeRTOS_Blink.dir/E_/Pi_Pico/pico-sdk/lib/tinyusb/src/portable/raspberrypi/rp2040/rp2040_usb.c.obj
                0x10004adc                _hw_endpoint_xfer_continue
 .text._hw_endpoint_xfer
                0x10004b34       0x34 CMakeFiles/FreeRTOS_Blink.dir/E_/Pi_Pico/pico-sdk/lib/tinyusb/src/portable/raspberrypi/rp2040/rp2040_usb.c.obj
                0x10004b34                _hw_endpoint_xfer
 .text.mark_interface_endpoint
                0x10004b68       0x2a CMakeFiles/FreeRTOS_Blink.dir/E_/Pi_Pico/pico-sdk/lib/tinyusb/src/device/usbd.c.obj
 *fill*         0x10004b92        0x2 
 .text.usbd_reset
                0x10004b94       0x88 CMakeFiles/FreeRTOS_Blink.dir/E_/Pi_Pico/pico-sdk/lib/tinyusb/src/device/usbd.c.obj
 .text.invoke_class_control
                0x10004c1c       0x18 CMakeFiles/FreeRTOS_Blink.dir/E_/Pi_Pico/pico-sdk/lib/tinyusb/src/device/usbd.c.obj
 .text.process_set_config
                0x10004c34      0x1d0 CMakeFiles/FreeRTOS_Blink.dir/E_/Pi_Pico/pico-sdk/lib/tinyusb/src/device/usbd.c.obj
 .text.process_get_descriptor
                0x10004e04       0xf4 CMakeFiles/FreeRTOS_Blink.dir/E_/Pi_Pico/pico-sdk/lib/tinyusb/src/device/usbd.c.obj
 .text.tud_mounted
                0x10004ef8       0x10 CMakeFiles/FreeRTOS_Blink.dir/E_/Pi_Pico/pico-sdk/lib/tinyusb/src/device/usbd.c.obj
                0x10004ef8                tud_mounted
 .text.tud_suspended
                0x10004f08       0x10 CMakeFiles/FreeRTOS_Blink.dir/E_/Pi_Pico/pico-sdk/lib/tinyusb/src/device/usbd.c.obj
                0x10004f08                tud_suspended
 .text.tud_init
                0x10004f18       0xb8 CMakeFiles/FreeRTOS_Blink.dir/E_/Pi_Pico/pico-sdk/lib/tinyusb/src/device/usbd.c.obj
                0x10004f18                tud_init
 .text.dcd_event_handler
                0x10004fd0      0x1c4 CMakeFiles/FreeRTOS_Blink.dir/E_/Pi_Pico/pico-sdk/lib/tinyusb/src/device/usbd.c.obj
                0x10004fd0                dcd_event_handler
 .text.dcd_event_bus_signal
                0x10005194       0x26 CMakeFiles/FreeRTOS_Blink.dir/E_/Pi_Pico/pico-sdk/lib/tinyusb/src/device/usbd.c.obj
                0x10005194                dcd_event_bus_signal
 .text.dcd_event_setup_received
                0x100051ba       0x34 CMakeFiles/FreeRTOS_Blink.dir/E_/Pi_Pico/pico-sdk/lib/tinyusb/src/device/usbd.c.obj
                0x100051ba                dcd_event_setup_received
 .text.dcd_event_xfer_complete
                0x100051ee       0x44 CMakeFiles/FreeRTOS_Blink.dir/E_/Pi_Pico/pico-sdk/lib/tinyusb/src/device/usbd.c.obj
                0x100051ee                dcd_event_xfer_complete
 .text.usbd_edpt_open
                0x10005232        0x8 CMakeFiles/FreeRTOS_Blink.dir/E_/Pi_Pico/pico-sdk/lib/tinyusb/src/device/usbd.c.obj
                0x10005232                usbd_edpt_open
 *fill*         0x1000523a        0x2 
 .text.usbd_open_edpt_pair
                0x1000523c       0x8c CMakeFiles/FreeRTOS_Blink.dir/E_/Pi_Pico/pico-sdk/lib/tinyusb/src/device/usbd.c.obj
                0x1000523c                usbd_open_edpt_pair
 .text.usbd_edpt_claim
                0x100052c8       0x8c CMakeFiles/FreeRTOS_Blink.dir/E_/Pi_Pico/pico-sdk/lib/tinyusb/src/device/usbd.c.obj
                0x100052c8                usbd_edpt_claim
 .text.usbd_edpt_release
                0x10005354       0x68 CMakeFiles/FreeRTOS_Blink.dir/E_/Pi_Pico/pico-sdk/lib/tinyusb/src/device/usbd.c.obj
                0x10005354                usbd_edpt_release
 .text.usbd_edpt_xfer
                0x100053bc       0x80 CMakeFiles/FreeRTOS_Blink.dir/E_/Pi_Pico/pico-sdk/lib/tinyusb/src/device/usbd.c.obj
                0x100053bc                usbd_edpt_xfer
 .text.usbd_edpt_stall
                0x1000543c       0x2c CMakeFiles/FreeRTOS_Blink.dir/E_/Pi_Pico/pico-sdk/lib/tinyusb/src/device/usbd.c.obj
                0x1000543c                usbd_edpt_stall
 .text.usbd_edpt_clear_stall
                0x10005468       0x2c CMakeFiles/FreeRTOS_Blink.dir/E_/Pi_Pico/pico-sdk/lib/tinyusb/src/device/usbd.c.obj
                0x10005468                usbd_edpt_clear_stall
 .text.usbd_edpt_stalled
                0x10005494       0x1c CMakeFiles/FreeRTOS_Blink.dir/E_/Pi_Pico/pico-sdk/lib/tinyusb/src/device/usbd.c.obj
                0x10005494                usbd_edpt_stalled
 .text.process_control_request
                0x100054b0      0x37c CMakeFiles/FreeRTOS_Blink.dir/E_/Pi_Pico/pico-sdk/lib/tinyusb/src/device/usbd.c.obj
 .text.tud_task
                0x1000582c      0x204 CMakeFiles/FreeRTOS_Blink.dir/E_/Pi_Pico/pico-sdk/lib/tinyusb/src/device/usbd.c.obj
                0x1000582c                tud_task
 .text._data_stage_xact
                0x10005a30       0x58 CMakeFiles/FreeRTOS_Blink.dir/E_/Pi_Pico/pico-sdk/lib/tinyusb/src/device/usbd_control.c.obj
 .text.tud_control_status
                0x10005a88       0x38 CMakeFiles/FreeRTOS_Blink.dir/E_/Pi_Pico/pico-sdk/lib/tinyusb/src/device/usbd_control.c.obj
                0x10005a88                tud_control_status
 .text.tud_control_xfer
                0x10005ac0       0xa8 CMakeFiles/FreeRTOS_Blink.dir/E_/Pi_Pico/pico-sdk/lib/tinyusb/src/device/usbd_control.c.obj
                0x10005ac0                tud_control_xfer
 .text.usbd_control_reset
                0x10005b68       0x14 CMakeFiles/FreeRTOS_Blink.dir/E_/Pi_Pico/pico-sdk/lib/tinyusb/src/device/usbd_control.c.obj
                0x10005b68                usbd_control_reset
 .text.usbd_control_set_complete_callback
                0x10005b7c        0xc CMakeFiles/FreeRTOS_Blink.dir/E_/Pi_Pico/pico-sdk/lib/tinyusb/src/device/usbd_control.c.obj
                0x10005b7c                usbd_control_set_complete_callback
 .text.usbd_control_set_request
                0x10005b88       0x1c CMakeFiles/FreeRTOS_Blink.dir/E_/Pi_Pico/pico-sdk/lib/tinyusb/src/device/usbd_control.c.obj
                0x10005b88                usbd_control_set_request
 .text.usbd_control_xfer_cb
                0x10005ba4       0xe8 CMakeFiles/FreeRTOS_Blink.dir/E_/Pi_Pico/pico-sdk/lib/tinyusb/src/device/usbd_control.c.obj
                0x10005ba4                usbd_control_xfer_cb
 .text._prep_out_transaction
                0x10005c8c       0x46 CMakeFiles/FreeRTOS_Blink.dir/E_/Pi_Pico/pico-sdk/lib/tinyusb/src/class/cdc/cdc_device.c.obj
 *fill*         0x10005cd2        0x2 
 .text.tud_cdc_n_connected
                0x10005cd4       0x48 CMakeFiles/FreeRTOS_Blink.dir/E_/Pi_Pico/pico-sdk/lib/tinyusb/src/class/cdc/cdc_device.c.obj
                0x10005cd4                tud_cdc_n_connected
 .text.tud_cdc_n_available
                0x10005d1c       0x20 CMakeFiles/FreeRTOS_Blink.dir/E_/Pi_Pico/pico-sdk/lib/tinyusb/src/class/cdc/cdc_device.c.obj
                0x10005d1c                tud_cdc_n_available
 .text.tud_cdc_n_read
                0x10005d3c       0x30 CMakeFiles/FreeRTOS_Blink.dir/E_/Pi_Pico/pico-sdk/lib/tinyusb/src/class/cdc/cdc_device.c.obj
                0x10005d3c                tud_cdc_n_read
 .text.tud_cdc_n_write_flush
                0x10005d6c       0xc4 CMakeFiles/FreeRTOS_Blink.dir/E_/Pi_Pico/pico-sdk/lib/tinyusb/src/class/cdc/cdc_device.c.obj
                0x10005d6c                tud_cdc_n_write_flush
 .text.tud_cdc_n_write
                0x10005e30       0x38 CMakeFiles/FreeRTOS_Blink.dir/E_/Pi_Pico/pico-sdk/lib/tinyusb/src/class/cdc/cdc_device.c.obj
                0x10005e30                tud_cdc_n_write
 .text.tud_cdc_n_write_available
                0x10005e68       0x20 CMakeFiles/FreeRTOS_Blink.dir/E_/Pi_Pico/pico-sdk/lib/tinyusb/src/class/cdc/cdc_device.c.obj
                0x10005e68                tud_cdc_n_write_available
 .text.cdcd_init
                0x10005e88       0xdc CMakeFiles/FreeRTOS_Blink.dir/E_/Pi_Pico/pico-sdk/lib/tinyusb/src/class/cdc/cdc_device.c.obj
                0x10005e88                cdcd_init
 .text.cdcd_reset
                0x10005f64       0x44 CMakeFiles/FreeRTOS_Blink.dir/E_/Pi_Pico/pico-sdk/lib/tinyusb/src/class/cdc/cdc_device.c.obj
                0x10005f64                cdcd_reset
 .text.cdcd_open
                0x10005fa8      0x118 CMakeFiles/FreeRTOS_Blink.dir/E_/Pi_Pico/pico-sdk/lib/tinyusb/src/class/cdc/cdc_device.c.obj
                0x10005fa8                cdcd_open
 .text.cdcd_control_complete
                0x100060c0       0x60 CMakeFiles/FreeRTOS_Blink.dir/E_/Pi_Pico/pico-sdk/lib/tinyusb/src/class/cdc/cdc_device.c.obj
                0x100060c0                cdcd_control_complete
 .text.cdcd_control_request
                0x10006120       0x9c CMakeFiles/FreeRTOS_Blink.dir/E_/Pi_Pico/pico-sdk/lib/tinyusb/src/class/cdc/cdc_device.c.obj
                0x10006120                cdcd_control_request
 .text.cdcd_xfer_cb
                0x100061bc      0x130 CMakeFiles/FreeRTOS_Blink.dir/E_/Pi_Pico/pico-sdk/lib/tinyusb/src/class/cdc/cdc_device.c.obj
                0x100061bc                cdcd_xfer_cb
 .text.tusb_init
                0x100062ec       0x38 CMakeFiles/FreeRTOS_Blink.dir/E_/Pi_Pico/pico-sdk/lib/tinyusb/src/tusb.c.obj
                0x100062ec                tusb_init
 .text.tusb_inited
                0x10006324        0xc CMakeFiles/FreeRTOS_Blink.dir/E_/Pi_Pico/pico-sdk/lib/tinyusb/src/tusb.c.obj
                0x10006324                tusb_inited
 .text.advance_pointer
                0x10006330       0x1e CMakeFiles/FreeRTOS_Blink.dir/E_/Pi_Pico/pico-sdk/lib/tinyusb/src/common/tusb_fifo.c.obj
 .text.backward_pointer
                0x1000634e       0x1a CMakeFiles/FreeRTOS_Blink.dir/E_/Pi_Pico/pico-sdk/lib/tinyusb/src/common/tusb_fifo.c.obj
 .text.get_relative_pointer
                0x10006368       0x16 CMakeFiles/FreeRTOS_Blink.dir/E_/Pi_Pico/pico-sdk/lib/tinyusb/src/common/tusb_fifo.c.obj
 .text.tu_fifo_lock
                0x1000637e       0x12 CMakeFiles/FreeRTOS_Blink.dir/E_/Pi_Pico/pico-sdk/lib/tinyusb/src/common/tusb_fifo.c.obj
 .text.tu_fifo_unlock
                0x10006390        0xe CMakeFiles/FreeRTOS_Blink.dir/E_/Pi_Pico/pico-sdk/lib/tinyusb/src/common/tusb_fifo.c.obj
 .text._tu_fifo_peek_at
                0x1000639e       0x66 CMakeFiles/FreeRTOS_Blink.dir/E_/Pi_Pico/pico-sdk/lib/tinyusb/src/common/tusb_fifo.c.obj
 .text._ff_pull_n
                0x10006404       0x4a CMakeFiles/FreeRTOS_Blink.dir/E_/Pi_Pico/pico-sdk/lib/tinyusb/src/common/tusb_fifo.c.obj
 .text._tu_fifo_peek_at_n
                0x1000644e       0x72 CMakeFiles/FreeRTOS_Blink.dir/E_/Pi_Pico/pico-sdk/lib/tinyusb/src/common/tusb_fifo.c.obj
 .text._ff_push_n
                0x100064c0       0x4a CMakeFiles/FreeRTOS_Blink.dir/E_/Pi_Pico/pico-sdk/lib/tinyusb/src/common/tusb_fifo.c.obj
 .text.tu_fifo_config
                0x1000650a       0x48 CMakeFiles/FreeRTOS_Blink.dir/E_/Pi_Pico/pico-sdk/lib/tinyusb/src/common/tusb_fifo.c.obj
                0x1000650a                tu_fifo_config
 .text.tu_fifo_count
                0x10006552       0x1c CMakeFiles/FreeRTOS_Blink.dir/E_/Pi_Pico/pico-sdk/lib/tinyusb/src/common/tusb_fifo.c.obj
                0x10006552                tu_fifo_count
 .text.tu_fifo_remaining
                0x1000656e       0x20 CMakeFiles/FreeRTOS_Blink.dir/E_/Pi_Pico/pico-sdk/lib/tinyusb/src/common/tusb_fifo.c.obj
                0x1000656e                tu_fifo_remaining
 .text.tu_fifo_read
                0x1000658e       0x3a CMakeFiles/FreeRTOS_Blink.dir/E_/Pi_Pico/pico-sdk/lib/tinyusb/src/common/tusb_fifo.c.obj
                0x1000658e                tu_fifo_read
 .text.tu_fifo_read_n
                0x100065c8       0x3e CMakeFiles/FreeRTOS_Blink.dir/E_/Pi_Pico/pico-sdk/lib/tinyusb/src/common/tusb_fifo.c.obj
                0x100065c8                tu_fifo_read_n
 .text.tu_fifo_write
                0x10006606       0x5c CMakeFiles/FreeRTOS_Blink.dir/E_/Pi_Pico/pico-sdk/lib/tinyusb/src/common/tusb_fifo.c.obj
                0x10006606                tu_fifo_write
 .text.tu_fifo_write_n
                0x10006662       0x7c CMakeFiles/FreeRTOS_Blink.dir/E_/Pi_Pico/pico-sdk/lib/tinyusb/src/common/tusb_fifo.c.obj
                0x10006662                tu_fifo_write_n
 .text.tu_fifo_clear
                0x100066de       0x18 CMakeFiles/FreeRTOS_Blink.dir/E_/Pi_Pico/pico-sdk/lib/tinyusb/src/common/tusb_fifo.c.obj
                0x100066de                tu_fifo_clear
 *fill*         0x100066f6        0x2 
 .text          0x100066f8      0xfa4 libFreeRTOS.a(tasks.c.obj)
                0x100069a8                xTaskCreate
                0x10006a08                vTaskDelete
                0x10006a84                uxTaskPriorityGet
                0x10006aa4                uxTaskPriorityGetFromISR
                0x10006ac4                vTaskPrioritySet
                0x10006b78                vTaskResume
                0x10006be0                xTaskResumeFromISR
                0x10006c60                vTaskStartScheduler
                0x10006cbc                vTaskEndScheduler
                0x10006cd0                vTaskSuspendAll
                0x10006ce0                xTaskGetTickCount
                0x10006cec                xTaskGetTickCountFromISR
                0x10006cf8                uxTaskGetNumberOfTasks
                0x10006d04                pcTaskGetName
                0x10006d18                xTaskIncrementTick
                0x10006de8                xTaskResumeAll
                0x10006eb0                xTaskDelayUntil
                0x10006f10                vTaskDelay
                0x10006f30                xTaskCatchUpTicks
                0x10006f4c                vTaskSwitchContext
                0x10006fc4                vTaskSuspend
                0x10007068                vTaskPlaceOnEventList
                0x10007084                vTaskPlaceOnUnorderedEventList
                0x100070ac                vTaskPlaceOnEventListRestricted
                0x100070d4                xTaskRemoveFromEventList
                0x10007144                vTaskRemoveFromUnorderedEventList
                0x10007198                vTaskSetTimeOutState
                0x100071b4                vTaskInternalSetTimeOutState
                0x100071c4                xTaskCheckForTimeOut
                0x1000721c                vTaskMissedYield
                0x10007228                vTaskSetThreadLocalStoragePointer
                0x10007244                pvTaskGetThreadLocalStoragePointer
                0x10007264                xTaskGetCurrentTaskHandle
                0x10007270                xTaskGetSchedulerState
                0x10007290                uxTaskResetEventItemValue
                0x100072a8                ulTaskGenericNotifyTake
                0x10007334                xTaskGenericNotifyWait
                0x100073d4                xTaskGenericNotify
                0x100074a8                xTaskGenericNotifyFromISR
                0x100075a4                vTaskGenericNotifyGiveFromISR
                0x10007634                xTaskGenericNotifyStateClear
                0x1000766c                ulTaskGenericNotifyValueClear
 .text          0x1000769c      0x498 libFreeRTOS.a(timers.c.obj)
                0x1000778e                xTimerCreateTimerTask
                0x100077c8                xTimerCreate
                0x100077fc                xTimerGenericCommand
                0x10007a92                xTimerGetTimerDaemonTaskHandle
                0x10007a9c                xTimerGetPeriod
                0x10007aa0                vTimerSetReloadMode
                0x10007aca                uxTimerGetReloadMode
                0x10007ae8                xTimerGetExpiryTime
                0x10007aec                pcTimerGetName
                0x10007af0                xTimerIsTimerActive
                0x10007b0e                pvTimerGetTimerID
                0x10007b20                vTimerSetTimerID
 *fill*         0x10007b34        0xc 
 .text          0x10007b40      0x18c libFreeRTOS.a(port.c.obj)
                0x10007b84                pxPortInitialiseStack
                0x10007ba4                isr_svcall
                0x10007ba6                vPortEndScheduler
                0x10007ba8                vPortYield
                0x10007bc0                vPortEnterCritical
                0x10007bd8                vPortExitCritical
                0x10007bec                ulSetInterruptMaskFromISR
                0x10007bf4                vClearInterruptMaskFromISR
                0x10007bfa                isr_pendsv
                0x10007c44                isr_systick
                0x10007c68                vPortSetupTimerInterrupt
                0x10007c90                xPortStartScheduler
 .text          0x10007ccc      0x238 libFreeRTOS.a(heap_4.c.obj)
                0x10007d6c                pvPortMalloc
                0x10007e38                vPortFree
                0x10007e80                xPortGetFreeHeapSize
                0x10007e8c                xPortGetMinimumEverFreeHeapSize
                0x10007e98                vPortInitialiseBlocks
                0x10007e9a                vPortGetHeapStats
 .text          0x10007f04       0x86 libFreeRTOS.a(list.c.obj)
                0x10007f04                vListInitialise
                0x10007f1a                vListInitialiseItem
                0x10007f20                vListInsertEnd
                0x10007f36                vListInsert
                0x10007f64                uxListRemove
 *fill*         0x10007f8a        0x2 
 .text          0x10007f8c      0x82c libFreeRTOS.a(queue.c.obj)
                0x100080bc                xQueueGenericReset
                0x1000813e                xQueueGenericCreate
                0x1000816c                xQueueGenericSend
                0x1000825e                xQueueGenericSendFromISR
                0x100082d8                xQueueGiveFromISR
                0x1000833c                xQueueReceive
                0x1000842a                xQueueSemaphoreTake
                0x1000850e                xQueuePeek
                0x100085fc                xQueueReceiveFromISR
                0x1000866e                xQueuePeekFromISR
                0x1000869c                uxQueueMessagesWaiting
                0x100086ae                uxQueueSpacesAvailable
                0x100086c4                uxQueueMessagesWaitingFromISR
                0x100086c8                xQueueIsQueueEmptyFromISR
                0x100086d6                xQueueIsQueueFullFromISR
                0x100086e6                vQueueAddToRegistry
                0x1000870c                pcQueueGetName
                0x10008730                vQueueUnregisterQueue
                0x10008758                vQueueDelete
                0x10008768                vQueueWaitForMessageRestricted
 .text.calloc   0x100087b8       0x18 c:/progra~2/gnuarm~1/102020~1/bin/../lib/gcc/arm-none-eabi/10.2.1/../../../../arm-none-eabi/lib/thumb/v6-m/nofp\libg.a(lib_a-calloc.o)
                0x100087b8                calloc
 .text._calloc_r
                0x100087d0       0x5c c:/progra~2/gnuarm~1/102020~1/bin/../lib/gcc/arm-none-eabi/10.2.1/../../../../arm-none-eabi/lib/thumb/v6-m/nofp\libg.a(lib_a-callocr.o)
                0x100087d0                _calloc_r
 .text.malloc   0x1000882c       0x14 c:/progra~2/gnuarm~1/102020~1/bin/../lib/gcc/arm-none-eabi/10.2.1/../../../../arm-none-eabi/lib/thumb/v6-m/nofp\libg.a(lib_a-malloc.o)
                0x1000882c                malloc
 .text._malloc_r
                0x10008840      0x580 c:/progra~2/gnuarm~1/102020~1/bin/../lib/gcc/arm-none-eabi/10.2.1/../../../../arm-none-eabi/lib/thumb/v6-m/nofp\libg.a(lib_a-mallocr.o)
                0x10008840                _malloc_r
 .text.__malloc_lock
                0x10008dc0       0x10 c:/progra~2/gnuarm~1/102020~1/bin/../lib/gcc/arm-none-eabi/10.2.1/../../../../arm-none-eabi/lib/thumb/v6-m/nofp\libg.a(lib_a-mlock.o)
                0x10008dc0                __malloc_lock
 .text.__malloc_unlock
                0x10008dd0       0x10 c:/progra~2/gnuarm~1/102020~1/bin/../lib/gcc/arm-none-eabi/10.2.1/../../../../arm-none-eabi/lib/thumb/v6-m/nofp\libg.a(lib_a-mlock.o)
                0x10008dd0                __malloc_unlock
 .text._sbrk_r  0x10008de0       0x24 c:/progra~2/gnuarm~1/102020~1/bin/../lib/gcc/arm-none-eabi/10.2.1/../../../../arm-none-eabi/lib/thumb/v6-m/nofp\libg.a(lib_a-sbrkr.o)
                0x10008de0                _sbrk_r
 .text.strlen   0x10008e04       0x5c c:/progra~2/gnuarm~1/102020~1/bin/../lib/gcc/arm-none-eabi/10.2.1/../../../../arm-none-eabi/lib/thumb/v6-m/nofp\libg.a(lib_a-strlen-stub.o)
                0x10008e04                strlen
 .text._malloc_trim_r
                0x10008e60       0x9c c:/progra~2/gnuarm~1/102020~1/bin/../lib/gcc/arm-none-eabi/10.2.1/../../../../arm-none-eabi/lib/thumb/v6-m/nofp\libg.a(lib_a-freer.o)
                0x10008e60                _malloc_trim_r
 .text._free_r  0x10008efc      0x1c4 c:/progra~2/gnuarm~1/102020~1/bin/../lib/gcc/arm-none-eabi/10.2.1/../../../../arm-none-eabi/lib/thumb/v6-m/nofp\libg.a(lib_a-freer.o)
                0x10008efc                _free_r
 .text.__retarget_lock_acquire_recursive
                0x100090c0        0x4 c:/progra~2/gnuarm~1/102020~1/bin/../lib/gcc/arm-none-eabi/10.2.1/../../../../arm-none-eabi/lib/thumb/v6-m/nofp\libg.a(lib_a-lock.o)
                0x100090c0                __retarget_lock_acquire_recursive
 .text.__retarget_lock_release_recursive
                0x100090c4        0x4 c:/progra~2/gnuarm~1/102020~1/bin/../lib/gcc/arm-none-eabi/10.2.1/../../../../arm-none-eabi/lib/thumb/v6-m/nofp\libg.a(lib_a-lock.o)
                0x100090c4                __retarget_lock_release_recursive
 *(.fini)
 .fini          0x100090c8        0x4 c:/progra~2/gnuarm~1/102020~1/bin/../lib/gcc/arm-none-eabi/10.2.1/thumb/v6-m/nofp/crti.o
                0x100090c8                _fini
 *fill*         0x100090cc        0x4 
 .fini.__stub   0x100090d0       0x60 linker stubs
 *crtbegin.o(.ctors)
 *crtbegin?.o(.ctors)
 *(EXCLUDE_FILE(*crtend.o *crtend?.o) .ctors)
 *(SORT_BY_NAME(.ctors.*))
 *(.ctors)
 *crtbegin.o(.dtors)
 *crtbegin?.o(.dtors)
 *(EXCLUDE_FILE(*crtend.o *crtend?.o) .dtors)
 *(SORT_BY_NAME(.dtors.*))
 *(.dtors)
 *(.eh_frame*)
 .eh_frame      0x10009130        0x0 c:/progra~2/gnuarm~1/102020~1/bin/../lib/gcc/arm-none-eabi/10.2.1/thumb/v6-m/nofp/crtbegin.o
                0x10009130                . = ALIGN (0x4)

.glue_7         0x10009130        0x0
 .glue_7        0x10009130        0x0 linker stubs

.glue_7t        0x10009130        0x0
 .glue_7t       0x10009130        0x0 linker stubs

.vfp11_veneer   0x10009130        0x0
 .vfp11_veneer  0x10009130        0x0 linker stubs

.v4_bx          0x10009130        0x0
 .v4_bx         0x10009130        0x0 linker stubs

.iplt           0x10009130        0x0
 .iplt          0x10009130        0x0 c:/progra~2/gnuarm~1/102020~1/bin/../lib/gcc/arm-none-eabi/10.2.1/thumb/v6-m/nofp/crtbegin.o

.rodata         0x10009130     0x1364
 *(EXCLUDE_FILE(*libm.a: *libc.a:*lib_a-mem*.o *libgcc.a:) .rodata*)
 .rodata.main.str1.4
                0x10009130       0x20 CMakeFiles/FreeRTOS_Blink.dir/src/main.c.obj
 .rodata.spin_lock_claim_unused.str1.4
                0x10009150       0x1b CMakeFiles/FreeRTOS_Blink.dir/E_/Pi_Pico/pico-sdk/src/rp2_common/hardware_sync/sync.c.obj
 *fill*         0x1000916b        0x1 
 .rodata.alarm_pool_dump_key.str1.4
                0x1000916c       0x63 CMakeFiles/FreeRTOS_Blink.dir/E_/Pi_Pico/pico-sdk/src/common/pico_time/time.c.obj
 *fill*         0x100091cf        0x1 
 .rodata.ph_add_child_node.str1.4
                0x100091d0       0x8e CMakeFiles/FreeRTOS_Blink.dir/E_/Pi_Pico/pico-sdk/src/common/pico_time/time.c.obj
 *fill*         0x1000925e        0x2 
 .rodata.add_alarm_under_lock.str1.4
                0x10009260       0x27 CMakeFiles/FreeRTOS_Blink.dir/E_/Pi_Pico/pico-sdk/src/common/pico_time/time.c.obj
 *fill*         0x10009287        0x1 
 .rodata.alarm_pool_alarm_callback.str1.4
                0x10009288       0x7d CMakeFiles/FreeRTOS_Blink.dir/E_/Pi_Pico/pico-sdk/src/common/pico_time/time.c.obj
 *fill*         0x10009305        0x3 
 .rodata.alarm_pool_get_default.str1.4
                0x10009308       0x13 CMakeFiles/FreeRTOS_Blink.dir/E_/Pi_Pico/pico-sdk/src/common/pico_time/time.c.obj
 *fill*         0x1000931b        0x1 
 .rodata.alarm_pool_cancel_alarm.str1.4
                0x1000931c       0x27 CMakeFiles/FreeRTOS_Blink.dir/E_/Pi_Pico/pico-sdk/src/common/pico_time/time.c.obj
 *fill*         0x10009343        0x1 
 .rodata.__func__.0
                0x10009344       0x18 CMakeFiles/FreeRTOS_Blink.dir/E_/Pi_Pico/pico-sdk/src/common/pico_time/time.c.obj
 .rodata.__func__.10
                0x1000935c       0x17 CMakeFiles/FreeRTOS_Blink.dir/E_/Pi_Pico/pico-sdk/src/common/pico_time/time.c.obj
 *fill*         0x10009373        0x1 
 .rodata.__func__.2
                0x10009374       0x12 CMakeFiles/FreeRTOS_Blink.dir/E_/Pi_Pico/pico-sdk/src/common/pico_time/time.c.obj
 *fill*         0x10009386        0x2 
 .rodata.__func__.3
                0x10009388       0x14 CMakeFiles/FreeRTOS_Blink.dir/E_/Pi_Pico/pico-sdk/src/common/pico_time/time.c.obj
 .rodata.__func__.4
                0x1000939c       0x12 CMakeFiles/FreeRTOS_Blink.dir/E_/Pi_Pico/pico-sdk/src/common/pico_time/time.c.obj
 *fill*         0x100093ae        0x2 
 .rodata.__func__.5
                0x100093b0        0xa CMakeFiles/FreeRTOS_Blink.dir/E_/Pi_Pico/pico-sdk/src/common/pico_time/time.c.obj
 *fill*         0x100093ba        0x2 
 .rodata.__func__.6
                0x100093bc        0xc CMakeFiles/FreeRTOS_Blink.dir/E_/Pi_Pico/pico-sdk/src/common/pico_time/time.c.obj
 .rodata.__func__.7
                0x100093c8       0x15 CMakeFiles/FreeRTOS_Blink.dir/E_/Pi_Pico/pico-sdk/src/common/pico_time/time.c.obj
 *fill*         0x100093dd        0x3 
 .rodata.__func__.8
                0x100093e0       0x1a CMakeFiles/FreeRTOS_Blink.dir/E_/Pi_Pico/pico-sdk/src/common/pico_time/time.c.obj
 *fill*         0x100093fa        0x2 
 .rodata.__func__.9
                0x100093fc        0xa CMakeFiles/FreeRTOS_Blink.dir/E_/Pi_Pico/pico-sdk/src/common/pico_time/time.c.obj
 *fill*         0x10009406        0x2 
 .rodata.hardware_alarm_claim.str1.4
                0x10009408       0x22 CMakeFiles/FreeRTOS_Blink.dir/E_/Pi_Pico/pico-sdk/src/rp2_common/hardware_timer/timer.c.obj
 *fill*         0x1000942a        0x2 
 .rodata.hardware_alarm_set_target.str1.4
                0x1000942c       0x5e CMakeFiles/FreeRTOS_Blink.dir/E_/Pi_Pico/pico-sdk/src/rp2_common/hardware_timer/timer.c.obj
 *fill*         0x1000948a        0x2 
 .rodata.__func__.0
                0x1000948c       0x1a CMakeFiles/FreeRTOS_Blink.dir/E_/Pi_Pico/pico-sdk/src/rp2_common/hardware_timer/timer.c.obj
 *fill*         0x100094a6        0x2 
 .rodata.lock_init.str1.4
                0x100094a8       0x61 CMakeFiles/FreeRTOS_Blink.dir/E_/Pi_Pico/pico-sdk/src/common/pico_sync/lock_core.c.obj
 *fill*         0x10009509        0x3 
 .rodata.__func__.0
                0x1000950c        0xa CMakeFiles/FreeRTOS_Blink.dir/E_/Pi_Pico/pico-sdk/src/common/pico_sync/lock_core.c.obj
 *fill*         0x10009516        0x2 
 .rodata.str1.4
                0x10009518       0x58 CMakeFiles/FreeRTOS_Blink.dir/E_/Pi_Pico/pico-sdk/src/common/pico_sync/mutex.c.obj
 .rodata.__func__.0
                0x10009570        0xb CMakeFiles/FreeRTOS_Blink.dir/E_/Pi_Pico/pico-sdk/src/common/pico_sync/mutex.c.obj
 *fill*         0x1000957b        0x1 
 .rodata.__func__.1
                0x1000957c       0x18 CMakeFiles/FreeRTOS_Blink.dir/E_/Pi_Pico/pico-sdk/src/common/pico_sync/mutex.c.obj
 .rodata.__func__.2
                0x10009594       0x15 CMakeFiles/FreeRTOS_Blink.dir/E_/Pi_Pico/pico-sdk/src/common/pico_sync/mutex.c.obj
 .rodata.ph_add_child_node.str1.4
                0x100095a9       0x8e CMakeFiles/FreeRTOS_Blink.dir/E_/Pi_Pico/pico-sdk/src/common/pico_util/pheap.c.obj
 *fill*         0x100095a9        0x3 
 .rodata.ph_remove_any_head.str1.4
                0x100095ac       0x88 CMakeFiles/FreeRTOS_Blink.dir/E_/Pi_Pico/pico-sdk/src/common/pico_util/pheap.c.obj
 .rodata.ph_delete.str1.4
                0x10009634       0x26 CMakeFiles/FreeRTOS_Blink.dir/E_/Pi_Pico/pico-sdk/src/common/pico_util/pheap.c.obj
 *fill*         0x1000965a        0x2 
 .rodata.__func__.0
                0x1000965c        0xa CMakeFiles/FreeRTOS_Blink.dir/E_/Pi_Pico/pico-sdk/src/common/pico_util/pheap.c.obj
 *fill*         0x10009666        0x2 
 .rodata.__func__.1
                0x10009668       0x13 CMakeFiles/FreeRTOS_Blink.dir/E_/Pi_Pico/pico-sdk/src/common/pico_util/pheap.c.obj
 *fill*         0x1000967b        0x1 
 .rodata.__func__.2
                0x1000967c       0x12 CMakeFiles/FreeRTOS_Blink.dir/E_/Pi_Pico/pico-sdk/src/common/pico_util/pheap.c.obj
 *fill*         0x1000968e        0x2 
 .rodata.__func__.3
                0x10009690        0xc CMakeFiles/FreeRTOS_Blink.dir/E_/Pi_Pico/pico-sdk/src/common/pico_util/pheap.c.obj
 .rodata.__assert_func.str1.4
                0x1000969c       0x3f CMakeFiles/FreeRTOS_Blink.dir/E_/Pi_Pico/pico-sdk/src/rp2_common/pico_runtime/runtime.c.obj
                                 0x43 (size before relaxing)
 *fill*         0x100096db        0x1 
 .rodata.panic.str1.4
                0x100096dc       0x12 CMakeFiles/FreeRTOS_Blink.dir/E_/Pi_Pico/pico-sdk/src/rp2_common/pico_runtime/runtime.c.obj
 *fill*         0x100096ee        0x2 
 .rodata.clock_configure.str1.4
                0x100096f0       0x50 CMakeFiles/FreeRTOS_Blink.dir/E_/Pi_Pico/pico-sdk/src/rp2_common/hardware_clocks/clocks.c.obj
 .rodata.__func__.1
                0x10009740       0x10 CMakeFiles/FreeRTOS_Blink.dir/E_/Pi_Pico/pico-sdk/src/rp2_common/hardware_clocks/clocks.c.obj
 .rodata.pll_init.str1.4
                0x10009750       0xd3 CMakeFiles/FreeRTOS_Blink.dir/E_/Pi_Pico/pico-sdk/src/rp2_common/hardware_pll/pll.c.obj
 *fill*         0x10009823        0x1 
 .rodata.__func__.0
                0x10009824        0x9 CMakeFiles/FreeRTOS_Blink.dir/E_/Pi_Pico/pico-sdk/src/rp2_common/hardware_pll/pll.c.obj
 *fill*         0x1000982d        0x3 
 .rodata.make_branch.str1.4
                0x10009830       0x46 CMakeFiles/FreeRTOS_Blink.dir/E_/Pi_Pico/pico-sdk/src/rp2_common/hardware_irq/irq.c.obj
 *fill*         0x10009876        0x2 
 .rodata.irq_set_exclusive_handler.str1.4
                0x10009878       0x36 CMakeFiles/FreeRTOS_Blink.dir/E_/Pi_Pico/pico-sdk/src/rp2_common/hardware_irq/irq.c.obj
 *fill*         0x100098ae        0x2 
 .rodata.irq_add_shared_handler.str1.4
                0x100098b0       0xd9 CMakeFiles/FreeRTOS_Blink.dir/E_/Pi_Pico/pico-sdk/src/rp2_common/hardware_irq/irq.c.obj
 *fill*         0x10009989        0x3 
 .rodata.irq_remove_handler.str1.4
                0x1000998c       0x2a CMakeFiles/FreeRTOS_Blink.dir/E_/Pi_Pico/pico-sdk/src/rp2_common/hardware_irq/irq.c.obj
 *fill*         0x100099b6        0x2 
 .rodata.irq_add_tail_to_free_list.str1.4
                0x100099b8       0x32 CMakeFiles/FreeRTOS_Blink.dir/E_/Pi_Pico/pico-sdk/src/rp2_common/hardware_irq/irq.c.obj
                                 0x3a (size before relaxing)
 *fill*         0x100099ea        0x2 
 .rodata.__func__.0
                0x100099ec       0x1a CMakeFiles/FreeRTOS_Blink.dir/E_/Pi_Pico/pico-sdk/src/rp2_common/hardware_irq/irq.c.obj
 *fill*         0x10009a06        0x2 
 .rodata.__func__.1
                0x10009a08       0x17 CMakeFiles/FreeRTOS_Blink.dir/E_/Pi_Pico/pico-sdk/src/rp2_common/hardware_irq/irq.c.obj
 *fill*         0x10009a1f        0x1 
 .rodata.__func__.2
                0x10009a20       0x13 CMakeFiles/FreeRTOS_Blink.dir/E_/Pi_Pico/pico-sdk/src/rp2_common/hardware_irq/irq.c.obj
 *fill*         0x10009a33        0x1 
 .rodata.__func__.3
                0x10009a34        0xc CMakeFiles/FreeRTOS_Blink.dir/E_/Pi_Pico/pico-sdk/src/rp2_common/hardware_irq/irq.c.obj
 .rodata.__func__.4
                0x10009a40        0xf CMakeFiles/FreeRTOS_Blink.dir/E_/Pi_Pico/pico-sdk/src/rp2_common/hardware_irq/irq.c.obj
 *fill*         0x10009a4f        0x1 
 .rodata.__func__.6
                0x10009a50       0x1a CMakeFiles/FreeRTOS_Blink.dir/E_/Pi_Pico/pico-sdk/src/rp2_common/hardware_irq/irq.c.obj
 *fill*         0x10009a6a        0x2 
 .rodata._ftoa.str1.4
                0x10009a6c       0x15 CMakeFiles/FreeRTOS_Blink.dir/E_/Pi_Pico/pico-sdk/src/rp2_common/pico_printf/printf.c.obj
 *fill*         0x10009a81        0x3 
 .rodata._vsnprintf
                0x10009a84      0x1e0 CMakeFiles/FreeRTOS_Blink.dir/E_/Pi_Pico/pico-sdk/src/rp2_common/pico_printf/printf.c.obj
 *fill*         0x10009c64        0x4 
 .rodata.pow10.0
                0x10009c68       0x50 CMakeFiles/FreeRTOS_Blink.dir/E_/Pi_Pico/pico-sdk/src/rp2_common/pico_printf/printf.c.obj
 .rodata.__aeabi_double_init.str1.4
                0x10009cb8       0xa1 CMakeFiles/FreeRTOS_Blink.dir/E_/Pi_Pico/pico-sdk/src/rp2_common/pico_double/double_init_rom.c.obj
 *fill*         0x10009d59        0x3 
 .rodata.__func__.0
                0x10009d5c       0x14 CMakeFiles/FreeRTOS_Blink.dir/E_/Pi_Pico/pico-sdk/src/rp2_common/pico_double/double_init_rom.c.obj
 .rodata.__aeabi_float_init.str1.4
                0x10009d70       0x73 CMakeFiles/FreeRTOS_Blink.dir/E_/Pi_Pico/pico-sdk/src/rp2_common/pico_float/float_init_rom.c.obj
                                 0x77 (size before relaxing)
 *fill*         0x10009de3        0x1 
 .rodata.__func__.0
                0x10009de4       0x13 CMakeFiles/FreeRTOS_Blink.dir/E_/Pi_Pico/pico-sdk/src/rp2_common/pico_float/float_init_rom.c.obj
 *fill*         0x10009df7        0x1 
 .rodata.str1.4
                0x10009df8       0x34 CMakeFiles/FreeRTOS_Blink.dir/E_/Pi_Pico/pico-sdk/src/rp2_common/pico_standard_link/binary_info.c.obj
 .rodata.__bi_40
                0x10009e2c        0xc CMakeFiles/FreeRTOS_Blink.dir/E_/Pi_Pico/pico-sdk/src/rp2_common/pico_standard_link/binary_info.c.obj
 .rodata.__bi_71
                0x10009e38        0xc CMakeFiles/FreeRTOS_Blink.dir/E_/Pi_Pico/pico-sdk/src/rp2_common/pico_standard_link/binary_info.c.obj
 .rodata.crlf_str.1
                0x10009e44        0x2 CMakeFiles/FreeRTOS_Blink.dir/E_/Pi_Pico/pico-sdk/src/rp2_common/pico_stdio/stdio.c.obj
 *fill*         0x10009e46        0x2 
 .rodata.str1.4
                0x10009e48       0x13 CMakeFiles/FreeRTOS_Blink.dir/E_/Pi_Pico/pico-sdk/src/rp2_common/pico_stdio_usb/stdio_usb.c.obj
 *fill*         0x10009e5b        0x1 
 .rodata.__bi_93.0
                0x10009e5c        0xc CMakeFiles/FreeRTOS_Blink.dir/E_/Pi_Pico/pico-sdk/src/rp2_common/pico_stdio_usb/stdio_usb.c.obj
 .rodata.str1.4
                0x10009e68       0x32 CMakeFiles/FreeRTOS_Blink.dir/E_/Pi_Pico/pico-sdk/src/rp2_common/pico_stdio_usb/stdio_usb_descriptors.c.obj
 *fill*         0x10009e9a        0x2 
 .rodata.usbd_desc_cfg
                0x10009e9c       0x4b CMakeFiles/FreeRTOS_Blink.dir/E_/Pi_Pico/pico-sdk/src/rp2_common/pico_stdio_usb/stdio_usb_descriptors.c.obj
 *fill*         0x10009ee7        0x1 
 .rodata.usbd_desc_device
                0x10009ee8       0x12 CMakeFiles/FreeRTOS_Blink.dir/E_/Pi_Pico/pico-sdk/src/rp2_common/pico_stdio_usb/stdio_usb_descriptors.c.obj
 *fill*         0x10009efa        0x2 
 .rodata.usbd_desc_str
                0x10009efc       0x14 CMakeFiles/FreeRTOS_Blink.dir/E_/Pi_Pico/pico-sdk/src/rp2_common/pico_stdio_usb/stdio_usb_descriptors.c.obj
 .rodata._hw_endpoint_alloc.str1.4
                0x10009f10       0xb1 CMakeFiles/FreeRTOS_Blink.dir/E_/Pi_Pico/pico-sdk/lib/tinyusb/src/portable/raspberrypi/rp2040/dcd_rp2040.c.obj
 *fill*         0x10009fc1        0x3 
 .rodata._hw_endpoint_init.str1.4
                0x10009fc4       0x28 CMakeFiles/FreeRTOS_Blink.dir/E_/Pi_Pico/pico-sdk/lib/tinyusb/src/portable/raspberrypi/rp2040/dcd_rp2040.c.obj
 .rodata.hw_handle_buff_status.str1.4
                0x10009fec        0xb CMakeFiles/FreeRTOS_Blink.dir/E_/Pi_Pico/pico-sdk/lib/tinyusb/src/portable/raspberrypi/rp2040/dcd_rp2040.c.obj
 *fill*         0x10009ff7        0x1 
 .rodata.dcd_rp2040_irq.str1.4
                0x10009ff8       0x14 CMakeFiles/FreeRTOS_Blink.dir/E_/Pi_Pico/pico-sdk/lib/tinyusb/src/portable/raspberrypi/rp2040/dcd_rp2040.c.obj
 .rodata._hw_endpoint_stall.str1.4
                0x1000a00c        0xd CMakeFiles/FreeRTOS_Blink.dir/E_/Pi_Pico/pico-sdk/lib/tinyusb/src/portable/raspberrypi/rp2040/dcd_rp2040.c.obj
 *fill*         0x1000a019        0x3 
 .rodata.dcd_int_enable.str1.4
                0x1000a01c        0xc CMakeFiles/FreeRTOS_Blink.dir/E_/Pi_Pico/pico-sdk/lib/tinyusb/src/portable/raspberrypi/rp2040/dcd_rp2040.c.obj
 .rodata.__func__.0
                0x1000a028       0x15 CMakeFiles/FreeRTOS_Blink.dir/E_/Pi_Pico/pico-sdk/lib/tinyusb/src/portable/raspberrypi/rp2040/dcd_rp2040.c.obj
 *fill*         0x1000a03d        0x3 
 .rodata.__func__.1
                0x1000a040       0x13 CMakeFiles/FreeRTOS_Blink.dir/E_/Pi_Pico/pico-sdk/lib/tinyusb/src/portable/raspberrypi/rp2040/dcd_rp2040.c.obj
 *fill*         0x1000a053        0x1 
 .rodata.__func__.10
                0x1000a054        0xf CMakeFiles/FreeRTOS_Blink.dir/E_/Pi_Pico/pico-sdk/lib/tinyusb/src/portable/raspberrypi/rp2040/dcd_rp2040.c.obj
 *fill*         0x1000a063        0x1 
 .rodata.__func__.11
                0x1000a064       0x13 CMakeFiles/FreeRTOS_Blink.dir/E_/Pi_Pico/pico-sdk/lib/tinyusb/src/portable/raspberrypi/rp2040/dcd_rp2040.c.obj
 *fill*         0x1000a077        0x1 
 .rodata.__func__.12
                0x1000a078       0x16 CMakeFiles/FreeRTOS_Blink.dir/E_/Pi_Pico/pico-sdk/lib/tinyusb/src/portable/raspberrypi/rp2040/dcd_rp2040.c.obj
 *fill*         0x1000a08e        0x2 
 .rodata.__func__.13
                0x1000a090        0x9 CMakeFiles/FreeRTOS_Blink.dir/E_/Pi_Pico/pico-sdk/lib/tinyusb/src/portable/raspberrypi/rp2040/dcd_rp2040.c.obj
 *fill*         0x1000a099        0x3 
 .rodata.__func__.2
                0x1000a09c        0xf CMakeFiles/FreeRTOS_Blink.dir/E_/Pi_Pico/pico-sdk/lib/tinyusb/src/portable/raspberrypi/rp2040/dcd_rp2040.c.obj
 *fill*         0x1000a0ab        0x1 
 .rodata.__func__.3
                0x1000a0ac        0xe CMakeFiles/FreeRTOS_Blink.dir/E_/Pi_Pico/pico-sdk/lib/tinyusb/src/portable/raspberrypi/rp2040/dcd_rp2040.c.obj
 *fill*         0x1000a0ba        0x2 
 .rodata.__func__.4
                0x1000a0bc        0xe CMakeFiles/FreeRTOS_Blink.dir/E_/Pi_Pico/pico-sdk/lib/tinyusb/src/portable/raspberrypi/rp2040/dcd_rp2040.c.obj
 *fill*         0x1000a0ca        0x2 
 .rodata.__func__.5
                0x1000a0cc       0x1a CMakeFiles/FreeRTOS_Blink.dir/E_/Pi_Pico/pico-sdk/lib/tinyusb/src/portable/raspberrypi/rp2040/dcd_rp2040.c.obj
 *fill*         0x1000a0e6        0x2 
 .rodata.__func__.6
                0x1000a0e8        0xc CMakeFiles/FreeRTOS_Blink.dir/E_/Pi_Pico/pico-sdk/lib/tinyusb/src/portable/raspberrypi/rp2040/dcd_rp2040.c.obj
 .rodata.__func__.8
                0x1000a0f4       0x10 CMakeFiles/FreeRTOS_Blink.dir/E_/Pi_Pico/pico-sdk/lib/tinyusb/src/portable/raspberrypi/rp2040/dcd_rp2040.c.obj
 .rodata._hw_endpoint_buffer_control_update32.str1.4
                0x1000a104       0x1f CMakeFiles/FreeRTOS_Blink.dir/E_/Pi_Pico/pico-sdk/lib/tinyusb/src/portable/raspberrypi/rp2040/rp2040_usb.c.obj
 *fill*         0x1000a123        0x1 
 .rodata._hw_endpoint_xfer_sync.str1.4
                0x1000a124       0x8d CMakeFiles/FreeRTOS_Blink.dir/E_/Pi_Pico/pico-sdk/lib/tinyusb/src/portable/raspberrypi/rp2040/rp2040_usb.c.obj
 *fill*         0x1000a1b1        0x3 
 .rodata._hw_endpoint_xfer_continue.str1.4
                0x1000a1b4       0x50 CMakeFiles/FreeRTOS_Blink.dir/E_/Pi_Pico/pico-sdk/lib/tinyusb/src/portable/raspberrypi/rp2040/rp2040_usb.c.obj
 .rodata._hw_endpoint_xfer.str1.4
                0x1000a204        0xf CMakeFiles/FreeRTOS_Blink.dir/E_/Pi_Pico/pico-sdk/lib/tinyusb/src/portable/raspberrypi/rp2040/rp2040_usb.c.obj
 *fill*         0x1000a213        0x1 
 .rodata.str1.4
                0x1000a214        0x7 CMakeFiles/FreeRTOS_Blink.dir/E_/Pi_Pico/pico-sdk/lib/tinyusb/src/portable/raspberrypi/rp2040/rp2040_usb.c.obj
 *fill*         0x1000a21b        0x1 
 .rodata.__func__.0
                0x1000a21c       0x12 CMakeFiles/FreeRTOS_Blink.dir/E_/Pi_Pico/pico-sdk/lib/tinyusb/src/portable/raspberrypi/rp2040/rp2040_usb.c.obj
 *fill*         0x1000a22e        0x2 
 .rodata.__func__.1
                0x1000a230       0x17 CMakeFiles/FreeRTOS_Blink.dir/E_/Pi_Pico/pico-sdk/lib/tinyusb/src/portable/raspberrypi/rp2040/rp2040_usb.c.obj
 *fill*         0x1000a247        0x1 
 .rodata.process_set_config.str1.4
                0x1000a248       0x17 CMakeFiles/FreeRTOS_Blink.dir/E_/Pi_Pico/pico-sdk/lib/tinyusb/src/device/usbd.c.obj
 *fill*         0x1000a25f        0x1 
 .rodata.process_get_descriptor
                0x1000a260       0x40 CMakeFiles/FreeRTOS_Blink.dir/E_/Pi_Pico/pico-sdk/lib/tinyusb/src/device/usbd.c.obj
 .rodata.dcd_event_handler.str1.4
                0x1000a2a0       0x45 CMakeFiles/FreeRTOS_Blink.dir/E_/Pi_Pico/pico-sdk/lib/tinyusb/src/device/usbd.c.obj
 *fill*         0x1000a2e5        0x3 
 .rodata.process_control_request
                0x1000a2e8       0x28 CMakeFiles/FreeRTOS_Blink.dir/E_/Pi_Pico/pico-sdk/lib/tinyusb/src/device/usbd.c.obj
 .rodata.tud_task
                0x1000a310       0x24 CMakeFiles/FreeRTOS_Blink.dir/E_/Pi_Pico/pico-sdk/lib/tinyusb/src/device/usbd.c.obj
 .rodata.__func__.1
                0x1000a334        0xf CMakeFiles/FreeRTOS_Blink.dir/E_/Pi_Pico/pico-sdk/lib/tinyusb/src/device/usbd.c.obj
 *fill*         0x1000a343        0x1 
 .rodata.__func__.2
                0x1000a344       0x14 CMakeFiles/FreeRTOS_Blink.dir/E_/Pi_Pico/pico-sdk/lib/tinyusb/src/device/usbd.c.obj
 .rodata.__func__.3
                0x1000a358       0x10 CMakeFiles/FreeRTOS_Blink.dir/E_/Pi_Pico/pico-sdk/lib/tinyusb/src/device/usbd.c.obj
 .rodata.__func__.4
                0x1000a368       0x17 CMakeFiles/FreeRTOS_Blink.dir/E_/Pi_Pico/pico-sdk/lib/tinyusb/src/device/usbd.c.obj
 *fill*         0x1000a37f        0x1 
 .rodata.__func__.5
                0x1000a380       0x13 CMakeFiles/FreeRTOS_Blink.dir/E_/Pi_Pico/pico-sdk/lib/tinyusb/src/device/usbd.c.obj
 *fill*         0x1000a393        0x1 
 .rodata.__func__.6
                0x1000a394       0x18 CMakeFiles/FreeRTOS_Blink.dir/E_/Pi_Pico/pico-sdk/lib/tinyusb/src/device/usbd.c.obj
 .rodata.__func__.7
                0x1000a3ac       0x13 CMakeFiles/FreeRTOS_Blink.dir/E_/Pi_Pico/pico-sdk/lib/tinyusb/src/device/usbd.c.obj
 *fill*         0x1000a3bf        0x1 
 .rodata.__func__.8
                0x1000a3c0        0x9 CMakeFiles/FreeRTOS_Blink.dir/E_/Pi_Pico/pico-sdk/lib/tinyusb/src/device/usbd.c.obj
 *fill*         0x1000a3c9        0x3 
 .rodata._usbd_driver
                0x1000a3cc       0x1c CMakeFiles/FreeRTOS_Blink.dir/E_/Pi_Pico/pico-sdk/lib/tinyusb/src/device/usbd.c.obj
 .rodata.tud_control_xfer.str1.4
                0x1000a3e8       0x17 CMakeFiles/FreeRTOS_Blink.dir/E_/Pi_Pico/pico-sdk/lib/tinyusb/src/device/usbd_control.c.obj
 .rodata.__func__.0
                0x1000a3e8       0x15 CMakeFiles/FreeRTOS_Blink.dir/E_/Pi_Pico/pico-sdk/lib/tinyusb/src/device/usbd_control.c.obj
 *fill*         0x1000a3fd        0x3 
 .rodata.__func__.1
                0x1000a400       0x11 CMakeFiles/FreeRTOS_Blink.dir/E_/Pi_Pico/pico-sdk/lib/tinyusb/src/device/usbd_control.c.obj
 .rodata.tud_cdc_n_write_flush.str1.4
                0x1000a411       0x17 CMakeFiles/FreeRTOS_Blink.dir/E_/Pi_Pico/pico-sdk/lib/tinyusb/src/class/cdc/cdc_device.c.obj
 *fill*         0x1000a411        0x3 
 .rodata.__func__.0
                0x1000a414        0xd CMakeFiles/FreeRTOS_Blink.dir/E_/Pi_Pico/pico-sdk/lib/tinyusb/src/class/cdc/cdc_device.c.obj
 *fill*         0x1000a421        0x3 
 .rodata.__func__.1
                0x1000a424        0xa CMakeFiles/FreeRTOS_Blink.dir/E_/Pi_Pico/pico-sdk/lib/tinyusb/src/class/cdc/cdc_device.c.obj
 *fill*         0x1000a42e        0x2 
 .rodata.__func__.2
                0x1000a430       0x16 CMakeFiles/FreeRTOS_Blink.dir/E_/Pi_Pico/pico-sdk/lib/tinyusb/src/class/cdc/cdc_device.c.obj
 .rodata.tusb_init.str1.4
                0x1000a446       0x17 CMakeFiles/FreeRTOS_Blink.dir/E_/Pi_Pico/pico-sdk/lib/tinyusb/src/tusb.c.obj
 *fill*         0x1000a446        0x2 
 .rodata.__func__.0
                0x1000a448        0xa CMakeFiles/FreeRTOS_Blink.dir/E_/Pi_Pico/pico-sdk/lib/tinyusb/src/tusb.c.obj
 *fill*         0x1000a452        0x2 
 .rodata.str1.4
                0x1000a454        0x5 libFreeRTOS.a(tasks.c.obj)
 *fill*         0x1000a459        0x3 
 .rodata.str1.4
                0x1000a45c       0x10 libFreeRTOS.a(timers.c.obj)
 .rodata        0x1000a46c       0x28 libFreeRTOS.a(timers.c.obj)
                0x1000a494                . = ALIGN (0x4)
 *(SORT_BY_ALIGNMENT(SORT_BY_NAME(.flashdata*)))
                0x1000a494                . = ALIGN (0x4)

.rel.dyn        0x1000a494        0x0
 .rel.iplt      0x1000a494        0x0 c:/progra~2/gnuarm~1/102020~1/bin/../lib/gcc/arm-none-eabi/10.2.1/thumb/v6-m/nofp/crtbegin.o

.ARM.extab
 *(.ARM.extab* .gnu.linkonce.armextab.*)
                0x1000a494                __exidx_start = .

.ARM.exidx
 *(.ARM.exidx* .gnu.linkonce.armexidx.*)
                0x1000a494                __exidx_end = .
                0x1000a494                . = ALIGN (0x4)
                0x1000a494                __binary_info_start = .

.binary_info    0x1000a494       0x1c
 *(.binary_info.keep.*)
 .binary_info.keep.__bi_ptr18
                0x1000a494        0x4 CMakeFiles/FreeRTOS_Blink.dir/E_/Pi_Pico/pico-sdk/src/rp2_common/pico_standard_link/binary_info.c.obj
 .binary_info.keep.__bi_ptr26
                0x1000a498        0x4 CMakeFiles/FreeRTOS_Blink.dir/E_/Pi_Pico/pico-sdk/src/rp2_common/pico_standard_link/binary_info.c.obj
 .binary_info.keep.__bi_ptr34
                0x1000a49c        0x4 CMakeFiles/FreeRTOS_Blink.dir/E_/Pi_Pico/pico-sdk/src/rp2_common/pico_standard_link/binary_info.c.obj
 .binary_info.keep.__bi_ptr40
                0x1000a4a0        0x4 CMakeFiles/FreeRTOS_Blink.dir/E_/Pi_Pico/pico-sdk/src/rp2_common/pico_standard_link/binary_info.c.obj
 .binary_info.keep.__bi_ptr46
                0x1000a4a4        0x4 CMakeFiles/FreeRTOS_Blink.dir/E_/Pi_Pico/pico-sdk/src/rp2_common/pico_standard_link/binary_info.c.obj
 .binary_info.keep.__bi_ptr71
                0x1000a4a8        0x4 CMakeFiles/FreeRTOS_Blink.dir/E_/Pi_Pico/pico-sdk/src/rp2_common/pico_standard_link/binary_info.c.obj
 *(.binary_info.*)
 .binary_info.__bi_ptr93
                0x1000a4ac        0x4 CMakeFiles/FreeRTOS_Blink.dir/E_/Pi_Pico/pico-sdk/src/rp2_common/pico_stdio_usb/stdio_usb.c.obj
                0x1000a4b0                __binary_info_end = .
                0x1000a4b0                . = ALIGN (0x4)
                0x1000a4b0                __etext = .

.ram_vector_table
                0x20000000       0xc0
 *(.ram_vector_table)
 .ram_vector_table
                0x20000000       0xc0 CMakeFiles/FreeRTOS_Blink.dir/E_/Pi_Pico/pico-sdk/src/rp2_common/pico_runtime/runtime.c.obj
                0x20000000                ram_vector_table

.data           0x200000c0      0xb0c load address 0x1000a4b0
                0x200000c0                __data_start__ = .
 *(vtable)
 *(.time_critical*)
 .time_critical.mutex_enter_blocking
                0x200000c0       0x64 CMakeFiles/FreeRTOS_Blink.dir/E_/Pi_Pico/pico-sdk/src/common/pico_sync/mutex.c.obj
                0x200000c0                mutex_enter_blocking
 .time_critical.mutex_try_enter
                0x20000124       0x44 CMakeFiles/FreeRTOS_Blink.dir/E_/Pi_Pico/pico-sdk/src/common/pico_sync/mutex.c.obj
                0x20000124                mutex_try_enter
 .time_critical.mutex_enter_block_until
                0x20000168       0x78 CMakeFiles/FreeRTOS_Blink.dir/E_/Pi_Pico/pico-sdk/src/common/pico_sync/mutex.c.obj
                0x20000168                mutex_enter_block_until
 .time_critical.mutex_enter_timeout_ms
                0x200001e0       0x4a CMakeFiles/FreeRTOS_Blink.dir/E_/Pi_Pico/pico-sdk/src/common/pico_sync/mutex.c.obj
                0x200001e0                mutex_enter_timeout_ms
 *fill*         0x2000022a        0x2 
 .time_critical.mutex_exit
                0x2000022c       0x4c CMakeFiles/FreeRTOS_Blink.dir/E_/Pi_Pico/pico-sdk/src/common/pico_sync/mutex.c.obj
                0x2000022c                mutex_exit
 *(.text*)
 .text          0x20000278        0x4 c:/progra~2/gnuarm~1/102020~1/bin/../lib/gcc/arm-none-eabi/10.2.1/thumb/v6-m/nofp\libgcc.a(_dvmd_tls.o)
                0x20000278                __aeabi_idiv0
                0x20000278                __aeabi_ldiv0
 *fill*         0x2000027c        0x4 
 .text.__stub   0x20000280       0x40 linker stubs
                0x200002c0                . = ALIGN (0x4)
 *(.rodata*)
                0x200002c0                . = ALIGN (0x4)
 *(.data*)
 .data.striped_spin_lock_num
                0x200002c0        0x1 CMakeFiles/FreeRTOS_Blink.dir/E_/Pi_Pico/pico-sdk/src/rp2_common/hardware_sync/sync.c.obj
 *fill*         0x200002c1        0x3 
 .data          0x200002c4       0x48 CMakeFiles/FreeRTOS_Blink.dir/E_/Pi_Pico/pico-sdk/src/rp2_common/hardware_irq/irq_handler_chain.S.obj
                0x200002c4                irq_handler_chain_slots
                0x200002f4                irq_handler_chain_first_slot
                0x200002fe                irq_handler_chain_remove_tail
 *fill*         0x2000030c        0x4 
 .data.aeabi_bits_funcs
                0x20000310       0x10 CMakeFiles/FreeRTOS_Blink.dir/E_/Pi_Pico/pico-sdk/src/rp2_common/pico_bit_ops/bit_ops_aeabi.S.obj
                0x20000310                aeabi_bits_funcs
                0x20000320                aeabi_bits_funcs_end
 .data.aeabi_mem_funcs
                0x20000320       0x10 CMakeFiles/FreeRTOS_Blink.dir/E_/Pi_Pico/pico-sdk/src/rp2_common/pico_mem_ops/mem_ops_aeabi.S.obj
                0x20000320                aeabi_mem_funcs
                0x20000330                aeabi_mem_funcs_end
 .data.stdio_usb
                0x20000330       0x14 CMakeFiles/FreeRTOS_Blink.dir/E_/Pi_Pico/pico-sdk/src/rp2_common/pico_stdio_usb/stdio_usb.c.obj
                0x20000330                stdio_usb
 .data.ep_dir_string
                0x20000344        0x8 CMakeFiles/FreeRTOS_Blink.dir/E_/Pi_Pico/pico-sdk/lib/tinyusb/src/portable/raspberrypi/rp2040/rp2040_usb.c.obj
                0x20000344                ep_dir_string
 .data._usbd_qdef
                0x2000034c       0x20 CMakeFiles/FreeRTOS_Blink.dir/E_/Pi_Pico/pico-sdk/lib/tinyusb/src/device/usbd.c.obj
                0x2000034c                _usbd_qdef
 .data          0x2000036c        0x4 libFreeRTOS.a(tasks.c.obj)
                0x2000036c                uxTopUsedPriority
 .data          0x20000370        0x4 libFreeRTOS.a(port.c.obj)
 .data._impure_ptr
                0x20000374        0x4 c:/progra~2/gnuarm~1/102020~1/bin/../lib/gcc/arm-none-eabi/10.2.1/../../../../arm-none-eabi/lib/thumb/v6-m/nofp\libg.a(lib_a-impure.o)
                0x20000374                _impure_ptr
 .data.impure_data
                0x20000378      0x428 c:/progra~2/gnuarm~1/102020~1/bin/../lib/gcc/arm-none-eabi/10.2.1/../../../../arm-none-eabi/lib/thumb/v6-m/nofp\libg.a(lib_a-impure.o)
 .data.__malloc_av_
                0x200007a0      0x408 c:/progra~2/gnuarm~1/102020~1/bin/../lib/gcc/arm-none-eabi/10.2.1/../../../../arm-none-eabi/lib/thumb/v6-m/nofp\libg.a(lib_a-mallocr.o)
                0x200007a0                __malloc_av_
 .data.__malloc_sbrk_base
                0x20000ba8        0x4 c:/progra~2/gnuarm~1/102020~1/bin/../lib/gcc/arm-none-eabi/10.2.1/../../../../arm-none-eabi/lib/thumb/v6-m/nofp\libg.a(lib_a-mallocr.o)
                0x20000ba8                __malloc_sbrk_base
 .data.__malloc_trim_threshold
                0x20000bac        0x4 c:/progra~2/gnuarm~1/102020~1/bin/../lib/gcc/arm-none-eabi/10.2.1/../../../../arm-none-eabi/lib/thumb/v6-m/nofp\libg.a(lib_a-mallocr.o)
                0x20000bac                __malloc_trim_threshold
                0x20000bb0                . = ALIGN (0x4)
 *(.after_data.*)
                0x20000bb0                . = ALIGN (0x4)
                0x20000bb0                PROVIDE (__mutex_array_start = .)
 *(SORT_BY_NAME(.mutex_array.*))
 *(.mutex_array)
 .mutex_array   0x20000bb0        0x8 CMakeFiles/FreeRTOS_Blink.dir/E_/Pi_Pico/pico-sdk/src/rp2_common/pico_stdio/stdio.c.obj
                0x20000bb8                PROVIDE (__mutex_array_end = .)
                0x20000bb8                . = ALIGN (0x4)
                0x20000bb8                PROVIDE (__preinit_array_start = .)
 *(SORT_BY_NAME(.preinit_array.*))
 .preinit_array.00001
                0x20000bb8        0x4 CMakeFiles/FreeRTOS_Blink.dir/E_/Pi_Pico/pico-sdk/src/rp2_common/pico_mem_ops/mem_ops_aeabi.S.obj
 .preinit_array.00010
                0x20000bbc        0x4 CMakeFiles/FreeRTOS_Blink.dir/E_/Pi_Pico/pico-sdk/src/rp2_common/pico_bit_ops/bit_ops_aeabi.S.obj
 .preinit_array.00020
                0x20000bc0        0x4 CMakeFiles/FreeRTOS_Blink.dir/E_/Pi_Pico/pico-sdk/src/rp2_common/pico_double/double_aeabi.S.obj
 .preinit_array.00020
                0x20000bc4        0x4 CMakeFiles/FreeRTOS_Blink.dir/E_/Pi_Pico/pico-sdk/src/rp2_common/pico_float/float_aeabi.S.obj
 *(.preinit_array)
                0x20000bc8                PROVIDE (__preinit_array_end = .)
                0x20000bc8                . = ALIGN (0x4)
                0x20000bc8                PROVIDE (__init_array_start = .)
 *(SORT_BY_NAME(.init_array.*))
 *(.init_array)
 .init_array    0x20000bc8        0x4 c:/progra~2/gnuarm~1/102020~1/bin/../lib/gcc/arm-none-eabi/10.2.1/thumb/v6-m/nofp/crtbegin.o
                0x20000bcc                PROVIDE (__init_array_end = .)
                0x20000bcc                . = ALIGN (0x4)
                [!provide]                PROVIDE (__fini_array_start = .)
 *(SORT_BY_NAME(.fini_array.*))
 *(.fini_array)
                [!provide]                PROVIDE (__fini_array_end = .)
 *(.jcr)
                0x20000bcc                . = ALIGN (0x4)
                0x20000bcc                __data_end__ = .

.igot.plt       0x20000bcc        0x0 load address 0x1000afbc