Archive member included to satisfy reference by file (symbol)

c:/progra~2/gnuarm~1/102020~1/bin/../lib/gcc/arm-none-eabi/10.2.1/thumb/v6-m/nofp\libgcc.a(_dvmd_tls.o)
                              CMakeFiles/Button_Interrupts.dir/E_/Pi_Pico/pico-sdk/src/rp2_common/pico_divider/divider.S.obj (__aeabi_idiv0)
c:/progra~2/gnuarm~1/102020~1/bin/../lib/gcc/arm-none-eabi/10.2.1/../../../../arm-none-eabi/lib/thumb/v6-m/nofp\libg.a(lib_a-calloc.o)
                              CMakeFiles/Button_Interrupts.dir/E_/Pi_Pico/pico-sdk/src/rp2_common/pico_malloc/pico_malloc.c.obj (calloc)
c:/progra~2/gnuarm~1/102020~1/bin/../lib/gcc/arm-none-eabi/10.2.1/../../../../arm-none-eabi/lib/thumb/v6-m/nofp\libg.a(lib_a-callocr.o)
                              c:/progra~2/gnuarm~1/102020~1/bin/../lib/gcc/arm-none-eabi/10.2.1/../../../../arm-none-eabi/lib/thumb/v6-m/nofp\libg.a(lib_a-calloc.o) (_calloc_r)
c:/progra~2/gnuarm~1/102020~1/bin/../lib/gcc/arm-none-eabi/10.2.1/../../../../arm-none-eabi/lib/thumb/v6-m/nofp\libg.a(lib_a-impure.o)
                              c:/progra~2/gnuarm~1/102020~1/bin/../lib/gcc/arm-none-eabi/10.2.1/../../../../arm-none-eabi/lib/thumb/v6-m/nofp\libg.a(lib_a-calloc.o) (_impure_ptr)
c:/progra~2/gnuarm~1/102020~1/bin/../lib/gcc/arm-none-eabi/10.2.1/../../../../arm-none-eabi/lib/thumb/v6-m/nofp\libg.a(lib_a-init.o)
                              c:/progra~2/gnuarm~1/102020~1/bin/../lib/gcc/arm-none-eabi/10.2.1/../../../../arm-none-eabi/lib/thumb/v6-m/nofp/crt0.o (__libc_init_array)
c:/progra~2/gnuarm~1/102020~1/bin/../lib/gcc/arm-none-eabi/10.2.1/../../../../arm-none-eabi/lib/thumb/v6-m/nofp\libg.a(lib_a-malloc.o)
                              CMakeFiles/Button_Interrupts.dir/E_/Pi_Pico/pico-sdk/src/rp2_common/pico_malloc/pico_malloc.c.obj (malloc)
c:/progra~2/gnuarm~1/102020~1/bin/../lib/gcc/arm-none-eabi/10.2.1/../../../../arm-none-eabi/lib/thumb/v6-m/nofp\libg.a(lib_a-mallocr.o)
                              c:/progra~2/gnuarm~1/102020~1/bin/../lib/gcc/arm-none-eabi/10.2.1/../../../../arm-none-eabi/lib/thumb/v6-m/nofp\libg.a(lib_a-callocr.o) (_malloc_r)
c:/progra~2/gnuarm~1/102020~1/bin/../lib/gcc/arm-none-eabi/10.2.1/../../../../arm-none-eabi/lib/thumb/v6-m/nofp\libg.a(lib_a-mlock.o)
                              c:/progra~2/gnuarm~1/102020~1/bin/../lib/gcc/arm-none-eabi/10.2.1/../../../../arm-none-eabi/lib/thumb/v6-m/nofp\libg.a(lib_a-mallocr.o) (__malloc_lock)
c:/progra~2/gnuarm~1/102020~1/bin/../lib/gcc/arm-none-eabi/10.2.1/../../../../arm-none-eabi/lib/thumb/v6-m/nofp\libg.a(lib_a-sbrkr.o)
                              c:/progra~2/gnuarm~1/102020~1/bin/../lib/gcc/arm-none-eabi/10.2.1/../../../../arm-none-eabi/lib/thumb/v6-m/nofp\libg.a(lib_a-mallocr.o) (_sbrk_r)
c:/progra~2/gnuarm~1/102020~1/bin/../lib/gcc/arm-none-eabi/10.2.1/../../../../arm-none-eabi/lib/thumb/v6-m/nofp\libg.a(lib_a-strlen-stub.o)
                              CMakeFiles/Button_Interrupts.dir/E_/Pi_Pico/pico-sdk/src/rp2_common/pico_stdio/stdio.c.obj (strlen)
c:/progra~2/gnuarm~1/102020~1/bin/../lib/gcc/arm-none-eabi/10.2.1/../../../../arm-none-eabi/lib/thumb/v6-m/nofp\libg.a(lib_a-freer.o)
                              c:/progra~2/gnuarm~1/102020~1/bin/../lib/gcc/arm-none-eabi/10.2.1/../../../../arm-none-eabi/lib/thumb/v6-m/nofp\libg.a(lib_a-malloc.o) (_free_r)
c:/progra~2/gnuarm~1/102020~1/bin/../lib/gcc/arm-none-eabi/10.2.1/../../../../arm-none-eabi/lib/thumb/v6-m/nofp\libg.a(lib_a-lock.o)
                              c:/progra~2/gnuarm~1/102020~1/bin/../lib/gcc/arm-none-eabi/10.2.1/../../../../arm-none-eabi/lib/thumb/v6-m/nofp\libg.a(lib_a-mlock.o) (__retarget_lock_acquire_recursive)
c:/progra~2/gnuarm~1/102020~1/bin/../lib/gcc/arm-none-eabi/10.2.1/../../../../arm-none-eabi/lib/thumb/v6-m/nofp\libg.a(lib_a-reent.o)
                              c:/progra~2/gnuarm~1/102020~1/bin/../lib/gcc/arm-none-eabi/10.2.1/../../../../arm-none-eabi/lib/thumb/v6-m/nofp\libg.a(lib_a-sbrkr.o) (errno)

Discarded input sections

 .text          0x00000000        0x0 c:/progra~2/gnuarm~1/102020~1/bin/../lib/gcc/arm-none-eabi/10.2.1/thumb/v6-m/nofp/crti.o
 .data          0x00000000        0x0 c:/progra~2/gnuarm~1/102020~1/bin/../lib/gcc/arm-none-eabi/10.2.1/thumb/v6-m/nofp/crti.o
 .bss           0x00000000        0x0 c:/progra~2/gnuarm~1/102020~1/bin/../lib/gcc/arm-none-eabi/10.2.1/thumb/v6-m/nofp/crti.o
 .data          0x00000000        0x4 c:/progra~2/gnuarm~1/102020~1/bin/../lib/gcc/arm-none-eabi/10.2.1/thumb/v6-m/nofp/crtbegin.o
 .rodata        0x00000000       0x24 c:/progra~2/gnuarm~1/102020~1/bin/../lib/gcc/arm-none-eabi/10.2.1/thumb/v6-m/nofp/crtbegin.o
 .fini_array    0x00000000        0x4 c:/progra~2/gnuarm~1/102020~1/bin/../lib/gcc/arm-none-eabi/10.2.1/thumb/v6-m/nofp/crtbegin.o
 .text          0x00000000       0x80 c:/progra~2/gnuarm~1/102020~1/bin/../lib/gcc/arm-none-eabi/10.2.1/../../../../arm-none-eabi/lib/thumb/v6-m/nofp/crt0.o
[...]
Memory Configuration

Name             Origin             Length             Attributes
FLASH            0x10000000         0x00200000         xr
RAM              0x20000000         0x00040000         xrw
SCRATCH_X        0x20040000         0x00001000         xrw
SCRATCH_Y        0x20041000         0x00001000         xrw
*default*        0x00000000         0xffffffff

Linker script and memory map

LOAD c:/progra~2/gnuarm~1/102020~1/bin/../lib/gcc/arm-none-eabi/10.2.1/thumb/v6-m/nofp/crti.o
LOAD c:/progra~2/gnuarm~1/102020~1/bin/../lib/gcc/arm-none-eabi/10.2.1/thumb/v6-m/nofp/crtbegin.o
LOAD c:/progra~2/gnuarm~1/102020~1/bin/../lib/gcc/arm-none-eabi/10.2.1/../../../../arm-none-eabi/lib/thumb/v6-m/nofp/crt0.o

.flash_begin    0x10000000        0x0
                0x10000000                __flash_binary_start = .

.boot2          0x10000000      0x100
                0x10000000                __boot2_start__ = .
 *(.boot2)
 .boot2         0x10000000      0x100 C:\Users\Venki\AppData\Local\Temp\ccsGXC5I.o
                0x10000100                __boot2_end__ = .
                0x00000001                ASSERT (((__boot2_end__ - __boot2_start__) == 0x100), ERROR: Pico second stage bootloader must be 256 bytes in size)

.text           0x10000100     0x4928
                0x10000100                __logical_binary_start = .
 *(.vectors)
 .vectors       0x10000100       0xd4 CMakeFiles/Button_Interrupts.dir/E_/Pi_Pico/pico-sdk/src/rp2_common/pico_standard_link/crt0.S.obj
                0x10000100                __vectors
                0x100001c0                isr_invalid
                0x100001c2                isr_nmi
                0x100001c4                isr_hardfault
                0x100001c6                isr_svcall
                0x100001c8                isr_pendsv
                0x100001ca                isr_systick
                0x100001cc                isr_irq11
                0x100001cc                isr_irq5
                0x100001cc                isr_irq23
                0x100001cc                isr_irq18
                0x100001cc                isr_irq31
                0x100001cc                isr_irq28
                0x100001cc                isr_irq19
                0x100001cc                isr_irq0
                0x100001cc                isr_irq6
                0x100001cc                isr_irq27
                0x100001cc                isr_irq12
                0x100001cc                isr_irq22
                0x100001cc                isr_irq13
                0x100001cc                isr_irq17
                0x100001cc                isr_irq14
                0x100001cc                isr_irq2
                0x100001cc                isr_irq10
                0x100001cc                isr_irq8
                0x100001cc                isr_irq24
                0x100001cc                isr_irq1
                0x100001cc                isr_irq7
                0x100001cc                isr_irq21
                0x100001cc                isr_irq20
                0x100001cc                isr_irq15
                0x100001cc                isr_irq25
                0x100001cc                __unhandled_user_irq
                0x100001cc                isr_irq4
                0x100001cc                isr_irq16
                0x100001cc                isr_irq29
                0x100001cc                isr_irq26
                0x100001cc                isr_irq3
                0x100001cc                isr_irq30
                0x100001cc                isr_irq9
                0x100001d2                unhandled_user_irq_num_in_r0
 *(.binary_info_header)
 .binary_info_header
                0x100001d4       0x14 CMakeFiles/Button_Interrupts.dir/E_/Pi_Pico/pico-sdk/src/rp2_common/pico_standard_link/crt0.S.obj
                0x100001e8                __binary_info_header_end = .
 *(.reset)
 .reset         0x100001e8       0xa8 CMakeFiles/Button_Interrupts.dir/E_/Pi_Pico/pico-sdk/src/rp2_common/pico_standard_link/crt0.S.obj
                0x100001e8                _entry_point
                0x10000266                __get_current_exception
 .reset         0x10000290       0x30 CMakeFiles/Button_Interrupts.dir/E_/Pi_Pico/pico-sdk/src/rp2_common/pico_standard_link/binary_info.c.obj
 *(.init)
 .init          0x100002c0        0x4 c:/progra~2/gnuarm~1/102020~1/bin/../lib/gcc/arm-none-eabi/10.2.1/thumb/v6-m/nofp/crti.o
                0x100002c0                _init
 *(EXCLUDE_FILE(*libm.a: *libc.a:*lib_a-mem*.o *libgcc.a:) .text*)
 .text          0x100002c4       0x48 c:/progra~2/gnuarm~1/102020~1/bin/../lib/gcc/arm-none-eabi/10.2.1/thumb/v6-m/nofp/crtbegin.o
 .text.GPIO_Button_Callabck
                0x1000030c       0x20 CMakeFiles/Button_Interrupts.dir/Button_Interrupts.c.obj
                0x1000030c                GPIO_Button_Callabck
 .text.main     0x1000032c       0x8c CMakeFiles/Button_Interrupts.dir/Button_Interrupts.c.obj
                0x1000032c                main
 .text.gpio_set_function
                0x100003b8       0x30 CMakeFiles/Button_Interrupts.dir/E_/Pi_Pico/pico-sdk/src/rp2_common/hardware_gpio/gpio.c.obj
                0x100003b8                gpio_set_function
 .text.gpio_set_pulls
                0x100003e8       0x34 CMakeFiles/Button_Interrupts.dir/E_/Pi_Pico/pico-sdk/src/rp2_common/hardware_gpio/gpio.c.obj
                0x100003e8                gpio_set_pulls
 .text.gpio_acknowledge_irq
                0x1000041c       0x18 CMakeFiles/Button_Interrupts.dir/E_/Pi_Pico/pico-sdk/src/rp2_common/hardware_gpio/gpio.c.obj
                0x1000041c                gpio_acknowledge_irq
 .text._gpio_set_irq_enabled
                0x10000434       0x34 CMakeFiles/Button_Interrupts.dir/E_/Pi_Pico/pico-sdk/src/rp2_common/hardware_gpio/gpio.c.obj
 .text.gpio_set_irq_enabled
                0x10000468       0x20 CMakeFiles/Button_Interrupts.dir/E_/Pi_Pico/pico-sdk/src/rp2_common/hardware_gpio/gpio.c.obj
                0x10000468                gpio_set_irq_enabled
 .text.gpio_set_irq_enabled_with_callback
                0x10000488       0x30 CMakeFiles/Button_Interrupts.dir/E_/Pi_Pico/pico-sdk/src/rp2_common/hardware_gpio/gpio.c.obj
                0x10000488                gpio_set_irq_enabled_with_callback
 .text.gpio_irq_handler
                0x100004b8       0x68 CMakeFiles/Button_Interrupts.dir/E_/Pi_Pico/pico-sdk/src/rp2_common/hardware_gpio/gpio.c.obj
 .text.gpio_init
                0x10000520       0x16 CMakeFiles/Button_Interrupts.dir/E_/Pi_Pico/pico-sdk/src/rp2_common/hardware_gpio/gpio.c.obj
                0x10000520                gpio_init
 *fill*         0x10000536        0x2 
 .text.hw_claim_lock
                0x10000538       0x18 CMakeFiles/Button_Interrupts.dir/E_/Pi_Pico/pico-sdk/src/rp2_common/hardware_claim/claim.c.obj
                0x10000538                hw_claim_lock
 .text.hw_claim_unlock
                0x10000550       0x14 CMakeFiles/Button_Interrupts.dir/E_/Pi_Pico/pico-sdk/src/rp2_common/hardware_claim/claim.c.obj
                0x10000550                hw_claim_unlock
 .text.hw_claim_or_assert
                0x10000564       0x34 CMakeFiles/Button_Interrupts.dir/E_/Pi_Pico/pico-sdk/src/rp2_common/hardware_claim/claim.c.obj
                0x10000564                hw_claim_or_assert
 .text.spin_locks_reset
                0x10000598       0x20 CMakeFiles/Button_Interrupts.dir/E_/Pi_Pico/pico-sdk/src/rp2_common/hardware_sync/sync.c.obj
                0x10000598                spin_locks_reset
 .text.next_striped_spin_lock_num
                0x100005b8       0x1c CMakeFiles/Button_Interrupts.dir/E_/Pi_Pico/pico-sdk/src/rp2_common/hardware_sync/sync.c.obj
                0x100005b8                next_striped_spin_lock_num
 .text.running_on_fpga
                0x100005d4       0x14 CMakeFiles/Button_Interrupts.dir/E_/Pi_Pico/pico-sdk/src/rp2_common/pico_platform/platform.c.obj
                0x100005d4                running_on_fpga
 .text.sev_callback
                0x100005e8        0x8 CMakeFiles/Button_Interrupts.dir/E_/Pi_Pico/pico-sdk/src/common/pico_time/time.c.obj
 .text.timer_pool_entry_comparator
                0x100005f0       0x7c CMakeFiles/Button_Interrupts.dir/E_/Pi_Pico/pico-sdk/src/common/pico_time/time.c.obj
                0x100005f0                timer_pool_entry_comparator
 .text.ph_add_child_node
                0x1000066c       0xa4 CMakeFiles/Button_Interrupts.dir/E_/Pi_Pico/pico-sdk/src/common/pico_time/time.c.obj
 .text.ph_merge_nodes
                0x10000710       0x3e CMakeFiles/Button_Interrupts.dir/E_/Pi_Pico/pico-sdk/src/common/pico_time/time.c.obj
 *fill*         0x1000074e        0x2 
 .text.add_alarm_under_lock
                0x10000750      0x178 CMakeFiles/Button_Interrupts.dir/E_/Pi_Pico/pico-sdk/src/common/pico_time/time.c.obj
 .text.alarm_pool_alarm_callback
                0x100008c8      0x2e4 CMakeFiles/Button_Interrupts.dir/E_/Pi_Pico/pico-sdk/src/common/pico_time/time.c.obj
 .text.alarm_pool_get_default
                0x10000bac       0x28 CMakeFiles/Button_Interrupts.dir/E_/Pi_Pico/pico-sdk/src/common/pico_time/time.c.obj
                0x10000bac                alarm_pool_get_default
 .text.alarm_pool_create
                0x10000bd4       0x6c CMakeFiles/Button_Interrupts.dir/E_/Pi_Pico/pico-sdk/src/common/pico_time/time.c.obj
                0x10000bd4                alarm_pool_create
 .text.alarm_pool_init_default
                0x10000c40       0x20 CMakeFiles/Button_Interrupts.dir/E_/Pi_Pico/pico-sdk/src/common/pico_time/time.c.obj
                0x10000c40                alarm_pool_init_default
 .text.alarm_pool_add_alarm_at
                0x10000c60      0x128 CMakeFiles/Button_Interrupts.dir/E_/Pi_Pico/pico-sdk/src/common/pico_time/time.c.obj
                0x10000c60                alarm_pool_add_alarm_at
 .text.sleep_until
                0x10000d88       0x94 CMakeFiles/Button_Interrupts.dir/E_/Pi_Pico/pico-sdk/src/common/pico_time/time.c.obj
                0x10000d88                sleep_until
 .text.sleep_us
                0x10000e1c       0x2c CMakeFiles/Button_Interrupts.dir/E_/Pi_Pico/pico-sdk/src/common/pico_time/time.c.obj
                0x10000e1c                sleep_us
 .text.sleep_ms
                0x10000e48       0x14 CMakeFiles/Button_Interrupts.dir/E_/Pi_Pico/pico-sdk/src/common/pico_time/time.c.obj
                0x10000e48                sleep_ms
 .text.hardware_alarm_irq_handler
                0x10000e5c       0x8c CMakeFiles/Button_Interrupts.dir/E_/Pi_Pico/pico-sdk/src/rp2_common/hardware_timer/timer.c.obj
 .text.hardware_alarm_claim
                0x10000ee8       0x18 CMakeFiles/Button_Interrupts.dir/E_/Pi_Pico/pico-sdk/src/rp2_common/hardware_timer/timer.c.obj
                0x10000ee8                hardware_alarm_claim
 .text.time_us_64
                0x10000f00       0x18 CMakeFiles/Button_Interrupts.dir/E_/Pi_Pico/pico-sdk/src/rp2_common/hardware_timer/timer.c.obj
                0x10000f00                time_us_64
 .text.busy_wait_until
                0x10000f18       0x28 CMakeFiles/Button_Interrupts.dir/E_/Pi_Pico/pico-sdk/src/rp2_common/hardware_timer/timer.c.obj
                0x10000f18                busy_wait_until
 .text.hardware_alarm_set_callback
                0x10000f40       0x90 CMakeFiles/Button_Interrupts.dir/E_/Pi_Pico/pico-sdk/src/rp2_common/hardware_timer/timer.c.obj
                0x10000f40                hardware_alarm_set_callback
 .text.hardware_alarm_set_target
                0x10000fd0       0xd0 CMakeFiles/Button_Interrupts.dir/E_/Pi_Pico/pico-sdk/src/rp2_common/hardware_timer/timer.c.obj
                0x10000fd0                hardware_alarm_set_target
 .text.hardware_alarm_cancel
                0x100010a0       0x40 CMakeFiles/Button_Interrupts.dir/E_/Pi_Pico/pico-sdk/src/rp2_common/hardware_timer/timer.c.obj
                0x100010a0                hardware_alarm_cancel
 .text.lock_init
                0x100010e0       0x30 CMakeFiles/Button_Interrupts.dir/E_/Pi_Pico/pico-sdk/src/common/pico_sync/lock_core.c.obj
                0x100010e0                lock_init
 .text.mutex_init
                0x10001110       0x1a CMakeFiles/Button_Interrupts.dir/E_/Pi_Pico/pico-sdk/src/common/pico_sync/mutex.c.obj
                0x10001110                mutex_init
 *fill*         0x1000112a        0x2 
 .text.ph_add_child_node
                0x1000112c       0xa4 CMakeFiles/Button_Interrupts.dir/E_/Pi_Pico/pico-sdk/src/common/pico_util/pheap.c.obj
 .text.ph_merge_nodes
                0x100011d0       0x3e CMakeFiles/Button_Interrupts.dir/E_/Pi_Pico/pico-sdk/src/common/pico_util/pheap.c.obj
 *fill*         0x1000120e        0x2 
 .text.ph_clear
                0x10001210       0x74 CMakeFiles/Button_Interrupts.dir/E_/Pi_Pico/pico-sdk/src/common/pico_util/pheap.c.obj
                0x10001210                ph_clear
 .text.ph_create
                0x10001284       0x2c CMakeFiles/Button_Interrupts.dir/E_/Pi_Pico/pico-sdk/src/common/pico_util/pheap.c.obj
                0x10001284                ph_create
 .text.ph_merge_two_pass
                0x100012b0       0xa8 CMakeFiles/Button_Interrupts.dir/E_/Pi_Pico/pico-sdk/src/common/pico_util/pheap.c.obj
                0x100012b0                ph_merge_two_pass
 .text.ph_remove_any_head
                0x10001358      0x108 CMakeFiles/Button_Interrupts.dir/E_/Pi_Pico/pico-sdk/src/common/pico_util/pheap.c.obj
 .text.ph_remove_head_reserve
                0x10001460       0x14 CMakeFiles/Button_Interrupts.dir/E_/Pi_Pico/pico-sdk/src/common/pico_util/pheap.c.obj
                0x10001460                ph_remove_head_reserve
 .text.ph_delete
                0x10001474       0xf8 CMakeFiles/Button_Interrupts.dir/E_/Pi_Pico/pico-sdk/src/common/pico_util/pheap.c.obj
                0x10001474                ph_delete
 .text.runtime_init
                0x1000156c       0xcc CMakeFiles/Button_Interrupts.dir/E_/Pi_Pico/pico-sdk/src/rp2_common/pico_runtime/runtime.c.obj
                0x1000156c                runtime_init
 .text._exit    0x10001638        0x4 CMakeFiles/Button_Interrupts.dir/E_/Pi_Pico/pico-sdk/src/rp2_common/pico_runtime/runtime.c.obj
                0x10001638                _exit
 .text._sbrk    0x1000163c       0x38 CMakeFiles/Button_Interrupts.dir/E_/Pi_Pico/pico-sdk/src/rp2_common/pico_runtime/runtime.c.obj
                0x1000163c                _sbrk
 .text.exit     0x10001674        0x6 CMakeFiles/Button_Interrupts.dir/E_/Pi_Pico/pico-sdk/src/rp2_common/pico_runtime/runtime.c.obj
                0x10001674                exit
 *fill*         0x1000167a        0x2 
 .text.__assert_func
                0x1000167c       0x3c CMakeFiles/Button_Interrupts.dir/E_/Pi_Pico/pico-sdk/src/rp2_common/pico_runtime/runtime.c.obj
                0x1000167c                __assert_func
 .text.panic    0x100016b8       0x30 CMakeFiles/Button_Interrupts.dir/E_/Pi_Pico/pico-sdk/src/rp2_common/pico_runtime/runtime.c.obj
                0x100016b8                panic
 .text.clock_configure
                0x100016e8       0xe8 CMakeFiles/Button_Interrupts.dir/E_/Pi_Pico/pico-sdk/src/rp2_common/hardware_clocks/clocks.c.obj
                0x100016e8                clock_configure
 .text.clocks_init
                0x100017d0      0x124 CMakeFiles/Button_Interrupts.dir/E_/Pi_Pico/pico-sdk/src/rp2_common/hardware_clocks/clocks.c.obj
                0x100017d0                clocks_init
 .text.watchdog_start_tick
                0x100018f4       0x10 CMakeFiles/Button_Interrupts.dir/E_/Pi_Pico/pico-sdk/src/rp2_common/hardware_watchdog/watchdog.c.obj
                0x100018f4                watchdog_start_tick
 .text.xosc_init
                0x10001904       0x28 CMakeFiles/Button_Interrupts.dir/E_/Pi_Pico/pico-sdk/src/rp2_common/hardware_xosc/xosc.c.obj
                0x10001904                xosc_init
 .text.pll_init
                0x1000192c       0xd4 CMakeFiles/Button_Interrupts.dir/E_/Pi_Pico/pico-sdk/src/rp2_common/hardware_pll/pll.c.obj
                0x1000192c                pll_init
 .text.set_raw_irq_handler_and_unlock
                0x10001a00       0x28 CMakeFiles/Button_Interrupts.dir/E_/Pi_Pico/pico-sdk/src/rp2_common/hardware_irq/irq.c.obj
 .text.make_branch
                0x10001a28       0x34 CMakeFiles/Button_Interrupts.dir/E_/Pi_Pico/pico-sdk/src/rp2_common/hardware_irq/irq.c.obj
 .text.insert_branch_and_link
                0x10001a5c       0x40 CMakeFiles/Button_Interrupts.dir/E_/Pi_Pico/pico-sdk/src/rp2_common/hardware_irq/irq.c.obj
 .text.irq_is_enabled
                0x10001a9c       0x18 CMakeFiles/Button_Interrupts.dir/E_/Pi_Pico/pico-sdk/src/rp2_common/hardware_irq/irq.c.obj
                0x10001a9c                irq_is_enabled
 .text.irq_set_mask_enabled
                0x10001ab4       0x20 CMakeFiles/Button_Interrupts.dir/E_/Pi_Pico/pico-sdk/src/rp2_common/hardware_irq/irq.c.obj
                0x10001ab4                irq_set_mask_enabled
 .text.irq_set_enabled
                0x10001ad4        0xe CMakeFiles/Button_Interrupts.dir/E_/Pi_Pico/pico-sdk/src/rp2_common/hardware_irq/irq.c.obj
                0x10001ad4                irq_set_enabled
 *fill*         0x10001ae2        0x2 
 .text.irq_get_vtable_handler
                0x10001ae4       0x10 CMakeFiles/Button_Interrupts.dir/E_/Pi_Pico/pico-sdk/src/rp2_common/hardware_irq/irq.c.obj
                0x10001ae4                irq_get_vtable_handler
 .text.irq_set_exclusive_handler
                0x10001af4       0x54 CMakeFiles/Button_Interrupts.dir/E_/Pi_Pico/pico-sdk/src/rp2_common/hardware_irq/irq.c.obj
                0x10001af4                irq_set_exclusive_handler
 .text.irq_remove_handler
                0x10001b48      0x1b4 CMakeFiles/Button_Interrupts.dir/E_/Pi_Pico/pico-sdk/src/rp2_common/hardware_irq/irq.c.obj
                0x10001b48                irq_remove_handler
 .text.irq_set_priority
                0x10001cfc       0x28 CMakeFiles/Button_Interrupts.dir/E_/Pi_Pico/pico-sdk/src/rp2_common/hardware_irq/irq.c.obj
                0x10001cfc                irq_set_priority
 .text.irq_add_tail_to_free_list
                0x10001d24       0xf8 CMakeFiles/Button_Interrupts.dir/E_/Pi_Pico/pico-sdk/src/rp2_common/hardware_irq/irq.c.obj
                0x10001d24                irq_add_tail_to_free_list
 .text.irq_init_priorities
                0x10001e1c       0x16 CMakeFiles/Button_Interrupts.dir/E_/Pi_Pico/pico-sdk/src/rp2_common/hardware_irq/irq.c.obj
                0x10001e1c                irq_init_priorities
 .text._out_null
                0x10001e32        0x2 CMakeFiles/Button_Interrupts.dir/E_/Pi_Pico/pico-sdk/src/rp2_common/pico_printf/printf.c.obj
 .text._out_fct
                0x10001e34        0xe CMakeFiles/Button_Interrupts.dir/E_/Pi_Pico/pico-sdk/src/rp2_common/pico_printf/printf.c.obj
 .text._atoi    0x10001e42       0x24 CMakeFiles/Button_Interrupts.dir/E_/Pi_Pico/pico-sdk/src/rp2_common/pico_printf/printf.c.obj
 .text._out_rev
                0x10001e66       0xae CMakeFiles/Button_Interrupts.dir/E_/Pi_Pico/pico-sdk/src/rp2_common/pico_printf/printf.c.obj
 .text._ntoa_format
                0x10001f14      0x112 CMakeFiles/Button_Interrupts.dir/E_/Pi_Pico/pico-sdk/src/rp2_common/pico_printf/printf.c.obj
 .text._ntoa_long
                0x10002026       0xbc CMakeFiles/Button_Interrupts.dir/E_/Pi_Pico/pico-sdk/src/rp2_common/pico_printf/printf.c.obj
 .text._ntoa_long_long
                0x100020e2       0xe2 CMakeFiles/Button_Interrupts.dir/E_/Pi_Pico/pico-sdk/src/rp2_common/pico_printf/printf.c.obj
 .text._etoa    0x100021c4      0x404 CMakeFiles/Button_Interrupts.dir/E_/Pi_Pico/pico-sdk/src/rp2_common/pico_printf/printf.c.obj
 .text._ftoa    0x100025c8      0x354 CMakeFiles/Button_Interrupts.dir/E_/Pi_Pico/pico-sdk/src/rp2_common/pico_printf/printf.c.obj
 .text._vsnprintf
                0x1000291c      0x624 CMakeFiles/Button_Interrupts.dir/E_/Pi_Pico/pico-sdk/src/rp2_common/pico_printf/printf.c.obj
 .text.vfctprintf
                0x10002f40       0x20 CMakeFiles/Button_Interrupts.dir/E_/Pi_Pico/pico-sdk/src/rp2_common/pico_printf/printf.c.obj
                0x10002f40                vfctprintf
 .text          0x10002f60       0x10 CMakeFiles/Button_Interrupts.dir/E_/Pi_Pico/pico-sdk/src/rp2_common/pico_bit_ops/bit_ops_aeabi.S.obj
 .text.rom_func_lookup
                0x10002f70       0x10 CMakeFiles/Button_Interrupts.dir/E_/Pi_Pico/pico-sdk/src/rp2_common/pico_bootrom/bootrom.c.obj
                0x10002f70                rom_func_lookup
 .text.rom_data_lookup
                0x10002f80       0x10 CMakeFiles/Button_Interrupts.dir/E_/Pi_Pico/pico-sdk/src/rp2_common/pico_bootrom/bootrom.c.obj
                0x10002f80                rom_data_lookup
 .text.rom_funcs_lookup
                0x10002f90       0x36 CMakeFiles/Button_Interrupts.dir/E_/Pi_Pico/pico-sdk/src/rp2_common/pico_bootrom/bootrom.c.obj
                0x10002f90                rom_funcs_lookup
 *fill*         0x10002fc6        0x2 
 .text.__wrap___aeabi_idiv
                0x10002fc8       0x58 CMakeFiles/Button_Interrupts.dir/E_/Pi_Pico/pico-sdk/src/rp2_common/pico_divider/divider.S.obj
                0x10002fc8                __wrap___aeabi_idivmod
                0x10002fc8                divmod_s32s32
                0x10002fc8                div_s32s32
                0x10002fc8                __wrap___aeabi_idiv
                0x10002fd0                divmod_s32s32_unsafe
                0x10002ffc                divmod_s32s32_savestate
 .text.__wrap___aeabi_uidiv
                0x10003020       0x54 CMakeFiles/Button_Interrupts.dir/E_/Pi_Pico/pico-sdk/src/rp2_common/pico_divider/divider.S.obj
                0x10003020                __wrap___aeabi_uidiv
                0x10003020                __wrap___aeabi_uidivmod
                0x10003020                div_u32u32
                0x10003020                divmod_u32u32
                0x10003028                divmod_u32u32_unsafe
                0x10003050                divmod_u32u32_savestate
 .text.__wrap___aeabi_ldiv
                0x10003074      0x430 CMakeFiles/Button_Interrupts.dir/E_/Pi_Pico/pico-sdk/src/rp2_common/pico_divider/divider.S.obj
                0x10003074                div_s64s64
                0x10003074                divmod_s64s64
                0x10003074                __wrap___aeabi_ldivmod
                0x100030ac                divmod_u64u64
                0x100030ac                div_u64u64
                0x100030ac                __wrap___aeabi_uldivmod
                0x100030bc                divmod_u64u64_savestate
                0x100030e4                divmod_s64s64_unsafe
                0x1000316c                divmod_u64u64_unsafe
 .text.__wrap___aeabi_darithmetic
                0x100034a4       0x54 CMakeFiles/Button_Interrupts.dir/E_/Pi_Pico/pico-sdk/src/rp2_common/pico_double/double_aeabi.S.obj
                0x100034a4                __wrap___aeabi_drsub
                0x100034aa                __wrap___aeabi_dsub
                0x100034bc                __wrap___aeabi_dadd
                0x100034ce                __wrap___aeabi_ddiv
                0x100034e0                __wrap___aeabi_dmul
 .text.__wrap___aeabi_cdcmple
                0x100034f8       0x6c CMakeFiles/Button_Interrupts.dir/E_/Pi_Pico/pico-sdk/src/rp2_common/pico_double/double_aeabi.S.obj
                0x100034f8                __wrap___aeabi_cdrcmple
                0x10003508                __wrap___aeabi_cdcmpeq
                0x10003508                __wrap___aeabi_cdcmple
 .text.__wrap___aeabi_dcmplt
                0x10003564        0xc CMakeFiles/Button_Interrupts.dir/E_/Pi_Pico/pico-sdk/src/rp2_common/pico_double/double_aeabi.S.obj
                0x10003564                __wrap___aeabi_dcmplt
 .text.__wrap___aeabi_dcmple
                0x10003570       0x10 CMakeFiles/Button_Interrupts.dir/E_/Pi_Pico/pico-sdk/src/rp2_common/pico_double/double_aeabi.S.obj
                0x10003570                __wrap___aeabi_dcmple
 .text.__wrap___aeabi_dcmpge
                0x10003580       0x10 CMakeFiles/Button_Interrupts.dir/E_/Pi_Pico/pico-sdk/src/rp2_common/pico_double/double_aeabi.S.obj
                0x10003580                __wrap___aeabi_dcmpge
 .text.__wrap___aeabi_dcmpgt
                0x10003590        0xa CMakeFiles/Button_Interrupts.dir/E_/Pi_Pico/pico-sdk/src/rp2_common/pico_double/double_aeabi.S.obj
                0x10003590                __wrap___aeabi_dcmpgt
 .text.__wrap___aeabi_dcmpun
                0x1000359a       0x1c CMakeFiles/Button_Interrupts.dir/E_/Pi_Pico/pico-sdk/src/rp2_common/pico_double/double_aeabi.S.obj
                0x1000359a                __wrap___aeabi_dcmpun
 *fill*         0x100035b6        0x2 
 .text.__wrap___aeabi_i2d
                0x100035b8       0x38 CMakeFiles/Button_Interrupts.dir/E_/Pi_Pico/pico-sdk/src/rp2_common/pico_double/double_aeabi.S.obj
                0x100035b8                __wrap___aeabi_ui2d
                0x100035c0                __wrap___aeabi_i2d
 .text.__wrap___aeabi_d2iz
                0x100035f0       0x48 CMakeFiles/Button_Interrupts.dir/E_/Pi_Pico/pico-sdk/src/rp2_common/pico_double/double_aeabi.S.obj
                0x100035f0                double2int_z
                0x100035f0                __wrap___aeabi_d2iz
 .text.__wrap___aeabi_d2uiz
                0x10003638       0x18 CMakeFiles/Button_Interrupts.dir/E_/Pi_Pico/pico-sdk/src/rp2_common/pico_double/double_aeabi.S.obj
                0x10003638                __wrap___aeabi_d2uiz
                0x10003638                double2uint
 .text.__aeabi_double_init
                0x10003650       0xb8 CMakeFiles/Button_Interrupts.dir/E_/Pi_Pico/pico-sdk/src/rp2_common/pico_double/double_init_rom.c.obj
                0x10003650                __aeabi_double_init
 .text.double_table_shim_on_use_helper
                0x10003708       0x34 CMakeFiles/Button_Interrupts.dir/E_/Pi_Pico/pico-sdk/src/rp2_common/pico_double/double_v1_rom_shim.S.obj
                0x10003708                double_table_shim_on_use_helper
 .text.__wrap___aeabi_dsub
                0x1000373c       0x10 CMakeFiles/Button_Interrupts.dir/E_/Pi_Pico/pico-sdk/src/rp2_common/pico_double/double_v1_rom_shim.S.obj
                0x1000373c                drsub_shim
                0x10003742                dsub_shim
 .text.dadd_shim
                0x1000374c      0x15c CMakeFiles/Button_Interrupts.dir/E_/Pi_Pico/pico-sdk/src/rp2_common/pico_double/double_v1_rom_shim.S.obj
                0x1000374c                dadd_shim
 .text.dmul_shim
                0x100038a8      0x15c CMakeFiles/Button_Interrupts.dir/E_/Pi_Pico/pico-sdk/src/rp2_common/pico_double/double_v1_rom_shim.S.obj
                0x100038a8                dmul_shim
 .text.ddiv_shim
                0x10003a04      0x1b0 CMakeFiles/Button_Interrupts.dir/E_/Pi_Pico/pico-sdk/src/rp2_common/pico_double/double_v1_rom_shim.S.obj
                0x10003a04                ddiv_shim
 .text.dcordic_rot_step
                0x10003bb4       0x7c CMakeFiles/Button_Interrupts.dir/E_/Pi_Pico/pico-sdk/src/rp2_common/pico_double/double_v1_rom_shim.S.obj
                0x10003bb4                dcordic_rot_step
 .text.double2uint_shim
                0x10003c30        0xe CMakeFiles/Button_Interrupts.dir/E_/Pi_Pico/pico-sdk/src/rp2_common/pico_double/double_v1_rom_shim.S.obj
                0x10003c30                double2uint_shim
                0x10003c32                double2ufix_shim
 *fill*         0x10003c3e        0x2 
 .text.double2uint64_shim
                0x10003c40       0x6c CMakeFiles/Button_Interrupts.dir/E_/Pi_Pico/pico-sdk/src/rp2_common/pico_double/double_v1_rom_shim.S.obj
                0x10003c40                double2uint64_shim
                0x10003c42                double2ufix64_shim
                0x10003c5c                d2fix_a
 .text.dunpacks
                0x10003cac       0x3c CMakeFiles/Button_Interrupts.dir/E_/Pi_Pico/pico-sdk/src/rp2_common/pico_double/double_v1_rom_shim.S.obj
                0x10003cac                dunpacks
 .text.__aeabi_lmul
                0x10003ce8       0x32 CMakeFiles/Button_Interrupts.dir/E_/Pi_Pico/pico-sdk/src/rp2_common/pico_int64_ops/pico_int64_ops_aeabi.S.obj
                0x10003ce8                __wrap___aeabi_lmul
 *fill*         0x10003d1a        0x2 
 .text.__aeabi_float_init
                0x10003d1c       0xfc CMakeFiles/Button_Interrupts.dir/E_/Pi_Pico/pico-sdk/src/rp2_common/pico_float/float_init_rom.c.obj
                0x10003d1c                __aeabi_float_init
 .text.float_table_shim_on_use_helper
                0x10003e18       0x34 CMakeFiles/Button_Interrupts.dir/E_/Pi_Pico/pico-sdk/src/rp2_common/pico_float/float_v1_rom_shim.S.obj
                0x10003e18                float_table_shim_on_use_helper
 .text.__wrap_malloc
                0x10003e4c        0x8 CMakeFiles/Button_Interrupts.dir/E_/Pi_Pico/pico-sdk/src/rp2_common/pico_malloc/pico_malloc.c.obj
                0x10003e4c                __wrap_malloc
 .text.__wrap_calloc
                0x10003e54        0x8 CMakeFiles/Button_Interrupts.dir/E_/Pi_Pico/pico-sdk/src/rp2_common/pico_malloc/pico_malloc.c.obj
                0x10003e54                __wrap_calloc
 .text          0x10003e5c       0x10 CMakeFiles/Button_Interrupts.dir/E_/Pi_Pico/pico-sdk/src/rp2_common/pico_mem_ops/mem_ops_aeabi.S.obj
                0x10003e5c                __aeabi_mem_init
 .text.memset   0x10003e6c        0xc CMakeFiles/Button_Interrupts.dir/E_/Pi_Pico/pico-sdk/src/rp2_common/pico_mem_ops/mem_ops_aeabi.S.obj
                0x10003e6c                __wrap_memset
 .text.memcpy   0x10003e78        0xc CMakeFiles/Button_Interrupts.dir/E_/Pi_Pico/pico-sdk/src/rp2_common/pico_mem_ops/mem_ops_aeabi.S.obj
                0x10003e78                __wrap_memcpy
                0x10003e78                __wrap___aeabi_memcpy
 .text.stdio_out_chars_crlf
                0x10003e84       0x80 CMakeFiles/Button_Interrupts.dir/E_/Pi_Pico/pico-sdk/src/rp2_common/pico_stdio/stdio.c.obj
 .text.stdio_stack_buffer_flush
                0x10003f04       0x44 CMakeFiles/Button_Interrupts.dir/E_/Pi_Pico/pico-sdk/src/rp2_common/pico_stdio/stdio.c.obj
 .text.stdio_buffered_printer
                0x10003f48       0x20 CMakeFiles/Button_Interrupts.dir/E_/Pi_Pico/pico-sdk/src/rp2_common/pico_stdio/stdio.c.obj
 .text.stdout_serialize_begin
                0x10003f68       0x2c CMakeFiles/Button_Interrupts.dir/E_/Pi_Pico/pico-sdk/src/rp2_common/pico_stdio/stdio.c.obj
                0x10003f68                stdout_serialize_begin
 .text.stdout_serialize_end
                0x10003f94       0x10 CMakeFiles/Button_Interrupts.dir/E_/Pi_Pico/pico-sdk/src/rp2_common/pico_stdio/stdio.c.obj
                0x10003f94                stdout_serialize_end
 .text.stdio_put_string
                0x10003fa4       0x84 CMakeFiles/Button_Interrupts.dir/E_/Pi_Pico/pico-sdk/src/rp2_common/pico_stdio/stdio.c.obj
 .text.stdio_flush
                0x10004028       0x20 CMakeFiles/Button_Interrupts.dir/E_/Pi_Pico/pico-sdk/src/rp2_common/pico_stdio/stdio.c.obj
                0x10004028                stdio_flush
 .text.__wrap_puts
                0x10004048       0x1c CMakeFiles/Button_Interrupts.dir/E_/Pi_Pico/pico-sdk/src/rp2_common/pico_stdio/stdio.c.obj
                0x10004048                __wrap_puts
 .text.__wrap_vprintf
                0x10004064       0x44 CMakeFiles/Button_Interrupts.dir/E_/Pi_Pico/pico-sdk/src/rp2_common/pico_stdio/stdio.c.obj
                0x10004064                __wrap_vprintf
 .text.__wrap_printf
                0x100040a8       0x18 CMakeFiles/Button_Interrupts.dir/E_/Pi_Pico/pico-sdk/src/rp2_common/pico_stdio/stdio.c.obj
                0x100040a8                __wrap_printf
 .text.calloc   0x100040c0       0x18 c:/progra~2/gnuarm~1/102020~1/bin/../lib/gcc/arm-none-eabi/10.2.1/../../../../arm-none-eabi/lib/thumb/v6-m/nofp\libg.a(lib_a-calloc.o)
                0x100040c0                calloc
 .text._calloc_r
                0x100040d8       0x5c c:/progra~2/gnuarm~1/102020~1/bin/../lib/gcc/arm-none-eabi/10.2.1/../../../../arm-none-eabi/lib/thumb/v6-m/nofp\libg.a(lib_a-callocr.o)
                0x100040d8                _calloc_r
 .text.malloc   0x10004134       0x14 c:/progra~2/gnuarm~1/102020~1/bin/../lib/gcc/arm-none-eabi/10.2.1/../../../../arm-none-eabi/lib/thumb/v6-m/nofp\libg.a(lib_a-malloc.o)
                0x10004134                malloc
 .text._malloc_r
                0x10004148      0x580 c:/progra~2/gnuarm~1/102020~1/bin/../lib/gcc/arm-none-eabi/10.2.1/../../../../arm-none-eabi/lib/thumb/v6-m/nofp\libg.a(lib_a-mallocr.o)
                0x10004148                _malloc_r
 .text.__malloc_lock
                0x100046c8       0x10 c:/progra~2/gnuarm~1/102020~1/bin/../lib/gcc/arm-none-eabi/10.2.1/../../../../arm-none-eabi/lib/thumb/v6-m/nofp\libg.a(lib_a-mlock.o)
                0x100046c8                __malloc_lock
 .text.__malloc_unlock
                0x100046d8       0x10 c:/progra~2/gnuarm~1/102020~1/bin/../lib/gcc/arm-none-eabi/10.2.1/../../../../arm-none-eabi/lib/thumb/v6-m/nofp\libg.a(lib_a-mlock.o)
                0x100046d8                __malloc_unlock
 .text._sbrk_r  0x100046e8       0x24 c:/progra~2/gnuarm~1/102020~1/bin/../lib/gcc/arm-none-eabi/10.2.1/../../../../arm-none-eabi/lib/thumb/v6-m/nofp\libg.a(lib_a-sbrkr.o)
                0x100046e8                _sbrk_r
 .text.strlen   0x1000470c       0x5c c:/progra~2/gnuarm~1/102020~1/bin/../lib/gcc/arm-none-eabi/10.2.1/../../../../arm-none-eabi/lib/thumb/v6-m/nofp\libg.a(lib_a-strlen-stub.o)
                0x1000470c                strlen
 .text._malloc_trim_r
                0x10004768       0x9c c:/progra~2/gnuarm~1/102020~1/bin/../lib/gcc/arm-none-eabi/10.2.1/../../../../arm-none-eabi/lib/thumb/v6-m/nofp\libg.a(lib_a-freer.o)
                0x10004768                _malloc_trim_r
 .text._free_r  0x10004804      0x1c4 c:/progra~2/gnuarm~1/102020~1/bin/../lib/gcc/arm-none-eabi/10.2.1/../../../../arm-none-eabi/lib/thumb/v6-m/nofp\libg.a(lib_a-freer.o)
                0x10004804                _free_r
 .text.__retarget_lock_acquire_recursive
                0x100049c8        0x4 c:/progra~2/gnuarm~1/102020~1/bin/../lib/gcc/arm-none-eabi/10.2.1/../../../../arm-none-eabi/lib/thumb/v6-m/nofp\libg.a(lib_a-lock.o)
                0x100049c8                __retarget_lock_acquire_recursive
 .text.__retarget_lock_release_recursive
                0x100049cc        0x4 c:/progra~2/gnuarm~1/102020~1/bin/../lib/gcc/arm-none-eabi/10.2.1/../../../../arm-none-eabi/lib/thumb/v6-m/nofp\libg.a(lib_a-lock.o)
                0x100049cc                __retarget_lock_release_recursive
 *(.fini)
 .fini          0x100049d0        0x4 c:/progra~2/gnuarm~1/102020~1/bin/../lib/gcc/arm-none-eabi/10.2.1/thumb/v6-m/nofp/crti.o
                0x100049d0                _fini
 *fill*         0x100049d4        0x4 
 .fini.__stub   0x100049d8       0x50 linker stubs
 *crtbegin.o(.ctors)
 *crtbegin?.o(.ctors)
 *(EXCLUDE_FILE(*crtend.o *crtend?.o) .ctors)
 *(SORT_BY_NAME(.ctors.*))
 *(.ctors)
 *crtbegin.o(.dtors)
 *crtbegin?.o(.dtors)
 *(EXCLUDE_FILE(*crtend.o *crtend?.o) .dtors)
 *(SORT_BY_NAME(.dtors.*))
 *(.dtors)
 *(.eh_frame*)
 .eh_frame      0x10004a28        0x0 c:/progra~2/gnuarm~1/102020~1/bin/../lib/gcc/arm-none-eabi/10.2.1/thumb/v6-m/nofp/crtbegin.o
                0x10004a28                . = ALIGN (0x4)

.glue_7         0x10004a28        0x0
 .glue_7        0x10004a28        0x0 linker stubs

.glue_7t        0x10004a28        0x0
 .glue_7t       0x10004a28        0x0 linker stubs

.vfp11_veneer   0x10004a28        0x0
 .vfp11_veneer  0x10004a28        0x0 linker stubs

.v4_bx          0x10004a28        0x0
 .v4_bx         0x10004a28        0x0 linker stubs

.iplt           0x10004a28        0x0
 .iplt          0x10004a28        0x0 c:/progra~2/gnuarm~1/102020~1/bin/../lib/gcc/arm-none-eabi/10.2.1/thumb/v6-m/nofp/crtbegin.o

.rodata         0x10004a28      0xc84
 *(EXCLUDE_FILE(*libm.a: *libc.a:*lib_a-mem*.o *libgcc.a:) .rodata*)
 .rodata.alarm_pool_dump_key.str1.4
                0x10004a28       0x63 CMakeFiles/Button_Interrupts.dir/E_/Pi_Pico/pico-sdk/src/common/pico_time/time.c.obj
 *fill*         0x10004a8b        0x1 
 .rodata.ph_add_child_node.str1.4
                0x10004a8c       0x8e CMakeFiles/Button_Interrupts.dir/E_/Pi_Pico/pico-sdk/src/common/pico_time/time.c.obj
 *fill*         0x10004b1a        0x2 
 .rodata.add_alarm_under_lock.str1.4
                0x10004b1c       0x27 CMakeFiles/Button_Interrupts.dir/E_/Pi_Pico/pico-sdk/src/common/pico_time/time.c.obj
 *fill*         0x10004b43        0x1 
 .rodata.alarm_pool_alarm_callback.str1.4
                0x10004b44       0x7d CMakeFiles/Button_Interrupts.dir/E_/Pi_Pico/pico-sdk/src/common/pico_time/time.c.obj
 *fill*         0x10004bc1        0x3 
 .rodata.alarm_pool_get_default.str1.4
                0x10004bc4       0x13 CMakeFiles/Button_Interrupts.dir/E_/Pi_Pico/pico-sdk/src/common/pico_time/time.c.obj
 *fill*         0x10004bd7        0x1 
 .rodata.__func__.10
                0x10004bd8       0x17 CMakeFiles/Button_Interrupts.dir/E_/Pi_Pico/pico-sdk/src/common/pico_time/time.c.obj
 *fill*         0x10004bef        0x1 
 .rodata.__func__.2
                0x10004bf0       0x12 CMakeFiles/Button_Interrupts.dir/E_/Pi_Pico/pico-sdk/src/common/pico_time/time.c.obj
 *fill*         0x10004c02        0x2 
 .rodata.__func__.3
                0x10004c04       0x14 CMakeFiles/Button_Interrupts.dir/E_/Pi_Pico/pico-sdk/src/common/pico_time/time.c.obj
 .rodata.__func__.4
                0x10004c18       0x12 CMakeFiles/Button_Interrupts.dir/E_/Pi_Pico/pico-sdk/src/common/pico_time/time.c.obj
 *fill*         0x10004c2a        0x2 
 .rodata.__func__.5
                0x10004c2c        0xa CMakeFiles/Button_Interrupts.dir/E_/Pi_Pico/pico-sdk/src/common/pico_time/time.c.obj
 *fill*         0x10004c36        0x2 
 .rodata.__func__.6
                0x10004c38        0xc CMakeFiles/Button_Interrupts.dir/E_/Pi_Pico/pico-sdk/src/common/pico_time/time.c.obj
 .rodata.__func__.7
                0x10004c44       0x15 CMakeFiles/Button_Interrupts.dir/E_/Pi_Pico/pico-sdk/src/common/pico_time/time.c.obj
 *fill*         0x10004c59        0x3 
 .rodata.__func__.8
                0x10004c5c       0x1a CMakeFiles/Button_Interrupts.dir/E_/Pi_Pico/pico-sdk/src/common/pico_time/time.c.obj
 *fill*         0x10004c76        0x2 
 .rodata.__func__.9
                0x10004c78        0xa CMakeFiles/Button_Interrupts.dir/E_/Pi_Pico/pico-sdk/src/common/pico_time/time.c.obj
 *fill*         0x10004c82        0x2 
 .rodata.hardware_alarm_claim.str1.4
                0x10004c84       0x22 CMakeFiles/Button_Interrupts.dir/E_/Pi_Pico/pico-sdk/src/rp2_common/hardware_timer/timer.c.obj
 *fill*         0x10004ca6        0x2 
 .rodata.hardware_alarm_set_target.str1.4
                0x10004ca8       0x5e CMakeFiles/Button_Interrupts.dir/E_/Pi_Pico/pico-sdk/src/rp2_common/hardware_timer/timer.c.obj
 *fill*         0x10004d06        0x2 
 .rodata.__func__.0
                0x10004d08       0x1a CMakeFiles/Button_Interrupts.dir/E_/Pi_Pico/pico-sdk/src/rp2_common/hardware_timer/timer.c.obj
 *fill*         0x10004d22        0x2 
 .rodata.lock_init.str1.4
                0x10004d24       0x61 CMakeFiles/Button_Interrupts.dir/E_/Pi_Pico/pico-sdk/src/common/pico_sync/lock_core.c.obj
 *fill*         0x10004d85        0x3 
 .rodata.__func__.0
                0x10004d88        0xa CMakeFiles/Button_Interrupts.dir/E_/Pi_Pico/pico-sdk/src/common/pico_sync/lock_core.c.obj
 *fill*         0x10004d92        0x2 
 .rodata.str1.4
                0x10004d94       0x58 CMakeFiles/Button_Interrupts.dir/E_/Pi_Pico/pico-sdk/src/common/pico_sync/mutex.c.obj
 .rodata.__func__.0
                0x10004dec        0xb CMakeFiles/Button_Interrupts.dir/E_/Pi_Pico/pico-sdk/src/common/pico_sync/mutex.c.obj
 *fill*         0x10004df7        0x1 
 .rodata.__func__.2
                0x10004df8       0x15 CMakeFiles/Button_Interrupts.dir/E_/Pi_Pico/pico-sdk/src/common/pico_sync/mutex.c.obj
 .rodata.ph_add_child_node.str1.4
                0x10004e0d       0x8e CMakeFiles/Button_Interrupts.dir/E_/Pi_Pico/pico-sdk/src/common/pico_util/pheap.c.obj
 *fill*         0x10004e0d        0x3 
 .rodata.ph_remove_any_head.str1.4
                0x10004e10       0x88 CMakeFiles/Button_Interrupts.dir/E_/Pi_Pico/pico-sdk/src/common/pico_util/pheap.c.obj
 .rodata.ph_delete.str1.4
                0x10004e98       0x26 CMakeFiles/Button_Interrupts.dir/E_/Pi_Pico/pico-sdk/src/common/pico_util/pheap.c.obj
 *fill*         0x10004ebe        0x2 
 .rodata.__func__.0
                0x10004ec0        0xa CMakeFiles/Button_Interrupts.dir/E_/Pi_Pico/pico-sdk/src/common/pico_util/pheap.c.obj
 *fill*         0x10004eca        0x2 
 .rodata.__func__.1
                0x10004ecc       0x13 CMakeFiles/Button_Interrupts.dir/E_/Pi_Pico/pico-sdk/src/common/pico_util/pheap.c.obj
 *fill*         0x10004edf        0x1 
 .rodata.__func__.2
                0x10004ee0       0x12 CMakeFiles/Button_Interrupts.dir/E_/Pi_Pico/pico-sdk/src/common/pico_util/pheap.c.obj
 *fill*         0x10004ef2        0x2 
 .rodata.__func__.3
                0x10004ef4        0xc CMakeFiles/Button_Interrupts.dir/E_/Pi_Pico/pico-sdk/src/common/pico_util/pheap.c.obj
 .rodata.__assert_func.str1.4
                0x10004f00       0x3f CMakeFiles/Button_Interrupts.dir/E_/Pi_Pico/pico-sdk/src/rp2_common/pico_runtime/runtime.c.obj
                                 0x43 (size before relaxing)
 *fill*         0x10004f3f        0x1 
 .rodata.panic.str1.4
                0x10004f40       0x12 CMakeFiles/Button_Interrupts.dir/E_/Pi_Pico/pico-sdk/src/rp2_common/pico_runtime/runtime.c.obj
 *fill*         0x10004f52        0x2 
 .rodata.clock_configure.str1.4
                0x10004f54       0x50 CMakeFiles/Button_Interrupts.dir/E_/Pi_Pico/pico-sdk/src/rp2_common/hardware_clocks/clocks.c.obj
 .rodata.__func__.1
                0x10004fa4       0x10 CMakeFiles/Button_Interrupts.dir/E_/Pi_Pico/pico-sdk/src/rp2_common/hardware_clocks/clocks.c.obj
 .rodata.pll_init.str1.4
                0x10004fb4       0xd3 CMakeFiles/Button_Interrupts.dir/E_/Pi_Pico/pico-sdk/src/rp2_common/hardware_pll/pll.c.obj
 *fill*         0x10005087        0x1 
 .rodata.__func__.0
                0x10005088        0x9 CMakeFiles/Button_Interrupts.dir/E_/Pi_Pico/pico-sdk/src/rp2_common/hardware_pll/pll.c.obj
 *fill*         0x10005091        0x3 
 .rodata.make_branch.str1.4
                0x10005094       0x46 CMakeFiles/Button_Interrupts.dir/E_/Pi_Pico/pico-sdk/src/rp2_common/hardware_irq/irq.c.obj
 *fill*         0x100050da        0x2 
 .rodata.irq_set_exclusive_handler.str1.4
                0x100050dc       0x36 CMakeFiles/Button_Interrupts.dir/E_/Pi_Pico/pico-sdk/src/rp2_common/hardware_irq/irq.c.obj
 *fill*         0x10005112        0x2 
 .rodata.irq_add_shared_handler.str1.4
                0x10005114       0xd9 CMakeFiles/Button_Interrupts.dir/E_/Pi_Pico/pico-sdk/src/rp2_common/hardware_irq/irq.c.obj
 *fill*         0x100051ed        0x3 
 .rodata.irq_remove_handler.str1.4
                0x100051f0       0x2a CMakeFiles/Button_Interrupts.dir/E_/Pi_Pico/pico-sdk/src/rp2_common/hardware_irq/irq.c.obj
 *fill*         0x1000521a        0x2 
 .rodata.irq_add_tail_to_free_list.str1.4
                0x1000521c       0x32 CMakeFiles/Button_Interrupts.dir/E_/Pi_Pico/pico-sdk/src/rp2_common/hardware_irq/irq.c.obj
                                 0x3a (size before relaxing)
 *fill*         0x1000524e        0x2 
 .rodata.__func__.0
                0x10005250       0x1a CMakeFiles/Button_Interrupts.dir/E_/Pi_Pico/pico-sdk/src/rp2_common/hardware_irq/irq.c.obj
 *fill*         0x1000526a        0x2 
 .rodata.__func__.1
                0x1000526c       0x17 CMakeFiles/Button_Interrupts.dir/E_/Pi_Pico/pico-sdk/src/rp2_common/hardware_irq/irq.c.obj
 *fill*         0x10005283        0x1 
 .rodata.__func__.2
                0x10005284       0x13 CMakeFiles/Button_Interrupts.dir/E_/Pi_Pico/pico-sdk/src/rp2_common/hardware_irq/irq.c.obj
 *fill*         0x10005297        0x1 
 .rodata.__func__.3
                0x10005298        0xc CMakeFiles/Button_Interrupts.dir/E_/Pi_Pico/pico-sdk/src/rp2_common/hardware_irq/irq.c.obj
 .rodata.__func__.4
                0x100052a4        0xf CMakeFiles/Button_Interrupts.dir/E_/Pi_Pico/pico-sdk/src/rp2_common/hardware_irq/irq.c.obj
 *fill*         0x100052b3        0x1 
 .rodata.__func__.6
                0x100052b4       0x1a CMakeFiles/Button_Interrupts.dir/E_/Pi_Pico/pico-sdk/src/rp2_common/hardware_irq/irq.c.obj
 *fill*         0x100052ce        0x2 
 .rodata._ftoa.str1.4
                0x100052d0       0x15 CMakeFiles/Button_Interrupts.dir/E_/Pi_Pico/pico-sdk/src/rp2_common/pico_printf/printf.c.obj
 *fill*         0x100052e5        0x3 
 .rodata._vsnprintf
                0x100052e8      0x1e0 CMakeFiles/Button_Interrupts.dir/E_/Pi_Pico/pico-sdk/src/rp2_common/pico_printf/printf.c.obj
 .rodata.pow10.0
                0x100054c8       0x50 CMakeFiles/Button_Interrupts.dir/E_/Pi_Pico/pico-sdk/src/rp2_common/pico_printf/printf.c.obj
 .rodata.__aeabi_double_init.str1.4
                0x10005518       0xa1 CMakeFiles/Button_Interrupts.dir/E_/Pi_Pico/pico-sdk/src/rp2_common/pico_double/double_init_rom.c.obj
 *fill*         0x100055b9        0x3 
 .rodata.__func__.0
                0x100055bc       0x14 CMakeFiles/Button_Interrupts.dir/E_/Pi_Pico/pico-sdk/src/rp2_common/pico_double/double_init_rom.c.obj
 .rodata.__aeabi_float_init.str1.4
                0x100055d0       0x73 CMakeFiles/Button_Interrupts.dir/E_/Pi_Pico/pico-sdk/src/rp2_common/pico_float/float_init_rom.c.obj
                                 0x77 (size before relaxing)
 *fill*         0x10005643        0x1 
 .rodata.__func__.0
                0x10005644       0x13 CMakeFiles/Button_Interrupts.dir/E_/Pi_Pico/pico-sdk/src/rp2_common/pico_float/float_init_rom.c.obj
 *fill*         0x10005657        0x1 
 .rodata.str1.4
                0x10005658       0x38 CMakeFiles/Button_Interrupts.dir/E_/Pi_Pico/pico-sdk/src/rp2_common/pico_standard_link/binary_info.c.obj
 .rodata.__bi_40
                0x10005690        0xc CMakeFiles/Button_Interrupts.dir/E_/Pi_Pico/pico-sdk/src/rp2_common/pico_standard_link/binary_info.c.obj
 .rodata.__bi_71
                0x1000569c        0xc CMakeFiles/Button_Interrupts.dir/E_/Pi_Pico/pico-sdk/src/rp2_common/pico_standard_link/binary_info.c.obj
 .rodata.crlf_str.1
                0x100056a8        0x2 CMakeFiles/Button_Interrupts.dir/E_/Pi_Pico/pico-sdk/src/rp2_common/pico_stdio/stdio.c.obj
                0x100056ac                . = ALIGN (0x4)
 *fill*         0x100056aa        0x2 
 *(SORT_BY_ALIGNMENT(SORT_BY_NAME(.flashdata*)))
                0x100056ac                . = ALIGN (0x4)

.rel.dyn        0x100056ac        0x0
 .rel.iplt      0x100056ac        0x0 c:/progra~2/gnuarm~1/102020~1/bin/../lib/gcc/arm-none-eabi/10.2.1/thumb/v6-m/nofp/crtbegin.o

.ARM.extab
 *(.ARM.extab* .gnu.linkonce.armextab.*)
                0x100056ac                __exidx_start = .

.ARM.exidx
 *(.ARM.exidx* .gnu.linkonce.armexidx.*)
                0x100056ac                __exidx_end = .
                0x100056ac                . = ALIGN (0x4)
                0x100056ac                __binary_info_start = .

.binary_info    0x100056ac       0x18
 *(.binary_info.keep.*)
 .binary_info.keep.__bi_ptr18
                0x100056ac        0x4 CMakeFiles/Button_Interrupts.dir/E_/Pi_Pico/pico-sdk/src/rp2_common/pico_standard_link/binary_info.c.obj
 .binary_info.keep.__bi_ptr26
                0x100056b0        0x4 CMakeFiles/Button_Interrupts.dir/E_/Pi_Pico/pico-sdk/src/rp2_common/pico_standard_link/binary_info.c.obj
 .binary_info.keep.__bi_ptr34
                0x100056b4        0x4 CMakeFiles/Button_Interrupts.dir/E_/Pi_Pico/pico-sdk/src/rp2_common/pico_standard_link/binary_info.c.obj
 .binary_info.keep.__bi_ptr40
                0x100056b8        0x4 CMakeFiles/Button_Interrupts.dir/E_/Pi_Pico/pico-sdk/src/rp2_common/pico_standard_link/binary_info.c.obj
 .binary_info.keep.__bi_ptr46
                0x100056bc        0x4 CMakeFiles/Button_Interrupts.dir/E_/Pi_Pico/pico-sdk/src/rp2_common/pico_standard_link/binary_info.c.obj
 .binary_info.keep.__bi_ptr71
                0x100056c0        0x4 CMakeFiles/Button_Interrupts.dir/E_/Pi_Pico/pico-sdk/src/rp2_common/pico_standard_link/binary_info.c.obj
 *(.binary_info.*)
                0x100056c4                __binary_info_end = .
                0x100056c4                . = ALIGN (0x4)
                0x100056c4                __etext = .

.ram_vector_table
                0x20000000       0xc0
 *(.ram_vector_table)
 .ram_vector_table
                0x20000000       0xc0 CMakeFiles/Button_Interrupts.dir/E_/Pi_Pico/pico-sdk/src/rp2_common/pico_runtime/runtime.c.obj
                0x20000000                ram_vector_table

.data           0x200000c0      0x9dc load address 0x100056c4
                0x200000c0                __data_start__ = .
 *(vtable)
 *(.time_critical*)
 .time_critical.mutex_enter_blocking
                0x200000c0       0x64 CMakeFiles/Button_Interrupts.dir/E_/Pi_Pico/pico-sdk/src/common/pico_sync/mutex.c.obj
                0x200000c0                mutex_enter_blocking
 .time_critical.mutex_try_enter
                0x20000124       0x44 CMakeFiles/Button_Interrupts.dir/E_/Pi_Pico/pico-sdk/src/common/pico_sync/mutex.c.obj
                0x20000124                mutex_try_enter
 .time_critical.mutex_exit
                0x20000168       0x4c CMakeFiles/Button_Interrupts.dir/E_/Pi_Pico/pico-sdk/src/common/pico_sync/mutex.c.obj
                0x20000168                mutex_exit
 *(.text*)
 .text          0x200001b4        0x4 c:/progra~2/gnuarm~1/102020~1/bin/../lib/gcc/arm-none-eabi/10.2.1/thumb/v6-m/nofp\libgcc.a(_dvmd_tls.o)
                0x200001b4                __aeabi_idiv0
                0x200001b4                __aeabi_ldiv0
 .text.__stub   0x200001b8       0x10 linker stubs
                0x200001c8                . = ALIGN (0x4)
 *(.rodata*)
                0x200001c8                . = ALIGN (0x4)
 *(.data*)
 .data.striped_spin_lock_num
                0x200001c8        0x1 CMakeFiles/Button_Interrupts.dir/E_/Pi_Pico/pico-sdk/src/rp2_common/hardware_sync/sync.c.obj
 *fill*         0x200001c9        0x3 
 .data          0x200001cc       0x48 CMakeFiles/Button_Interrupts.dir/E_/Pi_Pico/pico-sdk/src/rp2_common/hardware_irq/irq_handler_chain.S.obj
                0x200001cc                irq_handler_chain_slots
                0x200001fc                irq_handler_chain_first_slot
                0x20000206                irq_handler_chain_remove_tail
 *fill*         0x20000214        0xc 
 .data.aeabi_bits_funcs
                0x20000220       0x10 CMakeFiles/Button_Interrupts.dir/E_/Pi_Pico/pico-sdk/src/rp2_common/pico_bit_ops/bit_ops_aeabi.S.obj
                0x20000220                aeabi_bits_funcs
                0x20000230                aeabi_bits_funcs_end
 .data.aeabi_mem_funcs
                0x20000230       0x10 CMakeFiles/Button_Interrupts.dir/E_/Pi_Pico/pico-sdk/src/rp2_common/pico_mem_ops/mem_ops_aeabi.S.obj
                0x20000230                aeabi_mem_funcs
                0x20000240                aeabi_mem_funcs_end
 .data._impure_ptr
                0x20000240        0x4 c:/progra~2/gnuarm~1/102020~1/bin/../lib/gcc/arm-none-eabi/10.2.1/../../../../arm-none-eabi/lib/thumb/v6-m/nofp\libg.a(lib_a-impure.o)
                0x20000240                _impure_ptr
 *fill*         0x20000244        0x4 
 .data.impure_data
                0x20000248      0x428 c:/progra~2/gnuarm~1/102020~1/bin/../lib/gcc/arm-none-eabi/10.2.1/../../../../arm-none-eabi/lib/thumb/v6-m/nofp\libg.a(lib_a-impure.o)
 .data.__malloc_av_
                0x20000670      0x408 c:/progra~2/gnuarm~1/102020~1/bin/../lib/gcc/arm-none-eabi/10.2.1/../../../../arm-none-eabi/lib/thumb/v6-m/nofp\libg.a(lib_a-mallocr.o)
                0x20000670                __malloc_av_
 .data.__malloc_sbrk_base
                0x20000a78        0x4 c:/progra~2/gnuarm~1/102020~1/bin/../lib/gcc/arm-none-eabi/10.2.1/../../../../arm-none-eabi/lib/thumb/v6-m/nofp\libg.a(lib_a-mallocr.o)
                0x20000a78                __malloc_sbrk_base
 .data.__malloc_trim_threshold
                0x20000a7c        0x4 c:/progra~2/gnuarm~1/102020~1/bin/../lib/gcc/arm-none-eabi/10.2.1/../../../../arm-none-eabi/lib/thumb/v6-m/nofp\libg.a(lib_a-mallocr.o)
                0x20000a7c                __malloc_trim_threshold
                0x20000a80                . = ALIGN (0x4)
 *(.after_data.*)
                0x20000a80                . = ALIGN (0x4)
                0x20000a80                PROVIDE (__mutex_array_start = .)
 *(SORT_BY_NAME(.mutex_array.*))
 *(.mutex_array)
 .mutex_array   0x20000a80        0x8 CMakeFiles/Button_Interrupts.dir/E_/Pi_Pico/pico-sdk/src/rp2_common/pico_stdio/stdio.c.obj
                0x20000a88                PROVIDE (__mutex_array_end = .)
                0x20000a88                . = ALIGN (0x4)
                0x20000a88                PROVIDE (__preinit_array_start = .)
 *(SORT_BY_NAME(.preinit_array.*))
 .preinit_array.00001
                0x20000a88        0x4 CMakeFiles/Button_Interrupts.dir/E_/Pi_Pico/pico-sdk/src/rp2_common/pico_mem_ops/mem_ops_aeabi.S.obj
 .preinit_array.00010
                0x20000a8c        0x4 CMakeFiles/Button_Interrupts.dir/E_/Pi_Pico/pico-sdk/src/rp2_common/pico_bit_ops/bit_ops_aeabi.S.obj
 .preinit_array.00020
                0x20000a90        0x4 CMakeFiles/Button_Interrupts.dir/E_/Pi_Pico/pico-sdk/src/rp2_common/pico_double/double_aeabi.S.obj
 .preinit_array.00020
                0x20000a94        0x4 CMakeFiles/Button_Interrupts.dir/E_/Pi_Pico/pico-sdk/src/rp2_common/pico_float/float_aeabi.S.obj
 *(.preinit_array)
                0x20000a98                PROVIDE (__preinit_array_end = .)
                0x20000a98                . = ALIGN (0x4)
                0x20000a98                PROVIDE (__init_array_start = .)
 *(SORT_BY_NAME(.init_array.*))
 *(.init_array)
 .init_array    0x20000a98        0x4 c:/progra~2/gnuarm~1/102020~1/bin/../lib/gcc/arm-none-eabi/10.2.1/thumb/v6-m/nofp/crtbegin.o
                0x20000a9c                PROVIDE (__init_array_end = .)
                0x20000a9c                . = ALIGN (0x4)
                [!provide]                PROVIDE (__fini_array_start = .)
 *(SORT_BY_NAME(.fini_array.*))
 *(.fini_array)
                [!provide]                PROVIDE (__fini_array_end = .)
 *(.jcr)
                0x20000a9c                . = ALIGN (0x4)
                0x20000a9c                __data_end__ = .

.igot.plt       0x20000a9c        0x0 load address 0x100060a0
 .igot.plt      0x20000a9c        0x0 c:/progra~2/gnuarm~1/102020~1/bin/../lib/gcc/arm-none-eabi/10.2.1/thumb/v6-m/nofp/crtbegin.o

.uninitialized_data
                0x20000a9c        0x0 load address 0x100060a0
                0x20000a9c                . = ALIGN (0x4)
 *(.uninitialized_data*)

.scratch_x      0x20040000        0x0 load address 0x100060a0
                0x20040000                __scratch_x_start__ = .
 *(.scratch_x.*)
                0x20040000                . = ALIGN (0x4)
                0x20040000                __scratch_x_end__ = .
                0x100060a0                __scratch_x_source__ = LOADADDR (.scratch_x)

.scratch_y      0x20041000        0x0 load address 0x100060a0
                0x20041000                __scratch_y_start__ = .
 *(.scratch_y.*)
                0x20041000                . = ALIGN (0x4)
                0x20041000                __scratch_y_end__ = .
                0x100060a0                __scratch_y_source__ = LOADADDR (.scratch_y)

.bss            0x20000a9c      0x2d0
                0x20000a9c                . = ALIGN (0x4)
                0x20000a9c                __bss_start__ = .
 *(SORT_BY_ALIGNMENT(SORT_BY_NAME(.bss*)))
 .bss           0x20000a9c       0x1c c:/progra~2/gnuarm~1/102020~1/bin/../lib/gcc/arm-none-eabi/10.2.1/thumb/v6-m/nofp/crtbegin.o
 .bss.__lock___malloc_recursive_mutex
                0x20000ab8        0x1 c:/progra~2/gnuarm~1/102020~1/bin/../lib/gcc/arm-none-eabi/10.2.1/../../../../arm-none-eabi/lib/thumb/v6-m/nofp\libg.a(lib_a-lock.o)
                0x20000ab8                __lock___malloc_recursive_mutex
 *fill*         0x20000ab9        0x3 
 .bss.__malloc_current_mallinfo
                0x20000abc       0x28 c:/progra~2/gnuarm~1/102020~1/bin/../lib/gcc/arm-none-eabi/10.2.1/../../../../arm-none-eabi/lib/thumb/v6-m/nofp\libg.a(lib_a-mallocr.o)
                0x20000abc                __malloc_current_mallinfo
 .bss.__malloc_max_sbrked_mem
                0x20000ae4        0x4 c:/progra~2/gnuarm~1/102020~1/bin/../lib/gcc/arm-none-eabi/10.2.1/../../../../arm-none-eabi/lib/thumb/v6-m/nofp\libg.a(lib_a-mallocr.o)
                0x20000ae4                __malloc_max_sbrked_mem
 .bss.__malloc_max_total_mem
                0x20000ae8        0x4 c:/progra~2/gnuarm~1/102020~1/bin/../lib/gcc/arm-none-eabi/10.2.1/../../../../arm-none-eabi/lib/thumb/v6-m/nofp\libg.a(lib_a-mallocr.o)
                0x20000ae8                __malloc_max_total_mem
 .bss.__malloc_top_pad
                0x20000aec        0x4 c:/progra~2/gnuarm~1/102020~1/bin/../lib/gcc/arm-none-eabi/10.2.1/../../../../arm-none-eabi/lib/thumb/v6-m/nofp\libg.a(lib_a-mallocr.o)
                0x20000aec                __malloc_top_pad
 .bss._callbacks
                0x20000af0        0x8 CMakeFiles/Button_Interrupts.dir/E_/Pi_Pico/pico-sdk/src/rp2_common/hardware_gpio/gpio.c.obj
 .bss.alarm_callbacks
                0x20000af8       0x10 CMakeFiles/Button_Interrupts.dir/E_/Pi_Pico/pico-sdk/src/rp2_common/hardware_timer/timer.c.obj
 .bss.configured_freq
                0x20000b08       0x28 CMakeFiles/Button_Interrupts.dir/E_/Pi_Pico/pico-sdk/src/rp2_common/hardware_clocks/clocks.c.obj
 .bss.default_alarm_pool
                0x20000b30        0x4 CMakeFiles/Button_Interrupts.dir/E_/Pi_Pico/pico-sdk/src/common/pico_time/time.c.obj
 .bss.drivers   0x20000b34        0x4 CMakeFiles/Button_Interrupts.dir/E_/Pi_Pico/pico-sdk/src/rp2_common/pico_stdio/stdio.c.obj
 .bss.errno     0x20000b38        0x4 c:/progra~2/gnuarm~1/102020~1/bin/../lib/gcc/arm-none-eabi/10.2.1/../../../../arm-none-eabi/lib/thumb/v6-m/nofp\libg.a(lib_a-reent.o)
                0x20000b38                errno
 .bss.filter    0x20000b3c        0x4 CMakeFiles/Button_Interrupts.dir/E_/Pi_Pico/pico-sdk/src/rp2_common/pico_stdio/stdio.c.obj
 .bss.heap_end.0
                0x20000b40        0x4 CMakeFiles/Button_Interrupts.dir/E_/Pi_Pico/pico-sdk/src/rp2_common/pico_runtime/runtime.c.obj
 .bss.pools     0x20000b44       0x10 CMakeFiles/Button_Interrupts.dir/E_/Pi_Pico/pico-sdk/src/common/pico_time/time.c.obj
 .bss.sd_table  0x20000b54      0x100 CMakeFiles/Button_Interrupts.dir/E_/Pi_Pico/pico-sdk/src/rp2_common/pico_double/double_init_rom.c.obj
                0x20000b54                sd_table
 .bss.sf_clz_func
                0x20000c54        0x4 CMakeFiles/Button_Interrupts.dir/E_/Pi_Pico/pico-sdk/src/rp2_common/pico_float/float_init_rom.c.obj
                0x20000c54                sf_clz_func
 .bss.sf_table  0x20000c58      0x100 CMakeFiles/Button_Interrupts.dir/E_/Pi_Pico/pico-sdk/src/rp2_common/pico_float/float_init_rom.c.obj
                0x20000c58                sf_table
 .bss.target_hi
                0x20000d58       0x10 CMakeFiles/Button_Interrupts.dir/E_/Pi_Pico/pico-sdk/src/rp2_common/hardware_timer/timer.c.obj
 .bss.claimed   0x20000d68        0x1 CMakeFiles/Button_Interrupts.dir/E_/Pi_Pico/pico-sdk/src/rp2_common/hardware_timer/timer.c.obj
 .bss.irq_hander_chain_free_slot_head
                0x20000d69        0x1 CMakeFiles/Button_Interrupts.dir/E_/Pi_Pico/pico-sdk/src/rp2_common/hardware_irq/irq.c.obj
 .bss.modeSelection
                0x20000d6a        0x1 CMakeFiles/Button_Interrupts.dir/Button_Interrupts.c.obj
                0x20000d6a                modeSelection
 .bss.timer_callbacks_pending
                0x20000d6b        0x1 CMakeFiles/Button_Interrupts.dir/E_/Pi_Pico/pico-sdk/src/rp2_common/hardware_timer/timer.c.obj
 *(COMMON)
                0x20000d6c                . = ALIGN (0x4)
                0x20000d6c                __bss_end__ = .

.heap           0x20000d6c      0x800
                0x20000d6c                __end__ = .
                0x20000d6c                end = __end__
 *(.heap*)
 .heap          0x20000d6c      0x800 CMakeFiles/Button_Interrupts.dir/E_/Pi_Pico/pico-sdk/src/rp2_common/pico_standard_link/crt0.S.obj
                0x2000156c                __HeapLimit = .

.stack1_dummy   0x20040000        0x0
 *(.stack1*)

.stack_dummy    0x20041000      0x800
 *(.stack*)
 .stack         0x20041000      0x800 CMakeFiles/Button_Interrupts.dir/E_/Pi_Pico/pico-sdk/src/rp2_common/pico_standard_link/crt0.S.obj

.flash_end      0x100060a0        0x0
                0x100060a0                __flash_binary_end = .
                0x20040000                __StackLimit = (ORIGIN (RAM) + LENGTH (RAM))
                0x20041000                __StackOneTop = (ORIGIN (SCRATCH_X) + LENGTH (SCRATCH_X))
                0x20042000                __StackTop = (ORIGIN (SCRATCH_Y) + LENGTH (SCRATCH_Y))
                0x20041000                __StackOneBottom = (__StackOneTop - SIZEOF (.stack1_dummy))
                0x20041800                __StackBottom = (__StackTop - SIZEOF (.stack_dummy))
                0x20042000                PROVIDE (__stack = __StackTop)
                0x00000001                ASSERT ((__StackLimit >= __HeapLimit), region RAM overflowed)
                0x00000001                ASSERT (((__binary_info_header_end - __logical_binary_start) <= 0x100), Binary info must be in first 256 bytes of the binary)
LOAD CMakeFiles/Button_Interrupts.dir/Button_Interrupts.c.obj
LOAD CMakeFiles/Button_Interrupts.dir/E_/Pi_Pico/pico-sdk/src/rp2_common/pico_stdlib/stdlib.c.obj
LOAD CMakeFiles/Button_Interrupts.dir/E_/Pi_Pico/pico-sdk/src/rp2_common/hardware_gpio/gpio.c.obj
LOAD CMakeFiles/Button_Interrupts.dir/E_/Pi_Pico/pico-sdk/src/rp2_common/hardware_claim/claim.c.obj
LOAD CMakeFiles/Button_Interrupts.dir/E_/Pi_Pico/pico-sdk/src/rp2_common/hardware_sync/sync.c.obj
LOAD CMakeFiles/Button_Interrupts.dir/E_/Pi_Pico/pico-sdk/src/rp2_common/pico_platform/platform.c.obj
LOAD CMakeFiles/Button_Interrupts.dir/E_/Pi_Pico/pico-sdk/src/rp2_common/hardware_uart/uart.c.obj
LOAD CMakeFiles/Button_Interrupts.dir/E_/Pi_Pico/pico-sdk/src/rp2_common/hardware_divider/divider.S.obj
LOAD CMakeFiles/Button_Interrupts.dir/E_/Pi_Pico/pico-sdk/src/common/pico_time/time.c.obj
LOAD CMakeFiles/Button_Interrupts.dir/E_/Pi_Pico/pico-sdk/src/common/pico_time/timeout_helper.c.obj
LOAD CMakeFiles/Button_Interrupts.dir/E_/Pi_Pico/pico-sdk/src/rp2_common/hardware_timer/timer.c.obj
LOAD CMakeFiles/Button_Interrupts.dir/E_/Pi_Pico/pico-sdk/src/common/pico_sync/sem.c.obj
LOAD CMakeFiles/Button_Interrupts.dir/E_/Pi_Pico/pico-sdk/src/common/pico_sync/lock_core.c.obj
LOAD CMakeFiles/Button_Interrupts.dir/E_/Pi_Pico/pico-sdk/src/common/pico_sync/mutex.c.obj
LOAD CMakeFiles/Button_Interrupts.dir/E_/Pi_Pico/pico-sdk/src/common/pico_sync/critical_section.c.obj
LOAD CMakeFiles/Button_Interrupts.dir/E_/Pi_Pico/pico-sdk/src/common/pico_util/datetime.c.obj
LOAD CMakeFiles/Button_Interrupts.dir/E_/Pi_Pico/pico-sdk/src/common/pico_util/pheap.c.obj
LOAD CMakeFiles/Button_Interrupts.dir/E_/Pi_Pico/pico-sdk/src/common/pico_util/queue.c.obj
LOAD CMakeFiles/Button_Interrupts.dir/E_/Pi_Pico/pico-sdk/src/rp2_common/pico_runtime/runtime.c.obj
LOAD CMakeFiles/Button_Interrupts.dir/E_/Pi_Pico/pico-sdk/src/rp2_common/hardware_clocks/clocks.c.obj
LOAD CMakeFiles/Button_Interrupts.dir/E_/Pi_Pico/pico-sdk/src/rp2_common/hardware_watchdog/watchdog.c.obj
LOAD CMakeFiles/Button_Interrupts.dir/E_/Pi_Pico/pico-sdk/src/rp2_common/hardware_xosc/xosc.c.obj
LOAD CMakeFiles/Button_Interrupts.dir/E_/Pi_Pico/pico-sdk/src/rp2_common/hardware_pll/pll.c.obj
LOAD CMakeFiles/Button_Interrupts.dir/E_/Pi_Pico/pico-sdk/src/rp2_common/hardware_vreg/vreg.c.obj
LOAD CMakeFiles/Button_Interrupts.dir/E_/Pi_Pico/pico-sdk/src/rp2_common/hardware_irq/irq.c.obj
LOAD CMakeFiles/Button_Interrupts.dir/E_/Pi_Pico/pico-sdk/src/rp2_common/hardware_irq/irq_handler_chain.S.obj
LOAD CMakeFiles/Button_Interrupts.dir/E_/Pi_Pico/pico-sdk/src/rp2_common/pico_printf/printf.c.obj
LOAD CMakeFiles/Button_Interrupts.dir/E_/Pi_Pico/pico-sdk/src/rp2_common/pico_bit_ops/bit_ops_aeabi.S.obj
LOAD CMakeFiles/Button_Interrupts.dir/E_/Pi_Pico/pico-sdk/src/rp2_common/pico_bootrom/bootrom.c.obj
LOAD CMakeFiles/Button_Interrupts.dir/E_/Pi_Pico/pico-sdk/src/rp2_common/pico_divider/divider.S.obj
LOAD CMakeFiles/Button_Interrupts.dir/E_/Pi_Pico/pico-sdk/src/rp2_common/pico_double/double_aeabi.S.obj
LOAD CMakeFiles/Button_Interrupts.dir/E_/Pi_Pico/pico-sdk/src/rp2_common/pico_double/double_init_rom.c.obj
LOAD CMakeFiles/Button_Interrupts.dir/E_/Pi_Pico/pico-sdk/src/rp2_common/pico_double/double_math.c.obj
LOAD CMakeFiles/Button_Interrupts.dir/E_/Pi_Pico/pico-sdk/src/rp2_common/pico_double/double_v1_rom_shim.S.obj
LOAD CMakeFiles/Button_Interrupts.dir/E_/Pi_Pico/pico-sdk/src/rp2_common/pico_int64_ops/pico_int64_ops_aeabi.S.obj
LOAD CMakeFiles/Button_Interrupts.dir/E_/Pi_Pico/pico-sdk/src/rp2_common/pico_float/float_aeabi.S.obj
LOAD CMakeFiles/Button_Interrupts.dir/E_/Pi_Pico/pico-sdk/src/rp2_common/pico_float/float_init_rom.c.obj
LOAD CMakeFiles/Button_Interrupts.dir/E_/Pi_Pico/pico-sdk/src/rp2_common/pico_float/float_math.c.obj
LOAD CMakeFiles/Button_Interrupts.dir/E_/Pi_Pico/pico-sdk/src/rp2_common/pico_float/float_v1_rom_shim.S.obj
LOAD CMakeFiles/Button_Interrupts.dir/E_/Pi_Pico/pico-sdk/src/rp2_common/pico_malloc/pico_malloc.c.obj
LOAD CMakeFiles/Button_Interrupts.dir/E_/Pi_Pico/pico-sdk/src/rp2_common/pico_mem_ops/mem_ops_aeabi.S.obj
LOAD CMakeFiles/Button_Interrupts.dir/E_/Pi_Pico/pico-sdk/src/rp2_common/pico_standard_link/crt0.S.obj
LOAD CMakeFiles/Button_Interrupts.dir/E_/Pi_Pico/pico-sdk/src/rp2_common/pico_standard_link/new_delete.cpp.obj
LOAD CMakeFiles/Button_Interrupts.dir/E_/Pi_Pico/pico-sdk/src/rp2_common/pico_standard_link/binary_info.c.obj
LOAD CMakeFiles/Button_Interrupts.dir/E_/Pi_Pico/pico-sdk/src/rp2_common/pico_stdio/stdio.c.obj
LOAD CMakeFiles/Button_Interrupts.dir/E_/Pi_Pico/pico-sdk/src/rp2_common/pico_stdio_uart/stdio_uart.c.obj
LOAD C:\Users\Venki\AppData\Local\Temp\ccsGXC5I.o
LOAD c:/progra~2/gnuarm~1/102020~1/bin/../lib/gcc/arm-none-eabi/10.2.1/../../../../arm-none-eabi/lib/thumb/v6-m/nofp\libstdc++.a
LOAD c:/progra~2/gnuarm~1/102020~1/bin/../lib/gcc/arm-none-eabi/10.2.1/../../../../arm-none-eabi/lib/thumb/v6-m/nofp\libm.a
START GROUP
LOAD c:/progra~2/gnuarm~1/102020~1/bin/../lib/gcc/arm-none-eabi/10.2.1/thumb/v6-m/nofp\libgcc.a
LOAD c:/progra~2/gnuarm~1/102020~1/bin/../lib/gcc/arm-none-eabi/10.2.1/../../../../arm-none-eabi/lib/thumb/v6-m/nofp\libg.a
LOAD c:/progra~2/gnuarm~1/102020~1/bin/../lib/gcc/arm-none-eabi/10.2.1/../../../../arm-none-eabi/lib/thumb/v6-m/nofp\libc.a
END GROUP
START GROUP
LOAD c:/progra~2/gnuarm~1/102020~1/bin/../lib/gcc/arm-none-eabi/10.2.1/thumb/v6-m/nofp\libgcc.a
LOAD c:/progra~2/gnuarm~1/102020~1/bin/../lib/gcc/arm-none-eabi/10.2.1/../../../../arm-none-eabi/lib/thumb/v6-m/nofp\libc.a
LOAD c:/progra~2/gnuarm~1/102020~1/bin/../lib/gcc/arm-none-eabi/10.2.1/../../../../arm-none-eabi/lib/thumb/v6-m/nofp\libnosys.a
END GROUP
LOAD c:/progra~2/gnuarm~1/102020~1/bin/../lib/gcc/arm-none-eabi/10.2.1/thumb/v6-m/nofp/crtend.o
LOAD c:/progra~2/gnuarm~1/102020~1/bin/../lib/gcc/arm-none-eabi/10.2.1/thumb/v6-m/nofp/crtn.o
OUTPUT(Button_Interrupts.elf elf32-littlearm)
LOAD linker stubs

.ARM.attributes
                0x00000000       0x28
 .ARM.attributes
                0x00000000       0x1e c:/progra~2/gnuarm~1/102020~1/bin/../lib/gcc/arm-none-eabi/10.2.1/thumb/v6-m/nofp/crti.o
 .ARM.attributes
                0x0000001e       0x2c c:/progra~2/gnuarm~1/102020~1/bin/../lib/gcc/arm-none-eabi/10.2.1/thumb/v6-m/nofp/crtbegin.o
 .ARM.attributes
                0x0000004a       0x2b CMakeFiles/Button_Interrupts.dir/Button_Interrupts.c.obj
 .ARM.attributes
                0x00000075       0x2b CMakeFiles/Button_Interrupts.dir/E_/Pi_Pico/pico-sdk/src/rp2_common/hardware_gpio/gpio.c.obj
 .ARM.attributes
                0x000000a0       0x2b CMakeFiles/Button_Interrupts.dir/E_/Pi_Pico/pico-sdk/src/rp2_common/hardware_claim/claim.c.obj
 .ARM.attributes
                0x000000cb       0x2b CMakeFiles/Button_Interrupts.dir/E_/Pi_Pico/pico-sdk/src/rp2_common/hardware_sync/sync.c.obj
 .ARM.attributes
                0x000000f6       0x2b CMakeFiles/Button_Interrupts.dir/E_/Pi_Pico/pico-sdk/src/rp2_common/pico_platform/platform.c.obj
 .ARM.attributes
                0x00000121       0x2b CMakeFiles/Button_Interrupts.dir/E_/Pi_Pico/pico-sdk/src/common/pico_time/time.c.obj
 .ARM.attributes
                0x0000014c       0x2b CMakeFiles/Button_Interrupts.dir/E_/Pi_Pico/pico-sdk/src/rp2_common/hardware_timer/timer.c.obj
 .ARM.attributes
                0x00000177       0x2b CMakeFiles/Button_Interrupts.dir/E_/Pi_Pico/pico-sdk/src/common/pico_sync/lock_core.c.obj
 .ARM.attributes
                0x000001a2       0x2b CMakeFiles/Button_Interrupts.dir/E_/Pi_Pico/pico-sdk/src/common/pico_sync/mutex.c.obj
 .ARM.attributes
                0x000001cd       0x2b CMakeFiles/Button_Interrupts.dir/E_/Pi_Pico/pico-sdk/src/common/pico_util/pheap.c.obj
 .ARM.attributes
                0x000001f8       0x2b CMakeFiles/Button_Interrupts.dir/E_/Pi_Pico/pico-sdk/src/rp2_common/pico_runtime/runtime.c.obj
 .ARM.attributes
                0x00000223       0x2b CMakeFiles/Button_Interrupts.dir/E_/Pi_Pico/pico-sdk/src/rp2_common/hardware_clocks/clocks.c.obj
 .ARM.attributes
                0x0000024e       0x2b CMakeFiles/Button_Interrupts.dir/E_/Pi_Pico/pico-sdk/src/rp2_common/hardware_watchdog/watchdog.c.obj
 .ARM.attributes
                0x00000279       0x2b CMakeFiles/Button_Interrupts.dir/E_/Pi_Pico/pico-sdk/src/rp2_common/hardware_xosc/xosc.c.obj
 .ARM.attributes
                0x000002a4       0x2b CMakeFiles/Button_Interrupts.dir/E_/Pi_Pico/pico-sdk/src/rp2_common/hardware_pll/pll.c.obj
 .ARM.attributes
                0x000002cf       0x2b CMakeFiles/Button_Interrupts.dir/E_/Pi_Pico/pico-sdk/src/rp2_common/hardware_irq/irq.c.obj
 .ARM.attributes
                0x000002fa       0x22 CMakeFiles/Button_Interrupts.dir/E_/Pi_Pico/pico-sdk/src/rp2_common/hardware_irq/irq_handler_chain.S.obj
 .ARM.attributes
                0x0000031c       0x2b CMakeFiles/Button_Interrupts.dir/E_/Pi_Pico/pico-sdk/src/rp2_common/pico_printf/printf.c.obj
 .ARM.attributes
                0x00000347       0x22 CMakeFiles/Button_Interrupts.dir/E_/Pi_Pico/pico-sdk/src/rp2_common/pico_bit_ops/bit_ops_aeabi.S.obj
 .ARM.attributes
                0x00000369       0x2b CMakeFiles/Button_Interrupts.dir/E_/Pi_Pico/pico-sdk/src/rp2_common/pico_bootrom/bootrom.c.obj
 .ARM.attributes
                0x00000394       0x22 CMakeFiles/Button_Interrupts.dir/E_/Pi_Pico/pico-sdk/src/rp2_common/pico_divider/divider.S.obj
 .ARM.attributes
                0x000003b6       0x22 CMakeFiles/Button_Interrupts.dir/E_/Pi_Pico/pico-sdk/src/rp2_common/pico_double/double_aeabi.S.obj
 .ARM.attributes
                0x000003d8       0x2b CMakeFiles/Button_Interrupts.dir/E_/Pi_Pico/pico-sdk/src/rp2_common/pico_double/double_init_rom.c.obj
 .ARM.attributes
                0x00000403       0x22 CMakeFiles/Button_Interrupts.dir/E_/Pi_Pico/pico-sdk/src/rp2_common/pico_double/double_v1_rom_shim.S.obj
 .ARM.attributes
                0x00000425       0x22 CMakeFiles/Button_Interrupts.dir/E_/Pi_Pico/pico-sdk/src/rp2_common/pico_int64_ops/pico_int64_ops_aeabi.S.obj
 .ARM.attributes
                0x00000447       0x22 CMakeFiles/Button_Interrupts.dir/E_/Pi_Pico/pico-sdk/src/rp2_common/pico_float/float_aeabi.S.obj
 .ARM.attributes
                0x00000469       0x2b CMakeFiles/Button_Interrupts.dir/E_/Pi_Pico/pico-sdk/src/rp2_common/pico_float/float_init_rom.c.obj
 .ARM.attributes
                0x00000494       0x22 CMakeFiles/Button_Interrupts.dir/E_/Pi_Pico/pico-sdk/src/rp2_common/pico_float/float_v1_rom_shim.S.obj
 .ARM.attributes
                0x000004b6       0x2b CMakeFiles/Button_Interrupts.dir/E_/Pi_Pico/pico-sdk/src/rp2_common/pico_malloc/pico_malloc.c.obj
 .ARM.attributes
                0x000004e1       0x22 CMakeFiles/Button_Interrupts.dir/E_/Pi_Pico/pico-sdk/src/rp2_common/pico_mem_ops/mem_ops_aeabi.S.obj
 .ARM.attributes
                0x00000503       0x22 CMakeFiles/Button_Interrupts.dir/E_/Pi_Pico/pico-sdk/src/rp2_common/pico_standard_link/crt0.S.obj
 .ARM.attributes
                0x00000525       0x32 CMakeFiles/Button_Interrupts.dir/E_/Pi_Pico/pico-sdk/src/rp2_common/pico_standard_link/binary_info.c.obj
 .ARM.attributes
                0x00000557       0x2b CMakeFiles/Button_Interrupts.dir/E_/Pi_Pico/pico-sdk/src/rp2_common/pico_stdio/stdio.c.obj
 .ARM.attributes
                0x00000582       0x22 C:\Users\Venki\AppData\Local\Temp\ccsGXC5I.o
 .ARM.attributes
                0x000005a4       0x1e c:/progra~2/gnuarm~1/102020~1/bin/../lib/gcc/arm-none-eabi/10.2.1/thumb/v6-m/nofp\libgcc.a(_dvmd_tls.o)
 .ARM.attributes
                0x000005c2       0x2c c:/progra~2/gnuarm~1/102020~1/bin/../lib/gcc/arm-none-eabi/10.2.1/../../../../arm-none-eabi/lib/thumb/v6-m/nofp\libg.a(lib_a-calloc.o)
 .ARM.attributes
                0x000005ee       0x2c c:/progra~2/gnuarm~1/102020~1/bin/../lib/gcc/arm-none-eabi/10.2.1/../../../../arm-none-eabi/lib/thumb/v6-m/nofp\libg.a(lib_a-callocr.o)
 .ARM.attributes
                0x0000061a       0x2c c:/progra~2/gnuarm~1/102020~1/bin/../lib/gcc/arm-none-eabi/10.2.1/../../../../arm-none-eabi/lib/thumb/v6-m/nofp\libg.a(lib_a-impure.o)
 .ARM.attributes
                0x00000646       0x2c c:/progra~2/gnuarm~1/102020~1/bin/../lib/gcc/arm-none-eabi/10.2.1/../../../../arm-none-eabi/lib/thumb/v6-m/nofp\libg.a(lib_a-malloc.o)
 .ARM.attributes
                0x00000672       0x2c c:/progra~2/gnuarm~1/102020~1/bin/../lib/gcc/arm-none-eabi/10.2.1/../../../../arm-none-eabi/lib/thumb/v6-m/nofp\libg.a(lib_a-mallocr.o)
 .ARM.attributes
                0x0000069e       0x2c c:/progra~2/gnuarm~1/102020~1/bin/../lib/gcc/arm-none-eabi/10.2.1/../../../../arm-none-eabi/lib/thumb/v6-m/nofp\libg.a(lib_a-mlock.o)
 .ARM.attributes
                0x000006ca       0x2c c:/progra~2/gnuarm~1/102020~1/bin/../lib/gcc/arm-none-eabi/10.2.1/../../../../arm-none-eabi/lib/thumb/v6-m/nofp\libg.a(lib_a-sbrkr.o)
 .ARM.attributes
                0x000006f6       0x2c c:/progra~2/gnuarm~1/102020~1/bin/../lib/gcc/arm-none-eabi/10.2.1/../../../../arm-none-eabi/lib/thumb/v6-m/nofp\libg.a(lib_a-strlen-stub.o)
 .ARM.attributes
                0x00000722       0x2c c:/progra~2/gnuarm~1/102020~1/bin/../lib/gcc/arm-none-eabi/10.2.1/../../../../arm-none-eabi/lib/thumb/v6-m/nofp\libg.a(lib_a-freer.o)
 .ARM.attributes
                0x0000074e       0x2c c:/progra~2/gnuarm~1/102020~1/bin/../lib/gcc/arm-none-eabi/10.2.1/../../../../arm-none-eabi/lib/thumb/v6-m/nofp\libg.a(lib_a-lock.o)
 .ARM.attributes
                0x0000077a       0x2c c:/progra~2/gnuarm~1/102020~1/bin/../lib/gcc/arm-none-eabi/10.2.1/../../../../arm-none-eabi/lib/thumb/v6-m/nofp\libg.a(lib_a-reent.o)

.comment        0x00000000       0x4d
 .comment       0x00000000       0x4d CMakeFiles/Button_Interrupts.dir/Button_Interrupts.c.obj
                                 0x4e (size before relaxing)
 .comment       0x0000004d       0x4e CMakeFiles/Button_Interrupts.dir/E_/Pi_Pico/pico-sdk/src/rp2_common/hardware_gpio/gpio.c.obj
 .comment       0x0000004d       0x4e CMakeFiles/Button_Interrupts.dir/E_/Pi_Pico/pico-sdk/src/rp2_common/hardware_claim/claim.c.obj
 .comment       0x0000004d       0x4e CMakeFiles/Button_Interrupts.dir/E_/Pi_Pico/pico-sdk/src/rp2_common/hardware_sync/sync.c.obj
 .comment       0x0000004d       0x4e CMakeFiles/Button_Interrupts.dir/E_/Pi_Pico/pico-sdk/src/rp2_common/pico_platform/platform.c.obj
 .comment       0x0000004d       0x4e CMakeFiles/Button_Interrupts.dir/E_/Pi_Pico/pico-sdk/src/common/pico_time/time.c.obj
 .comment       0x0000004d       0x4e CMakeFiles/Button_Interrupts.dir/E_/Pi_Pico/pico-sdk/src/rp2_common/hardware_timer/timer.c.obj
 .comment       0x0000004d       0x4e CMakeFiles/Button_Interrupts.dir/E_/Pi_Pico/pico-sdk/src/common/pico_sync/lock_core.c.obj
 .comment       0x0000004d       0x4e CMakeFiles/Button_Interrupts.dir/E_/Pi_Pico/pico-sdk/src/common/pico_sync/mutex.c.obj
 .comment       0x0000004d       0x4e CMakeFiles/Button_Interrupts.dir/E_/Pi_Pico/pico-sdk/src/common/pico_util/pheap.c.obj
 .comment       0x0000004d       0x4e CMakeFiles/Button_Interrupts.dir/E_/Pi_Pico/pico-sdk/src/rp2_common/pico_runtime/runtime.c.obj
 .comment       0x0000004d       0x4e CMakeFiles/Button_Interrupts.dir/E_/Pi_Pico/pico-sdk/src/rp2_common/hardware_clocks/clocks.c.obj
 .comment       0x0000004d       0x4e CMakeFiles/Button_Interrupts.dir/E_/Pi_Pico/pico-sdk/src/rp2_common/hardware_watchdog/watchdog.c.obj
 .comment       0x0000004d       0x4e CMakeFiles/Button_Interrupts.dir/E_/Pi_Pico/pico-sdk/src/rp2_common/hardware_xosc/xosc.c.obj
 .comment       0x0000004d       0x4e CMakeFiles/Button_Interrupts.dir/E_/Pi_Pico/pico-sdk/src/rp2_common/hardware_pll/pll.c.obj
 .comment       0x0000004d       0x4e CMakeFiles/Button_Interrupts.dir/E_/Pi_Pico/pico-sdk/src/rp2_common/hardware_irq/irq.c.obj
 .comment       0x0000004d       0x4e CMakeFiles/Button_Interrupts.dir/E_/Pi_Pico/pico-sdk/src/rp2_common/pico_printf/printf.c.obj
 .comment       0x0000004d       0x4e CMakeFiles/Button_Interrupts.dir/E_/Pi_Pico/pico-sdk/src/rp2_common/pico_bootrom/bootrom.c.obj
 .comment       0x0000004d       0x4e CMakeFiles/Button_Interrupts.dir/E_/Pi_Pico/pico-sdk/src/rp2_common/pico_double/double_init_rom.c.obj
 .comment       0x0000004d       0x4e CMakeFiles/Button_Interrupts.dir/E_/Pi_Pico/pico-sdk/src/rp2_common/pico_float/float_init_rom.c.obj
 .comment       0x0000004d       0x4e CMakeFiles/Button_Interrupts.dir/E_/Pi_Pico/pico-sdk/src/rp2_common/pico_malloc/pico_malloc.c.obj
 .comment       0x0000004d       0x4e CMakeFiles/Button_Interrupts.dir/E_/Pi_Pico/pico-sdk/src/rp2_common/pico_standard_link/binary_info.c.obj
 .comment       0x0000004d       0x4e CMakeFiles/Button_Interrupts.dir/E_/Pi_Pico/pico-sdk/src/rp2_common/pico_stdio/stdio.c.obj

.debug_info     0x00000000     0xfe59
 .debug_info    0x00000000      0x85b CMakeFiles/Button_Interrupts.dir/Button_Interrupts.c.obj
 .debug_info    0x0000085b     0x1141 CMakeFiles/Button_Interrupts.dir/E_/Pi_Pico/pico-sdk/src/rp2_common/hardware_gpio/gpio.c.obj
 .debug_info    0x0000199c      0x620 CMakeFiles/Button_Interrupts.dir/E_/Pi_Pico/pico-sdk/src/rp2_common/hardware_claim/claim.c.obj
 .debug_info    0x00001fbc      0x4a5 CMakeFiles/Button_Interrupts.dir/E_/Pi_Pico/pico-sdk/src/rp2_common/hardware_sync/sync.c.obj
 .debug_info    0x00002461      0x1d5 CMakeFiles/Button_Interrupts.dir/E_/Pi_Pico/pico-sdk/src/rp2_common/pico_platform/platform.c.obj
 .debug_info    0x00002636     0x3349 CMakeFiles/Button_Interrupts.dir/E_/Pi_Pico/pico-sdk/src/common/pico_time/time.c.obj
 .debug_info    0x0000597f      0xf9d CMakeFiles/Button_Interrupts.dir/E_/Pi_Pico/pico-sdk/src/rp2_common/hardware_timer/timer.c.obj
 .debug_info    0x0000691c      0x1c5 CMakeFiles/Button_Interrupts.dir/E_/Pi_Pico/pico-sdk/src/common/pico_sync/lock_core.c.obj
 .debug_info    0x00006ae1      0xd50 CMakeFiles/Button_Interrupts.dir/E_/Pi_Pico/pico-sdk/src/common/pico_sync/mutex.c.obj
 .debug_info    0x00007831     0x1164 CMakeFiles/Button_Interrupts.dir/E_/Pi_Pico/pico-sdk/src/common/pico_util/pheap.c.obj
 .debug_info    0x00008995      0x986 CMakeFiles/Button_Interrupts.dir/E_/Pi_Pico/pico-sdk/src/rp2_common/pico_runtime/runtime.c.obj
 .debug_info    0x0000931b     0x1068 CMakeFiles/Button_Interrupts.dir/E_/Pi_Pico/pico-sdk/src/rp2_common/hardware_clocks/clocks.c.obj
 .debug_info    0x0000a383      0x49c CMakeFiles/Button_Interrupts.dir/E_/Pi_Pico/pico-sdk/src/rp2_common/hardware_watchdog/watchdog.c.obj
 .debug_info    0x0000a81f      0x214 CMakeFiles/Button_Interrupts.dir/E_/Pi_Pico/pico-sdk/src/rp2_common/hardware_xosc/xosc.c.obj
 .debug_info    0x0000aa33      0x3c1 CMakeFiles/Button_Interrupts.dir/E_/Pi_Pico/pico-sdk/src/rp2_common/hardware_pll/pll.c.obj
 .debug_info    0x0000adf4     0x1807 CMakeFiles/Button_Interrupts.dir/E_/Pi_Pico/pico-sdk/src/rp2_common/hardware_irq/irq.c.obj
 .debug_info    0x0000c5fb       0x26 CMakeFiles/Button_Interrupts.dir/E_/Pi_Pico/pico-sdk/src/rp2_common/hardware_irq/irq_handler_chain.S.obj
 .debug_info    0x0000c621     0x1a32 CMakeFiles/Button_Interrupts.dir/E_/Pi_Pico/pico-sdk/src/rp2_common/pico_printf/printf.c.obj
 .debug_info    0x0000e053       0x22 CMakeFiles/Button_Interrupts.dir/E_/Pi_Pico/pico-sdk/src/rp2_common/pico_bit_ops/bit_ops_aeabi.S.obj
 .debug_info    0x0000e075      0x231 CMakeFiles/Button_Interrupts.dir/E_/Pi_Pico/pico-sdk/src/rp2_common/pico_bootrom/bootrom.c.obj
 .debug_info    0x0000e2a6       0x22 CMakeFiles/Button_Interrupts.dir/E_/Pi_Pico/pico-sdk/src/rp2_common/pico_divider/divider.S.obj
 .debug_info    0x0000e2c8       0x22 CMakeFiles/Button_Interrupts.dir/E_/Pi_Pico/pico-sdk/src/rp2_common/pico_double/double_aeabi.S.obj
 .debug_info    0x0000e2ea      0x2a0 CMakeFiles/Button_Interrupts.dir/E_/Pi_Pico/pico-sdk/src/rp2_common/pico_double/double_init_rom.c.obj
 .debug_info    0x0000e58a       0x22 CMakeFiles/Button_Interrupts.dir/E_/Pi_Pico/pico-sdk/src/rp2_common/pico_double/double_v1_rom_shim.S.obj
 .debug_info    0x0000e5ac       0x26 CMakeFiles/Button_Interrupts.dir/E_/Pi_Pico/pico-sdk/src/rp2_common/pico_int64_ops/pico_int64_ops_aeabi.S.obj
 .debug_info    0x0000e5d2       0x22 CMakeFiles/Button_Interrupts.dir/E_/Pi_Pico/pico-sdk/src/rp2_common/pico_float/float_aeabi.S.obj
 .debug_info    0x0000e5f4      0x2ef CMakeFiles/Button_Interrupts.dir/E_/Pi_Pico/pico-sdk/src/rp2_common/pico_float/float_init_rom.c.obj
 .debug_info    0x0000e8e3       0x22 CMakeFiles/Button_Interrupts.dir/E_/Pi_Pico/pico-sdk/src/rp2_common/pico_float/float_v1_rom_shim.S.obj
 .debug_info    0x0000e905      0x1e7 CMakeFiles/Button_Interrupts.dir/E_/Pi_Pico/pico-sdk/src/rp2_common/pico_malloc/pico_malloc.c.obj
 .debug_info    0x0000eaec       0x22 CMakeFiles/Button_Interrupts.dir/E_/Pi_Pico/pico-sdk/src/rp2_common/pico_mem_ops/mem_ops_aeabi.S.obj
 .debug_info    0x0000eb0e       0x22 CMakeFiles/Button_Interrupts.dir/E_/Pi_Pico/pico-sdk/src/rp2_common/pico_standard_link/crt0.S.obj
 .debug_info    0x0000eb30      0x2c5 CMakeFiles/Button_Interrupts.dir/E_/Pi_Pico/pico-sdk/src/rp2_common/pico_standard_link/binary_info.c.obj
 .debug_info    0x0000edf5     0x1064 CMakeFiles/Button_Interrupts.dir/E_/Pi_Pico/pico-sdk/src/rp2_common/pico_stdio/stdio.c.obj

.debug_abbrev   0x00000000     0x38c6
 .debug_abbrev  0x00000000      0x205 CMakeFiles/Button_Interrupts.dir/Button_Interrupts.c.obj
 .debug_abbrev  0x00000205      0x309 CMakeFiles/Button_Interrupts.dir/E_/Pi_Pico/pico-sdk/src/rp2_common/hardware_gpio/gpio.c.obj
 .debug_abbrev  0x0000050e      0x276 CMakeFiles/Button_Interrupts.dir/E_/Pi_Pico/pico-sdk/src/rp2_common/hardware_claim/claim.c.obj
 .debug_abbrev  0x00000784      0x212 CMakeFiles/Button_Interrupts.dir/E_/Pi_Pico/pico-sdk/src/rp2_common/hardware_sync/sync.c.obj
 .debug_abbrev  0x00000996       0xe7 CMakeFiles/Button_Interrupts.dir/E_/Pi_Pico/pico-sdk/src/rp2_common/pico_platform/platform.c.obj
 .debug_abbrev  0x00000a7d      0x54b CMakeFiles/Button_Interrupts.dir/E_/Pi_Pico/pico-sdk/src/common/pico_time/time.c.obj
 .debug_abbrev  0x00000fc8      0x34c CMakeFiles/Button_Interrupts.dir/E_/Pi_Pico/pico-sdk/src/rp2_common/hardware_timer/timer.c.obj
 .debug_abbrev  0x00001314      0x133 CMakeFiles/Button_Interrupts.dir/E_/Pi_Pico/pico-sdk/src/common/pico_sync/lock_core.c.obj
 .debug_abbrev  0x00001447      0x32b CMakeFiles/Button_Interrupts.dir/E_/Pi_Pico/pico-sdk/src/common/pico_sync/mutex.c.obj
 .debug_abbrev  0x00001772      0x297 CMakeFiles/Button_Interrupts.dir/E_/Pi_Pico/pico-sdk/src/common/pico_util/pheap.c.obj
 .debug_abbrev  0x00001a09      0x348 CMakeFiles/Button_Interrupts.dir/E_/Pi_Pico/pico-sdk/src/rp2_common/pico_runtime/runtime.c.obj
 .debug_abbrev  0x00001d51      0x386 CMakeFiles/Button_Interrupts.dir/E_/Pi_Pico/pico-sdk/src/rp2_common/hardware_clocks/clocks.c.obj
 .debug_abbrev  0x000020d7      0x1b1 CMakeFiles/Button_Interrupts.dir/E_/Pi_Pico/pico-sdk/src/rp2_common/hardware_watchdog/watchdog.c.obj
 .debug_abbrev  0x00002288      0x12c CMakeFiles/Button_Interrupts.dir/E_/Pi_Pico/pico-sdk/src/rp2_common/hardware_xosc/xosc.c.obj
 .debug_abbrev  0x000023b4      0x1bc CMakeFiles/Button_Interrupts.dir/E_/Pi_Pico/pico-sdk/src/rp2_common/hardware_pll/pll.c.obj
 .debug_abbrev  0x00002570      0x494 CMakeFiles/Button_Interrupts.dir/E_/Pi_Pico/pico-sdk/src/rp2_common/hardware_irq/irq.c.obj
 .debug_abbrev  0x00002a04       0x14 CMakeFiles/Button_Interrupts.dir/E_/Pi_Pico/pico-sdk/src/rp2_common/hardware_irq/irq_handler_chain.S.obj
 .debug_abbrev  0x00002a18      0x384 CMakeFiles/Button_Interrupts.dir/E_/Pi_Pico/pico-sdk/src/rp2_common/pico_printf/printf.c.obj
 .debug_abbrev  0x00002d9c       0x12 CMakeFiles/Button_Interrupts.dir/E_/Pi_Pico/pico-sdk/src/rp2_common/pico_bit_ops/bit_ops_aeabi.S.obj
 .debug_abbrev  0x00002dae       0xf8 CMakeFiles/Button_Interrupts.dir/E_/Pi_Pico/pico-sdk/src/rp2_common/pico_bootrom/bootrom.c.obj
 .debug_abbrev  0x00002ea6       0x12 CMakeFiles/Button_Interrupts.dir/E_/Pi_Pico/pico-sdk/src/rp2_common/pico_divider/divider.S.obj
 .debug_abbrev  0x00002eb8       0x12 CMakeFiles/Button_Interrupts.dir/E_/Pi_Pico/pico-sdk/src/rp2_common/pico_double/double_aeabi.S.obj
 .debug_abbrev  0x00002eca      0x162 CMakeFiles/Button_Interrupts.dir/E_/Pi_Pico/pico-sdk/src/rp2_common/pico_double/double_init_rom.c.obj
 .debug_abbrev  0x0000302c       0x12 CMakeFiles/Button_Interrupts.dir/E_/Pi_Pico/pico-sdk/src/rp2_common/pico_double/double_v1_rom_shim.S.obj
 .debug_abbrev  0x0000303e       0x14 CMakeFiles/Button_Interrupts.dir/E_/Pi_Pico/pico-sdk/src/rp2_common/pico_int64_ops/pico_int64_ops_aeabi.S.obj
 .debug_abbrev  0x00003052       0x12 CMakeFiles/Button_Interrupts.dir/E_/Pi_Pico/pico-sdk/src/rp2_common/pico_float/float_aeabi.S.obj
 .debug_abbrev  0x00003064      0x17a CMakeFiles/Button_Interrupts.dir/E_/Pi_Pico/pico-sdk/src/rp2_common/pico_float/float_init_rom.c.obj
 .debug_abbrev  0x000031de       0x12 CMakeFiles/Button_Interrupts.dir/E_/Pi_Pico/pico-sdk/src/rp2_common/pico_float/float_v1_rom_shim.S.obj
 .debug_abbrev  0x000031f0      0x111 CMakeFiles/Button_Interrupts.dir/E_/Pi_Pico/pico-sdk/src/rp2_common/pico_malloc/pico_malloc.c.obj
 .debug_abbrev  0x00003301       0x12 CMakeFiles/Button_Interrupts.dir/E_/Pi_Pico/pico-sdk/src/rp2_common/pico_mem_ops/mem_ops_aeabi.S.obj
 .debug_abbrev  0x00003313       0x12 CMakeFiles/Button_Interrupts.dir/E_/Pi_Pico/pico-sdk/src/rp2_common/pico_standard_link/crt0.S.obj
 .debug_abbrev  0x00003325       0xad CMakeFiles/Button_Interrupts.dir/E_/Pi_Pico/pico-sdk/src/rp2_common/pico_standard_link/binary_info.c.obj
 .debug_abbrev  0x000033d2      0x4f4 CMakeFiles/Button_Interrupts.dir/E_/Pi_Pico/pico-sdk/src/rp2_common/pico_stdio/stdio.c.obj

.debug_loc      0x00000000     0xb0c5
 .debug_loc     0x00000000      0x23e CMakeFiles/Button_Interrupts.dir/Button_Interrupts.c.obj
 .debug_loc     0x0000023e      0xafe CMakeFiles/Button_Interrupts.dir/E_/Pi_Pico/pico-sdk/src/rp2_common/hardware_gpio/gpio.c.obj
 .debug_loc     0x00000d3c      0x457 CMakeFiles/Button_Interrupts.dir/E_/Pi_Pico/pico-sdk/src/rp2_common/hardware_claim/claim.c.obj
 .debug_loc     0x00001193      0x1d7 CMakeFiles/Button_Interrupts.dir/E_/Pi_Pico/pico-sdk/src/rp2_common/hardware_sync/sync.c.obj
 .debug_loc     0x0000136a       0xe9 CMakeFiles/Button_Interrupts.dir/E_/Pi_Pico/pico-sdk/src/rp2_common/pico_platform/platform.c.obj
 .debug_loc     0x00001453     0x28f8 CMakeFiles/Button_Interrupts.dir/E_/Pi_Pico/pico-sdk/src/common/pico_time/time.c.obj
 .debug_loc     0x00003d4b      0x831 CMakeFiles/Button_Interrupts.dir/E_/Pi_Pico/pico-sdk/src/rp2_common/hardware_timer/timer.c.obj
 .debug_loc     0x0000457c       0xa2 CMakeFiles/Button_Interrupts.dir/E_/Pi_Pico/pico-sdk/src/common/pico_sync/lock_core.c.obj
 .debug_loc     0x0000461e      0x641 CMakeFiles/Button_Interrupts.dir/E_/Pi_Pico/pico-sdk/src/common/pico_sync/mutex.c.obj
 .debug_loc     0x00004c5f     0x13a5 CMakeFiles/Button_Interrupts.dir/E_/Pi_Pico/pico-sdk/src/common/pico_util/pheap.c.obj
 .debug_loc     0x00006004      0x3d7 CMakeFiles/Button_Interrupts.dir/E_/Pi_Pico/pico-sdk/src/rp2_common/pico_runtime/runtime.c.obj
 .debug_loc     0x000063db      0x890 CMakeFiles/Button_Interrupts.dir/E_/Pi_Pico/pico-sdk/src/rp2_common/hardware_clocks/clocks.c.obj
 .debug_loc     0x00006c6b      0x267 CMakeFiles/Button_Interrupts.dir/E_/Pi_Pico/pico-sdk/src/rp2_common/hardware_watchdog/watchdog.c.obj
 .debug_loc     0x00006ed2       0x71 CMakeFiles/Button_Interrupts.dir/E_/Pi_Pico/pico-sdk/src/rp2_common/hardware_xosc/xosc.c.obj
 .debug_loc     0x00006f43      0x278 CMakeFiles/Button_Interrupts.dir/E_/Pi_Pico/pico-sdk/src/rp2_common/hardware_pll/pll.c.obj
 .debug_loc     0x000071bb     0x1240 CMakeFiles/Button_Interrupts.dir/E_/Pi_Pico/pico-sdk/src/rp2_common/hardware_irq/irq.c.obj
 .debug_loc     0x000083fb     0x203e CMakeFiles/Button_Interrupts.dir/E_/Pi_Pico/pico-sdk/src/rp2_common/pico_printf/printf.c.obj
 .debug_loc     0x0000a439      0x16f CMakeFiles/Button_Interrupts.dir/E_/Pi_Pico/pico-sdk/src/rp2_common/pico_bootrom/bootrom.c.obj
 .debug_loc     0x0000a5a8       0x59 CMakeFiles/Button_Interrupts.dir/E_/Pi_Pico/pico-sdk/src/rp2_common/pico_double/double_init_rom.c.obj
 .debug_loc     0x0000a601       0x73 CMakeFiles/Button_Interrupts.dir/E_/Pi_Pico/pico-sdk/src/rp2_common/pico_float/float_init_rom.c.obj
 .debug_loc     0x0000a674       0xbe CMakeFiles/Button_Interrupts.dir/E_/Pi_Pico/pico-sdk/src/rp2_common/pico_malloc/pico_malloc.c.obj
 .debug_loc     0x0000a732      0x993 CMakeFiles/Button_Interrupts.dir/E_/Pi_Pico/pico-sdk/src/rp2_common/pico_stdio/stdio.c.obj

.debug_aranges  0x00000000      0xc68
 .debug_aranges
                0x00000000       0x28 CMakeFiles/Button_Interrupts.dir/Button_Interrupts.c.obj
 .debug_aranges
                0x00000028       0xa0 CMakeFiles/Button_Interrupts.dir/E_/Pi_Pico/pico-sdk/src/rp2_common/hardware_gpio/gpio.c.obj
 .debug_aranges
                0x000000c8       0x48 CMakeFiles/Button_Interrupts.dir/E_/Pi_Pico/pico-sdk/src/rp2_common/hardware_claim/claim.c.obj
 .debug_aranges
                0x00000110       0x50 CMakeFiles/Button_Interrupts.dir/E_/Pi_Pico/pico-sdk/src/rp2_common/hardware_sync/sync.c.obj
 .debug_aranges
                0x00000160       0x28 CMakeFiles/Button_Interrupts.dir/E_/Pi_Pico/pico-sdk/src/rp2_common/pico_platform/platform.c.obj
 .debug_aranges
                0x00000188       0xc8 CMakeFiles/Button_Interrupts.dir/E_/Pi_Pico/pico-sdk/src/common/pico_time/time.c.obj
 .debug_aranges
                0x00000250       0x68 CMakeFiles/Button_Interrupts.dir/E_/Pi_Pico/pico-sdk/src/rp2_common/hardware_timer/timer.c.obj
 .debug_aranges
                0x000002b8       0x20 CMakeFiles/Button_Interrupts.dir/E_/Pi_Pico/pico-sdk/src/common/pico_sync/lock_core.c.obj
 .debug_aranges
                0x000002d8       0x48 CMakeFiles/Button_Interrupts.dir/E_/Pi_Pico/pico-sdk/src/common/pico_sync/mutex.c.obj
 .debug_aranges
                0x00000320       0x70 CMakeFiles/Button_Interrupts.dir/E_/Pi_Pico/pico-sdk/src/common/pico_util/pheap.c.obj
 .debug_aranges
                0x00000390       0x60 CMakeFiles/Button_Interrupts.dir/E_/Pi_Pico/pico-sdk/src/rp2_common/pico_runtime/runtime.c.obj
 .debug_aranges
                0x000003f0       0x70 CMakeFiles/Button_Interrupts.dir/E_/Pi_Pico/pico-sdk/src/rp2_common/hardware_clocks/clocks.c.obj
 .debug_aranges
                0x00000460       0x50 CMakeFiles/Button_Interrupts.dir/E_/Pi_Pico/pico-sdk/src/rp2_common/hardware_watchdog/watchdog.c.obj
 .debug_aranges
                0x000004b0       0x30 CMakeFiles/Button_Interrupts.dir/E_/Pi_Pico/pico-sdk/src/rp2_common/hardware_xosc/xosc.c.obj
 .debug_aranges
                0x000004e0       0x28 CMakeFiles/Button_Interrupts.dir/E_/Pi_Pico/pico-sdk/src/rp2_common/hardware_pll/pll.c.obj
 .debug_aranges
                0x00000508       0x90 CMakeFiles/Button_Interrupts.dir/E_/Pi_Pico/pico-sdk/src/rp2_common/hardware_irq/irq.c.obj
 .debug_aranges
                0x00000598       0x20 CMakeFiles/Button_Interrupts.dir/E_/Pi_Pico/pico-sdk/src/rp2_common/hardware_irq/irq_handler_chain.S.obj
 .debug_aranges
                0x000005b8       0x90 CMakeFiles/Button_Interrupts.dir/E_/Pi_Pico/pico-sdk/src/rp2_common/pico_printf/printf.c.obj
 .debug_aranges
                0x00000648       0x68 CMakeFiles/Button_Interrupts.dir/E_/Pi_Pico/pico-sdk/src/rp2_common/pico_bit_ops/bit_ops_aeabi.S.obj
 .debug_aranges
                0x000006b0       0x30 CMakeFiles/Button_Interrupts.dir/E_/Pi_Pico/pico-sdk/src/rp2_common/pico_bootrom/bootrom.c.obj
 .debug_aranges
                0x000006e0       0x40 CMakeFiles/Button_Interrupts.dir/E_/Pi_Pico/pico-sdk/src/rp2_common/pico_divider/divider.S.obj
 .debug_aranges
                0x00000720      0x140 CMakeFiles/Button_Interrupts.dir/E_/Pi_Pico/pico-sdk/src/rp2_common/pico_double/double_aeabi.S.obj